10-22 15:07:30.492   923  1214 D UntrustedWifiNetworkFactory: got request NetworkRequest [ TRACK_DEFAULT id=52, [ Capabilities: INTERNET&NOT_RESTRICTED&TRUSTED Uid: 10092] ] with score 60 and serial -1
10-22 15:07:30.492   923  1282 D Ethernet: got request NetworkRequest [ TRACK_DEFAULT id=52, [ Capabilities: INTERNET&NOT_RESTRICTED&TRUSTED Uid: 10092] ] with score 60 and serial -1
10-22 15:07:30.493  1529  1529 D TelephonyNetworkFactory[0]: got request NetworkRequest [ TRACK_DEFAULT id=52, [ Capabilities: INTERNET&NOT_RESTRICTED&TRUSTED Uid: 10092] ] with score 60 and serial -1
10-22 15:07:30.493  1529  1529 D PhoneSwitcherNetworkRequstListener: got request NetworkRequest [ TRACK_DEFAULT id=52, [ Capabilities: INTERNET&NOT_RESTRICTED&TRUSTED Uid: 10092] ] with score 60 and serial -1
10-22 15:07:30.493  1529  1529 D PhoneSwitcher: evaluating due to netRequest
10-22 15:07:30.494  1529  1529 D PhoneSwitcher: notifyPreferredDataSubIdChanged to -1
10-22 15:07:30.496  5934  5934 I am_on_resume_called: [0,com.yangcong345.padmodule.new_home.PadHomeActivity,RESUME_ACTIVITY]
10-22 15:07:30.498  5934  5934 I am_on_top_resumed_gained_called: [0,com.yangcong345.padmodule.new_home.PadHomeActivity,topWhenResuming]
10-22 15:07:30.499  5934  5934 V PhoneWindow: DecorView setVisiblity: visibility = 0, Parent = android.view.ViewRootImpl@151b1c9, this = DecorView@e6a20ce[PadHomeActivity]
10-22 15:07:30.504   923  2045 I ActivityTaskManager: Activity reported stop, but no longer stopping: ActivityRecord{da4d2da u0 com.yangcong345.cloud.ui.launcher/com.yangcong345.padmodule.new_home.PadHomeActivity t11}
10-22 15:07:30.506   923  2045 D HraManager: hra getBlackIntentActionList
10-22 15:07:30.507   923  8442 I WindowManager: Relayout Window{e285378 u0 com.yangcong345.cloud.ui.launcher/com.yangcong345.padmodule.new_home.PadHomeActivity}: oldVis=8 newVis=0 focusMayChange = true
10-22 15:07:30.507  5934 10727 D CacheInterceptor: requestRemoteOnly
10-22 15:07:30.509  5934 10853 D CacheInterceptor: requestRemoteFirst
10-22 15:07:30.510  5934 10853 D CacheInterceptor: request local cache success
10-22 15:07:30.510  5934  6050 D Surface : Surface::connect(this=0x7e6530f000,api=1)
10-22 15:07:30.513   491   520 I BufferQueueProducer: [com.yangcong345.cloud.ui.launcher/com.yangcong345.padmodule.new_home.PadHomeActivity#0](this:0x74658c3000,id:108,api:1,p:5934,c:491) connect(P): api=1 producer=(5934:com.yangcong345.cloud.ui.launcher) producerControlledByApp=false
10-22 15:07:30.514  5934  6050 D mali_winsys: EGLint new_window_surface(egl_winsys_display *, void *, EGLSurface, EGLConfig, egl_winsys_surface **, EGLBoolean) returns 0x3000
10-22 15:07:30.514  5934  6050 D Surface : Surface::setBufferCount(this=0x7e6530f000,bufferCount=3)
10-22 15:07:30.514  5934  6050 D Surface : Surface::allocateBuffers(this=0x7e6530f000)
10-22 15:07:30.517   445 10904 E ResolverController: No valid NAT64 prefix (100, <unspecified>/0)
10-22 15:07:30.523   445 10903 E ResolverController: No valid NAT64 prefix (100, <unspecified>/0)
10-22 15:07:30.526  5934 10846 D CacheInterceptor: requestRemoteFirst
10-22 15:07:30.528  5934 10846 D CacheInterceptor: request local cache success
10-22 15:07:30.540   923  1814 D wujq-f  :  filte 59 60  :10103 : 0 - true
10-22 15:07:30.540   923  1814 D wujq    : enter :10103 : 0
10-22 15:07:30.540  1314  1314 I EmergencyButton: ss.getState()=1 ss.isEmergencyOnly()=false for simId=0
10-22 15:07:30.541  1314  1314 D KeyguardSecurityModel: isPinPukOrMeRequiredOfSubId() - phoneId = 0, simState = UNKNOWN
10-22 15:07:30.541  1314  1314 D AntiTheftManager: getCurrentAntiTheftMode() is called.
10-22 15:07:30.544  1314  1506 D Surface : Surface::disconnect(this=0x7e62d35000,api=1)
10-22 15:07:30.544   491   520 I BufferQueueProducer: [StatusBar#0](this:0x744776a000,id:4,api:1,p:1314,c:491) disconnect(P): api 1
10-22 15:07:30.545  1314  1506 D Surface : Surface::connect(this=0x7e62d35000,api=1)
10-22 15:07:30.545   491   520 I BufferQueueProducer: [StatusBar#0](this:0x744776a000,id:4,api:1,p:1314,c:491) connect(P): api=1 producer=(1314:com.android.systemui) producerControlledByApp=false
10-22 15:07:30.546  1314  1506 D mali_winsys: EGLint new_window_surface(egl_winsys_display *, void *, EGLSurface, EGLConfig, egl_winsys_surface **, EGLBoolean) returns 0x3000
10-22 15:07:30.546  1314  1506 D Surface : Surface::setBufferCount(this=0x7e62d35000,bufferCount=3)
10-22 15:07:30.573   491   520 I BufferQueueProducer: [StatusBar#0](this:0x744776a000,id:4,api:1,p:1314,c:491) queueBuffer: fps=3.73 dur=2142.80 max=2028.07 min=4.95
10-22 15:07:30.585   923  1814 V SettingsProvider: name : hide_rotation_lock_toggle_for_accessibility appId : 10103
10-22 15:07:30.585   923  1814 V SettingsProvider: Package name : com.android.systemui privateFlags : 207097960
10-22 15:07:30.586   923  1814 V SettingsProvider: name : accelerometer_rotation appId : 1000
10-22 15:07:30.586   923  1814 V SettingsProvider: name : user_rotation appId : 1000
10-22 15:07:30.587   923  1814 V WindowManager: updateRotationUnchecked mRotation=1, mLastOrientation=0
10-22 15:07:30.592  1633 10901 E AndroidIME: amn: Error reading file: /data/user_de/0/com.google.android.inputmethod.pinyin/files/keyboard_def_cache_605f1bf4e6bfb6574547e1fc05d60548
10-22 15:07:30.592  1633 10901 E AndroidIME: java.nio.channels.ClosedByInterruptException
10-22 15:07:30.592  1633 10901 E AndroidIME: 	at java.nio.channels.spi.AbstractInterruptibleChannel.end(AbstractInterruptibleChannel.java:203)
10-22 15:07:30.592  1633 10901 E AndroidIME: 	at sun.nio.ch.FileChannelImpl.size(FileChannelImpl.java:364)
10-22 15:07:30.592  1633 10901 E AndroidIME: 	at amn.a(PG:8)
10-22 15:07:30.592  1633 10901 E AndroidIME: 	at amn.a(PG:74)
10-22 15:07:30.592  1633 10901 E AndroidIME: 	at agy.a(PG:9)
10-22 15:07:30.592  1633 10901 E AndroidIME: 	at com.google.android.apps.inputmethod.libs.framework.core.KeyboardDefManager.a(PG:46)
10-22 15:07:30.592  1633 10901 E AndroidIME: 	at akg.doInBackground(PG:28)
10-22 15:07:30.592  1633 10901 E AndroidIME: 	at android.os.AsyncTask$3.call(AsyncTask.java:378)
10-22 15:07:30.592  1633 10901 E AndroidIME: 	at java.util.concurrent.FutureTask.run(FutureTask.java:266)
10-22 15:07:30.592  1633 10901 E AndroidIME: 	at java.util.concurrent.Executors$RunnableAdapter.call(Executors.java:462)
10-22 15:07:30.592  1633 10901 E AndroidIME: 	at java.util.concurrent.FutureTask.run(FutureTask.java:266)
10-22 15:07:30.592  1633 10901 E AndroidIME: 	at agu.run(PG:15)
10-22 15:07:30.592  1633 10901 E AndroidIME: 	at java.util.concurrent.ThreadPoolExecutor.runWorker(ThreadPoolExecutor.java:1167)
10-22 15:07:30.592  1633 10901 E AndroidIME: 	at java.util.concurrent.ThreadPoolExecutor$Worker.run(ThreadPoolExecutor.java:641)
10-22 15:07:30.592  1633 10901 E AndroidIME: 	at java.lang.Thread.run(Thread.java:919)
10-22 15:07:30.592  1633 10901 E AndroidIME: 	at agp.run(PG:8)
10-22 15:07:30.594  1314  1314 V NavigationBarView: home = true
10-22 15:07:30.594  1314  1314 V NavigationBarView: recent = true
10-22 15:07:30.595  1314  1314 V NavigationBarView: back = true
10-22 15:07:30.603  1314  1314 I InputTransport: Destroy ARC handle: 0x7e62f7f6e0
10-22 15:07:30.610   923   942 I WindowManager: Screen frozen for +506ms due to Window{ef43d87 u0 NavigationBar0}
10-22 15:07:30.624  1314  1314 V NavigationBarView: home = true
10-22 15:07:30.624  1314  1314 V NavigationBarView: recent = true
10-22 15:07:30.624  1314  1314 V NavigationBarView: back = true
10-22 15:07:30.629   923  2045 D wujq-f  :  filte 59 60  :10069 : 88 - true
10-22 15:07:30.629   923  2045 D wujq    : enter :10069 : 88
10-22 15:07:30.629  6515 10890 E ActivityThread: Failed to find provider info for com.example.edcationcloud
10-22 15:07:30.630   923  2045 D wujq-f  :  filte 59 60  :10069 : 88 - true
10-22 15:07:30.630   923  2045 D wujq    : enter :10069 : 88
10-22 15:07:30.631  1314  1314 I InputTransport: Destroy ARC handle: 0x7ec18ca120
10-22 15:07:30.641  1529  1529 D CapRIL  : resetProxyAndRequestList
10-22 15:07:30.641   346   346 I hwservicemanager: getTransport: Cannot find entry vendor.mediatek.hardware.mtkradioex@1.0::IMtkRadioEx/mtkCap1 in either framework or device manifest.
10-22 15:07:30.642  1529  1529 D CapRIL  : MtkRadioProxy getService/setResponseFunctions: java.util.NoSuchElementException
10-22 15:07:30.642   923  2045 D wujq-f  :  filte 59 60  :10069 : 88 - true
10-22 15:07:30.642   923  2045 D wujq    : enter :10069 : 88
10-22 15:07:30.632  6515 10890 E ActivityThread: Failed to find provider info for com.example.edcationcloud
10-22 15:07:30.658  6515 10886 E ActivityThread: Failed to find provider info for com.example.edcationcloud
10-22 15:07:30.659  6515 10880 E ActivityThread: Failed to find provider info for com.example.edcationcloud
10-22 15:07:30.659  6515 10886 E ActivityThread: Failed to find provider info for com.example.edcationcloud
10-22 15:07:30.662   491   491 I BufferQueueProducer: [FramebufferSurface](this:0x744dbe2800,id:0,api:1,p:491,c:491) queueBuffer: fps=1.81 dur=2766.11 max=2701.31 min=15.64
10-22 15:07:30.664   460   575 I hwcomposer: [OVL] (0) Overlay input(0) was used with queue previously
10-22 15:07:30.664   460   575 I hwcomposer: [DBQ] (q2:0x78128f0600) Buffer queue is destroyed
10-22 15:07:30.664   460   575 I hwcomposer: [DBQ] (q2:0x78128f0600) Free Slot(0), handle=0x78142878c0, 13926400 -> 0
10-22 15:07:30.671   614   634 I Proximity: distance = 2
10-22 15:07:30.676  6515 10880 E ActivityThread: Failed to find provider info for com.example.edcationcloud
10-22 15:07:30.678  6515 10883 E ActivityThread: Failed to find provider info for com.example.edcationcloud
10-22 15:07:30.679   923   942 D lwdebug : onWindowsDrawn com.yangcong345.cloud.ui.launcher/com.yangcong345.padmodule.new_home.PadHomeActivity
10-22 15:07:30.680  1314  1506 D Surface : Surface::disconnect(this=0x7e62d35000,api=1)
10-22 15:07:30.681   491   520 I BufferQueueProducer: [StatusBar#0](this:0x744776a000,id:4,api:1,p:1314,c:491) disconnect(P): api 1
10-22 15:07:30.683  1314  1506 D Surface : Surface::connect(this=0x7e62d35000,api=1)
10-22 15:07:30.684   491  1618 I BufferQueueProducer: [StatusBar#0](this:0x744776a000,id:4,api:1,p:1314,c:491) connect(P): api=1 producer=(1314:com.android.systemui) producerControlledByApp=false
10-22 15:07:30.685  1314  1506 D mali_winsys: EGLint new_window_surface(egl_winsys_display *, void *, EGLSurface, EGLConfig, egl_winsys_surface **, EGLBoolean) returns 0x3000
10-22 15:07:30.685  1314  1506 D Surface : Surface::setBufferCount(this=0x7e62d35000,bufferCount=3)
10-22 15:07:30.688   923  1814 D wujq-f  :  filte 59 60  :10069 : 88 - true
10-22 15:07:30.688   923  1814 D wujq    : enter :10069 : 88
10-22 15:07:30.688   923  1814 D wujq-f  :  filte 59 60  :10069 : 88 - true
10-22 15:07:30.688   923  1814 D wujq    : enter :10069 : 88
10-22 15:07:30.689   923  1814 D wujq-f  :  filte 59 60  :10069 : 88 - true
10-22 15:07:30.689   923  1814 D wujq    : enter :10069 : 88
10-22 15:07:30.692   923  1814 D wujq-f  :  filte 59 60  :10069 : 88 - true
10-22 15:07:30.692   923  1814 D wujq    : enter :10069 : 88
10-22 15:07:30.707  5934 10860 D CacheInterceptor: requestRemoteFirst
10-22 15:07:30.710   619   619 I thermal_repeater: socket -1
10-22 15:07:30.712   923  6077 D wujq-f  :  filte 59 60  :10069 : 88 - true
10-22 15:07:30.712   923  6077 D wujq    : enter :10069 : 88
10-22 15:07:30.714   491   520 I BufferQueueConsumer: [NavigationBar0#0](this:0x746585d000,id:105,api:1,p:1314,c:491) setDefaultBufferSize: width=2176 height=96
10-22 15:07:30.716  5934 10860 D CacheInterceptor: request local cache success
10-22 15:07:30.722   626   688 D agps    : [agps] WARNING: [CP] cp2_fd_1_reconnect_timeout
10-22 15:07:30.722   626   644 E agps    : [agps] ERR: [CP] get_ccci_uart  open failed node=[/dev/ttyC2] reason=[No such file or directory]
10-22 15:07:30.722   626   644 E agps    : [agps] ERR: [CP] get_eemcs_uart  open failed node=[/dev/eemcs_ipc_uart] reason=[No such file or directory]
10-22 15:07:30.722   626   644 E agps    : [agps] ERR: [CP] ccci_uart_1  open failed
10-22 15:07:30.733  1314  1506 D Surface : Surface::disconnect(this=0x7e321aa000,api=1)
10-22 15:07:30.735   491  1104 I BufferQueueProducer: [NavigationBar0#0](this:0x746585d000,id:105,api:1,p:1314,c:491) disconnect(P): api 1
10-22 15:07:30.739  1314  1506 D Surface : Surface::connect(this=0x7e321aa000,api=1)
10-22 15:07:30.740   491   520 I BufferQueueProducer: [NavigationBar0#0](this:0x746585d000,id:105,api:1,p:1314,c:491) connect(P): api=1 producer=(1314:com.android.systemui) producerControlledByApp=false
10-22 15:07:30.740   923   942 I PowerHalWrapper: <setRotation> do boost with 0ms
10-22 15:07:30.744  1314  1506 D mali_winsys: EGLint new_window_surface(egl_winsys_display *, void *, EGLSurface, EGLConfig, egl_winsys_surface **, EGLBoolean) returns 0x3000
10-22 15:07:30.682  6515 10883 E ActivityThread: Failed to find provider info for com.example.edcationcloud
10-22 15:07:30.748   923   942 V WindowManager: updateRotationUnchecked mRotation=1, mLastOrientation=0
10-22 15:07:30.751  1314  1506 D Surface : Surface::setBufferCount(this=0x7e321aa000,bufferCount=3)
10-22 15:07:30.755   491   491 I BufferQueue: [ScreenshotSurface#0](this:0x746585e800,id:109,api:2,p:-1,c:-1) ~BufferQueueCore
10-22 15:07:30.815   923  6077 D wujq-f  :  filte 59 60  :10069 : 88 - true
10-22 15:07:30.815   923  6077 D wujq    : enter :10069 : 88
10-22 15:07:30.829   923  6077 D PowerHalWrapper: amsBoostStop AMS_BOOST_PACK_SWITCH:true, AMS_BOOST_ACT_SWITCH:false, AMS_BOOST_PROCESS_CREATE:false
10-22 15:07:30.834   480   512 I libPowerHal: 32: cpu_ctrl set freq: -1 -1 -1 -1
10-22 15:07:30.842   450   911 D AudioALSAStreamOut: standby(), flag 2
10-22 15:07:30.842   450   911 D AudioALSAStreamOut: standbyStreamOut(), halRequest 0, mDestroy 0, flag 2
10-22 15:07:30.842   450   911 D AudioALSAStreamOut: close(), flags 2
10-22 15:07:30.842   450   911 D AudioALSAPlaybackHandlerNormal: +close(), flag = 2, mDevice = 0x2
10-22 15:07:30.842   450   911 D AudioALSAHardwareResourceManager: +stopOutputDevice(), mOutputDevices = 0x2, mStartOutputDevicesCount = 1
10-22 15:07:30.842   450   911 D AudioALSADeviceConfigManager: ApplyDeviceTurnoffSequenceByName(), DeviceName = ext_speaker_output descriptor->DeviceStatusCounter = 1
10-22 15:07:30.851   923  6077 D wujq-f  :  filte 59 60  :10069 : 88 - true
10-22 15:07:30.851   923  6077 D wujq    : enter :10069 : 88
10-22 15:07:30.853  1314  1314 D View    : [Warning] assignParent to null: this = com.android.systemui.assist.AssistOrbContainer{e5bfe77 G.E...... ......ID 0,0-1600,500}
10-22 15:07:30.857  6515  6528 I 5.android.phon: Background young concurrent copying GC freed 51478(4377KB) AllocSpace objects, 78(3840KB) LOS objects, 24% free, 12MB/16MB, paused 20.276ms total 139.200ms
10-22 15:07:30.861  1314  1314 D ViewRootImpl[AssistPreviewPanel]: hardware acceleration = true , fakeHwAccelerated = false, sRendererDisabled = false, forceHwAccelerated = false, sSystemRendererDisabled = false
10-22 15:07:30.869   450   911 D AudioALSADeviceConfigManager: ApplyDeviceTurnoffSequenceByName(), DeviceName = headphone_output descriptor->DeviceStatusCounter = 1
10-22 15:07:30.874  1314  1314 I InputTransport: Create ARC handle: 0x7e62f7f280
10-22 15:07:30.878   614   634 I Proximity: distance = 2
10-22 15:07:30.881   476   893 E VT HIDL : [IVT] [VT THREAD] [VT_Bind] des = volte_imsvt1 Fail to connect . retry count: 22615
10-22 15:07:30.882   476   893 D VT HIDL : [IVT] isIMCBrun : True
10-22 15:07:30.888  1314  1314 D StatusBar: disable<e i a s b h r c s > disable2<q i n >
10-22 15:07:30.897  1314  1314 D View    : [Warning] assignParent to null: this = com.android.systemui.stackdivider.DividerView{59cf04e I.E...... ......ID 0,0-0,96}
10-22 15:07:30.901   450   911 D AudioALSAPlaybackHandlerBase: -closePcmDriver(), mPcm = 0x0
10-22 15:07:30.901   450   911 D AudioALSAPlaybackHandlerNormal: SetLowJitterMode(), bypass low jitter mode, bEnable = 0, device = 0x2, SampleRate = 48000
10-22 15:07:30.901   450   911 D AudioALSAPlaybackHandlerBase: DestroyAurisysLibManager()
10-22 15:07:30.901   450   911 I [Awinic]: reset done !
10-22 15:07:30.901   450   911 D [Awinic]: spin reset done!
10-22 15:07:30.901   450   911 D [Awinic]:  Reset Done !
10-22 15:07:30.901   450   911 D [Awinic]: fade_in_fade_out_reset done!
10-22 15:07:30.915  1314  1314 D ViewRootImpl[DockedStackDivider]: hardware acceleration = true , fakeHwAccelerated = false, sRendererDisabled = false, forceHwAccelerated = false, sSystemRendererDisabled = false
10-22 15:07:30.915   923  2045 D wujq-f  :  filte 59 60  :10069 : 88 - true
10-22 15:07:30.915   923  2045 D wujq    : enter :10069 : 88
10-22 15:07:30.920  1314  1314 I InputTransport: Create ARC handle: 0x7e62f7ff20
10-22 15:07:30.941  1314  1506 D Surface : Surface::disconnect(this=0x7e321aa000,api=1)
10-22 15:07:30.941   491  1618 I BufferQueueProducer: [NavigationBar0#0](this:0x746585d000,id:105,api:1,p:1314,c:491) disconnect(P): api 1
10-22 15:07:30.942  1314  1506 D Surface : Surface::connect(this=0x7e321aa000,api=1)
10-22 15:07:30.942   491  1618 I BufferQueueProducer: [NavigationBar0#0](this:0x746585d000,id:105,api:1,p:1314,c:491) connect(P): api=1 producer=(1314:com.android.systemui) producerControlledByApp=false
10-22 15:07:30.943  1314  1506 D mali_winsys: EGLint new_window_surface(egl_winsys_display *, void *, EGLSurface, EGLConfig, egl_winsys_surface **, EGLBoolean) returns 0x3000
10-22 15:07:30.943  1314  1506 D Surface : Surface::setBufferCount(this=0x7e321aa000,bufferCount=3)
