--------- beginning of main
10-22 15:07:27.736  5934  5947 I oud.ui.launche: Background young concurrent copying GC freed 42207(3083KB) AllocSpace objects, 80(3460KB) LOS objects, 0% free, 31MB/31MB, paused 582us total 187.640ms
10-22 15:07:27.741   491  1104 I BufferQueueProducer: [NavigationBar0#0](this:0x746585d000,id:105,api:1,p:1314,c:491) disconnect(P): api 1
10-22 15:07:27.743   491  1618 I BufferQueueProducer: [NavigationBar0#0](this:0x746585d000,id:105,api:1,p:1314,c:491) connect(P): api=1 producer=(1314:com.android.systemui) producerControlledByApp=false
10-22 15:07:27.752  5202 10866 I ADB_SERVICES: post waitpid (pid=10865) status=0000
10-22 15:07:27.752  5202  5202 I ADB_SERVICES: for fd 24, revents = 2011
10-22 15:07:27.752  5202  5202 I ADB_SERVICES: for fd 24, revents = 2011
10-22 15:07:27.754  1314  1333 I ndroid.systemu: NativeAlloc concurrent copying GC freed 7707(497KB) AllocSpace objects, 0(0B) LOS objects, 44% free, 7581KB/13MB, paused 1.067ms total 237.230ms
10-22 15:07:27.794   491  1618 I BufferQueueConsumer: [StatusBar#0](this:0x744776a000,id:4,api:1,p:1314,c:491) setDefaultBufferSize: width=2176 height=48
10-22 15:07:27.802   491  1618 I BufferQueueProducer: [StatusBar#0](this:0x744776a000,id:4,api:1,p:1314,c:491) disconnect(P): api 1
10-22 15:07:27.804   614   634 I Proximity: distance = 2
10-22 15:07:27.805   491  1618 I BufferQueueProducer: [StatusBar#0](this:0x744776a000,id:4,api:1,p:1314,c:491) connect(P): api=1 producer=(1314:com.android.systemui) producerControlledByApp=false
10-22 15:07:27.821   923   931 I system_server: NativeAlloc concurrent copying GC freed 8879(989KB) AllocSpace objects, 3(60KB) LOS objects, 36% free, 10MB/16MB, paused 298us total 281.970ms
10-22 15:07:27.840  1314  1314 I InputTransport: Destroy ARC handle: 0x7ec18cac60
--------- beginning of system
10-22 15:07:27.847   923   942 I WindowManager: Screen frozen for +795ms due to Window{28005f u0 StatusBar}
10-22 15:07:27.849   923   936 D wujq-f  :  filte 59 60  :10069 : 88 - true
10-22 15:07:27.849   923   936 D wujq    : enter :10069 : 88
10-22 15:07:27.854  6515 10878 I System.out: [socket]:check permission begin!
10-22 15:07:27.856  6515 10880 I System.out: [socket]:check permission begin!
10-22 15:07:27.858  6515 10882 I System.out: [socket]:check permission begin!
10-22 15:07:27.859  6515 10879 I System.out: [socket]:check permission begin!
10-22 15:07:27.860  6515 10881 I System.out: [socket]:check permission begin!
10-22 15:07:27.862  1314  1314 V NavigationBarView: home = true
10-22 15:07:27.862  1314  1314 V NavigationBarView: recent = true
10-22 15:07:27.862  1314  1314 V NavigationBarView: back = true
10-22 15:07:27.863  6515 10884 E ActivityThread: Failed to find provider info for com.example.edcationcloud
10-22 15:07:27.868  6515 10884 I System.out: [socket]:check permission begin!
10-22 15:07:27.872  1314  1314 I InputTransport: Destroy ARC handle: 0x7ec18cafa0
10-22 15:07:27.863  6515 10884 E ActivityThread: Failed to find provider info for com.example.edcationcloud
10-22 15:07:27.874  6515 10883 E ActivityThread: Failed to find provider info for com.example.edcationcloud
10-22 15:07:27.875  6515 10883 E ActivityThread: Failed to find provider info for com.example.edcationcloud
10-22 15:07:27.876  6515 10885 E ActivityThread: Failed to find provider info for com.example.edcationcloud
10-22 15:07:27.876   923   936 D wujq-f  :  filte 59 60  :10069 : 88 - true
10-22 15:07:27.876   923   936 D wujq    : enter :10069 : 88
10-22 15:07:27.877   476   893 E VT HIDL : [IVT] [VT THREAD] [VT_Bind] des = volte_imsvt1 Fail to connect . retry count: 22609
10-22 15:07:27.877   476   893 D VT HIDL : [IVT] isIMCBrun : True
10-22 15:07:27.880  5934  5947 I oud.ui.launche: Background concurrent copying GC freed 109953(6620KB) AllocSpace objects, 209(8508KB) LOS objects, 23% free, 19MB/25MB, paused 183us total 143.871ms
10-22 15:07:27.882  6515 10885 I System.out: [socket]:check permission begin!
10-22 15:07:27.882  6515 10883 I System.out: [socket]:check permission begin!
10-22 15:07:27.877  6515 10885 E ActivityThread: Failed to find provider info for com.example.edcationcloud
10-22 15:07:27.884  6515 10886 E ActivityThread: Failed to find provider info for com.example.edcationcloud
10-22 15:07:27.889  6515 10886 I System.out: [socket]:check permission begin!
10-22 15:07:27.891   601 10748 D AudioTrack: pause(47): 0xe814d680, prior state:STATE_STOPPED
10-22 15:07:27.896   491   491 I BufferQueueProducer: [FramebufferSurface](this:0x744dbe2800,id:0,api:1,p:491,c:491) queueBuffer: fps=0.01 dur=3035527.54 max=3034796.75 min=10.34
10-22 15:07:27.898   460   575 I hwcomposer: [OVL] (0) Overlay input(0) was used with queue previously
10-22 15:07:27.898   460   575 I hwcomposer: [DBQ] (q2:0x78128f0600) Buffer queue is destroyed
10-22 15:07:27.898   460   575 I hwcomposer: [DBQ] (q2:0x78128f0600) Free Slot(0), handle=0x78142878c0, 13926400 -> 0
10-22 15:07:27.899   485   541 D APM_AudioPolicyManager: stopOutput portId 47
10-22 15:07:27.899   485   541 D APM_AudioPolicyManager: stopOutput() output 13, stream 1, session 361
10-22 15:07:27.900   923   936 D wujq-f  :  filte 59 60  :1041 : 40 - true
10-22 15:07:27.947   923   936 D wujq-f  :  filte 59 60  :10069 : 88 - true
10-22 15:07:27.947   923   936 D wujq    : enter :10069 : 88
10-22 15:07:27.975   923   942 I PowerHalWrapper: <setRotation> do boost with 0ms
10-22 15:07:27.885  6515 10886 E ActivityThread: Failed to find provider info for com.example.edcationcloud
10-22 15:07:27.976   923   942 V WindowManager: updateRotationUnchecked mRotation=1, mLastOrientation=0
10-22 15:07:27.977   480   512 I libPowerHal: 35: cpu_ctrl set freq: -1 -1 -1 -1
10-22 15:07:27.990   491   491 I BufferQueue: [ScreenshotSurface#0](this:0x74658c0000,id:106,api:2,p:-1,c:-1) ~BufferQueueCore
10-22 15:07:28.008   614   634 I Proximity: distance = 2
10-22 15:07:28.053 10786 10786 I Monkey  : :Sending Touch (ACTION_DOWN): 0:(348.0,740.0)
10-22 15:07:28.056 10786 10786 I Monkey  : :Sending Touch (ACTION_UP): 0:(348.87958,719.9431)
10-22 15:07:28.058   460   460 I hwcomposer: [HWCDisplay] [Display_0 (type:1)] fps:54.187366,dur:1015.00,max:50.06,min:14.33
10-22 15:07:28.061 10786 10786 I Monkey  : Sleeping for 1000 milliseconds
10-22 15:07:28.212   614   634 I Proximity: distance = 2
10-22 15:07:28.377   476   893 E VT HIDL : [IVT] [VT THREAD] [VT_Bind] des = volte_imsvt1 Fail to connect . retry count: 22610
10-22 15:07:28.378   476   893 D VT HIDL : [IVT] isIMCBrun : True
10-22 15:07:28.400   923  1214 E WifiVendorHal: getWifiLinkLayerStats_1_3_Internal(l.927) failed {.code = ERROR_NOT_SUPPORTED, .description = }
10-22 15:07:28.418   614   634 I Proximity: distance = 2
10-22 15:07:28.430   491  1618 I BufferQueueProducer: [StatusBar#0](this:0x744776a000,id:4,api:1,p:1314,c:491) queueBuffer: fps=13.70 dur=1094.95 max=377.93 min=12.08
10-22 15:07:28.438  6515 10829 D CacheInterceptor: requestRemoteOnly
10-22 15:07:28.439  6515 10892 I MMKV    : <MMKV.cpp:226::initializeMMKV> root dir: /data/user/0/com.yangcong345.android.phone/files/mmkv
10-22 15:07:28.449  6515 10863 D CacheInterceptor: requestRemoteOnly
10-22 15:07:28.516   923  5931 D wujq-f  :  filte 59 60  :10069 : 88 - true
10-22 15:07:28.516   923  5931 D wujq    : enter :10069 : 88
10-22 15:07:28.522  6515 10861 W System.err: java.text.ParseException: Unparseable date: "2024-10-22T15:07:28.514668134+08:00"
10-22 15:07:28.522  6515 10861 W System.err: 	at java.text.DateFormat.parse(DateFormat.java:362)
10-22 15:07:28.522  6515 10861 W System.err: 	at com.yangcong345.platform.utils.time.DateUtil.str2Date(TbsSdkJava:6)
10-22 15:07:28.522  6515 10861 W System.err: 	at com.yangcong345.platform.utils.time.DateUtil.str2Date$default(Unknown Source:11)
10-22 15:07:28.523  6515 10861 W System.err: 	at com.yangcong345.learn.feature.video.cache.CacheAuthorizationHelper.saveLastOpenCacheTime(TbsSdkJava:7)
10-22 15:07:28.523  6515 10861 W System.err: 	at com.yangcong345.learn.feature.video.cache.CacheAuthorizationHelper.access$saveLastOpenCacheTime(Unknown Source:0)
10-22 15:07:28.523  6515 10861 W System.err: 	at com.yangcong345.learn.feature.video.cache.CacheAuthorizationHelper$refreshUserVideoAuth$dispose$2.invoke(TbsSdkJava:4)
10-22 15:07:28.523  6515 10861 W System.err: 	at com.yangcong345.learn.feature.video.cache.CacheAuthorizationHelper$refreshUserVideoAuth$dispose$2.invoke(TbsSdkJava:1)
10-22 15:07:28.523  6515 10861 W System.err: 	at com.yangcong345.learn.feature.video.cache.CacheAuthorizationHelper.refreshUserVideoAuth$lambda$1(Unknown Source:5)
10-22 15:07:28.523  6515 10861 W System.err: 	at com.yangcong345.learn.feature.video.cache.CacheAuthorizationHelper.a(Unknown Source:0)
10-22 15:07:28.523  6515 10861 W System.err: 	at com.yangcong345.learn.feature.video.cache.a.accept(Unknown Source:2)
10-22 15:07:28.523  6515 10861 W System.err: 	at io.reactivex.internal.observers.LambdaObserver.onNext(TbsSdkJava:2)
10-22 15:07:28.523  6515 10861 W System.err: 	at io.reactivex.internal.operators.observable.ObservableSubscribeOn$SubscribeOnObserver.onNext(Unknown Source:2)
10-22 15:07:28.523  6515 10861 W System.err: 	at io.reactivex.internal.operators.observable.c1$a.onNext(Unknown Source:2)
10-22 15:07:28.523  6515 10861 W System.err: 	at io.reactivex.internal.operators.observable.x0$a.onNext(TbsSdkJava:5)
10-22 15:07:28.523  6515 10861 W System.err: 	at retrofit2.adapter.rxjava2.BodyObservable$BodyObserver.onNext(TbsSdkJava:3)
10-22 15:07:28.523  6515 10861 W System.err: 	at retrofit2.adapter.rxjava2.BodyObservable$BodyObserver.onNext(TbsSdkJava:1)
10-22 15:07:28.523  6515 10861 W System.err: 	at retrofit2.adapter.rxjava2.CallExecuteObservable.subscribeActual(TbsSdkJava:7)
10-22 15:07:28.523  6515 10861 W System.err: 	at io.reactivex.z.subscribe(TbsSdkJava:14)
10-22 15:07:28.523  6515 10861 W System.err: 	at retrofit2.adapter.rxjava2.BodyObservable.subscribeActual(Unknown Source:7)
10-22 15:07:28.523  6515 10861 W System.err: 	at io.reactivex.z.subscribe(TbsSdkJava:14)
10-22 15:07:28.523  6515 10861 W System.err: 	at io.reactivex.internal.operators.observable.x0.subscribeActual(Unknown Source:9)
10-22 15:07:28.523  6515 10861 W System.err: 	at io.reactivex.z.subscribe(TbsSdkJava:14)
10-22 15:07:28.523  6515 10861 W System.err: 	at io.reactivex.internal.operators.observable.c1.subscribeActual(Unknown Source:9)
10-22 15:07:28.523  6515 10861 W System.err: 	at io.reactivex.z.subscribe(TbsSdkJava:14)
10-22 15:07:28.523  6515 10861 W System.err: 	at io.reactivex.internal.operators.observable.ObservableSubscribeOn$a.run(Unknown Source:6)
10-22 15:07:28.523  6515 10861 W System.err: 	at io.reactivex.h0$a.run(TbsSdkJava:2)
10-22 15:07:28.523  6515 10861 W System.err: 	at io.reactivex.internal.schedulers.ScheduledRunnable.run(TbsSdkJava:2)
10-22 15:07:28.523  6515 10861 W System.err: 	at io.reactivex.internal.schedulers.ScheduledRunnable.call(Unknown Source:0)
10-22 15:07:28.523  6515 10861 W System.err: 	at java.util.concurrent.FutureTask.run(FutureTask.java:266)
10-22 15:07:28.523  6515 10861 W System.err: 	at java.util.concurrent.ScheduledThreadPoolExecutor$ScheduledFutureTask.run(ScheduledThreadPoolExecutor.java:301)
10-22 15:07:28.523  6515 10861 W System.err: 	at java.util.concurrent.ThreadPoolExecutor.runWorker(ThreadPoolExecutor.java:1167)
10-22 15:07:28.523  6515 10861 W System.err: 	at java.util.concurrent.ThreadPoolExecutor$Worker.run(ThreadPoolExecutor.java:641)
10-22 15:07:28.523  6515 10861 W System.err: 	at java.lang.Thread.run(Thread.java:919)
10-22 15:07:28.616   923  5931 D wujq-f  :  filte 59 60  :10069 : 88 - true
10-22 15:07:28.616   923  5931 D wujq    : enter :10069 : 88
10-22 15:07:28.620   614   634 I Proximity: distance = 2
10-22 15:07:28.649  6515 10863 I MMKV    : <MMKV.cpp:226::initializeMMKV> root dir: /data/user/0/com.yangcong345.android.phone/files/mmkv
10-22 15:07:28.650  6515 10863 I MMKV    : <MMKV.cpp:1180::sync> MMKV::sync, SyncFlag = 0
10-22 15:07:28.669  6515  6515 I MMKV    : <MMKV.cpp:1180::sync> MMKV::sync, SyncFlag = 0
10-22 15:07:28.672  6515  6515 I MMKV    : <MMKV.cpp:1180::sync> MMKV::sync, SyncFlag = 0
10-22 15:07:28.682  6515  6675 D DataSailMapper: get instance by url: onion-app-diagnosis.cn-beijing.log.aliyuncs.com/logstores/diagnosis-error/shards/lb
10-22 15:07:28.682  6515  6675 I System.out: [okhttp]:check permission begin!
10-22 15:07:28.682  6515  6675 I System.out: [okhttp]:not MMS!
10-22 15:07:28.683  6515  6675 I System.out: [okhttp]:not Email!
10-22 15:07:28.686  5808  5808 I dnslinspirer: query[A] datasail.yangcong345.com from 192.168.10.25
10-22 15:07:28.686  5808  5808 I dnslinspirer: forwarded datasail.yangcong345.com to 223.5.5.5
10-22 15:07:28.686  5808  5808 I dnslinspirer: forwarded datasail.yangcong345.com to 223.6.6.6
10-22 15:07:28.687  5808  5808 I dnslinspirer: forwarded datasail.yangcong345.com to 119.29.29.29
10-22 15:07:28.687  5808  5808 I dnslinspirer: forwarded datasail.yangcong345.com to 182.254.116.116
10-22 15:07:28.687  5808  5808 I dnslinspirer: forwarded datasail.yangcong345.com to 180.76.76.76
10-22 15:07:28.703  5808  5808 I dnslinspirer: reply datasail.yangcong345.com is <CNAME>
10-22 15:07:28.703  5808  5808 I dnslinspirer: reply datasail01-cn-beijing-yangcong.volceapplog.com is <CNAME>
10-22 15:07:28.703  5808  5808 I dnslinspirer: ipset add iplist 101.126.8.157 alb-3hnbe8igl0q2o6e6tws26e6pn.cn-beijing.volcalb.com
10-22 15:07:28.703  5808  5808 I dnslinspirer: reply alb-3hnbe8igl0q2o6e6tws26e6pn.cn-beijing.volcalb.com is 101.126.8.157
10-22 15:07:28.703  5808  5808 I dnslinspirer: ipset add iplist 180.184.93.116 alb-3hnbe8igl0q2o6e6tws26e6pn.cn-beijing.volcalb.com
10-22 15:07:28.703  5808  5808 I dnslinspirer: reply alb-3hnbe8igl0q2o6e6tws26e6pn.cn-beijing.volcalb.com is 180.184.93.116
10-22 15:07:28.704   445 10895 E ResolverController: No valid NAT64 prefix (100, <unspecified>/0)
10-22 15:07:28.706  6515  6675 I System.out: [socket]:check permission begin!
10-22 15:07:28.721   626   688 D agps    : [agps] WARNING: [CP] cp2_fd_1_reconnect_timeout
10-22 15:07:28.721   626   644 E agps    : [agps] ERR: [CP] get_ccci_uart  open failed node=[/dev/ttyC2] reason=[No such file or directory]
10-22 15:07:28.721   626   644 E agps    : [agps] ERR: [CP] get_eemcs_uart  open failed node=[/dev/eemcs_ipc_uart] reason=[No such file or directory]
10-22 15:07:28.721   626   644 E agps    : [agps] ERR: [CP] ccci_uart_1  open failed
10-22 15:07:28.730  6515  6528 I 5.android.phon: Background concurrent copying GC freed 67074(5577KB) AllocSpace objects, 165(5560KB) LOS objects, 35% free, 10MB/16MB, paused 381us total 118.175ms
10-22 15:07:28.826   614   634 I Proximity: distance = 2
--------- beginning of radio
10-22 15:07:20.843  1529  1529 I chatty  : uid=1001(radio) com.android.phone expire 436 lines
10-22 15:07:24.845  1529  1529 E MtkTelephonyAssist: AssistRIL: MtkRadioProxy getService/setResponseFunctions: java.util.NoSuchElementException
10-22 15:07:28.847  1529  1529 D MtkTelephonyAssist: AssistRIL: resetProxyAndRequestList
10-22 15:07:28.849   346   346 I hwservicemanager: getTransport: Cannot find entry vendor.mediatek.hardware.mtkradioex@1.0::IMtkRadioEx/mtkAssist1 in either framework or device manifest.
10-22 15:07:28.849  6515  6675 I System.out: [OkHttp] sendRequest>>
10-22 15:07:28.849  6515  6675 I System.out: [OkHttp] sendRequest<<
10-22 15:07:28.850  1529  1529 E MtkTelephonyAssist: AssistRIL: MtkRadioProxy getService/setResponseFunctions: java.util.NoSuchElementException
10-22 15:07:28.878   476   893 E VT HIDL : [IVT] [VT THREAD] [VT_Bind] des = volte_imsvt1 Fail to connect . retry count: 22611
10-22 15:07:28.879   476   893 D VT HIDL : [IVT] isIMCBrun : True
10-22 15:07:29.028   614   634 I Proximity: distance = 2
10-22 15:07:29.064 10786 10786 I Monkey  : :Sending Touch (ACTION_DOWN): 0:(1586.0,603.0)
10-22 15:07:29.067 10786 10786 I Monkey  : :Sending Touch (ACTION_MOVE): 0:(1573.4377,605.58826)
10-22 15:07:29.068   460   460 I hwcomposer: [HWC] (0) displayGetActiveConfig config:0
10-22 15:07:29.068 10786 10786 I Monkey  : :Sending Touch (ACTION_MOVE): 0:(1558.4176,605.63165)
10-22 15:07:29.070 10786 10786 I Monkey  : :Sending Touch (ACTION_MOVE): 0:(1536.1748,607.4142)
10-22 15:07:29.071 10786 10786 I Monkey  : :Sending Touch (ACTION_UP): 0:(1521.7933,611.2006)
10-22 15:07:29.072 10786 10786 I Monkey  : Sleeping for 1000 milliseconds
10-22 15:07:29.074   923   936 D wujq-f  :  filte 59 60  :10069 : 88 - true
10-22 15:07:29.074   923   936 D wujq    : enter :10069 : 88
10-22 15:07:29.082   491   521 I BufferQueueProducer: [com.yangcong345.cloud.ui.launcher/com.yangcong345.padmodule.new_home.PadHomeActivity#0](this:0x74658c3000,id:108,api:1,p:5934,c:491) queueBuffer: fps=7.77 dur=1544.07 max=1303.49 min=12.34
10-22 15:07:29.090   460   460 I hwcomposer: [HWCDisplay] [Display_0 (type:1)] fps:11.621771,dur:1032.54,max:515.96,min:15.94
10-22 15:07:29.176   923   936 D wujq-f  :  filte 59 60  :10069 : 88 - true
10-22 15:07:29.176   923   936 D wujq    : enter :10069 : 88
10-22 15:07:29.177   923   936 D wujq-f  :  filte 59 60  :10069 : 88 - true
10-22 15:07:29.177   923   936 D wujq    : enter :10069 : 88
10-22 15:07:29.232   614   634 I Proximity: distance = 2
10-22 15:07:29.276   923   936 D wujq-f  :  filte 59 60  :10069 : 88 - true
10-22 15:07:29.277   923   936 D wujq    : enter :10069 : 88
10-22 15:07:29.293   923   936 D wujq-f  :  filte 59 60  :10069 : 88 - true
10-22 15:07:29.294   923   936 D wujq    : enter :10069 : 88
10-22 15:07:29.294   923   936 D wujq-f  :  filte 59 60  :10069 : 88 - true
10-22 15:07:29.294   923   936 D wujq    : enter :10069 : 88
10-22 15:07:29.379   476   893 E VT HIDL : [IVT] [VT THREAD] [VT_Bind] des = volte_imsvt1 Fail to connect . retry count: 22612
10-22 15:07:29.380   476   893 D VT HIDL : [IVT] isIMCBrun : True
10-22 15:07:29.395   923   936 D wujq-f  :  filte 59 60  :10069 : 88 - true
10-22 15:07:29.395   923   936 D wujq    : enter :10069 : 88
10-22 15:07:29.410   923   936 D wujq-f  :  filte 59 60  :10069 : 88 - true
10-22 15:07:29.410   923   936 D wujq    : enter :10069 : 88
10-22 15:07:29.410   923   936 D wujq-f  :  filte 59 60  :10069 : 88 - true
10-22 15:07:29.410   923   936 D wujq    : enter :10069 : 88
10-22 15:07:29.442   614   634 I Proximity: distance = 2
10-22 15:07:29.511   923   936 D wujq-f  :  filte 59 60  :10069 : 88 - true
10-22 15:07:29.511   923   936 D wujq    : enter :10069 : 88
10-22 15:07:29.526   923   936 D wujq-f  :  filte 59 60  :10069 : 88 - true
10-22 15:07:29.526   923   936 D wujq    : enter :10069 : 88
10-22 15:07:29.527   923   936 D wujq-f  :  filte 59 60  :10069 : 88 - true
10-22 15:07:29.527   923   936 D wujq    : enter :10069 : 88
10-22 15:07:29.626   923   936 D wujq-f  :  filte 59 60  :10069 : 88 - true
10-22 15:07:29.626   923   936 D wujq    : enter :10069 : 88
10-22 15:07:29.643   923   936 D wujq-f  :  filte 59 60  :10069 : 88 - true
10-22 15:07:29.643   923   936 D wujq    : enter :10069 : 88
10-22 15:07:29.648   614   634 I Proximity: distance = 2
10-22 15:07:29.852   614   634 I Proximity: distance = 2
10-22 15:07:29.880   476   893 E VT HIDL : [IVT] [VT THREAD] [VT_Bind] des = volte_imsvt1 Fail to connect . retry count: 22613
10-22 15:07:29.880   476   893 D VT HIDL : [IVT] isIMCBrun : True
10-22 15:07:29.900   450 10752 I [Awinic]: aw_set_vmax_update_pthread: Awinic dev[0] capacity percent: 34%, set vmax db: -0.5374db(0xfff766a3), vmax percent: 94.00% done
10-22 15:07:29.900   450 10752 I [Awinic]: aw_set_vmax_update_pthread: Awinic dev[1] capacity percent: 34%, set vmax db: -0.5374db(0xfff766a3), vmax percent: 94.00% done
10-22 15:07:30.058   614   634 I Proximity: distance = 2
10-22 15:07:30.073 10786 10786 I Monkey  : :Switch: #Intent;action=android.intent.action.MAIN;category=android.intent.category.LAUNCHER;launchFlags=0x10200000;component=com.yangcong345.android.phone/com.yangcong345.main.phone.splash.SplashActivity;end
10-22 15:07:30.075   923   936 D HraManager: hra getBlackActivityList
10-22 15:07:30.075   923   936 D HraManagerService:  getBlackActivityList
10-22 15:07:30.075   923   936 D HraManager: hra getBlackIntentActionList
10-22 15:07:30.075   923   936 I ActivityTaskManager: START u0 {act=android.intent.action.MAIN cat=[android.intent.category.LAUNCHER] flg=0x10200000 cmp=com.yangcong345.android.phone/com.yangcong345.main.phone.splash.SplashActivity} from uid 2000
10-22 15:07:30.077 10786 10786 I Monkey  :     // Allowing start of Intent { act=android.intent.action.MAIN cat=[android.intent.category.LAUNCHER] cmp=com.yangcong345.android.phone/com.yangcong345.main.phone.splash.SplashActivity } in package com.yangcong345.android.phone
--------- beginning of events
10-22 15:07:30.085   923   936 I wm_stack_created: 11
10-22 15:07:30.089   923   936 I wm_task_created: [15,11]
10-22 15:07:30.090   923   936 I wm_task_moved: [15,0,2147483647]
10-22 15:07:30.091   923   936 I am_focused_stack: [0,0,11,7,reuseOrNewTask]
10-22 15:07:30.091   923   936 I am_create_task: [0,15]
10-22 15:07:30.091   923   936 I am_create_activity: [0,235020322,15,com.yangcong345.android.phone/com.yangcong345.main.phone.splash.SplashActivity,android.intent.action.MAIN,NULL,NULL,270532608]
10-22 15:07:30.091  5934  5934 I am_on_top_resumed_lost_called: [0,com.yangcong345.padmodule.new_home.PadHomeActivity,topStateChangedWhenResumed]
10-22 15:07:30.091   480   513 I power@1.3-impl: powerHintInternal hint:8, data:1
10-22 15:07:30.092   923   936 I wm_task_moved: [15,0,2147483647]
10-22 15:07:30.093   923   936 I am_pause_activity: [0,228905690,com.yangcong345.cloud.ui.launcher/com.yangcong345.padmodule.new_home.PadHomeActivity,userLeaving=true]
10-22 15:07:30.094   480   512 I libPowerHal: 8: cpu_ctrl set freq: 1989000 -1 1989000 -1
10-22 15:07:30.094   923   936 D PowerHalWrapper: <amsBoostResume> last:com.yangcong345.cloud.ui.launcher, next:com.yangcong345.android.phone
10-22 15:07:30.096 10786 10786 I Monkey  : Sleeping for 1000 milliseconds
10-22 15:07:30.103  5934  5934 I am_on_paused_called: [0,com.yangcong345.padmodule.new_home.PadHomeActivity,performPause]
10-22 15:07:30.104   923  5931 V WindowManager: updateRotationUnchecked mRotation=1, mLastOrientation=1
10-22 15:07:30.104   923  5931 D wujq-f  :  filte 59 60  :1000 : 40 - true
10-22 15:07:30.105   923  5931 I PowerHalWrapper: <setRotation> do boost with 2000ms
10-22 15:07:30.105   923   941 I system_server: Explicit concurrent copying GC freed 13325(737KB) AllocSpace objects, 0(0B) LOS objects, 37% free, 10MB/16MB, paused 273us total 242.073ms
10-22 15:07:30.106   460   460 I hwcomposer: [HWCDisplay] [Display_0 (type:1)] fps:39.375904,dur:1015.85,max:348.13,min:15.94
10-22 15:07:30.106   491   521 I BufferQueue: [unnamed-491-109](this:0x746585e800,id:109,api:0,p:-1,c:-1) BufferQueue core=(491:/system/bin/surfaceflinger)
10-22 15:07:30.106   491   521 I BufferQueueConsumer: [unnamed-491-109](this:0x746585e800,id:109,api:0,p:-1,c:491) connect(C): consumer=(491:/system/bin/surfaceflinger) controlledByApp=false
10-22 15:07:30.107   491   521 I BufferQueueConsumer: [unnamed-491-109](this:0x746585e800,id:109,api:0,p:-1,c:491) setConsumerName: unnamed-491-109
10-22 15:07:30.107   491   521 I BufferQueueConsumer: [ScreenshotSurface#0](this:0x746585e800,id:109,api:0,p:-1,c:491) setConsumerName: ScreenshotSurface#0
10-22 15:07:30.107   491   521 I BufferQueueConsumer: [ScreenshotSurface#0](this:0x746585e800,id:109,api:0,p:-1,c:491) setDefaultBufferSize: width=1600 height=2176
10-22 15:07:30.109   923   933 V MediaPlayer: resetDrmState:  mDrmInfo=null mDrmProvisioningThread=null mPrepareDrmInProgress=false mActiveDrmScheme=false
10-22 15:07:30.109   923   933 V MediaPlayer: cleanDrmObj: mDrmObj=null mDrmSessionId=null
10-22 15:07:30.109   923   933 D MediaPlayer: _release native called
10-22 15:07:30.109   601  1047 D NuPlayerDriver: reset(0xefb4af00) at state 6
10-22 15:07:30.110   601 10748 D AudioTrack: pause(47): 0xe814d680, prior state:STATE_STOPPED
10-22 15:07:30.110   601 10748 D AudioTrack: stop(47): 0xe814d680, prior state:STATE_FLUSHED
10-22 15:07:30.112   601 10749 D BufferPoolAccessor: bufferpool2 0xeb48d410 : 0(0 size) total buffers - 0(0 size) used buffers - 128/139 (recycle/alloc) - 11/268 (fetch/transfer)
10-22 15:07:30.113   632  1223 D BufferPoolAccessor: bufferpool2 0x312574e230 : 0(0 size) total buffers - 0(0 size) used buffers - 126/132 (recycle/alloc) - 6/131 (fetch/transfer)
10-22 15:07:30.113   632  1223 V C2Store : in ~ComponentModule
10-22 15:07:30.113   632  1223 V C2Store : unloading dll
10-22 15:07:30.113   601 10745 D NuPlayerDriver: notifyResetComplete(0xefb4af00)
10-22 15:07:30.113   601  1047 W AMessage: failed to post message as target looper for handler 0 is gone.
10-22 15:07:30.114   601  1047 D AudioTrack: ~AudioTrack(47): 0xe814d680
10-22 15:07:30.114   923   933 D MediaPlayer: _release native finished
10-22 15:07:30.114   923   933 D MediaPlayer: finalize() native_finalize called
10-22 15:07:30.114   923   933 D MediaPlayer: finalize() native_finalize finished
10-22 15:07:30.114   601  1047 D AudioTrack: stop(47): 0xe814d680, prior state:STATE_FLUSHED
10-22 15:07:30.123   491   491 I SurfaceFlinger: screenshot (com.yangcong345.cloud.ui.launcher/com.yangcong345.padmodule.new_home.PadHomeActivity#0)
10-22 15:07:30.123   491   491 I SurfaceFlinger: screenshot (StatusBar#0)
10-22 15:07:30.123   491   491 I SurfaceFlinger: screenshot (NavigationBar0#0)
10-22 15:07:30.131   923  5931 D Surface : Surface::connect(this=0x7ec1814000,api=2)
10-22 15:07:30.131   491  1618 I BufferQueueProducer: [ScreenshotSurface#0](this:0x746585e800,id:109,api:2,p:923,c:491) connect(P): api=2 producer=(923:system_server) producerControlledByApp=false
10-22 15:07:30.133   923  5931 D Surface : Surface::disconnect(this=0x7ec1814000,api=2)
10-22 15:07:30.133   491  1618 I BufferQueueProducer: [ScreenshotSurface#0](this:0x746585e800,id:109,api:2,p:923,c:491) disconnect(P): api 2
10-22 15:07:30.135   491   491 I SurfaceFlinger: screenshot (com.yangcong345.cloud.ui.launcher/com.yangcong345.padmodule.new_home.PadHomeActivity#0)
10-22 15:07:30.142   460   575 W hwcomposer: [OVL] (0) No overlay input queue(0)
10-22 15:07:30.142   460   575 I hwcomposer: [DBQ] (q2:0x78128f0600) Buffer queue is created with size(3)
10-22 15:07:30.142   460   575 I hwcomposer: [DBQ] (q2:0x78128f0600) setConsumerListener
10-22 15:07:30.142   460   575 I hwcomposer: [DBQ] (q2:0x78128f0600) Reallocate Slot(0), pool(0 -> 0) size(0 -> 13926400)
10-22 15:07:30.143   923  5931 I am_add_to_stopping: [0,228905690,com.yangcong345.cloud.ui.launcher/com.yangcong345.padmodule.new_home.PadHomeActivity,makeInvisible]
10-22 15:07:30.143   923  5931 I configuration_changed: 536872064
10-22 15:07:30.148   923  5931 I ActivityTaskManager: Config changes=20000480 {1.04 ?mcc?mnc [zh_CN] ldltr sw800dp w800dp h1016dp 320dpi xlrg port finger -keyb/v/h -nav/h winConfig={ mBounds=Rect(0, 0 - 1600, 2176) mAppBounds=Rect(0, 0 - 1600, 2080) mWindowingMode=fullscreen mDisplayWindowingMode=fullscreen mActivityType=undefined mAlwaysOnTop=undefined mRotation=ROTATION_0} s.415}
10-22 15:07:30.156   923  5148 I GED     : ged_boost_gpu_freq, level 100, eOrigin 2, final_idx 15, oppidx_max 15, oppidx_min 0
10-22 15:07:30.163   923  5931 I ActivityTaskManager: Override config changes=20000480 {1.04 ?mcc?mnc [zh_CN] ldltr sw800dp w800dp h1016dp 320dpi xlrg port finger -keyb/v/h -nav/h winConfig={ mBounds=Rect(0, 0 - 1600, 2176) mAppBounds=Rect(0, 0 - 1600, 2080) mWindowingMode=fullscreen mDisplayWindowingMode=fullscreen mActivityType=undefined mAlwaysOnTop=undefined mRotation=ROTATION_0} s.415} for displayId=0
10-22 15:07:30.165   923  5931 I sysui_multi_action: [757,1659,758,4,759,1,1660,0]
10-22 15:07:30.166   923  5931 V WindowManager: updateRotationUnchecked mRotation=0, mLastOrientation=1
10-22 15:07:30.166   923  5931 I am_restart_activity: [0,235020322,15,com.yangcong345.android.phone/com.yangcong345.main.phone.splash.SplashActivity]
10-22 15:07:30.167   923  5931 I am_set_resumed_activity: [0,com.yangcong345.android.phone/com.yangcong345.main.phone.splash.SplashActivity,minimalResumeActivityLocked]
10-22 15:07:30.168   923  5931 D PowerHalWrapper: amsBoostNotify pid:6515,activity:com.yangcong345.main.phone.splash.SplashActivity, package:com.yangcong345.android.phone, mProcessCreatePackcom.baidu.homework
10-22 15:07:30.168   923  5931 D PowerHalWrapper: amsBoostNotify AMS_BOOST_PROCESS_CREATE_BOOST:false
10-22 15:07:30.172   923  1791 D wujq-f  :  filte 59 60  :10069 : 88 - true
10-22 15:07:30.172   923  1791 D wujq    : enter :10069 : 88
10-22 15:07:30.173   480   512 I libPowerHal: [perfNotifyAppState] foreground:com.yangcong345.android.phone, pid:6515, uid:10065
10-22 15:07:30.173   480   512 E UxUtility: notifyAppState error = NULL
10-22 15:07:30.173   480   512 I powerd  : [powerd_req] POWER_MSG_NOTIFY_STATE, pc:0, com.yangcong345.cloud.ui.launcher => com.yangcong345.android.phone
10-22 15:07:30.177  1314  1314 V NavigationBarView: home = true
10-22 15:07:30.181   491  1618 I BufferQueueConsumer: [com.yangcong345.cloud.ui.launcher/com.yangcong345.padmodule.new_home.PadHomeActivity#0](this:0x74658c3000,id:108,api:1,p:5934,c:491) setDefaultBufferSize: width=1600 height=2176
10-22 15:07:30.186   923   941 I am_stop_activity: [0,228905690,com.yangcong345.cloud.ui.launcher/com.yangcong345.padmodule.new_home.PadHomeActivity]
10-22 15:07:30.186   923   941 I InputManager-JNI: Viewport [0] to add: local:0
10-22 15:07:30.187   923   941 I sysui_multi_action: [757,803,799,window_time_0,802,3]
10-22 15:07:30.191   923  1115 I InputReader: Reconfiguring input devices.  changes=0x00000004
10-22 15:07:30.192  1529  1529 D MtkSubscriptionInfoUpdater: onReceive, Action: android.intent.action.CONFIGURATION_CHANGED
10-22 15:07:30.192   346   346 I hwservicemanager: getTransport: Cannot find entry vendor.mediatek.hardware.nwk_opt@1.0::INwkOpt/default in either framework or device manifest.
10-22 15:07:30.192   923  1115 I         : Couldn't load Nwk Opt HAL service
10-22 15:07:30.192   923  1115 I InputReader: Device reconfigured: id=1, name='himax-stylus', size 1600x2176, orientation 0, mode 1, display id 0
10-22 15:07:30.193   346   346 I hwservicemanager: getTransport: Cannot find entry vendor.mediatek.hardware.nwk_opt@1.0::INwkOpt/default in either framework or device manifest.
10-22 15:07:30.193   923  1115 I         : Couldn't load Nwk Opt HAL service
10-22 15:07:30.193   923  1115 I InputReader: Device reconfigured: id=2, name='mtk-tpd', size 1600x2176, orientation 0, mode 1, display id 0
10-22 15:07:30.193   346   346 I hwservicemanager: getTransport: Cannot find entry vendor.mediatek.hardware.nwk_opt@1.0::INwkOpt/default in either framework or device manifest.
10-22 15:07:30.193   923  1115 I         : Couldn't load Nwk Opt HAL service
10-22 15:07:30.193   923  1115 I InputReader: Device reconfigured: id=5, name='himax-touchscreen', size 1600x2176, orientation 0, mode 1, display id 0
10-22 15:07:30.195  1314  1314 V NavigationBarView: recent = true
10-22 15:07:30.195  1314  1314 V NavigationBarView: back = true
10-22 15:07:30.198   923  5931 D wujq-f  :  filte 59 60  :10069 : 88 - true
10-22 15:07:30.198   923  5931 D wujq    : enter :10069 : 88
10-22 15:07:30.199  5934  6050 D Surface : Surface::disconnect(this=0x7e6609e000,api=1)
10-22 15:07:30.199  7244  7244 D AndroidAutoSize: initScaledDensity = 2.08 on ConfigurationChanged
10-22 15:07:30.200   491   521 I BufferQueueProducer: [com.yangcong345.cloud.ui.launcher/com.yangcong345.padmodule.new_home.PadHomeActivity#0](this:0x74658c3000,id:108,api:1,p:5934,c:491) disconnect(P): api 1
10-22 15:07:30.203  5934  6050 D Surface : Surface::connect(this=0x7e6609e000,api=1)
10-22 15:07:30.204   491  1618 I BufferQueueConsumer: [NavigationBar0#0](this:0x746585d000,id:105,api:1,p:1314,c:491) setDefaultBufferSize: width=1600 height=96
10-22 15:07:30.204   491   521 I BufferQueueProducer: [com.yangcong345.cloud.ui.launcher/com.yangcong345.padmodule.new_home.PadHomeActivity#0](this:0x74658c3000,id:108,api:1,p:5934,c:491) connect(P): api=1 producer=(5934:com.yangcong345.cloud.ui.launcher) producerControlledByApp=false
10-22 15:07:30.205  5934  6050 D mali_winsys: EGLint new_window_surface(egl_winsys_display *, void *, EGLSurface, EGLConfig, egl_winsys_surface **, EGLBoolean) returns 0x3000
10-22 15:07:30.206  5934  6050 D Surface : Surface::setBufferCount(this=0x7e6609e000,bufferCount=3)
10-22 15:07:30.216   923   942 E system_server: Invalid ID 0x00000000.
10-22 15:07:30.220   923   942 D ViewRootImpl[phone]: hardware acceleration = false , fakeHwAccelerated = true, sRendererDisabled = false, forceHwAccelerated = false, sSystemRendererDisabled = false
10-22 15:07:30.224   923   942 I InputTransport: Create ARC handle: 0x7ec6166c20
10-22 15:07:30.233  1314  1506 D Surface : Surface::disconnect(this=0x7e321aa000,api=1)
10-22 15:07:30.234   491   521 I BufferQueueProducer: [NavigationBar0#0](this:0x746585d000,id:105,api:1,p:1314,c:491) disconnect(P): api 1
10-22 15:07:30.236  1314  1506 D Surface : Surface::connect(this=0x7e321aa000,api=1)
10-22 15:07:30.237   491   521 I BufferQueueProducer: [NavigationBar0#0](this:0x746585d000,id:105,api:1,p:1314,c:491) connect(P): api=1 producer=(1314:com.android.systemui) producerControlledByApp=false
10-22 15:07:30.238  1314  1506 D mali_winsys: EGLint new_window_surface(egl_winsys_display *, void *, EGLSurface, EGLConfig, egl_winsys_surface **, EGLBoolean) returns 0x3000
10-22 15:07:30.238  1314  1506 D Surface : Surface::setBufferCount(this=0x7e321aa000,bufferCount=3)
10-22 15:07:30.238   923   942 D wujq-f  :  filte 59 60  :10069 : 88 - true
10-22 15:07:30.238   923   942 D wujq    : enter :10069 : 88
10-22 15:07:30.240   923  1283 D skia_mt : canRunInCoworker = 1
10-22 15:07:30.241   491   521 I BufferQueue: [unnamed-491-110](this:0x7449ecb800,id:110,api:0,p:-1,c:-1) BufferQueue core=(491:/system/bin/surfaceflinger)
10-22 15:07:30.241   491   521 I BufferQueueConsumer: [unnamed-491-110](this:0x7449ecb800,id:110,api:0,p:-1,c:491) connect(C): consumer=(491:/system/bin/surfaceflinger) controlledByApp=false
10-22 15:07:30.241   491   521 I BufferQueueConsumer: [unnamed-491-110](this:0x7449ecb800,id:110,api:0,p:-1,c:491) setConsumerName: unnamed-491-110
10-22 15:07:30.241   491   521 I BufferQueueConsumer: [Splash Screen com.yangcong345.android.phone#0](this:0x7449ecb800,id:110,api:0,p:-1,c:491) setConsumerName: Splash Screen com.yangcong345.android.phone#0
10-22 15:07:30.241   491   521 I BufferQueueConsumer: [Splash Screen com.yangcong345.android.phone#0](this:0x7449ecb800,id:110,api:0,p:-1,c:491) setDefaultBufferSize: width=1600 height=2176
10-22 15:07:30.243   923   942 D wujq-f  :  filte 59 60  :10069 : 88 - true
10-22 15:07:30.243   923   942 D wujq    : enter :10069 : 88
10-22 15:07:30.244   923   942 D wujq-f  :  filte 59 60  :10069 : 88 - true
10-22 15:07:30.244   923   942 D wujq    : enter :10069 : 88
10-22 15:07:30.244   923   942 D Surface : lockCanvas
10-22 15:07:30.244   923   942 D Surface : Surface::connect(this=0x7e04399000,api=2)
10-22 15:07:30.245   491   520 I BufferQueueProducer: [Splash Screen com.yangcong345.android.phone#0](this:0x7449ecb800,id:110,api:2,p:923,c:491) connect(P): api=2 producer=(923:system_server) producerControlledByApp=false
10-22 15:07:30.247   491   520 I BufferQueueProducer: [NavigationBar0#0](this:0x746585d000,id:105,api:1,p:1314,c:491) queueBuffer: fps=1.74 dur=2879.74 max=2314.10 min=13.89
10-22 15:07:30.250  1314  1314 D View    : [Warning] assignParent to null: this = com.android.systemui.assist.AssistOrbContainer{9e4a587 G.E...... ......ID 0,0-2176,500}
10-22 15:07:30.259  1314  1314 D ViewRootImpl[AssistPreviewPanel]: hardware acceleration = true , fakeHwAccelerated = false, sRendererDisabled = false, forceHwAccelerated = false, sSystemRendererDisabled = false
10-22 15:07:30.260   614   634 I Proximity: distance = 2
10-22 15:07:30.264  1314  1314 I InputTransport: Create ARC handle: 0x7e33d15520
10-22 15:07:30.270  1314  1314 D StatusBar: disable<e i a s b h r c s > disable2<q i n >
10-22 15:07:30.276  1314  1314 D View    : [Warning] assignParent to null: this = com.android.systemui.stackdivider.DividerView{2275452 I.E...... ......ID 0,0-96,0}
10-22 15:07:30.279   923   942 D skia_mt : canRunInCoworker = true
10-22 15:07:30.287  1314  1314 D ViewRootImpl[DockedStackDivider]: hardware acceleration = true , fakeHwAccelerated = false, sRendererDisabled = false, forceHwAccelerated = false, sSystemRendererDisabled = false
10-22 15:07:30.296  1314  1314 I InputTransport: Create ARC handle: 0x7e33d15900
10-22 15:07:30.309   923   942 D Surface : lockCanvas
10-22 15:07:30.338   923   942 D skia_mt : canRunInCoworker = true
10-22 15:07:30.341  6515  6515 E ActivityThread: Failed to find provider info for com.example.edcationcloud
10-22 15:07:30.341   923   936 D HraManager: hra getBlackIntentActionList
10-22 15:07:30.342  6515  6515 D test_act: com.yangcong345.android.phone
10-22 15:07:30.345   923   936 D HraManager: hra getBlackIntentActionList
10-22 15:07:30.342  6515  6515 E ActivityThread: Failed to find provider info for com.example.edcationcloud
10-22 15:07:30.345   923   936 I ActivityTaskManager: START u0 {act=android.intent.action.VIEW dat=ycmath://padlauncher.com/homePage?position=-1 cmp=com.yangcong345.cloud.ui.launcher/com.yangcong345.support.common.LauncherSchemeActivity} from uid 10065
10-22 15:07:30.346   923   931 I system_server: NativeAlloc concurrent copying GC freed 4089(569KB) AllocSpace objects, 1(20KB) LOS objects, 37% free, 10MB/16MB, paused 185us total 117.007ms
10-22 15:07:30.346 10786 10813 I Monkey  :     // Rejecting start of Intent { act=android.intent.action.VIEW dat=ycmath://padlauncher.com/homePage?position=-1 cmp=com.yangcong345.cloud.ui.launcher/com.yangcong345.support.common.LauncherSchemeActivity } in package com.yangcong345.cloud.ui.launcher
10-22 15:07:30.347   923   936 I am_finish_activity: [0,235020322,15,com.yangcong345.android.phone/com.yangcong345.main.phone.splash.SplashActivity,app-request]
10-22 15:07:30.348   923   936 I am_focused_stack: [0,0,7,11,finishActivity adjustFocus adjustFocusToNextFocusableStack]
10-22 15:07:30.348   923   936 I am_set_resumed_activity: [0,com.yangcong345.cloud.ui.launcher/com.yangcong345.padmodule.new_home.PadHomeActivity,finishActivity]
10-22 15:07:30.349   923   936 I am_pause_activity: [0,235020322,com.yangcong345.android.phone/com.yangcong345.main.phone.splash.SplashActivity,userLeaving=false]
10-22 15:07:30.349   923   936 D PowerHalWrapper: <amsBoostResume> last:com.yangcong345.android.phone, next:com.yangcong345.cloud.ui.launcher
10-22 15:07:30.352  6515  6515 I am_on_create_called: [0,com.yangcong345.main.phone.splash.SplashActivity,performCreate]
10-22 15:07:30.353   923   941 I sysui_multi_action: [757,803,799,window_time_0,802,0]
10-22 15:07:30.354   923   941 I sysui_multi_action: [757,1144,758,8,806,com.yangcong345.android.phone,871,com.yangcong345.main.phone.splash.SplashActivity]
10-22 15:07:30.358   923  1814 D wujq-f  :  filte 59 60  :10103 : 0 - true
10-22 15:07:30.358   923  1814 D wujq    : enter :10103 : 0
10-22 15:07:30.359  1314  1314 I EmergencyButton: ss.getState()=1 ss.isEmergencyOnly()=false for simId=0
10-22 15:07:30.359  1314  1314 D KeyguardSecurityModel: isPinPukOrMeRequiredOfSubId() - phoneId = 0, simState = UNKNOWN
10-22 15:07:30.359  1314  1314 D AntiTheftManager: getCurrentAntiTheftMode() is called.
10-22 15:07:30.368   923  5931 V WindowManager: updateRotationUnchecked mRotation=0, mLastOrientation=-1
10-22 15:07:30.374   923  8442 I am_add_to_stopping: [0,235020322,com.yangcong345.android.phone/com.yangcong345.main.phone.splash.SplashActivity,finishCurrentActivityLocked]
10-22 15:07:30.375   923   942 D View    : [Warning] assignParent to null: this = DecorView@cb773cc[phone]
10-22 15:07:30.375   923   942 D Surface : Surface::disconnect(this=0x7e04399000,api=2)
10-22 15:07:30.375   491   521 I BufferQueueProducer: [Splash Screen com.yangcong345.android.phone#0](this:0x7449ecb800,id:110,api:2,p:923,c:491) disconnect(P): api 2
10-22 15:07:30.376   923  8442 V WindowManager: updateRotationUnchecked mRotation=0, mLastOrientation=0
10-22 15:07:30.377   923  8442 I am_set_resumed_activity: [0,com.yangcong345.cloud.ui.launcher/com.yangcong345.padmodule.new_home.PadHomeActivity,resumeTopActivityInnerLocked]
10-22 15:07:30.377   923  8442 D PowerHalWrapper: amsBoostNotify pid:5934,activity:com.yangcong345.padmodule.new_home.PadHomeActivity, package:com.yangcong345.cloud.ui.launcher, mProcessCreatePackcom.baidu.homework
10-22 15:07:30.377   923   942 I InputTransport: Destroy ARC handle: 0x7ec6166c20
10-22 15:07:30.378   480   512 I libPowerHal: [perfNotifyAppState] foreground:com.yangcong345.cloud.ui.launcher, pid:5934, uid:10092
10-22 15:07:30.378   923  8442 D PowerHalWrapper: amsBoostNotify AMS_BOOST_PROCESS_CREATE_BOOST:false
10-22 15:07:30.379   480   512 E UxUtility: notifyAppState error = NULL
10-22 15:07:30.379   480   512 I powerd  : [powerd_req] POWER_MSG_NOTIFY_STATE, pc:0, com.yangcong345.android.phone => com.yangcong345.cloud.ui.launcher
10-22 15:07:30.380   476   893 E VT HIDL : [IVT] [VT THREAD] [VT_Bind] des = volte_imsvt1 Fail to connect . retry count: 22614
10-22 15:07:30.381   923  8442 I configuration_changed: 536872064
10-22 15:07:30.381   476   893 D VT HIDL : [IVT] isIMCBrun : True
10-22 15:07:30.379   923  8442 V WindowManager: updateRotationUnchecked mRotation=0, mLastOrientation=0
10-22 15:07:30.387   923  8442 I ActivityTaskManager: Config changes=20000480 {1.04 ?mcc?mnc [zh_CN] ldltr sw800dp w1088dp h728dp 320dpi xlrg land finger -keyb/v/h -nav/h winConfig={ mBounds=Rect(0, 0 - 2176, 1600) mAppBounds=Rect(0, 0 - 2176, 1504) mWindowingMode=fullscreen mDisplayWindowingMode=fullscreen mActivityType=undefined mAlwaysOnTop=undefined mRotation=ROTATION_90} s.444}
10-22 15:07:30.407   923  8442 I ActivityTaskManager: Override config changes=20000480 {1.04 ?mcc?mnc [zh_CN] ldltr sw800dp w1088dp h728dp 320dpi xlrg land finger -keyb/v/h -nav/h winConfig={ mBounds=Rect(0, 0 - 2176, 1600) mAppBounds=Rect(0, 0 - 2176, 1504) mWindowingMode=fullscreen mDisplayWindowingMode=fullscreen mActivityType=undefined mAlwaysOnTop=undefined mRotation=ROTATION_90} s.444} for displayId=0
10-22 15:07:30.409  7244  7244 D AndroidAutoSize: initScaledDensity = 2.08 on ConfigurationChanged
10-22 15:07:30.409   923  8442 I sysui_multi_action: [757,1659,758,4,759,2,1660,0]
10-22 15:07:30.410   923  8442 I am_resume_activity: [0,228905690,11,com.yangcong345.cloud.ui.launcher/com.yangcong345.padmodule.new_home.PadHomeActivity]
10-22 15:07:30.410   480   513 I power@1.3-impl: powerHintInternal hint:8, data:0
10-22 15:07:30.416   923   941 I am_destroy_activity: [0,235020322,15,com.yangcong345.android.phone/com.yangcong345.main.phone.splash.SplashActivity,finish-imm:activityIdleInternalLocked]
10-22 15:07:30.423   491   491 I BufferQueue: [Splash Screen com.yangcong345.android.phone#0](this:0x7449ecb800,id:110,api:2,p:-1,c:-1) ~BufferQueueCore
10-22 15:07:30.428  6515  6515 I am_on_destroy_called: [0,com.yangcong345.main.phone.splash.SplashActivity,performDestroy]
10-22 15:07:30.428   923  5148 I GED     : ged_boost_gpu_freq, level 100, eOrigin 2, final_idx 15, oppidx_max 15, oppidx_min 0
10-22 15:07:30.431   923  8442 I wm_task_removed: [15,removeAppToken: last token]
10-22 15:07:30.431   923  8442 I am_remove_task: [15,11]
10-22 15:07:30.431   923  8442 I wm_task_removed: [15,removeTask]
10-22 15:07:30.434   923  8442 I wm_stack_removed: 11
10-22 15:07:30.445   923   941 I InputManager-JNI: Viewport [0] to add: local:0
10-22 15:07:30.448   923   941 I sysui_multi_action: [757,803,799,window_time_0,802,0]
10-22 15:07:30.449   923  1115 I InputReader: Reconfiguring input devices.  changes=0x00000004
10-22 15:07:30.449   923   923 D wujq-f  :  filte 59 60  :10069 : 88 - true
10-22 15:07:30.449   923   923 D wujq    : enter :10069 : 88
10-22 15:07:30.449   923   923 D wujq-f  :  filte 59 60  :10069 : 88 - true
10-22 15:07:30.449   923   923 D wujq    : enter :10069 : 88
10-22 15:07:30.449   346   346 I hwservicemanager: getTransport: Cannot find entry vendor.mediatek.hardware.nwk_opt@1.0::INwkOpt/default in either framework or device manifest.
10-22 15:07:30.450   923  1115 I         : Couldn't load Nwk Opt HAL service
10-22 15:07:30.450   923  1115 I InputReader: Device reconfigured: id=1, name='himax-stylus', size 1600x2176, orientation 1, mode 1, display id 0
10-22 15:07:30.450   346   346 I hwservicemanager: getTransport: Cannot find entry vendor.mediatek.hardware.nwk_opt@1.0::INwkOpt/default in either framework or device manifest.
10-22 15:07:30.450   923  1115 I         : Couldn't load Nwk Opt HAL service
10-22 15:07:30.450   923  1115 I InputReader: Device reconfigured: id=2, name='mtk-tpd', size 1600x2176, orientation 1, mode 1, display id 0
10-22 15:07:30.455   346   346 I hwservicemanager: getTransport: Cannot find entry vendor.mediatek.hardware.nwk_opt@1.0::INwkOpt/default in either framework or device manifest.
10-22 15:07:30.455   923  1115 I         : Couldn't load Nwk Opt HAL service
10-22 15:07:30.455   923  1115 I InputReader: Device reconfigured: id=5, name='himax-touchscreen', size 1600x2176, orientation 1, mode 1, display id 0
10-22 15:07:30.456  1324  1347 W ssioncontrolle: Reducing the number of considered missed Gc histogram windows from 1255 to 100
10-22 15:07:30.458   491   520 I BufferQueueProducer: [com.yangcong345.cloud.ui.launcher/com.yangcong345.padmodule.new_home.PadHomeActivity#0](this:0x74658c3000,id:108,api:1,p:5934,c:491) queueBuffer: fps=28.35 dur=1375.73 max=741.71 min=9.67
10-22 15:07:30.460  5934  6050 I GED     : ged_boost_gpu_freq, level 100, eOrigin 2, final_idx 15, oppidx_max 15, oppidx_min 0
10-22 15:07:30.464   614   634 I Proximity: distance = 2
10-22 15:07:30.473   923  1221 D MtkConnectivityService: releasing NetworkRequest [ TRACK_DEFAULT id=51, [ Capabilities: INTERNET&NOT_RESTRICTED&TRUSTED Uid: 10092] ] (release request)
10-22 15:07:30.474  5934  5934 I am_on_stop_called: [0,com.yangcong345.padmodule.new_home.PadHomeActivity,STOP_ACTIVITY_ITEM]
10-22 15:07:30.466  1529  1529 D MtkSubscriptionInfoUpdater: onReceive, Action: android.intent.action.CONFIGURATION_CHANGED
10-22 15:07:30.474  1529  1529 D PhoneSwitcher: evaluating due to netReleased
10-22 15:07:30.476  1529  1529 D PhoneSwitcher: notifyPreferredDataSubIdChanged to -1
10-22 15:07:30.477  5934  5934 V PhoneWindow: DecorView setVisiblity: visibility = 4, Parent = android.view.ViewRootImpl@151b1c9, this = DecorView@e6a20ce[PadHomeActivity]
10-22 15:07:30.480  5934  6050 D Surface : Surface::disconnect(this=0x7e6609e000,api=1)
10-22 15:07:30.480  1314  1333 I ndroid.systemu: NativeAlloc concurrent copying GC freed 8575(491KB) AllocSpace objects, 0(0B) LOS objects, 44% free, 7612KB/13MB, paused 86us total 118.140ms
10-22 15:07:30.481   491   520 I BufferQueueProducer: [com.yangcong345.cloud.ui.launcher/com.yangcong345.padmodule.new_home.PadHomeActivity#0](this:0x74658c3000,id:108,api:1,p:5934,c:491) disconnect(P): api 1
10-22 15:07:30.482  1633 10901 E AndroidIME: amn: Error reading file: /data/user_de/0/com.google.android.inputmethod.pinyin/files/keyboard_def_cache_1c32228e8f704792f6a09456b66ebd8f
10-22 15:07:30.482  1633 10901 E AndroidIME: java.nio.channels.ClosedByInterruptException
10-22 15:07:30.482  1633 10901 E AndroidIME: 	at java.nio.channels.spi.AbstractInterruptibleChannel.end(AbstractInterruptibleChannel.java:203)
10-22 15:07:30.482  1633 10901 E AndroidIME: 	at sun.nio.ch.FileChannelImpl.size(FileChannelImpl.java:364)
10-22 15:07:30.482  1633 10901 E AndroidIME: 	at amn.a(PG:8)
10-22 15:07:30.482  1633 10901 E AndroidIME: 	at amn.a(PG:74)
10-22 15:07:30.482  1633 10901 E AndroidIME: 	at agy.a(PG:9)
10-22 15:07:30.482  1633 10901 E AndroidIME: 	at com.google.android.apps.inputmethod.libs.framework.core.KeyboardDefManager.a(PG:46)
10-22 15:07:30.482  1633 10901 E AndroidIME: 	at akg.doInBackground(PG:28)
10-22 15:07:30.482  1633 10901 E AndroidIME: 	at android.os.AsyncTask$3.call(AsyncTask.java:378)
10-22 15:07:30.482  1633 10901 E AndroidIME: 	at java.util.concurrent.FutureTask.run(FutureTask.java:266)
10-22 15:07:30.482  1633 10901 E AndroidIME: 	at java.util.concurrent.Executors$RunnableAdapter.call(Executors.java:462)
10-22 15:07:30.482  1633 10901 E AndroidIME: 	at java.util.concurrent.FutureTask.run(FutureTask.java:266)
10-22 15:07:30.482  1633 10901 E AndroidIME: 	at agu.run(PG:15)
10-22 15:07:30.482  1633 10901 E AndroidIME: 	at java.util.concurrent.ThreadPoolExecutor.runWorker(ThreadPoolExecutor.java:1167)
10-22 15:07:30.482  1633 10901 E AndroidIME: 	at java.util.concurrent.ThreadPoolExecutor$Worker.run(ThreadPoolExecutor.java:641)
10-22 15:07:30.482  1633 10901 E AndroidIME: 	at java.lang.Thread.run(Thread.java:919)
10-22 15:07:30.482  1633 10901 E AndroidIME: 	at agp.run(PG:8)
10-22 15:07:30.484   491   520 I BufferQueueConsumer: [com.yangcong345.cloud.ui.launcher/com.yangcong345.padmodule.new_home.PadHomeActivity#0](this:0x74658c3000,id:108,api:1,p:-1,c:491) setDefaultBufferSize: width=2176 height=1600
10-22 15:07:30.486  5934 10720 D CacheInterceptor: request local cache success
10-22 15:07:30.488  5934  5934 I am_on_restart_called: [0,com.yangcong345.padmodule.new_home.PadHomeActivity,performRestartActivity]
10-22 15:07:30.491   923  2045 D MtkConnectivityService: requestNetwork for uid/pid:10092/5934 NetworkRequest [ TRACK_DEFAULT id=52, [ Capabilities: INTERNET&NOT_RESTRICTED&TRUSTED Uid: 10092] ]
10-22 15:07:30.492  5934  5934 I am_on_start_called: [0,com.yangcong345.padmodule.new_home.PadHomeActivity,handleStartActivity]
10-22 15:07:30.492   923  1214 D WifiNetworkFactory: got request NetworkRequest [ TRACK_DEFAULT id=52, [ Capabilities: INTERNET&NOT_RESTRICTED&TRUSTED Uid: 10092] ] with score 60 and serial -1
