06-20 16:00:05.902  6630  6630 D app_process: I18n APEX ICU file found: /apex/com.android.i18n/etc/icu/icudt66l.dat
06-20 16:00:05.903   894   913 D Surface : lockCanvas
06-20 16:00:05.904   894  1280 I InputDispatcher: setInputWindows displayId=0 Window{86013db u0 NavigationBar0} Window{3ca9716 u0 StatusBar} Window{fa59034 u0 Splash Screen com.yangcong345.android.phone} recents_animation_input_consumer com.yangcong345.cloud.ui.launcher/com.yangcong345.padmodule.new_home.PadHomeActivity#1 com.yangcong345.cloud.ui.launcher/com.yangcong345.padmodule.new_home.PadHomeActivity#0 Window{edac04 u0 com.android.systemui.ImageWallpaper}
06-20 16:00:05.909   548   548 I BufferQueueProducer: [FramebufferSurface](this:0xb40000713a036f70,id:-1,api:1,p:548,c:548) queueBuffer: fps=2.24 dur=3119.97 max=2312.51 min=14.50
06-20 16:00:05.914   548   607 I BufferQueueProducer: [NavigationBar0#0](id:22400000004,api:1,p:1242,c:548) disconnect(): api=1
06-20 16:00:05.914   548   607 I BufferQueueProducer: [NavigationBar0#0](id:22400000004,api:1,p:1242,c:548) connect(): api=1 producerControlledByApp=false
06-20 16:00:05.916   894   992 I commit_sys_config_file: [settings-2-0,68]
06-20 16:00:05.917  6630  6630 I app_process: The ClassLoaderContext is a special shared library.
06-20 16:00:05.920   894  1332 I InputDispatcher: setInputWindows displayId=0 Window{86013db u0 NavigationBar0} Window{3ca9716 u0 StatusBar} Window{fa59034 u0 Splash Screen com.yangcong345.android.phone} recents_animation_input_consumer com.yangcong345.cloud.ui.launcher/com.yangcong345.padmodule.new_home.PadHomeActivity#1 com.yangcong345.cloud.ui.launcher/com.yangcong345.padmodule.new_home.PadHomeActivity#0 Window{edac04 u0 com.android.systemui.ImageWallpaper}
06-20 16:00:05.923   894   913 D Surface : lockCanvas
06-20 16:00:05.925   548   607 I BufferQueueProducer: [NavigationBar0#0](id:22400000004,api:1,p:1242,c:548) disconnect(): api=1
06-20 16:00:05.925   548   607 I BufferQueueProducer: [NavigationBar0#0](id:22400000004,api:1,p:1242,c:548) connect(): api=1 producerControlledByApp=false
06-20 16:00:05.927   740   772 I Proximity: distance = 2
06-20 16:00:05.934   548   607 I BufferQueueProducer: [StatusBar#0](id:22400000006,api:1,p:1242,c:548) disconnect(): api=1
06-20 16:00:05.936   894  1332 I InputDispatcher: setInputWindows displayId=0 Window{86013db u0 NavigationBar0} Window{3ca9716 u0 StatusBar} Window{fa59034 u0 Splash Screen com.yangcong345.android.phone} recents_animation_input_consumer com.yangcong345.cloud.ui.launcher/com.yangcong345.padmodule.new_home.PadHomeActivity#1 com.yangcong345.cloud.ui.launcher/com.yangcong345.padmodule.new_home.PadHomeActivity#0 Window{edac04 u0 com.android.systemui.ImageWallpaper}
06-20 16:00:05.936  2523  2523 I 5.android.phon: hprof: heap dump completed (40MB) in 3.143s objects 440226 objects with stack traces 0
06-20 16:00:05.936   548   607 I BufferQueueProducer: [StatusBar#0](id:22400000006,api:1,p:1242,c:548) connect(): api=1 producerControlledByApp=false
06-20 16:00:05.941   894   913 D Surface : lockCanvas
06-20 16:00:05.943  6630  6630 W app_process: JNI RegisterNativeMethods: attempt to register 0 native methods for android.media.AudioAttributes
06-20 16:00:05.948   548   937 I BufferQueueProducer: [StatusBar#0](this:0xb40000714a1f2798,id:6,api:1,p:1242,c:548) queueBuffer: fps=1.93 dur=3101.60 max=2312.44 min=16.08
06-20 16:00:05.952   894  3745 I InputDispatcher: setInputWindows displayId=0 Window{86013db u0 NavigationBar0} Window{3ca9716 u0 StatusBar} Window{fa59034 u0 Splash Screen com.yangcong345.android.phone} recents_animation_input_consumer com.yangcong345.cloud.ui.launcher/com.yangcong345.padmodule.new_home.PadHomeActivity#1 com.yangcong345.cloud.ui.launcher/com.yangcong345.padmodule.new_home.PadHomeActivity#0 Window{edac04 u0 com.android.systemui.ImageWallpaper}
06-20 16:00:05.952  6630  6630 D AndroidRuntime: Calling main entry com.android.commands.input.Input
06-20 16:00:05.956  6630  6630 I app_process: The ClassLoaderContext is a special shared library.
06-20 16:00:05.965  6630  6630 I service_manager_slow: [10,input]
06-20 16:00:05.968   894  1332 I InputDispatcher: setInputWindows displayId=0 Window{86013db u0 NavigationBar0} Window{3ca9716 u0 StatusBar} Window{fa59034 u0 Splash Screen com.yangcong345.android.phone} recents_animation_input_consumer com.yangcong345.cloud.ui.launcher/com.yangcong345.padmodule.new_home.PadHomeActivity#1 com.yangcong345.cloud.ui.launcher/com.yangcong345.padmodule.new_home.PadHomeActivity#0 Window{edac04 u0 com.android.systemui.ImageWallpaper}
06-20 16:00:05.969   894  1043 W InputDispatcher: Waiting because no window has focus but ActivityRecord{6eb6479 u0 com.yangcong345.android.phone/com.yangcong345.main.phone.splash.SplashActivity t57} may eventually add a window when it finishes starting up. Will wait for 5000ms
06-20 16:00:05.969   894  1043 W InputDispatcher: Still no focused window. Will drop the event in 4999ms
06-20 16:00:05.971   894   913 D Surface : lockCanvas
06-20 16:00:05.984   894  1332 I InputDispatcher: setInputWindows displayId=0 Window{86013db u0 NavigationBar0} Window{3ca9716 u0 StatusBar} Window{fa59034 u0 Splash Screen com.yangcong345.android.phone} recents_animation_input_consumer com.yangcong345.cloud.ui.launcher/com.yangcong345.padmodule.new_home.PadHomeActivity#1 com.yangcong345.cloud.ui.launcher/com.yangcong345.padmodule.new_home.PadHomeActivity#0 Window{edac04 u0 com.android.systemui.ImageWallpaper}
06-20 16:00:05.984   894  1043 E InputDispatcher: Record dispatchKey again after start no focus window countdown -
06-20 16:00:05.984   894  1043 E InputDispatcher:  eventTime=4736715000000, deviceId=-1, source=0x0, displayId=-1, policyFlags=0x6b000000, action=0x0, flags=0x0, keyCode=0x19, scanCode=0x0, metaState=0x0, repeatCount=0, interceptKeyResult=INTERCEPT_KEY_RESULT_CONTINUE, downTime=4736715000000
06-20 16:00:05.984   894  1043 E InputDispatcher: Record dispatchKey again after start no focus window countdown come to find Focus.
06-20 16:00:05.984   894  1043 W InputDispatcher: Still no focused window. Will drop the event in 4984ms
06-20 16:00:05.985   894   913 D Surface : lockCanvas
06-20 16:00:06.000   894  1332 I InputDispatcher: setInputWindows displayId=0 Window{86013db u0 NavigationBar0} Window{3ca9716 u0 StatusBar} Window{fa59034 u0 Splash Screen com.yangcong345.android.phone} recents_animation_input_consumer com.yangcong345.cloud.ui.launcher/com.yangcong345.padmodule.new_home.PadHomeActivity#1 com.yangcong345.cloud.ui.launcher/com.yangcong345.padmodule.new_home.PadHomeActivity#0 Window{edac04 u0 com.android.systemui.ImageWallpaper}
06-20 16:00:06.000   894  1043 E InputDispatcher: Record dispatchKey again after start no focus window countdown -
06-20 16:00:06.000   894  1043 E InputDispatcher:  eventTime=4736715000000, deviceId=-1, source=0x0, displayId=-1, policyFlags=0x6b000000, action=0x0, flags=0x0, keyCode=0x19, scanCode=0x0, metaState=0x0, repeatCount=0, interceptKeyResult=INTERCEPT_KEY_RESULT_CONTINUE, downTime=4736715000000
06-20 16:00:06.000   894  1043 E InputDispatcher: Record dispatchKey again after start no focus window countdown come to find Focus.
06-20 16:00:06.000   894  1043 W InputDispatcher: Still no focused window. Will drop the event in 4968ms
06-20 16:00:06.016   894  1332 I InputDispatcher: setInputWindows displayId=0 Window{86013db u0 NavigationBar0} Window{3ca9716 u0 StatusBar} Window{fa59034 u0 Splash Screen com.yangcong345.android.phone} recents_animation_input_consumer com.yangcong345.cloud.ui.launcher/com.yangcong345.padmodule.new_home.PadHomeActivity#1 com.yangcong345.cloud.ui.launcher/com.yangcong345.padmodule.new_home.PadHomeActivity#0 Window{edac04 u0 com.android.systemui.ImageWallpaper}
06-20 16:00:06.016   894  1043 E InputDispatcher: Record dispatchKey again after start no focus window countdown -
06-20 16:00:06.016   894  1043 E InputDispatcher:  eventTime=4736715000000, deviceId=-1, source=0x0, displayId=-1, policyFlags=0x6b000000, action=0x0, flags=0x0, keyCode=0x19, scanCode=0x0, metaState=0x0, repeatCount=0, interceptKeyResult=INTERCEPT_KEY_RESULT_CONTINUE, downTime=4736715000000
06-20 16:00:06.016   894  1043 E InputDispatcher: Record dispatchKey again after start no focus window countdown come to find Focus.
06-20 16:00:06.016   894  1043 W InputDispatcher: Still no focused window. Will drop the event in 4952ms
06-20 16:00:06.019   894   913 D Surface : lockCanvas
06-20 16:00:06.032   894  1280 I InputDispatcher: setInputWindows displayId=0 Window{86013db u0 NavigationBar0} Window{3ca9716 u0 StatusBar} Window{fa59034 u0 Splash Screen com.yangcong345.android.phone} recents_animation_input_consumer com.yangcong345.cloud.ui.launcher/com.yangcong345.padmodule.new_home.PadHomeActivity#1 com.yangcong345.cloud.ui.launcher/com.yangcong345.padmodule.new_home.PadHomeActivity#0 Window{edac04 u0 com.android.systemui.ImageWallpaper}
06-20 16:00:06.033   894  1043 E InputDispatcher: Record dispatchKey again after start no focus window countdown -
06-20 16:00:06.033   894  1043 E InputDispatcher:  eventTime=4736715000000, deviceId=-1, source=0x0, displayId=-1, policyFlags=0x6b000000, action=0x0, flags=0x0, keyCode=0x19, scanCode=0x0, metaState=0x0, repeatCount=0, interceptKeyResult=INTERCEPT_KEY_RESULT_CONTINUE, downTime=4736715000000
06-20 16:00:06.033   894  1043 E InputDispatcher: Record dispatchKey again after start no focus window countdown come to find Focus.
06-20 16:00:06.033   894  1043 W InputDispatcher: Still no focused window. Will drop the event in 4936ms
06-20 16:00:06.036   894   913 D Surface : lockCanvas
06-20 16:00:06.038  2726  2726 V PhoneWindow: DecorView setVisiblity: visibility = 8, Parent = android.view.ViewRootImpl@956429b, this = DecorView@9feb223[InputMethod]
06-20 16:00:06.038  2726  2726 V PhoneWindow: DecorView setVisiblity: visibility = 8, Parent = android.view.ViewRootImpl@956429b, this = DecorView@9feb223[InputMethod]
06-20 16:00:06.048   894  1332 I InputDispatcher: setInputWindows displayId=0 Window{86013db u0 NavigationBar0} Window{3ca9716 u0 StatusBar} Window{fa59034 u0 Splash Screen com.yangcong345.android.phone} recents_animation_input_consumer com.yangcong345.cloud.ui.launcher/com.yangcong345.padmodule.new_home.PadHomeActivity#1 com.yangcong345.cloud.ui.launcher/com.yangcong345.padmodule.new_home.PadHomeActivity#0 Window{edac04 u0 com.android.systemui.ImageWallpaper}
06-20 16:00:06.049   894  1043 E InputDispatcher: Record dispatchKey again after start no focus window countdown -
06-20 16:00:06.049   894  1043 E InputDispatcher:  eventTime=4736715000000, deviceId=-1, source=0x0, displayId=-1, policyFlags=0x6b000000, action=0x0, flags=0x0, keyCode=0x19, scanCode=0x0, metaState=0x0, repeatCount=0, interceptKeyResult=INTERCEPT_KEY_RESULT_CONTINUE, downTime=4736715000000
06-20 16:00:06.049   894  1043 E InputDispatcher: Record dispatchKey again after start no focus window countdown come to find Focus.
06-20 16:00:06.049   894  1043 W InputDispatcher: Still no focused window. Will drop the event in 4920ms
06-20 16:00:06.062  2523  2561 I 5.android.phon: oneway function results will be dropped but finished with status OK and parcel size 4
06-20 16:00:06.063   894  1280 W ActivityManager: dumpHeapFinished: Calling pid 2523 does not match last pid 0
06-20 16:00:06.062  2523  2561 I 5.android.phon: oneway function results will be dropped but finished with status OK and parcel size 4
06-20 16:00:06.064   894  1378 I InputDispatcher: setInputWindows displayId=0 Window{86013db u0 NavigationBar0} Window{3ca9716 u0 StatusBar} Window{fa59034 u0 Splash Screen com.yangcong345.android.phone} recents_animation_input_consumer com.yangcong345.cloud.ui.launcher/com.yangcong345.padmodule.new_home.PadHomeActivity#1 com.yangcong345.cloud.ui.launcher/com.yangcong345.padmodule.new_home.PadHomeActivity#0 Window{edac04 u0 com.android.systemui.ImageWallpaper}
06-20 16:00:06.064  6613  6615 I cmd     : oneway function results will be dropped but finished with status OK and parcel size 4
06-20 16:00:06.064   894  1043 E InputDispatcher: Record dispatchKey again after start no focus window countdown -
06-20 16:00:06.064   894  1043 E InputDispatcher:  eventTime=4736715000000, deviceId=-1, source=0x0, displayId=-1, policyFlags=0x6b000000, action=0x0, flags=0x0, keyCode=0x19, scanCode=0x0, metaState=0x0, repeatCount=0, interceptKeyResult=INTERCEPT_KEY_RESULT_CONTINUE, downTime=4736715000000
06-20 16:00:06.064   894  1043 E InputDispatcher: Record dispatchKey again after start no focus window countdown come to find Focus.
06-20 16:00:06.064   894  1043 W InputDispatcher: Still no focused window. Will drop the event in 4904ms
06-20 16:00:06.067   894   913 D Surface : lockCanvas
06-20 16:00:06.067  2523  6527 D OK-HTTP : 请求链接：https://important-notices.yc345.tv/
06-20 16:00:06.067  2523  6527 D OK-HTTP : 请求方法：GET
06-20 16:00:06.067  2523  6527 D OK-HTTP : 请求头部：
06-20 16:00:06.067  2523  6527 D OK-HTTP :
06-20 16:00:06.067  2523  6527 D OK-HTTP : 返回头部：
06-20 16:00:06.067  2523  6527 D OK-HTTP : server: nginx/1.20.1
06-20 16:00:06.067  2523  6527 D OK-HTTP : date: Thu, 20 Jun 2024 08:00:02 GMT
06-20 16:00:06.067  2523  6527 D OK-HTTP : content-type: application/json
06-20 16:00:06.067  2523  6527 D OK-HTTP : content-length: 5
06-20 16:00:06.067  2523  6527 D OK-HTTP : last-modified: Thu, 18 May 2023 08:20:42 GMT
06-20 16:00:06.067  2523  6527 D OK-HTTP : etag: "6465dfda-5"
06-20 16:00:06.067  2523  6527 D OK-HTTP : cache-control: no-store
06-20 16:00:06.067  2523  6527 D OK-HTTP : accept-ranges: bytes
06-20 16:00:06.067  2523  6527 D OK-HTTP : access-control-allow-origin: *
06-20 16:00:06.067  2523  6527 D OK-HTTP : access-control-allow-credentials: true
06-20 16:00:06.067  2523  6527 D OK-HTTP :
06-20 16:00:06.067  2523  6527 D OK-HTTP : 返回内容：
06-20 16:00:06.067  2523  6527 D OK-HTTP : 状态码：200，
06-20 16:00:06.067  2523  6527 D OK-HTTP : 返回内容：null
06-20 16:00:06.067  2523  6527 D OK-HTTP :
06-20 16:00:06.067  2523  6527 D OK-HTTP :
06-20 16:00:06.067  2523  2561 I 5.android.phon: oneway function results will be dropped but finished with status OK and parcel size 4
06-20 16:00:06.070   894  1280 I wm_failed_to_pause: [0,31631272,com.yangcong345.android.phone/com.yangcong345.main.phone.splash.SplashActivity,(none)]
06-20 16:00:06.071   894  1280 W ActivityTaskManager: Finishing task with all activities already finished
06-20 16:00:06.071   894  1280 W ActivityTaskManager: Duplicate finish request for r=ActivityRecord{1e2a7a8 u0 com.yangcong345.android.phone/com.yangcong345.main.phone.splash.SplashActivity t56 f}}
06-20 16:00:06.071  2523  2561 I 5.android.phon: oneway function results will be dropped but finished with status OK and parcel size 4
06-20 16:00:06.076  2523  2523 W 5.android.phon: Accessing hidden field Landroid/view/inputmethod/InputMethodManager;->mCurRootView:Landroid/view/ViewRootImpl; (blacklist, reflection, denied)
06-20 16:00:06.076  2523  2523 D ActivityLifecycleShanYanTask: onActivityDestroyed name**com.yangcong345.main.phone.splash.SplashActivity**
06-20 16:00:06.076  2523  2523 D CrashReport: >>> com.yangcong345.main.phone.splash.SplashActivity onDestroyed <<<
06-20 16:00:06.076  2523  2561 I 5.android.phon: oneway function results will be dropped but finished with status OK and parcel size 4
06-20 16:00:06.078  2523  2523 I wm_on_destroy_called: [31631272,com.yangcong345.main.phone.splash.SplashActivity,performDestroy]
06-20 16:00:06.079   894  1332 I wm_task_removed: [56,removeChild: last r=ActivityRecord{1e2a7a8 u0 com.yangcong345.android.phone/com.yangcong345.main.phone.splash.SplashActivity t-1 f}} in t=Task{c6c11a7 #56 visible=false type=standard mode=fullscreen translucent=true A=10071:com.yangcong345.android.phone U=0 StackId=56 sz=0}]
06-20 16:00:06.079   894  1332 I wm_task_removed: [56,removeTask]
06-20 16:00:06.079   894  1332 I wm_task_removed: [56,removeTask]
06-20 16:00:06.079   894  1332 I wm_stack_removed: 56
06-20 16:00:06.081   894  1378 I InputDispatcher: setInputWindows displayId=0 Window{86013db u0 NavigationBar0} Window{3ca9716 u0 StatusBar} Window{fa59034 u0 Splash Screen com.yangcong345.android.phone} recents_animation_input_consumer com.yangcong345.cloud.ui.launcher/com.yangcong345.padmodule.new_home.PadHomeActivity#1 com.yangcong345.cloud.ui.launcher/com.yangcong345.padmodule.new_home.PadHomeActivity#0 Window{edac04 u0 com.android.systemui.ImageWallpaper}
06-20 16:00:06.081   894  1043 E InputDispatcher: Record dispatchKey again after start no focus window countdown -
06-20 16:00:06.081   894  1043 E InputDispatcher:  eventTime=4736715000000, deviceId=-1, source=0x0, displayId=-1, policyFlags=0x6b000000, action=0x0, flags=0x0, keyCode=0x19, scanCode=0x0, metaState=0x0, repeatCount=0, interceptKeyResult=INTERCEPT_KEY_RESULT_CONTINUE, downTime=4736715000000
06-20 16:00:06.081   894  1043 E InputDispatcher: Record dispatchKey again after start no focus window countdown come to find Focus.
06-20 16:00:06.081   894  1043 W InputDispatcher: Still no focused window. Will drop the event in 4887ms
06-20 16:00:06.082  2523  2561 I 5.android.phon: oneway function results will be dropped but finished with status OK and parcel size 4
06-20 16:00:06.086   894   913 D Surface : lockCanvas
06-20 16:00:06.086  2523  2561 I 5.android.phon: oneway function results will be dropped but finished with status OK and parcel size 4
06-20 16:00:06.092  2523  2523 D ActivityLifecycleShanYanTask: onActivityCreated name**com.yangcong345.main.phone.splash.SplashActivity**
06-20 16:00:06.092  2523  2523 D CrashReport: >>> com.yangcong345.main.phone.splash.SplashActivity onCreated <<<
06-20 16:00:06.096   894  1378 I InputDispatcher: setInputWindows displayId=0 Window{86013db u0 NavigationBar0} Window{3ca9716 u0 StatusBar} Window{fa59034 u0 Splash Screen com.yangcong345.android.phone} recents_animation_input_consumer com.yangcong345.cloud.ui.launcher/com.yangcong345.padmodule.new_home.PadHomeActivity#1 com.yangcong345.cloud.ui.launcher/com.yangcong345.padmodule.new_home.PadHomeActivity#0 Window{edac04 u0 com.android.systemui.ImageWallpaper}
06-20 16:00:06.096   894  1043 E InputDispatcher: Record dispatchKey again after start no focus window countdown -
06-20 16:00:06.096   894  1043 E InputDispatcher:  eventTime=4736715000000, deviceId=-1, source=0x0, displayId=-1, policyFlags=0x6b000000, action=0x0, flags=0x0, keyCode=0x19, scanCode=0x0, metaState=0x0, repeatCount=0, interceptKeyResult=INTERCEPT_KEY_RESULT_CONTINUE, downTime=4736715000000
06-20 16:00:06.097   894  1043 E InputDispatcher: Record dispatchKey again after start no focus window countdown come to find Focus.
06-20 16:00:06.097   894  1043 W InputDispatcher: Still no focused window. Will drop the event in 4872ms
06-20 16:00:06.112   894  1280 I InputDispatcher: setInputWindows displayId=0 Window{86013db u0 NavigationBar0} Window{3ca9716 u0 StatusBar} Window{fa59034 u0 Splash Screen com.yangcong345.android.phone} recents_animation_input_consumer com.yangcong345.cloud.ui.launcher/com.yangcong345.padmodule.new_home.PadHomeActivity#1 com.yangcong345.cloud.ui.launcher/com.yangcong345.padmodule.new_home.PadHomeActivity#0 Window{edac04 u0 com.android.systemui.ImageWallpaper}
06-20 16:00:06.113   894  1043 E InputDispatcher: Record dispatchKey again after start no focus window countdown -
06-20 16:00:06.113   894  1043 E InputDispatcher:  eventTime=4736715000000, deviceId=-1, source=0x0, displayId=-1, policyFlags=0x6b000000, action=0x0, flags=0x0, keyCode=0x19, scanCode=0x0, metaState=0x0, repeatCount=0, interceptKeyResult=INTERCEPT_KEY_RESULT_CONTINUE, downTime=4736715000000
06-20 16:00:06.113   894  1043 E InputDispatcher: Record dispatchKey again after start no focus window countdown come to find Focus.
06-20 16:00:06.113   894  1043 W InputDispatcher: Still no focused window. Will drop the event in 4856ms
06-20 16:00:06.113  2523  2523 E ActivityThread: Failed to find provider info for com.example.edcationcloud
06-20 16:00:06.115  2523  2523 D test_act: com.yangcong345.android.phone
06-20 16:00:06.116   894   913 D Surface : lockCanvas
06-20 16:00:06.117   894  1332 D HraManager: hra getBlackIntentActionList
06-20 16:00:06.114  2523  2523 E ActivityThread: Failed to find provider info for com.example.edcationcloud
06-20 16:00:06.117   894  1332 I ActivityTaskManager: START u0 {act=android.intent.action.VIEW dat=ycmath://padlauncher.com/homePage?position=-1 cmp=com.yangcong345.cloud.ui.launcher/com.yangcong345.support.common.LauncherSchemeActivity} from uid 10071
06-20 16:00:06.118  6572  6604 I Monkey  :     // Rejecting start of Intent { act=android.intent.action.VIEW dat=ycmath://padlauncher.com/homePage?position=-1 cmp=com.yangcong345.cloud.ui.launcher/com.yangcong345.support.common.LauncherSchemeActivity } in package com.yangcong345.cloud.ui.launcher
06-20 16:00:06.119   894  1332 I wm_finish_activity: [0,116089977,57,com.yangcong345.android.phone/com.yangcong345.main.phone.splash.SplashActivity,app-request]
06-20 16:00:06.120   894  1332 I wm_focused_stack: [0,0,1,57,finish-top adjustFocusToNextFocusableStack]
06-20 16:00:06.120   894  1332 I wm_task_moved: [38,1,2147483647]
06-20 16:00:06.120   894  1043 W InputDispatcher: Waiting because no window has focus but ActivityRecord{51dbebd u0 com.yangcong345.cloud.ui.launcher/com.yangcong345.padmodule.new_home.PadHomeActivity t38} may eventually add a window when it finishes starting up. Will wait for 5000ms
06-20 16:00:06.120   894  1043 W InputDispatcher: Still no focused window. Will drop the event in 4999ms
06-20 16:00:06.121   894  1332 I wm_set_resumed_activity: [0,com.yangcong345.cloud.ui.launcher/com.yangcong345.padmodule.new_home.PadHomeActivity,finish-top adjustFocusToNextFocusableStack]
06-20 16:00:06.123   548   548 I SurfaceFlinger: operator()(), mtkRenderCntDebug 17, screenshot (Splash Screen com.yangcong345.android.phone#0)
06-20 16:00:06.129   894  1280 I InputDispatcher: setInputWindows displayId=0 Window{86013db u0 NavigationBar0} Window{3ca9716 u0 StatusBar} Window{fa59034 u0 Splash Screen com.yangcong345.android.phone} recents_animation_input_consumer com.yangcong345.cloud.ui.launcher/com.yangcong345.padmodule.new_home.PadHomeActivity#1 com.yangcong345.cloud.ui.launcher/com.yangcong345.padmodule.new_home.PadHomeActivity#0 Window{edac04 u0 com.android.systemui.ImageWallpaper}
06-20 16:00:06.129   894  1043 E InputDispatcher: Record dispatchKey again after start no focus window countdown -
06-20 16:00:06.129   894  1043 E InputDispatcher:  eventTime=4736715000000, deviceId=-1, source=0x0, displayId=-1, policyFlags=0x6b000000, action=0x0, flags=0x0, keyCode=0x19, scanCode=0x0, metaState=0x0, repeatCount=0, interceptKeyResult=INTERCEPT_KEY_RESULT_CONTINUE, downTime=4736715000000
06-20 16:00:06.129   894  1043 E InputDispatcher: Record dispatchKey again after start no focus window countdown come to find Focus.
06-20 16:00:06.129   894  1043 W InputDispatcher: Still no focused window. Will drop the event in 4990ms
06-20 16:00:06.131   740   772 I Proximity: distance = 2
06-20 16:00:06.132   894  1332 I wm_pause_activity: [0,116089977,com.yangcong345.android.phone/com.yangcong345.main.phone.splash.SplashActivity,userLeaving=false]
06-20 16:00:06.133   532   589 I libPowerHal: [perfLockAcq] idx:2 hdl:105 hint:22 pid:532 duration:10000 => ret_hdl:105
06-20 16:00:06.133   532   589 I libPowerHal: [PE] scn:2 hdl:105 hint:22 comm:mtkpower@1.0-se pid:532
06-20 16:00:06.134   532   589 I libPowerHal: [perfLockRel] hdl:104, idx:1
06-20 16:00:06.134   532   589 I libPowerHal: [PD] scn:1 hdl:104 hint:22 comm:mtkpower@1.0-se pid:532
06-20 16:00:06.135  2523  2523 I wm_on_create_called: [116089977,com.yangcong345.main.phone.splash.SplashActivity,performCreate]
06-20 16:00:06.137   894   913 D Surface : lockCanvas
06-20 16:00:06.137   894   912 I sysui_multi_action: [757,1144,758,8,806,com.yangcong345.android.phone,871,com.yangcong345.main.phone.splash.SplashActivity]
06-20 16:00:06.142   894  1332 I wm_add_to_stopping: [0,116089977,com.yangcong345.android.phone/com.yangcong345.main.phone.splash.SplashActivity,completeFinishing]
06-20 16:00:06.143   894  1332 I wm_set_resumed_activity: [0,com.yangcong345.cloud.ui.launcher/com.yangcong345.padmodule.new_home.PadHomeActivity,resumeTopActivityInnerLocked]
06-20 16:00:06.145   532   589 I libPowerHal: [perfNotifyAppState] foreground:com.yangcong345.cloud.ui.launcher, pid:1894, uid:10092
06-20 16:00:06.145   532   589 E UxUtility: notifyAppState error = NULL
06-20 16:00:06.145   532   589 I TouchUtility: notifyAppState error = NULL
06-20 16:00:06.145   894  1567 I InputDispatcher: setInputWindows displayId=0 Window{86013db u0 NavigationBar0} Window{3ca9716 u0 StatusBar} Splash Screen com.yangcong345.android.phone#0 recents_animation_input_consumer com.yangcong345.cloud.ui.launcher/com.yangcong345.padmodule.new_home.PadHomeActivity#1 com.yangcong345.cloud.ui.launcher/com.yangcong345.padmodule.new_home.PadHomeActivity#0 Window{edac04 u0 com.android.systemui.ImageWallpaper}
06-20 16:00:06.145   894  1567 I InputDispatcher: Window went away: Window{fa59034 u0 Splash Screen com.yangcong345.android.phone}
06-20 16:00:06.145   894  1043 E InputDispatcher: Record dispatchKey again after start no focus window countdown -
06-20 16:00:06.145   894  1043 E InputDispatcher:  eventTime=4736715000000, deviceId=-1, source=0x0, displayId=-1, policyFlags=0x6b000000, action=0x0, flags=0x0, keyCode=0x19, scanCode=0x0, metaState=0x0, repeatCount=0, interceptKeyResult=INTERCEPT_KEY_RESULT_CONTINUE, downTime=4736715000000
06-20 16:00:06.145   894  1043 E InputDispatcher: Record dispatchKey again after start no focus window countdown come to find Focus.
06-20 16:00:06.145   894  1043 W InputDispatcher: Still no focused window. Will drop the event in 4974ms
06-20 16:00:06.146   532   559 I mtkpower@impl: [notifyAppState] pc:0, com.yangcong345.android.phone => com.yangcong345.cloud.ui.launcher
06-20 16:00:06.149   894  1332 I wm_resume_activity: [0,85835453,38,com.yangcong345.cloud.ui.launcher/com.yangcong345.padmodule.new_home.PadHomeActivity]
06-20 16:00:06.156   894  1378 I WindowManager: Relayout Window{352023e u0 com.yangcong345.cloud.ui.launcher/com.yangcong345.padmodule.new_home.PadHomeActivity}: oldVis=8 newVis=0 focusMayChange = true
06-20 16:00:06.159   894  1378 W WindowManager: Changing focus fromnull to Window{352023e u0 com.yangcong345.cloud.ui.launcher/com.yangcong345.padmodule.new_home.PadHomeActivity} displayId=0 Callers=com.android.server.wm.RootWindowContainer.updateFocusedWindowLocked:457 com.android.server.wm.WindowManagerService.updateFocusedWindowLocked:5611 com.android.server.wm.WindowManagerService.relayoutWindow:2398 com.android.server.wm.Session.relayout:213
06-20 16:00:06.161   894  1332 I InputDispatcher: setInputWindows displayId=0 Window{86013db u0 NavigationBar0} Window{3ca9716 u0 StatusBar} Splash Screen com.yangcong345.android.phone#0 recents_animation_input_consumer com.yangcong345.cloud.ui.launcher/com.yangcong345.padmodule.new_home.PadHomeActivity#1 com.yangcong345.cloud.ui.launcher/com.yangcong345.padmodule.new_home.PadHomeActivity#0 Window{edac04 u0 com.android.systemui.ImageWallpaper}
06-20 16:00:06.161   894  1043 E InputDispatcher: Record dispatchKey again after start no focus window countdown -
06-20 16:00:06.161   894  1043 E InputDispatcher:  eventTime=4736715000000, deviceId=-1, source=0x0, displayId=-1, policyFlags=0x6b000000, action=0x0, flags=0x0, keyCode=0x19, scanCode=0x0, metaState=0x0, repeatCount=0, interceptKeyResult=INTERCEPT_KEY_RESULT_CONTINUE, downTime=4736715000000
06-20 16:00:06.161   894  1043 E InputDispatcher: Record dispatchKey again after start no focus window countdown come to find Focus.
06-20 16:00:06.161   894  1043 W InputDispatcher: Still no focused window. Will drop the event in 4958ms
06-20 16:00:06.162   894   912 I sysui_multi_action: [757,803,799,window_time_0,802,0]
06-20 16:00:06.162   894  4359 I GED     : ged_boost_gpu_freq, level 100, eOrigin 2, final_idx 15, oppidx_max 15, oppidx_min 0
06-20 16:00:06.163   894   913 D View    : [Warning] assignParent to null: this = DecorView@6b83d2[phone]
06-20 16:00:06.163  1529  1546 W System  : A resource failed to call release.
06-20 16:00:06.163  1529  1546 I chatty  : uid=10110(com.android.launcher3) FinalizerDaemon identical 1 line
06-20 16:00:06.163  1529  1546 W System  : A resource failed to call release.
06-20 16:00:06.169   548   607 I BufferQueueProducer: [com.yangcong345.cloud.ui.launcher/com.yangcong345.padmodule.new_home.PadHomeActivity#0](id:2240000000b,api:1,p:1894,c:548) connect(): api=1 producerControlledByApp=false
06-20 16:00:06.170   548   936 I BufferQueueProducer: [Splash Screen com.yangcong345.android.phone#0](id:22400000033,api:2,p:894,c:548) disconnect(): api=2
06-20 16:00:06.175   894  1043 E InputDispatcher: Record dispatchKey again after start no focus window countdown -
06-20 16:00:06.175   894  1043 E InputDispatcher:  eventTime=4736715000000, deviceId=-1, source=0x0, displayId=-1, policyFlags=0x6b000000, action=0x0, flags=0x0, keyCode=0x19, scanCode=0x0, metaState=0x0, repeatCount=0, interceptKeyResult=INTERCEPT_KEY_RESULT_CONTINUE, downTime=4736715000000
06-20 16:00:06.175   894  1043 E InputDispatcher: Record dispatchKey again after start no focus window countdown come to find Focus.
06-20 16:00:06.175   894  1043 W InputDispatcher: Still no focused window. Will drop the event in 4945ms
06-20 16:00:06.177   894  1280 I InputDispatcher: setInputWindows displayId=0 Window{86013db u0 NavigationBar0} Window{3ca9716 u0 StatusBar} recents_animation_input_consumer Window{f76ed9a u0 com.yangcong345.cloud.ui.launcher/com.yangcong345.padmodule.new_home.PadHomeActivity} Window{352023e u0 com.yangcong345.cloud.ui.launcher/com.yangcong345.padmodule.new_home.PadHomeActivity} Window{edac04 u0 com.android.systemui.ImageWallpaper}
06-20 16:00:06.177   894  1280 I InputDispatcher: Window went away: Splash Screen com.yangcong345.android.phone#0
06-20 16:00:06.177   894  1280 I InputDispatcher: Window went away: com.yangcong345.cloud.ui.launcher/com.yangcong345.padmodule.new_home.PadHomeActivity#1
06-20 16:00:06.177   894  1280 I InputDispatcher: Window went away: com.yangcong345.cloud.ui.launcher/com.yangcong345.padmodule.new_home.PadHomeActivity#0
06-20 16:00:06.177   894   913 I InputTransport: Destroy ARC handle: 0xb4000075390c3900
06-20 16:00:06.177   894  1043 E InputDispatcher: Record dispatchKey again after start no focus window countdown -
06-20 16:00:06.177   894  1043 E InputDispatcher:  eventTime=4736715000000, deviceId=-1, source=0x0, displayId=-1, policyFlags=0x6b000000, action=0x0, flags=0x0, keyCode=0x19, scanCode=0x0, metaState=0x0, repeatCount=0, interceptKeyResult=INTERCEPT_KEY_RESULT_CONTINUE, downTime=4736715000000
06-20 16:00:06.178   894  1043 E InputDispatcher: Record dispatchKey again after start no focus window countdown come to find Focus.
06-20 16:00:06.178   894  1043 W InputDispatcher: Still no focused window. Will drop the event in 4942ms
06-20 16:00:06.190   894  4359 I GED     : ged_boost_gpu_freq, level 100, eOrigin 2, final_idx 15, oppidx_max 15, oppidx_min 0
06-20 16:00:06.193   548   548 I BufferQueueConsumer: [Splash Screen com.yangcong345.android.phone#0](id:22400000033,api:0,p:-1,c:548) disconnect()
06-20 16:00:06.193   548   548 I BufferQueue: [Splash Screen com.yangcong345.android.phone#0](this:0xb40000714a23ec58,id:51,api:2,p:-1,c:-1) onDestructor()
06-20 16:00:06.194   894  1378 I InputDispatcher: setInputWindows displayId=0 Window{86013db u0 NavigationBar0} Window{3ca9716 u0 StatusBar} recents_animation_input_consumer Window{f76ed9a u0 com.yangcong345.cloud.ui.launcher/com.yangcong345.padmodule.new_home.PadHomeActivity} Window{352023e u0 com.yangcong345.cloud.ui.launcher/com.yangcong345.padmodule.new_home.PadHomeActivity} Window{edac04 u0 com.android.systemui.ImageWallpaper}
06-20 16:00:06.194   894  1043 E InputDispatcher: Record dispatchKey again after start no focus window countdown -
06-20 16:00:06.194   894  1043 E InputDispatcher:  eventTime=4736715000000, deviceId=-1, source=0x0, displayId=-1, policyFlags=0x6b000000, action=0x0, flags=0x0, keyCode=0x19, scanCode=0x0, metaState=0x0, repeatCount=0, interceptKeyResult=INTERCEPT_KEY_RESULT_CONTINUE, downTime=4736715000000
06-20 16:00:06.194   894  1043 E InputDispatcher: Record dispatchKey again after start no focus window countdown come to find Focus.
06-20 16:00:06.194   894  1043 W InputDispatcher: Still no focused window. Will drop the event in 4926ms
06-20 16:00:06.199  1850  5723 D app_statistics_onAccessibilityEvent: {"data":"{\"appName\":\"yclauncher-debug\",\"className\":\"com.yangcong345.padmodule.new_home.PadHomeActivity\",\"duration\":0,\"endRealTime\":0,\"endTime\":0,\"id\":0,\"packageName\":\"com.yangcong345.cloud.ui.launcher\",\"startRealTime\":4736,\"startTime\":1718870406}"}
06-20 16:00:06.199  1850  4501 D app_statistics_insertNewAppUsageStats: {"data":"{\"appName\":\"yc-debug\",\"className\":\"android.widget.FrameLayout\",\"duration\":0,\"endRealTime\":4736,\"endTime\":1718870406,\"id\":0,\"packageName\":\"com.yangcong345.android.phone\",\"startRealTime\":4736,\"startTime\":1718870406}"}
06-20 16:00:06.202   548   936 I BufferQueueProducer: [com.yangcong345.cloud.ui.launcher/com.yangcong345.padmodule.new_home.PadHomeActivity#0](this:0xb40000714a238bf8,id:11,api:1,p:1894,c:548) queueBuffer: fps=2.11 dur=2842.21 max=2518.80 min=18.36
06-20 16:00:06.203  1850  2246 D DataSailMapper: get instance by url: intelligent-hardware.cn-beijing.log.aliyuncs.com/logstores/launcher-debug-store/shards/lb
06-20 16:00:06.205  1850  2246 I System.out: [okhttp]:check permission begin!
06-20 16:00:06.205  1850  2246 I System.out: [okhttp]:not MMS!
06-20 16:00:06.205  1850  2246 I System.out: [okhttp]:not Email!
06-20 16:00:06.207  1850  2245 D DataSailMapper: get instance by url: intelligent-hardware.cn-beijing.log.aliyuncs.com/logstores/launcher-debug-store/shards/lb
06-20 16:00:06.208   894   913 D lwdebug : onWindowsDrawn com.yangcong345.cloud.ui.launcher/com.yangcong345.padmodule.new_home.PadHomeActivity
06-20 16:00:06.209  1850  2245 I System.out: [okhttp]:check permission begin!
06-20 16:00:06.210   894  1378 I InputDispatcher: setInputWindows displayId=0 Window{86013db u0 NavigationBar0} Window{3ca9716 u0 StatusBar} recents_animation_input_consumer Window{f76ed9a u0 com.yangcong345.cloud.ui.launcher/com.yangcong345.padmodule.new_home.PadHomeActivity} Window{352023e u0 com.yangcong345.cloud.ui.launcher/com.yangcong345.padmodule.new_home.PadHomeActivity} Window{edac04 u0 com.android.systemui.ImageWallpaper}
06-20 16:00:06.210   894  1043 E InputDispatcher: Record dispatchKey again after start no focus window countdown -
06-20 16:00:06.210   894  1043 E InputDispatcher:  eventTime=4736715000000, deviceId=-1, source=0x0, displayId=-1, policyFlags=0x6b000000, action=0x0, flags=0x0, keyCode=0x19, scanCode=0x0, metaState=0x0, repeatCount=0, interceptKeyResult=INTERCEPT_KEY_RESULT_CONTINUE, downTime=4736715000000
06-20 16:00:06.210   894  1043 E InputDispatcher: Record dispatchKey again after start no focus window countdown come to find Focus.
06-20 16:00:06.210   894  1043 W InputDispatcher: Still no focused window. Will drop the event in 4910ms
06-20 16:00:06.210  1850  2245 I System.out: [okhttp]:not MMS!
06-20 16:00:06.211  1850  2245 I System.out: [okhttp]:not Email!
06-20 16:00:06.211  1850  2246 I System.out: [OkHttp] sendRequest<<
06-20 16:00:06.212  1894  1894 D CrashReport: >>> com.yangcong345.padmodule.new_home.PadHomeActivity onResumed <<<
06-20 16:00:06.215  1850  2245 I System.out: [OkHttp] sendRequest<<
06-20 16:00:06.217   894   912 I configuration_changed: 536872064
06-20 16:00:06.217  1894  3317 E oud.ui.launche: No package ID ff found for ID 0xffffffff.
06-20 16:00:06.217  1894  1894 I wm_on_resume_called: [85835453,com.yangcong345.padmodule.new_home.PadHomeActivity,RESUME_ACTIVITY]
06-20 16:00:06.218  1894  3317 W ResourceLoader: Received invalid resource id: -1
06-20 16:00:06.218  1894  3317 W ResourceLoader: android.content.res.Resources$NotFoundException: Unable to find resource ID #0xffffffff
06-20 16:00:06.218  1894  3317 W ResourceLoader: 	at android.content.res.ResourcesImpl.getResourcePackageName(ResourcesImpl.java:295)
06-20 16:00:06.218  1894  3317 W ResourceLoader: 	at android.content.res.Resources.getResourcePackageName(Resources.java:2199)
06-20 16:00:06.218  1894  3317 W ResourceLoader: 	at com.bumptech.glide.load.model.ResourceLoader.getResourceUri(ResourceLoader.java:45)
06-20 16:00:06.218  1894  3317 W ResourceLoader: 	at com.bumptech.glide.load.model.ResourceLoader.buildLoadData(ResourceLoader.java:35)
06-20 16:00:06.218  1894  3317 W ResourceLoader: 	at com.bumptech.glide.load.model.ResourceLoader.buildLoadData(ResourceLoader.java:20)
06-20 16:00:06.218  1894  3317 W ResourceLoader: 	at com.bumptech.glide.load.engine.DecodeHelper.getLoadData(DecodeHelper.java:216)
06-20 16:00:06.218  1894  3317 W ResourceLoader: 	at com.bumptech.glide.load.engine.DecodeHelper.getCacheKeys(DecodeHelper.java:229)
06-20 16:00:06.218  1894  3317 W ResourceLoader: 	at com.bumptech.glide.load.engine.ResourceCacheGenerator.startNext(ResourceCacheGenerator.java:47)
06-20 16:00:06.218  1894  3317 W ResourceLoader: 	at com.bumptech.glide.load.engine.DecodeJob.runGenerators(DecodeJob.java:311)
06-20 16:00:06.218  1894  3317 W ResourceLoader: 	at com.bumptech.glide.load.engine.DecodeJob.runWrapped(DecodeJob.java:277)
06-20 16:00:06.218  1894  3317 W ResourceLoader: 	at com.bumptech.glide.load.engine.DecodeJob.run(DecodeJob.java:235)
06-20 16:00:06.218  1894  3317 W ResourceLoader: 	at java.util.concurrent.ThreadPoolExecutor.runWorker(ThreadPoolExecutor.java:1167)
06-20 16:00:06.218  1894  3317 W ResourceLoader: 	at java.util.concurrent.ThreadPoolExecutor$Worker.run(ThreadPoolExecutor.java:641)
06-20 16:00:06.218  1894  3317 W ResourceLoader: 	at com.bumptech.glide.load.engine.executor.GlideExecutor$DefaultThreadFactory$1.run(GlideExecutor.java:421)
06-20 16:00:06.218  1894  3317 W ResourceLoader: 	at java.lang.Thread.run(Thread.java:923)
06-20 16:00:06.218  1894  3317 W ResourceLoader: 	at com.bumptech.glide.load.engine.executor.GlideExecutor$DefaultPriorityThreadFactory$1.run(GlideExecutor.java:380)
06-20 16:00:06.218  1894  3317 E oud.ui.launche: No package ID ff found for ID 0xffffffff.
06-20 16:00:06.218  2523  2561 I 5.android.phon: oneway function results will be dropped but finished with status OK and parcel size 4
06-20 16:00:06.218  2523  2561 I 5.android.phon: oneway function results will be dropped but finished with status OK and parcel size 4
06-20 16:00:06.219  1894  5871 D requestTopicData_TopicLearnDialog: {"data":"{\"progressData\":false,\"tracerData\":false,\"topicId\":\"37ebc3e0-57f7-11e7-913a-c3477d25de31\",\"topicName\":\"负数的定义\"}"}
06-20 16:00:06.221   894   912 I ActivityTaskManager: Config changes=20000480 {1.02 ?mcc?mnc [zh_CN] ldltr sw600dp w960dp h576dp 320dpi lrg land finger -keyb/v/h -nav/h winConfig={ mBounds=Rect(0, 0 - 1920, 1200) mAppBounds=Rect(0, 0 - 1920, 1200) mWindowingMode=fullscreen mDisplayWindowingMode=fullscreen mActivityType=undefined mAlwaysOnTop=undefined mRotation=ROTATION_90} s.993}
06-20 16:00:06.221  1894  1894 I wm_on_top_resumed_gained_called: [85835453,com.yangcong345.padmodule.new_home.PadHomeActivity,topWhenResuming]
06-20 16:00:06.222  1894  1894 V PhoneWindow: DecorView setVisiblity: visibility = 0, Parent = android.view.ViewRootImpl@b51f732, this = DecorView@de3ac83[PadHomeActivity]
06-20 16:00:06.225   894  1332 I InputDispatcher: setInputWindows displayId=0 Window{86013db u0 NavigationBar0} Window{3ca9716 u0 StatusBar} recents_animation_input_consumer Window{f76ed9a u0 com.yangcong345.cloud.ui.launcher/com.yangcong345.padmodule.new_home.PadHomeActivity} Window{352023e u0 com.yangcong345.cloud.ui.launcher/com.yangcong345.padmodule.new_home.PadHomeActivity} Window{edac04 u0 com.android.systemui.ImageWallpaper}
06-20 16:00:06.225   894  1332 I InputDispatcher: Focus entered window: Window{352023e u0 com.yangcong345.cloud.ui.launcher/com.yangcong345.padmodule.new_home.PadHomeActivity} in display 0
06-20 16:00:06.231  1894  2765 D DataSailMapper: get instance by url: intelligent-hardware.cn-beijing.log.aliyuncs.com/logstores/ui-launcher-debug-store/shards/lb
06-20 16:00:06.231  1894  2765 I System.out: [okhttp]:check permission begin!
06-20 16:00:06.231  1894  2765 I System.out: [okhttp]:not MMS!
06-20 16:00:06.231  1894  2765 I System.out: [okhttp]:not Email!
06-20 16:00:06.232  2523  6480 D OK-HTTP : 请求链接：https://important-notices.yc345.tv/
06-20 16:00:06.232  2523  6480 D OK-HTTP : 请求方法：GET
06-20 16:00:06.232  2523  6480 D OK-HTTP : 请求头部：
06-20 16:00:06.232  2523  6480 D OK-HTTP :
06-20 16:00:06.232  2523  6480 D OK-HTTP : 返回头部：
06-20 16:00:06.232  2523  6480 D OK-HTTP : server: nginx/1.20.1
06-20 16:00:06.232  2523  6480 D OK-HTTP : date: Thu, 20 Jun 2024 08:00:06 GMT
06-20 16:00:06.232  2523  6480 D OK-HTTP : content-type: application/json
06-20 16:00:06.232  2523  6480 D OK-HTTP : content-length: 5
06-20 16:00:06.232  2523  6480 D OK-HTTP : last-modified: Thu, 18 May 2023 08:20:42 GMT
06-20 16:00:06.232  2523  6480 D OK-HTTP : etag: "6465dfda-5"
06-20 16:00:06.232  2523  6480 D OK-HTTP : cache-control: no-store
06-20 16:00:06.232  2523  6480 D OK-HTTP : accept-ranges: bytes
06-20 16:00:06.232  2523  6480 D OK-HTTP : access-control-allow-origin: *
06-20 16:00:06.232  2523  6480 D OK-HTTP : access-control-allow-credentials: true
06-20 16:00:06.232  2523  6480 D OK-HTTP :
06-20 16:00:06.232  2523  6480 D OK-HTTP : 返回内容：
06-20 16:00:06.232  2523  6480 D OK-HTTP : 状态码：200，
06-20 16:00:06.232  2523  6480 D OK-HTTP : 返回内容：null
06-20 16:00:06.232  2523  6480 D OK-HTTP :
06-20 16:00:06.232  2523  6480 D OK-HTTP :
06-20 16:00:06.233  1894  2765 I System.out: [OkHttp] sendRequest<<
06-20 16:00:06.234  1894  2764 D DataSailMapper: get instance by url: intelligent-hardware.cn-beijing.log.aliyuncs.com/logstores/ui-launcher-debug-store/shards/lb
06-20 16:00:06.234  1894  6488 D CacheInterceptor: requestRemoteOnly
06-20 16:00:06.235  1894  2764 I System.out: [okhttp]:check permission begin!
06-20 16:00:06.235  1894  2764 I System.out: [okhttp]:not MMS!
06-20 16:00:06.235  1894  2764 I System.out: [okhttp]:not Email!
06-20 16:00:06.237  1894  2764 I System.out: [OkHttp] sendRequest<<
06-20 16:00:06.241   894  1332 I InputDispatcher: setInputWindows displayId=0 Window{86013db u0 NavigationBar0} Window{3ca9716 u0 StatusBar} recents_animation_input_consumer Window{f76ed9a u0 com.yangcong345.cloud.ui.launcher/com.yangcong345.padmodule.new_home.PadHomeActivity} Window{352023e u0 com.yangcong345.cloud.ui.launcher/com.yangcong345.padmodule.new_home.PadHomeActivity} Window{edac04 u0 com.android.systemui.ImageWallpaper}
06-20 16:00:06.242  2523  2561 I 5.android.phon: oneway function results will be dropped but finished with status OK and parcel size 4
06-20 16:00:06.242  1894  3317 W ResourceLoader: Received invalid resource id: -1
06-20 16:00:06.242  1894  3317 W ResourceLoader: android.content.res.Resources$NotFoundException: Unable to find resource ID #0xffffffff
06-20 16:00:06.242  1894  3317 W ResourceLoader: 	at android.content.res.ResourcesImpl.getResourcePackageName(ResourcesImpl.java:295)
06-20 16:00:06.242  1894  3317 W ResourceLoader: 	at android.content.res.Resources.getResourcePackageName(Resources.java:2199)
06-20 16:00:06.242  1894  3317 W ResourceLoader: 	at com.bumptech.glide.load.model.ResourceLoader.getResourceUri(ResourceLoader.java:45)
06-20 16:00:06.242  1894  3317 W ResourceLoader: 	at com.bumptech.glide.load.model.ResourceLoader.buildLoadData(ResourceLoader.java:35)
06-20 16:00:06.242  1894  3317 W ResourceLoader: 	at com.bumptech.glide.load.model.ResourceLoader.buildLoadData(ResourceLoader.java:20)
06-20 16:00:06.242  1894  3317 W ResourceLoader: 	at com.bumptech.glide.load.engine.DecodeHelper.getLoadData(DecodeHelper.java:216)
06-20 16:00:06.242  1894  3317 W ResourceLoader: 	at com.bumptech.glide.load.engine.DecodeHelper.getCacheKeys(DecodeHelper.java:229)
06-20 16:00:06.242  1894  3317 W ResourceLoader: 	at com.bumptech.glide.load.engine.ResourceCacheGenerator.startNext(ResourceCacheGenerator.java:47)
06-20 16:00:06.242  1894  3317 W ResourceLoader: 	at com.bumptech.glide.load.engine.DecodeJob.runGenerators(DecodeJob.java:311)
06-20 16:00:06.242  1894  3317 W ResourceLoader: 	at com.bumptech.glide.load.engine.DecodeJob.runWrapped(DecodeJob.java:277)
06-20 16:00:06.242  1894  3317 W ResourceLoader: 	at com.bumptech.glide.load.engine.DecodeJob.run(DecodeJob.java:235)
06-20 16:00:06.242  1894  3317 W ResourceLoader: 	at java.util.concurrent.ThreadPoolExecutor.runWorker(ThreadPoolExecutor.java:1167)
06-20 16:00:06.242  1894  3317 W ResourceLoader: 	at java.util.concurrent.ThreadPoolExecutor$Worker.run(ThreadPoolExecutor.java:641)
06-20 16:00:06.242  1894  3317 W ResourceLoader: 	at com.bumptech.glide.load.engine.executor.GlideExecutor$DefaultThreadFactory$1.run(GlideExecutor.java:421)
06-20 16:00:06.242  1894  3317 W ResourceLoader: 	at java.lang.Thread.run(Thread.java:923)
06-20 16:00:06.242  1894  3317 W ResourceLoader: 	at com.bumptech.glide.load.engine.executor.GlideExecutor$DefaultPriorityThreadFactory$1.run(GlideExecutor.java:380)
06-20 16:00:06.242  1894  3317 E oud.ui.launche: No package ID ff found for ID 0xffffffff.
06-20 16:00:06.243  1894  3317 W ResourceLoader: Received invalid resource id: -1
06-20 16:00:06.243  1894  3317 W ResourceLoader: android.content.res.Resources$NotFoundException: Unable to find resource ID #0xffffffff
06-20 16:00:06.243  1894  3317 W ResourceLoader: 	at android.content.res.ResourcesImpl.getResourcePackageName(ResourcesImpl.java:295)
06-20 16:00:06.243  1894  3317 W ResourceLoader: 	at android.content.res.Resources.getResourcePackageName(Resources.java:2199)
06-20 16:00:06.243  1894  3317 W ResourceLoader: 	at com.bumptech.glide.load.model.ResourceLoader.getResourceUri(ResourceLoader.java:45)
06-20 16:00:06.243  1894  3317 W ResourceLoader: 	at com.bumptech.glide.load.model.ResourceLoader.buildLoadData(ResourceLoader.java:35)
06-20 16:00:06.243  1894  3317 W ResourceLoader: 	at com.bumptech.glide.load.model.ResourceLoader.buildLoadData(ResourceLoader.java:20)
06-20 16:00:06.243  1894  3317 W ResourceLoader: 	at com.bumptech.glide.load.engine.DecodeHelper.getLoadData(DecodeHelper.java:216)
06-20 16:00:06.243  1894  3317 W ResourceLoader: 	at com.bumptech.glide.load.engine.DecodeHelper.getCacheKeys(DecodeHelper.java:229)
06-20 16:00:06.243  1894  3317 W ResourceLoader: 	at com.bumptech.glide.load.engine.ResourceCacheGenerator.startNext(ResourceCacheGenerator.java:47)
06-20 16:00:06.243  1894  3317 W ResourceLoader: 	at com.bumptech.glide.load.engine.DecodeJob.runGenerators(DecodeJob.java:311)
06-20 16:00:06.243  1894  3317 W ResourceLoader: 	at com.bumptech.glide.load.engine.DecodeJob.runWrapped(DecodeJob.java:277)
06-20 16:00:06.243  1894  3317 W ResourceLoader: 	at com.bumptech.glide.load.engine.DecodeJob.run(DecodeJob.java:235)
06-20 16:00:06.243  1894  3317 W ResourceLoader: 	at java.util.concurrent.ThreadPoolExecutor.runWorker(ThreadPoolExecutor.java:1167)
06-20 16:00:06.243  1894  3317 W ResourceLoader: 	at java.util.concurrent.ThreadPoolExecutor$Worker.run(ThreadPoolExecutor.java:641)
06-20 16:00:06.243  1894  3317 W ResourceLoader: 	at com.bumptech.glide.load.engine.executor.GlideExecutor$DefaultThreadFactory$1.run(GlideExecutor.java:421)
06-20 16:00:06.243  1894  3317 W ResourceLoader: 	at java.lang.Thread.run(Thread.java:923)
06-20 16:00:06.243  1894  3317 W ResourceLoader: 	at com.bumptech.glide.load.engine.executor.GlideExecutor$DefaultPriorityThreadFactory$1.run(GlideExecutor.java:380)
06-20 16:00:06.243  1894  3317 E oud.ui.launche: No package ID ff found for ID 0xffffffff.
06-20 16:00:06.244  1894  3317 W ResourceLoader: Received invalid resource id: -1
06-20 16:00:06.244  1894  3317 W ResourceLoader: android.content.res.Resources$NotFoundException: Unable to find resource ID #0xffffffff
06-20 16:00:06.244  1894  3317 W ResourceLoader: 	at android.content.res.ResourcesImpl.getResourcePackageName(ResourcesImpl.java:295)
06-20 16:00:06.244  1894  3317 W ResourceLoader: 	at android.content.res.Resources.getResourcePackageName(Resources.java:2199)
06-20 16:00:06.244  1894  3317 W ResourceLoader: 	at com.bumptech.glide.load.model.ResourceLoader.getResourceUri(ResourceLoader.java:45)
06-20 16:00:06.244  1894  3317 W ResourceLoader: 	at com.bumptech.glide.load.model.ResourceLoader.buildLoadData(ResourceLoader.java:35)
06-20 16:00:06.244  1894  3317 W ResourceLoader: 	at com.bumptech.glide.load.model.ResourceLoader.buildLoadData(ResourceLoader.java:20)
06-20 16:00:06.244  1894  3317 W ResourceLoader: 	at com.bumptech.glide.load.engine.DecodeHelper.getLoadData(DecodeHelper.java:216)
06-20 16:00:06.244  1894  3317 W ResourceLoader: 	at com.bumptech.glide.load.engine.DecodeHelper.getCacheKeys(DecodeHelper.java:229)
06-20 16:00:06.244  1894  3317 W ResourceLoader: 	at com.bumptech.glide.load.engine.ResourceCacheGenerator.startNext(ResourceCacheGenerator.java:47)
06-20 16:00:06.244  1894  3317 W ResourceLoader: 	at com.bumptech.glide.load.engine.DecodeJob.runGenerators(DecodeJob.java:311)
06-20 16:00:06.244  1894  3317 W ResourceLoader: 	at com.bumptech.glide.load.engine.DecodeJob.runWrapped(DecodeJob.java:277)
06-20 16:00:06.244  1894  3317 W ResourceLoader: 	at com.bumptech.glide.load.engine.DecodeJob.run(DecodeJob.java:235)
06-20 16:00:06.244  1894  3317 W ResourceLoader: 	at java.util.concurrent.ThreadPoolExecutor.runWorker(ThreadPoolExecutor.java:1167)
06-20 16:00:06.244  1894  3317 W ResourceLoader: 	at java.util.concurrent.ThreadPoolExecutor$Worker.run(ThreadPoolExecutor.java:641)
