06-20 16:00:08.003   894  1281 I InputDispatcher: setInputWindows displayId=0 Window{86013db u0 NavigationBar0} VolumeDialogImpl#0 Window{3ca9716 u0 StatusBar} Window{b988db9 u0 com.yangcong345.cloud.ui.launcher/com.yangcong345.padmodule.new_home.PadHomeActivity} Window{4e0328b u0 com.yangcong345.cloud.ui.launcher/com.yangcong345.padmodule.new_home.PadHomeActivity} Window{352023e u0 com.yangcong345.cloud.ui.launcher/com.yangcong345.padmodule.new_home.PadHomeActivity} Window{edac04 u0 com.android.systemui.ImageWallpaper}
06-20 16:00:08.020   894   908 I InputDispatcher: setInputWindows displayId=0 Window{86013db u0 NavigationBar0} VolumeDialogImpl#0 Window{3ca9716 u0 StatusBar} Window{b988db9 u0 com.yangcong345.cloud.ui.launcher/com.yangcong345.padmodule.new_home.PadHomeActivity} Window{4e0328b u0 com.yangcong345.cloud.ui.launcher/com.yangcong345.padmodule.new_home.PadHomeActivity} Window{352023e u0 com.yangcong345.cloud.ui.launcher/com.yangcong345.padmodule.new_home.PadHomeActivity} Window{edac04 u0 com.android.systemui.ImageWallpaper}
06-20 16:00:08.068   894   908 I chatty  : uid=1000(system) Binder:894_2 identical 3 lines
06-20 16:00:08.084   894   908 I InputDispatcher: setInputWindows displayId=0 Window{86013db u0 NavigationBar0} VolumeDialogImpl#0 Window{3ca9716 u0 StatusBar} Window{b988db9 u0 com.yangcong345.cloud.ui.launcher/com.yangcong345.padmodule.new_home.PadHomeActivity} Window{4e0328b u0 com.yangcong345.cloud.ui.launcher/com.yangcong345.padmodule.new_home.PadHomeActivity} Window{352023e u0 com.yangcong345.cloud.ui.launcher/com.yangcong345.padmodule.new_home.PadHomeActivity} Window{edac04 u0 com.android.systemui.ImageWallpaper}
06-20 16:00:08.100   894  1281 I InputDispatcher: setInputWindows displayId=0 Window{86013db u0 NavigationBar0} VolumeDialogImpl#0 Window{3ca9716 u0 StatusBar} Window{b988db9 u0 com.yangcong345.cloud.ui.launcher/com.yangcong345.padmodule.new_home.PadHomeActivity} Window{4e0328b u0 com.yangcong345.cloud.ui.launcher/com.yangcong345.padmodule.new_home.PadHomeActivity} Window{352023e u0 com.yangcong345.cloud.ui.launcher/com.yangcong345.padmodule.new_home.PadHomeActivity} Window{edac04 u0 com.android.systemui.ImageWallpaper}
06-20 16:00:08.132   894  1281 I chatty  : uid=1000(system) Binder:894_5 identical 2 lines
06-20 16:00:08.148   894  1281 I InputDispatcher: setInputWindows displayId=0 Window{86013db u0 NavigationBar0} VolumeDialogImpl#0 Window{3ca9716 u0 StatusBar} Window{b988db9 u0 com.yangcong345.cloud.ui.launcher/com.yangcong345.padmodule.new_home.PadHomeActivity} Window{4e0328b u0 com.yangcong345.cloud.ui.launcher/com.yangcong345.padmodule.new_home.PadHomeActivity} Window{352023e u0 com.yangcong345.cloud.ui.launcher/com.yangcong345.padmodule.new_home.PadHomeActivity} Window{edac04 u0 com.android.systemui.ImageWallpaper}
06-20 16:00:08.165   894  1281 I InputDispatcher: setInputWindows displayId=0 Window{86013db u0 NavigationBar0} Window{3ca9716 u0 StatusBar} Window{b988db9 u0 com.yangcong345.cloud.ui.launcher/com.yangcong345.padmodule.new_home.PadHomeActivity} Window{4e0328b u0 com.yangcong345.cloud.ui.launcher/com.yangcong345.padmodule.new_home.PadHomeActivity} Window{352023e u0 com.yangcong345.cloud.ui.launcher/com.yangcong345.padmodule.new_home.PadHomeActivity} Window{edac04 u0 com.android.systemui.ImageWallpaper}
06-20 16:00:08.165   894  1281 I InputDispatcher: Window went away: VolumeDialogImpl#0
06-20 16:00:08.166   548   548 I BufferQueueConsumer: [VolumeDialogImpl#0](id:22400000034,api:0,p:-1,c:548) disconnect()
06-20 16:00:08.166   548   548 I BufferQueue: [VolumeDialogImpl#0](this:0xb40000714a1ff868,id:52,api:1,p:-1,c:-1) onDestructor()
06-20 16:00:08.171   740   772 I Proximity: distance = 2
06-20 16:00:08.180   894  1281 I InputDispatcher: setInputWindows displayId=0 Window{86013db u0 NavigationBar0} Window{3ca9716 u0 StatusBar} Window{b988db9 u0 com.yangcong345.cloud.ui.launcher/com.yangcong345.padmodule.new_home.PadHomeActivity} Window{4e0328b u0 com.yangcong345.cloud.ui.launcher/com.yangcong345.padmodule.new_home.PadHomeActivity} Window{352023e u0 com.yangcong345.cloud.ui.launcher/com.yangcong345.padmodule.new_home.PadHomeActivity} Window{edac04 u0 com.android.systemui.ImageWallpaper}
06-20 16:00:08.197   894  1404 I InputDispatcher: setInputWindows displayId=0 Window{86013db u0 NavigationBar0} Window{3ca9716 u0 StatusBar} Window{b988db9 u0 com.yangcong345.cloud.ui.launcher/com.yangcong345.padmodule.new_home.PadHomeActivity} Window{4e0328b u0 com.yangcong345.cloud.ui.launcher/com.yangcong345.padmodule.new_home.PadHomeActivity} Window{352023e u0 com.yangcong345.cloud.ui.launcher/com.yangcong345.padmodule.new_home.PadHomeActivity} Window{edac04 u0 com.android.systemui.ImageWallpaper}
06-20 16:00:08.379   740   772 I Proximity: distance = 2
06-20 16:00:08.587   740   772 I Proximity: distance = 2
06-20 16:00:08.626  6572  6572 I Monkey  : :Sending Touch (ACTION_DOWN): 0:(1842.0,591.0)
06-20 16:00:08.627   532   589 I libPowerHal: [perfLockAcq] idx:0 hdl:109 hint:25 pid:532 duration:10000 => ret_hdl:109
06-20 16:00:08.628   532   589 I libPowerHal: [PE] scn:0 hdl:109 hint:25 comm:mtkpower@1.0-se pid:532
06-20 16:00:08.628   532   589 I libPowerHal: [PE] MTKPOWER_HINT_APP_TOUCH update cmd:3408600 param:1
06-20 16:00:08.629  6572  6572 I Monkey  : :Sending Touch (ACTION_UP): 0:(1840.9099,581.67175)
06-20 16:00:08.630   532   589 I libPowerHal: [perfLockRel] hdl:109, idx:0
06-20 16:00:08.630   532   589 I libPowerHal: [PD] scn:0 hdl:109 hint:25 comm:mtkpower@1.0-se pid:532
06-20 16:00:08.630   532   589 I libPowerHal: [PD] MTKPOWER_HINT_APP_TOUCH update cmd:3408600 param:0
06-20 16:00:08.632  6572  6572 I Monkey  : Sleeping for 1000 milliseconds
06-20 16:00:08.666   516   516 I hwcomposer: [HWCDisplay] [Display_0 (type:1)] fps:61.975056,dur:1000.40,max:20.01,min:12.19
06-20 16:00:08.791   740   772 I Proximity: distance = 2
06-20 16:00:08.803   548   938 I BufferQueueProducer: [com.yangcong345.cloud.ui.launcher/com.yangcong345.padmodule.new_home.PadHomeActivity#2](this:0xb40000714a246cd8,id:54,api:1,p:1894,c:548) queueBuffer: fps=58.64 dur=1006.11 max=78.37 min=7.66
06-20 16:00:08.917   548   938 I BufferQueueProducer: [com.yangcong345.cloud.ui.launcher/com.yangcong345.padmodule.new_home.PadHomeActivity#2](id:22400000036,api:1,p:1894,c:548) disconnect(): api=1
06-20 16:00:08.918  1894  1894 D View    : [Warning] assignParent to null: this = DecorView@de9c50b[PadHomeActivity]
06-20 16:00:08.923   894  1404 W WindowManager: Changing focus fromWindow{b988db9 u0 com.yangcong345.cloud.ui.launcher/com.yangcong345.padmodule.new_home.PadHomeActivity EXITING} to Window{4e0328b u0 com.yangcong345.cloud.ui.launcher/com.yangcong345.padmodule.new_home.PadHomeActivity} displayId=0 Callers=com.android.server.wm.RootWindowContainer.updateFocusedWindowLocked:457 com.android.server.wm.WindowManagerService.updateFocusedWindowLocked:5611 com.android.server.wm.WindowState.setupWindowForRemoveOnExit:2358 com.android.server.wm.WindowState.removeIfPossible:2327
06-20 16:00:08.924   894  1281 I InputDispatcher: setInputWindows displayId=0 Window{86013db u0 NavigationBar0} Window{3ca9716 u0 StatusBar} Window{b988db9 u0 com.yangcong345.cloud.ui.launcher/com.yangcong345.padmodule.new_home.PadHomeActivity} Window{4e0328b u0 com.yangcong345.cloud.ui.launcher/com.yangcong345.padmodule.new_home.PadHomeActivity} Window{352023e u0 com.yangcong345.cloud.ui.launcher/com.yangcong345.padmodule.new_home.PadHomeActivity} Window{edac04 u0 com.android.systemui.ImageWallpaper}
06-20 16:00:08.924   894  1281 I InputDispatcher: Focus left window: Window{b988db9 u0 com.yangcong345.cloud.ui.launcher/com.yangcong345.padmodule.new_home.PadHomeActivity} in display 0
06-20 16:00:08.924   894  1281 I InputDispatcher: Window went away: Window{b988db9 u0 com.yangcong345.cloud.ui.launcher/com.yangcong345.padmodule.new_home.PadHomeActivity}
06-20 16:00:08.930  1894  1894 I InputTransport: Destroy ARC handle: 0xb4000075391134c0
06-20 16:00:08.940   894  1404 I InputDispatcher: setInputWindows displayId=0 Window{86013db u0 NavigationBar0} Window{3ca9716 u0 StatusBar} Window{b988db9 u0 com.yangcong345.cloud.ui.launcher/com.yangcong345.padmodule.new_home.PadHomeActivity} Window{4e0328b u0 com.yangcong345.cloud.ui.launcher/com.yangcong345.padmodule.new_home.PadHomeActivity} Window{352023e u0 com.yangcong345.cloud.ui.launcher/com.yangcong345.padmodule.new_home.PadHomeActivity} Window{edac04 u0 com.android.systemui.ImageWallpaper}
06-20 16:00:08.956   894  1281 I InputDispatcher: setInputWindows displayId=0 Window{86013db u0 NavigationBar0} Window{3ca9716 u0 StatusBar} com.yangcong345.cloud.ui.launcher/com.yangcong345.padmodule.new_home.PadHomeActivity#2 Window{4e0328b u0 com.yangcong345.cloud.ui.launcher/com.yangcong345.padmodule.new_home.PadHomeActivity} Window{352023e u0 com.yangcong345.cloud.ui.launcher/com.yangcong345.padmodule.new_home.PadHomeActivity} Window{edac04 u0 com.android.systemui.ImageWallpaper}
06-20 16:00:08.956   894  1281 I InputDispatcher: Focus entered window: Window{4e0328b u0 com.yangcong345.cloud.ui.launcher/com.yangcong345.padmodule.new_home.PadHomeActivity} in display 0
06-20 16:00:08.972   894  1404 I InputDispatcher: setInputWindows displayId=0 Window{86013db u0 NavigationBar0} Window{3ca9716 u0 StatusBar} com.yangcong345.cloud.ui.launcher/com.yangcong345.padmodule.new_home.PadHomeActivity#2 Window{4e0328b u0 com.yangcong345.cloud.ui.launcher/com.yangcong345.padmodule.new_home.PadHomeActivity} Window{352023e u0 com.yangcong345.cloud.ui.launcher/com.yangcong345.padmodule.new_home.PadHomeActivity} Window{edac04 u0 com.android.systemui.ImageWallpaper}
06-20 16:00:08.977  2726  2726 V PhoneWindow: DecorView setVisiblity: visibility = 8, Parent = android.view.ViewRootImpl@956429b, this = DecorView@9feb223[InputMethod]
06-20 16:00:08.989   894  1281 I InputDispatcher: setInputWindows displayId=0 Window{86013db u0 NavigationBar0} Window{3ca9716 u0 StatusBar} com.yangcong345.cloud.ui.launcher/com.yangcong345.padmodule.new_home.PadHomeActivity#2 Window{4e0328b u0 com.yangcong345.cloud.ui.launcher/com.yangcong345.padmodule.new_home.PadHomeActivity} Window{352023e u0 com.yangcong345.cloud.ui.launcher/com.yangcong345.padmodule.new_home.PadHomeActivity} Window{edac04 u0 com.android.systemui.ImageWallpaper}
06-20 16:00:08.995   740   772 I Proximity: distance = 2
06-20 16:00:09.004   894  1281 I InputDispatcher: setInputWindows displayId=0 Window{86013db u0 NavigationBar0} Window{3ca9716 u0 StatusBar} com.yangcong345.cloud.ui.launcher/com.yangcong345.padmodule.new_home.PadHomeActivity#2 Window{4e0328b u0 com.yangcong345.cloud.ui.launcher/com.yangcong345.padmodule.new_home.PadHomeActivity} Window{352023e u0 com.yangcong345.cloud.ui.launcher/com.yangcong345.padmodule.new_home.PadHomeActivity} Window{edac04 u0 com.android.systemui.ImageWallpaper}
06-20 16:00:09.037   894  1281 I chatty  : uid=1000(system) Binder:894_5 identical 2 lines
06-20 16:00:09.053   894  1281 I InputDispatcher: setInputWindows displayId=0 Window{86013db u0 NavigationBar0} Window{3ca9716 u0 StatusBar} com.yangcong345.cloud.ui.launcher/com.yangcong345.padmodule.new_home.PadHomeActivity#2 Window{4e0328b u0 com.yangcong345.cloud.ui.launcher/com.yangcong345.padmodule.new_home.PadHomeActivity} Window{352023e u0 com.yangcong345.cloud.ui.launcher/com.yangcong345.padmodule.new_home.PadHomeActivity} Window{edac04 u0 com.android.systemui.ImageWallpaper}
06-20 16:00:09.068   894  1404 I InputDispatcher: setInputWindows displayId=0 Window{86013db u0 NavigationBar0} Window{3ca9716 u0 StatusBar} com.yangcong345.cloud.ui.launcher/com.yangcong345.padmodule.new_home.PadHomeActivity#2 Window{4e0328b u0 com.yangcong345.cloud.ui.launcher/com.yangcong345.padmodule.new_home.PadHomeActivity} Window{352023e u0 com.yangcong345.cloud.ui.launcher/com.yangcong345.padmodule.new_home.PadHomeActivity} Window{edac04 u0 com.android.systemui.ImageWallpaper}
06-20 16:00:09.078   894  1404 W ActivityTaskManager: zzg getRecentTasksImpl res.add: task=Task{8500d6c #57 visible=false type=standard mode=fullscreen translucent=true A=10071:com.yangcong345.android.phone U=0 StackId=57 sz=0}
06-20 16:00:09.078   894  1404 W ActivityTaskManager: zzg getRecentTasksImpl res.add: task=Task{94be538 #26 visible=false type=undefined mode=undefined translucent=true A=10084:com.yangcong345.pad.systemsetting U=0 StackId=26 sz=0}
06-20 16:00:09.078   894  1404 W ActivityTaskManager: zzg getRecentTasksImpl res.add: task=Task{677d911 #24 visible=false type=undefined mode=undefined translucent=true A=10094:com.yangcong345.cloud.toolbox U=0 StackId=24 sz=0}
06-20 16:00:09.078   894  1404 W ActivityTaskManager: zzg getRecentTasksImpl res.add: task=Task{950ca76 #14 visible=false type=undefined mode=undefined translucent=true A=1000:com.android.settings U=0 StackId=14 sz=0}
06-20 16:00:09.078   894  1404 W ActivityTaskManager: zzg recentTasks final item pkgName=com.yangcong345.android.phone
06-20 16:00:09.078   894  1404 W ActivityTaskManager: zzg recentTasks final item pkgName=com.yangcong345.pad.systemsetting
06-20 16:00:09.078   894  1404 W ActivityTaskManager: zzg recentTasks final item pkgName=com.yangcong345.cloud.toolbox
06-20 16:00:09.078   894  1404 W ActivityTaskManager: zzg recentTasks final item pkgName=com.android.settings
06-20 16:00:09.085   894  1281 I InputDispatcher: setInputWindows displayId=0 Window{86013db u0 NavigationBar0} Window{3ca9716 u0 StatusBar} com.yangcong345.cloud.ui.launcher/com.yangcong345.padmodule.new_home.PadHomeActivity#2 Window{4e0328b u0 com.yangcong345.cloud.ui.launcher/com.yangcong345.padmodule.new_home.PadHomeActivity} Window{352023e u0 com.yangcong345.cloud.ui.launcher/com.yangcong345.padmodule.new_home.PadHomeActivity} Window{edac04 u0 com.android.systemui.ImageWallpaper}
06-20 16:00:09.101   894  1281 I InputDispatcher: setInputWindows displayId=0 Window{86013db u0 NavigationBar0} Window{3ca9716 u0 StatusBar} com.yangcong345.cloud.ui.launcher/com.yangcong345.padmodule.new_home.PadHomeActivity#2 Window{4e0328b u0 com.yangcong345.cloud.ui.launcher/com.yangcong345.padmodule.new_home.PadHomeActivity} Window{352023e u0 com.yangcong345.cloud.ui.launcher/com.yangcong345.padmodule.new_home.PadHomeActivity} Window{edac04 u0 com.android.systemui.ImageWallpaper}
06-20 16:00:09.146   894  1404 D HraManager: hra getBlackIntentActionList
06-20 16:00:09.150   894   908 I InputDispatcher: setInputWindows displayId=0 Window{86013db u0 NavigationBar0} Window{3ca9716 u0 StatusBar} Window{4e0328b u0 com.yangcong345.cloud.ui.launcher/com.yangcong345.padmodule.new_home.PadHomeActivity} Window{352023e u0 com.yangcong345.cloud.ui.launcher/com.yangcong345.padmodule.new_home.PadHomeActivity} Window{edac04 u0 com.android.systemui.ImageWallpaper}
06-20 16:00:09.150   894   908 I InputDispatcher: Window went away: com.yangcong345.cloud.ui.launcher/com.yangcong345.padmodule.new_home.PadHomeActivity#2
06-20 16:00:09.165   548   548 I BufferQueueConsumer: [com.yangcong345.cloud.ui.launcher/com.yangcong345.padmodule.new_home.PadHomeActivity#2](id:22400000036,api:0,p:-1,c:548) disconnect()
06-20 16:00:09.165   548   548 I BufferQueue: [com.yangcong345.cloud.ui.launcher/com.yangcong345.padmodule.new_home.PadHomeActivity#2](this:0xb40000714a246cd8,id:54,api:1,p:-1,c:-1) onDestructor()
06-20 16:00:09.167   894   908 I InputDispatcher: setInputWindows displayId=0 Window{86013db u0 NavigationBar0} Window{3ca9716 u0 StatusBar} Window{4e0328b u0 com.yangcong345.cloud.ui.launcher/com.yangcong345.padmodule.new_home.PadHomeActivity} Window{352023e u0 com.yangcong345.cloud.ui.launcher/com.yangcong345.padmodule.new_home.PadHomeActivity} Window{edac04 u0 com.android.systemui.ImageWallpaper}
06-20 16:00:09.182   894  1404 I InputDispatcher: setInputWindows displayId=0 Window{86013db u0 NavigationBar0} Window{3ca9716 u0 StatusBar} Window{4e0328b u0 com.yangcong345.cloud.ui.launcher/com.yangcong345.padmodule.new_home.PadHomeActivity} Window{352023e u0 com.yangcong345.cloud.ui.launcher/com.yangcong345.padmodule.new_home.PadHomeActivity} Window{edac04 u0 com.android.systemui.ImageWallpaper}
06-20 16:00:09.199   740   772 I Proximity: distance = 2
06-20 16:00:09.403   740   772 I Proximity: distance = 2
06-20 16:00:09.535   894  1099 E WifiVendorHal: getWifiLinkLayerStats_1_3_Internal(l.973) failed {.code = ERROR_NOT_SUPPORTED, .description = }
06-20 16:00:09.607   740   772 I Proximity: distance = 2
06-20 16:00:09.633  6572  6572 I Monkey  : :Sending Touch (ACTION_DOWN): 0:(1058.0,387.0)
06-20 16:00:09.635   532   589 I libPowerHal: [perfLockAcq] idx:0 hdl:110 hint:25 pid:532 duration:10000 => ret_hdl:110
06-20 16:00:09.635   532   589 I libPowerHal: [PE] scn:0 hdl:110 hint:25 comm:mtkpower@1.0-se pid:532
06-20 16:00:09.636   532   589 I libPowerHal: [PE] MTKPOWER_HINT_APP_TOUCH update cmd:3408600 param:1
06-20 16:00:09.637  6572  6572 I Monkey  : :Sending Touch (ACTION_UP): 0:(1060.5566,390.03946)
06-20 16:00:09.639   532   589 I libPowerHal: [perfLockRel] hdl:110, idx:0
06-20 16:00:09.639   532   589 I libPowerHal: [PD] scn:0 hdl:110 hint:25 comm:mtkpower@1.0-se pid:532
06-20 16:00:09.639   532   589 I libPowerHal: [PD] MTKPOWER_HINT_APP_TOUCH update cmd:3408600 param:0
06-20 16:00:09.639  6572  6572 I Monkey  : Sleeping for 1000 milliseconds
06-20 16:00:09.811   740   772 I Proximity: distance = 2
06-20 16:00:10.019   740   772 I chatty  : uid=1000(system) sensors@2.0-ser identical 1 line
06-20 16:00:10.223   740   772 I Proximity: distance = 2
06-20 16:00:10.235  1850  4792 D YCLockActivity: 【5】累计已使用的临时使用时长===0 ,临时限制时长tempDurationLimit:-1
06-20 16:00:10.236  1850  4792 D PadDurationManager: 当前平板使用时间===13561
06-20 16:00:10.250   509   509 D [BT]    : mtk_bt_op: BT_VND_OP_LPM_WAKE_SET_STATE
06-20 16:00:10.427   740   772 I Proximity: distance = 2
06-20 16:00:10.631   740   772 I Proximity: distance = 2
06-20 16:00:10.641  6572  6572 I Monkey  : :Sending Touch (ACTION_DOWN): 0:(1240.0,839.0)
06-20 16:00:10.643   532   589 I libPowerHal: [perfLockAcq] idx:0 hdl:111 hint:25 pid:532 duration:10000 => ret_hdl:111
06-20 16:00:10.643   532   589 I libPowerHal: [PE] scn:0 hdl:111 hint:25 comm:mtkpower@1.0-se pid:532
06-20 16:00:10.644   532   589 I libPowerHal: [PE] MTKPOWER_HINT_APP_TOUCH update cmd:3408600 param:1
06-20 16:00:10.646  6572  6572 I Monkey  : :Sending Touch (ACTION_UP): 0:(1234.1241,846.88184)
06-20 16:00:10.647   532   589 I libPowerHal: [perfLockRel] hdl:111, idx:0
06-20 16:00:10.647   532   589 I libPowerHal: [PD] scn:0 hdl:111 hint:25 comm:mtkpower@1.0-se pid:532
06-20 16:00:10.647   532   589 I libPowerHal: [PD] MTKPOWER_HINT_APP_TOUCH update cmd:3408600 param:0
06-20 16:00:10.648  6572  6572 I Monkey  : Sleeping for 1000 milliseconds
06-20 16:00:10.751  1405  1405 D CapRIL  : resetProxyAndRequestList
06-20 16:00:10.751   396   396 I hwservicemanager: getTransport: Cannot find entry vendor.mediatek.hardware.mtkradioex@2.0::IMtkRadioEx/mtkCap1 in either framework or device manifest.
06-20 16:00:10.752  1405  1405 D CapRIL  : MtkRadioProxy getService/setResponseFunctions: java.util.NoSuchElementException
06-20 16:00:10.835   740   772 I Proximity: distance = 2
06-20 16:00:11.081   894   908 W ActivityTaskManager: zzg getRecentTasksImpl res.add: task=Task{8500d6c #57 visible=false type=standard mode=fullscreen translucent=true A=10071:com.yangcong345.android.phone U=0 StackId=57 sz=0}
06-20 16:00:11.081   894   908 W ActivityTaskManager: zzg getRecentTasksImpl res.add: task=Task{94be538 #26 visible=false type=undefined mode=undefined translucent=true A=10084:com.yangcong345.pad.systemsetting U=0 StackId=26 sz=0}
06-20 16:00:11.081   894   908 W ActivityTaskManager: zzg getRecentTasksImpl res.add: task=Task{677d911 #24 visible=false type=undefined mode=undefined translucent=true A=10094:com.yangcong345.cloud.toolbox U=0 StackId=24 sz=0}
06-20 16:00:11.081   894   908 W ActivityTaskManager: zzg getRecentTasksImpl res.add: task=Task{950ca76 #14 visible=false type=undefined mode=undefined translucent=true A=1000:com.android.settings U=0 StackId=14 sz=0}
06-20 16:00:11.082   894   908 W ActivityTaskManager: zzg recentTasks final item pkgName=com.yangcong345.android.phone
06-20 16:00:11.082   894   908 W ActivityTaskManager: zzg recentTasks final item pkgName=com.yangcong345.pad.systemsetting
06-20 16:00:11.082   894   908 W ActivityTaskManager: zzg recentTasks final item pkgName=com.yangcong345.cloud.toolbox
06-20 16:00:11.082   894   908 W ActivityTaskManager: zzg recentTasks final item pkgName=com.android.settings
06-20 16:00:11.039   740   772 I Proximity: distance = 2
06-20 16:00:11.148   894   908 D HraManager: hra getBlackIntentActionList
06-20 16:00:11.225   894   905 W System  : A resource failed to call release.
06-20 16:00:11.226   894   905 I chatty  : uid=1000(system) FinalizerDaemon identical 4 lines
06-20 16:00:11.226   894   905 W System  : A resource failed to call release.
06-20 16:00:11.232   894   908 I InputDispatcher: setInputWindows displayId=0 Window{86013db u0 NavigationBar0} Window{3ca9716 u0 StatusBar} Window{4e0328b u0 com.yangcong345.cloud.ui.launcher/com.yangcong345.padmodule.new_home.PadHomeActivity} Window{352023e u0 com.yangcong345.cloud.ui.launcher/com.yangcong345.padmodule.new_home.PadHomeActivity} Window{edac04 u0 com.android.systemui.ImageWallpaper}
06-20 16:00:11.233   516   516 I hwcomposer: [HWCDisplay] [Display_0 (type:1)] fps:12.074190,dur:2567.46,max:2049.98,min:14.32
06-20 16:00:11.243   740   772 I Proximity: distance = 2
06-20 16:00:11.447   740   772 I Proximity: distance = 2
06-20 16:00:11.650  6572  6572 I Monkey  : :Sending Key (ACTION_DOWN): 23    // KEYCODE_DPAD_CENTER
06-20 16:00:11.651   740   772 I Proximity: distance = 2
06-20 16:00:11.653  6572  6572 I Monkey  : :Sending Key (ACTION_UP): 23    // KEYCODE_DPAD_CENTER
06-20 16:00:11.667  6572  6572 I Monkey  : Sleeping for 1000 milliseconds
06-20 16:00:11.678   548   936 I BufferQueueProducer: [com.yangcong345.cloud.ui.launcher/com.yangcong345.padmodule.new_home.PadHomeActivity#1](this:0xb40000714a2139a8,id:53,api:1,p:1894,c:548) queueBuffer: fps=1.02 dur=3929.71 max=3715.73 min=8.79
06-20 16:00:11.855   740   772 I Proximity: distance = 2
06-20 16:00:12.263   740   772 I chatty  : uid=1000(system) sensors@2.0-ser identical 2 lines
06-20 16:00:12.467   740   772 I Proximity: distance = 2
06-20 16:00:12.560   894  1099 E WifiVendorHal: getWifiLinkLayerStats_1_3_Internal(l.973) failed {.code = ERROR_NOT_SUPPORTED, .description = }
06-20 16:00:12.668  6572  6572 I Monkey  : :Sending Touch (ACTION_DOWN): 0:(1274.0,851.0)
06-20 16:00:12.671   532   589 I libPowerHal: [perfLockAcq] idx:0 hdl:112 hint:25 pid:532 duration:10000 => ret_hdl:112
06-20 16:00:12.671   532   589 I libPowerHal: [PE] scn:0 hdl:112 hint:25 comm:mtkpower@1.0-se pid:532
06-20 16:00:12.672   532   589 I libPowerHal: [PE] MTKPOWER_HINT_APP_TOUCH update cmd:3408600 param:1
06-20 16:00:12.673   894   894 I service_manager_stats: [100,57,311827]
06-20 16:00:12.673   740   772 I Proximity: distance = 2
06-20 16:00:12.674  6572  6572 I Monkey  : :Sending Touch (ACTION_UP): 0:(1271.3107,860.7578)
06-20 16:00:12.675   532   589 I libPowerHal: [perfLockRel] hdl:112, idx:0
06-20 16:00:12.676   532   589 I libPowerHal: [PD] scn:0 hdl:112 hint:25 comm:mtkpower@1.0-se pid:532
06-20 16:00:12.676   532   589 I libPowerHal: [PD] MTKPOWER_HINT_APP_TOUCH update cmd:3408600 param:0
06-20 16:00:12.677  6572  6572 I Monkey  : Sleeping for 1000 milliseconds
06-20 16:00:12.688   548   936 I BufferQueueProducer: [com.yangcong345.cloud.ui.launcher/com.yangcong345.padmodule.new_home.PadHomeActivity#1](this:0xb40000714a2139a8,id:53,api:1,p:1894,c:548) queueBuffer: fps=5.94 dur=1010.05 max=928.01 min=4.78
06-20 16:00:12.698   516   516 I hwcomposer: [HWCDisplay] [Display_0 (type:1)] fps:4.776983,dur:1465.36,max:913.47,min:15.74
06-20 16:00:12.875   740   772 I Proximity: distance = 2
06-20 16:00:12.948   747   747 I thermal_repeater: socket -1
06-20 16:00:13.079   740   772 I Proximity: distance = 2
06-20 16:00:13.082   894   908 W ActivityTaskManager: zzg getRecentTasksImpl res.add: task=Task{8500d6c #57 visible=false type=standard mode=fullscreen translucent=true A=10071:com.yangcong345.android.phone U=0 StackId=57 sz=0}
06-20 16:00:13.082   894   908 W ActivityTaskManager: zzg getRecentTasksImpl res.add: task=Task{94be538 #26 visible=false type=undefined mode=undefined translucent=true A=10084:com.yangcong345.pad.systemsetting U=0 StackId=26 sz=0}
06-20 16:00:13.082   894   908 W ActivityTaskManager: zzg getRecentTasksImpl res.add: task=Task{677d911 #24 visible=false type=undefined mode=undefined translucent=true A=10094:com.yangcong345.cloud.toolbox U=0 StackId=24 sz=0}
06-20 16:00:13.082   894   908 W ActivityTaskManager: zzg getRecentTasksImpl res.add: task=Task{950ca76 #14 visible=false type=undefined mode=undefined translucent=true A=1000:com.android.settings U=0 StackId=14 sz=0}
06-20 16:00:13.083   894   908 W ActivityTaskManager: zzg recentTasks final item pkgName=com.yangcong345.android.phone
06-20 16:00:13.083   894   908 W ActivityTaskManager: zzg recentTasks final item pkgName=com.yangcong345.pad.systemsetting
06-20 16:00:13.083   894   908 W ActivityTaskManager: zzg recentTasks final item pkgName=com.yangcong345.cloud.toolbox
06-20 16:00:13.083   894   908 W ActivityTaskManager: zzg recentTasks final item pkgName=com.android.settings
06-20 16:00:13.172   894   908 D HraManager: hra getBlackIntentActionList
06-20 16:00:13.283   740   772 I Proximity: distance = 2
06-20 16:00:13.487   740   772 I Proximity: distance = 2
06-20 16:00:13.678  6572  6572 I Monkey  : :Sending Touch (ACTION_DOWN): 0:(1715.0,541.0)
