--------- beginning of main
06-20 16:00:03.253   894  1567 I InputDispatcher: setInputWindows displayId=0 Window{86013db u0 NavigationBar0} Window{3ca9716 u0 StatusBar} Splash Screen com.yangcong345.android.phone#0 recents_animation_input_consumer com.yangcong345.cloud.ui.launcher/com.yangcong345.padmodule.new_home.PadHomeActivity#1 com.yangcong345.cloud.ui.launcher/com.yangcong345.padmodule.new_home.PadHomeActivity#0 Window{edac04 u0 com.android.systemui.ImageWallpaper}
06-20 16:00:03.267   740   772 I Proximity: distance = 2
06-20 16:00:03.269   894  1567 I InputDispatcher: setInputWindows displayId=0 Window{86013db u0 NavigationBar0} Window{3ca9716 u0 StatusBar} Splash Screen com.yangcong345.android.phone#0 recents_animation_input_consumer com.yangcong345.cloud.ui.launcher/com.yangcong345.padmodule.new_home.PadHomeActivity#1 com.yangcong345.cloud.ui.launcher/com.yangcong345.padmodule.new_home.PadHomeActivity#0 Window{edac04 u0 com.android.systemui.ImageWallpaper}
--------- beginning of system
06-20 16:00:03.271   894   912 W ActivityTaskManager: Activity top resumed state loss timeout for ActivityRecord{1e2a7a8 u0 com.yangcong345.android.phone/com.yangcong345.main.phone.splash.SplashActivity t56 f}}
06-20 16:00:03.283   894   912 W ActivityTaskManager: Activity pause timeout for ActivityRecord{1e2a7a8 u0 com.yangcong345.android.phone/com.yangcong345.main.phone.splash.SplashActivity t56 f}}
--------- beginning of events
06-20 16:00:03.284   894   912 I wm_add_to_stopping: [0,31631272,com.yangcong345.android.phone/com.yangcong345.main.phone.splash.SplashActivity,completeFinishing]
06-20 16:00:03.284   894   913 D View    : [Warning] assignParent to null: this = DecorView@8f8b5a1[phone]
06-20 16:00:03.285   894   912 I wm_set_resumed_activity: [0,com.yangcong345.cloud.ui.launcher/com.yangcong345.padmodule.new_home.PadHomeActivity,resumeTopActivityInnerLocked]
06-20 16:00:03.286   532   589 I libPowerHal: [perfNotifyAppState] foreground:com.yangcong345.cloud.ui.launcher, pid:1894, uid:10092
06-20 16:00:03.287   894  1567 I InputDispatcher: setInputWindows displayId=0 Window{86013db u0 NavigationBar0} Window{3ca9716 u0 StatusBar} Splash Screen com.yangcong345.android.phone#0 recents_animation_input_consumer com.yangcong345.cloud.ui.launcher/com.yangcong345.padmodule.new_home.PadHomeActivity#1 com.yangcong345.cloud.ui.launcher/com.yangcong345.padmodule.new_home.PadHomeActivity#0 Window{edac04 u0 com.android.systemui.ImageWallpaper}
06-20 16:00:03.287   532   589 E UxUtility: notifyAppState error = NULL
06-20 16:00:03.287   532   589 I TouchUtility: notifyAppState error = NULL
06-20 16:00:03.287   532   559 I mtkpower@impl: [notifyAppState] pc:0, com.yangcong345.android.phone => com.yangcong345.cloud.ui.launcher
06-20 16:00:03.289   894   912 I wm_resume_activity: [0,85835453,38,com.yangcong345.cloud.ui.launcher/com.yangcong345.padmodule.new_home.PadHomeActivity]
06-20 16:00:03.294   548   937 I BufferQueueProducer: [Splash Screen com.yangcong345.android.phone#0](id:22400000031,api:2,p:894,c:548) disconnect(): api=2
06-20 16:00:03.294   894   912 I sysui_multi_action: [757,803,799,window_time_0,802,1]
06-20 16:00:03.297   894   913 I InputTransport: Destroy ARC handle: 0xb4000075390ffc90
06-20 16:00:03.298   894  4359 I GED     : ged_boost_gpu_freq, level 100, eOrigin 2, final_idx 15, oppidx_max 15, oppidx_min 0
06-20 16:00:03.301   894   908 I InputDispatcher: setInputWindows displayId=0 Window{86013db u0 NavigationBar0} Window{3ca9716 u0 StatusBar} recents_animation_input_consumer com.yangcong345.cloud.ui.launcher/com.yangcong345.padmodule.new_home.PadHomeActivity#1 com.yangcong345.cloud.ui.launcher/com.yangcong345.padmodule.new_home.PadHomeActivity#0 Window{edac04 u0 com.android.systemui.ImageWallpaper}
06-20 16:00:03.302   894   908 I InputDispatcher: Window went away: Splash Screen com.yangcong345.android.phone#0
06-20 16:00:03.302   548   548 I BufferQueueConsumer: [Splash Screen com.yangcong345.android.phone#0](id:22400000031,api:0,p:-1,c:548) disconnect()
06-20 16:00:03.302   548   548 I BufferQueue: [Splash Screen com.yangcong345.android.phone#0](this:0xb40000714a23fc68,id:49,api:2,p:-1,c:-1) onDestructor()
06-20 16:00:03.306   894  3745 I WindowManager: Relayout Window{f76ed9a u0 com.yangcong345.cloud.ui.launcher/com.yangcong345.padmodule.new_home.PadHomeActivity}: oldVis=8 newVis=0 focusMayChange = true
06-20 16:00:03.310   894  3745 W WindowManager: Changing focus fromnull to Window{f76ed9a u0 com.yangcong345.cloud.ui.launcher/com.yangcong345.padmodule.new_home.PadHomeActivity} displayId=0 Callers=com.android.server.wm.RootWindowContainer.updateFocusedWindowLocked:457 com.android.server.wm.WindowManagerService.updateFocusedWindowLocked:5611 com.android.server.wm.WindowManagerService.relayoutWindow:2398 com.android.server.wm.Session.relayout:213
06-20 16:00:03.314  2726  2726 V PhoneWindow: DecorView setVisiblity: visibility = 8, Parent = android.view.ViewRootImpl@956429b, this = DecorView@9feb223[InputMethod]
06-20 16:00:03.315   548   936 I BufferQueueProducer: [com.yangcong345.cloud.ui.launcher/com.yangcong345.padmodule.new_home.PadHomeActivity#1](id:22400000028,api:1,p:1894,c:548) connect(): api=1 producerControlledByApp=false
06-20 16:00:03.317   894  1281 I InputDispatcher: setInputWindows displayId=0 Window{86013db u0 NavigationBar0} Window{3ca9716 u0 StatusBar} recents_animation_input_consumer Window{f76ed9a u0 com.yangcong345.cloud.ui.launcher/com.yangcong345.padmodule.new_home.PadHomeActivity} Window{352023e u0 com.yangcong345.cloud.ui.launcher/com.yangcong345.padmodule.new_home.PadHomeActivity} Window{edac04 u0 com.android.systemui.ImageWallpaper}
06-20 16:00:03.318   894  1281 I InputDispatcher: Window went away: com.yangcong345.cloud.ui.launcher/com.yangcong345.padmodule.new_home.PadHomeActivity#1
06-20 16:00:03.318   894  1281 I InputDispatcher: Window went away: com.yangcong345.cloud.ui.launcher/com.yangcong345.padmodule.new_home.PadHomeActivity#0
06-20 16:00:03.329   548   937 I BufferQueueProducer: [com.yangcong345.cloud.ui.launcher/com.yangcong345.padmodule.new_home.PadHomeActivity#1](this:0xb40000714a2149b8,id:40,api:1,p:1894,c:548) queueBuffer: fps=0.24 dur=16364.36 max=15675.44 min=8.37
06-20 16:00:03.332   894  3745 I WindowManager: Relayout Window{352023e u0 com.yangcong345.cloud.ui.launcher/com.yangcong345.padmodule.new_home.PadHomeActivity}: oldVis=8 newVis=0 focusMayChange = true
06-20 16:00:03.334   894  1567 I InputDispatcher: setInputWindows displayId=0 Window{86013db u0 NavigationBar0} Window{3ca9716 u0 StatusBar} recents_animation_input_consumer Window{f76ed9a u0 com.yangcong345.cloud.ui.launcher/com.yangcong345.padmodule.new_home.PadHomeActivity} Window{352023e u0 com.yangcong345.cloud.ui.launcher/com.yangcong345.padmodule.new_home.PadHomeActivity} Window{edac04 u0 com.android.systemui.ImageWallpaper}
06-20 16:00:03.337  1850  4899 D app_statistics_insertNewAppUsageStats: {"data":"{\"appName\":\"yc-debug\",\"className\":\"android.widget.FrameLayout\",\"duration\":1,\"endRealTime\":4734,\"endTime\":1718870403,\"id\":0,\"packageName\":\"com.yangcong345.android.phone\",\"startRealTime\":4733,\"startTime\":1718870402}"}
06-20 16:00:03.337  1850  5726 D app_statistics_onAccessibilityEvent: {"data":"{\"appName\":\"yclauncher-debug\",\"className\":\"android.app.Dialog\",\"duration\":0,\"endRealTime\":0,\"endTime\":0,\"id\":0,\"packageName\":\"com.yangcong345.cloud.ui.launcher\",\"startRealTime\":4734,\"startTime\":1718870403}"}
06-20 16:00:03.338   548   936 I BufferQueueProducer: [com.yangcong345.cloud.ui.launcher/com.yangcong345.padmodule.new_home.PadHomeActivity#0](id:2240000000b,api:1,p:1894,c:548) connect(): api=1 producerControlledByApp=false
06-20 16:00:03.341  1850  2245 D DataSailMapper: get instance by url: intelligent-hardware.cn-beijing.log.aliyuncs.com/logstores/launcher-debug-store/shards/lb
06-20 16:00:03.342  1850  2245 I System.out: [okhttp]:check permission begin!
06-20 16:00:03.342  1850  2245 I System.out: [okhttp]:not MMS!
06-20 16:00:03.342  1850  2245 I System.out: [okhttp]:not Email!
06-20 16:00:03.343  1850  2246 D DataSailMapper: get instance by url: intelligent-hardware.cn-beijing.log.aliyuncs.com/logstores/launcher-debug-store/shards/lb
06-20 16:00:03.344  1850  2246 I System.out: [okhttp]:check permission begin!
06-20 16:00:03.344  1850  2246 I System.out: [okhttp]:not MMS!
06-20 16:00:03.344  1850  2246 I System.out: [okhttp]:not Email!
06-20 16:00:03.345  1850  2245 I System.out: [OkHttp] sendRequest<<
06-20 16:00:03.350   894  3745 I InputDispatcher: setInputWindows displayId=0 Window{86013db u0 NavigationBar0} Window{3ca9716 u0 StatusBar} recents_animation_input_consumer Window{f76ed9a u0 com.yangcong345.cloud.ui.launcher/com.yangcong345.padmodule.new_home.PadHomeActivity} Window{352023e u0 com.yangcong345.cloud.ui.launcher/com.yangcong345.padmodule.new_home.PadHomeActivity} Window{edac04 u0 com.android.systemui.ImageWallpaper}
06-20 16:00:03.359   548   937 I BufferQueueProducer: [com.yangcong345.cloud.ui.launcher/com.yangcong345.padmodule.new_home.PadHomeActivity#0](this:0xb40000714a238bf8,id:11,api:1,p:1894,c:548) queueBuffer: fps=0.43 dur=16431.33 max=16074.90 min=15.54
06-20 16:00:03.366   894  3745 I InputDispatcher: setInputWindows displayId=0 Window{86013db u0 NavigationBar0} Window{3ca9716 u0 StatusBar} recents_animation_input_consumer Window{f76ed9a u0 com.yangcong345.cloud.ui.launcher/com.yangcong345.padmodule.new_home.PadHomeActivity} Window{352023e u0 com.yangcong345.cloud.ui.launcher/com.yangcong345.padmodule.new_home.PadHomeActivity} Window{edac04 u0 com.android.systemui.ImageWallpaper}
06-20 16:00:03.369  1850  2246 I System.out: [socket]:check permission begin!
06-20 16:00:03.370   894   913 D lwdebug : onWindowsDrawn com.yangcong345.cloud.ui.launcher/com.yangcong345.padmodule.new_home.PadHomeActivity
06-20 16:00:03.370  1894  1894 D CrashReport: >>> com.yangcong345.padmodule.new_home.PadHomeActivity onResumed <<<
06-20 16:00:03.374  1894  3317 E oud.ui.launche: No package ID ff found for ID 0xffffffff.
06-20 16:00:03.375  1894  1894 I wm_on_resume_called: [85835453,com.yangcong345.padmodule.new_home.PadHomeActivity,RESUME_ACTIVITY]
06-20 16:00:03.375  1894  3317 W ResourceLoader: Received invalid resource id: -1
06-20 16:00:03.375  1894  3317 W ResourceLoader: android.content.res.Resources$NotFoundException: Unable to find resource ID #0xffffffff
06-20 16:00:03.375  1894  3317 W ResourceLoader: 	at android.content.res.ResourcesImpl.getResourcePackageName(ResourcesImpl.java:295)
06-20 16:00:03.375  1894  3317 W ResourceLoader: 	at android.content.res.Resources.getResourcePackageName(Resources.java:2199)
06-20 16:00:03.375  1894  3317 W ResourceLoader: 	at com.bumptech.glide.load.model.ResourceLoader.getResourceUri(ResourceLoader.java:45)
06-20 16:00:03.375  1894  3317 W ResourceLoader: 	at com.bumptech.glide.load.model.ResourceLoader.buildLoadData(ResourceLoader.java:35)
06-20 16:00:03.375  1894  3317 W ResourceLoader: 	at com.bumptech.glide.load.model.ResourceLoader.buildLoadData(ResourceLoader.java:20)
06-20 16:00:03.375  1894  3317 W ResourceLoader: 	at com.bumptech.glide.load.engine.DecodeHelper.getLoadData(DecodeHelper.java:216)
06-20 16:00:03.375  1894  3317 W ResourceLoader: 	at com.bumptech.glide.load.engine.DecodeHelper.getCacheKeys(DecodeHelper.java:229)
06-20 16:00:03.375  1894  3317 W ResourceLoader: 	at com.bumptech.glide.load.engine.ResourceCacheGenerator.startNext(ResourceCacheGenerator.java:47)
06-20 16:00:03.375  1894  3317 W ResourceLoader: 	at com.bumptech.glide.load.engine.DecodeJob.runGenerators(DecodeJob.java:311)
06-20 16:00:03.375  1894  3317 W ResourceLoader: 	at com.bumptech.glide.load.engine.DecodeJob.runWrapped(DecodeJob.java:277)
06-20 16:00:03.375  1894  3317 W ResourceLoader: 	at com.bumptech.glide.load.engine.DecodeJob.run(DecodeJob.java:235)
06-20 16:00:03.375  1894  3317 W ResourceLoader: 	at java.util.concurrent.ThreadPoolExecutor.runWorker(ThreadPoolExecutor.java:1167)
06-20 16:00:03.375  1894  3317 W ResourceLoader: 	at java.util.concurrent.ThreadPoolExecutor$Worker.run(ThreadPoolExecutor.java:641)
06-20 16:00:03.375  1894  3317 W ResourceLoader: 	at com.bumptech.glide.load.engine.executor.GlideExecutor$DefaultThreadFactory$1.run(GlideExecutor.java:421)
06-20 16:00:03.375  1894  3317 W ResourceLoader: 	at java.lang.Thread.run(Thread.java:923)
06-20 16:00:03.375  1894  3317 W ResourceLoader: 	at com.bumptech.glide.load.engine.executor.GlideExecutor$DefaultPriorityThreadFactory$1.run(GlideExecutor.java:380)
06-20 16:00:03.375  1894  3317 E oud.ui.launche: No package ID ff found for ID 0xffffffff.
06-20 16:00:03.376  1894  6498 D requestTopicData_TopicLearnDialog: {"data":"{\"progressData\":false,\"tracerData\":false,\"topicId\":\"37ebc3e0-57f7-11e7-913a-c3477d25de31\",\"topicName\":\"负数的定义\"}"}
06-20 16:00:03.377   894   912 I configuration_changed: 536872064
06-20 16:00:03.377  1894  3317 W ResourceLoader: Received invalid resource id: -1
06-20 16:00:03.377  1894  3317 W ResourceLoader: android.content.res.Resources$NotFoundException: Unable to find resource ID #0xffffffff
06-20 16:00:03.377  1894  3317 W ResourceLoader: 	at android.content.res.ResourcesImpl.getResourcePackageName(ResourcesImpl.java:295)
06-20 16:00:03.377  1894  3317 W ResourceLoader: 	at android.content.res.Resources.getResourcePackageName(Resources.java:2199)
06-20 16:00:03.377  1894  3317 W ResourceLoader: 	at com.bumptech.glide.load.model.ResourceLoader.getResourceUri(ResourceLoader.java:45)
06-20 16:00:03.377  1894  3317 W ResourceLoader: 	at com.bumptech.glide.load.model.ResourceLoader.buildLoadData(ResourceLoader.java:35)
06-20 16:00:03.377  1894  3317 W ResourceLoader: 	at com.bumptech.glide.load.model.ResourceLoader.buildLoadData(ResourceLoader.java:20)
06-20 16:00:03.377  1894  3317 W ResourceLoader: 	at com.bumptech.glide.load.engine.DecodeHelper.getLoadData(DecodeHelper.java:216)
06-20 16:00:03.377  1894  3317 W ResourceLoader: 	at com.bumptech.glide.load.engine.DecodeHelper.getCacheKeys(DecodeHelper.java:229)
06-20 16:00:03.377  1894  3317 W ResourceLoader: 	at com.bumptech.glide.load.engine.ResourceCacheGenerator.startNext(ResourceCacheGenerator.java:47)
06-20 16:00:03.377  1894  3317 W ResourceLoader: 	at com.bumptech.glide.load.engine.DecodeJob.runGenerators(DecodeJob.java:311)
06-20 16:00:03.377  1894  3317 W ResourceLoader: 	at com.bumptech.glide.load.engine.DecodeJob.runWrapped(DecodeJob.java:277)
06-20 16:00:03.377  1894  3317 W ResourceLoader: 	at com.bumptech.glide.load.engine.DecodeJob.run(DecodeJob.java:235)
06-20 16:00:03.377  1894  3317 W ResourceLoader: 	at java.util.concurrent.ThreadPoolExecutor.runWorker(ThreadPoolExecutor.java:1167)
06-20 16:00:03.377  1894  3317 W ResourceLoader: 	at java.util.concurrent.ThreadPoolExecutor$Worker.run(ThreadPoolExecutor.java:641)
06-20 16:00:03.377  1894  3317 W ResourceLoader: 	at com.bumptech.glide.load.engine.executor.GlideExecutor$DefaultThreadFactory$1.run(GlideExecutor.java:421)
06-20 16:00:03.377  1894  3317 W ResourceLoader: 	at java.lang.Thread.run(Thread.java:923)
06-20 16:00:03.377  1894  3317 W ResourceLoader: 	at com.bumptech.glide.load.engine.executor.GlideExecutor$DefaultPriorityThreadFactory$1.run(GlideExecutor.java:380)
06-20 16:00:03.377  1894  3317 E oud.ui.launche: No package ID ff found for ID 0xffffffff.
06-20 16:00:03.377  1894  3317 W ResourceLoader: Received invalid resource id: -1
06-20 16:00:03.377  1894  3317 W ResourceLoader: android.content.res.Resources$NotFoundException: Unable to find resource ID #0xffffffff
06-20 16:00:03.377  1894  3317 W ResourceLoader: 	at android.content.res.ResourcesImpl.getResourcePackageName(ResourcesImpl.java:295)
06-20 16:00:03.377  1894  3317 W ResourceLoader: 	at android.content.res.Resources.getResourcePackageName(Resources.java:2199)
06-20 16:00:03.377  1894  3317 W ResourceLoader: 	at com.bumptech.glide.load.model.ResourceLoader.getResourceUri(ResourceLoader.java:45)
06-20 16:00:03.377  1894  3317 W ResourceLoader: 	at com.bumptech.glide.load.model.ResourceLoader.buildLoadData(ResourceLoader.java:35)
06-20 16:00:03.377  1894  3317 W ResourceLoader: 	at com.bumptech.glide.load.model.ResourceLoader.buildLoadData(ResourceLoader.java:20)
06-20 16:00:03.377  1894  3317 W ResourceLoader: 	at com.bumptech.glide.load.engine.DecodeHelper.getLoadData(DecodeHelper.java:216)
06-20 16:00:03.377  1894  3317 W ResourceLoader: 	at com.bumptech.glide.load.engine.DecodeHelper.getCacheKeys(DecodeHelper.java:229)
06-20 16:00:03.377  1894  3317 W ResourceLoader: 	at com.bumptech.glide.load.engine.ResourceCacheGenerator.startNext(ResourceCacheGenerator.java:47)
06-20 16:00:03.377  1894  3317 W ResourceLoader: 	at com.bumptech.glide.load.engine.DecodeJob.runGenerators(DecodeJob.java:311)
06-20 16:00:03.377  1894  3317 W ResourceLoader: 	at com.bumptech.glide.load.engine.DecodeJob.runWrapped(DecodeJob.java:277)
06-20 16:00:03.377  1894  3317 W ResourceLoader: 	at com.bumptech.glide.load.engine.DecodeJob.run(DecodeJob.java:235)
06-20 16:00:03.377  1894  3317 W ResourceLoader: 	at java.util.concurrent.ThreadPoolExecutor.runWorker(ThreadPoolExecutor.java:1167)
06-20 16:00:03.377  1894  3317 W ResourceLoader: 	at java.util.concurrent.ThreadPoolExecutor$Worker.run(ThreadPoolExecutor.java:641)
06-20 16:00:03.377  1894  3317 W ResourceLoader: 	at com.bumptech.glide.load.engine.executor.GlideExecutor$DefaultThreadFactory$1.run(GlideExecutor.java:421)
06-20 16:00:03.377  1894  3317 W ResourceLoader: 	at java.lang.Thread.run(Thread.java:923)
06-20 16:00:03.377  1894  3317 W ResourceLoader: 	at com.bumptech.glide.load.engine.executor.GlideExecutor$DefaultPriorityThreadFactory$1.run(GlideExecutor.java:380)
06-20 16:00:03.377  1894  3317 E oud.ui.launche: No package ID ff found for ID 0xffffffff.
06-20 16:00:03.378  1894  1894 I wm_on_top_resumed_gained_called: [85835453,com.yangcong345.padmodule.new_home.PadHomeActivity,topWhenResuming]
06-20 16:00:03.379  1894  1894 V PhoneWindow: DecorView setVisiblity: visibility = 0, Parent = android.view.ViewRootImpl@b51f732, this = DecorView@de3ac83[PadHomeActivity]
06-20 16:00:03.381  1894  3317 W ResourceLoader: Received invalid resource id: -1
06-20 16:00:03.381  1894  3317 W ResourceLoader: android.content.res.Resources$NotFoundException: Unable to find resource ID #0xffffffff
06-20 16:00:03.381  1894  3317 W ResourceLoader: 	at android.content.res.ResourcesImpl.getResourcePackageName(ResourcesImpl.java:295)
06-20 16:00:03.381  1894  3317 W ResourceLoader: 	at android.content.res.Resources.getResourcePackageName(Resources.java:2199)
06-20 16:00:03.381  1894  3317 W ResourceLoader: 	at com.bumptech.glide.load.model.ResourceLoader.getResourceUri(ResourceLoader.java:45)
06-20 16:00:03.381  1894  3317 W ResourceLoader: 	at com.bumptech.glide.load.model.ResourceLoader.buildLoadData(ResourceLoader.java:35)
06-20 16:00:03.381  1894  3317 W ResourceLoader: 	at com.bumptech.glide.load.model.ResourceLoader.buildLoadData(ResourceLoader.java:20)
06-20 16:00:03.381  1894  3317 W ResourceLoader: 	at com.bumptech.glide.load.engine.DecodeHelper.getLoadData(DecodeHelper.java:216)
06-20 16:00:03.381  1894  3317 W ResourceLoader: 	at com.bumptech.glide.load.engine.DecodeHelper.getCacheKeys(DecodeHelper.java:229)
06-20 16:00:03.381  1894  3317 W ResourceLoader: 	at com.bumptech.glide.load.engine.ResourceCacheGenerator.startNext(ResourceCacheGenerator.java:47)
06-20 16:00:03.381  1894  3317 W ResourceLoader: 	at com.bumptech.glide.load.engine.DecodeJob.runGenerators(DecodeJob.java:311)
06-20 16:00:03.381  1894  3317 W ResourceLoader: 	at com.bumptech.glide.load.engine.DecodeJob.runWrapped(DecodeJob.java:277)
06-20 16:00:03.381  1894  3317 W ResourceLoader: 	at com.bumptech.glide.load.engine.DecodeJob.run(DecodeJob.java:235)
06-20 16:00:03.381  1894  3317 W ResourceLoader: 	at java.util.concurrent.ThreadPoolExecutor.runWorker(ThreadPoolExecutor.java:1167)
06-20 16:00:03.381  1894  3317 W ResourceLoader: 	at java.util.concurrent.ThreadPoolExecutor$Worker.run(ThreadPoolExecutor.java:641)
06-20 16:00:03.381  1894  3317 W ResourceLoader: 	at com.bumptech.glide.load.engine.executor.GlideExecutor$DefaultThreadFactory$1.run(GlideExecutor.java:421)
06-20 16:00:03.381  1894  3317 W ResourceLoader: 	at java.lang.Thread.run(Thread.java:923)
06-20 16:00:03.381  1894  3317 W ResourceLoader: 	at com.bumptech.glide.load.engine.executor.GlideExecutor$DefaultPriorityThreadFactory$1.run(GlideExecutor.java:380)
06-20 16:00:03.382  1894  6488 D CacheInterceptor: requestRemoteOnly
06-20 16:00:03.382   894  3745 I InputDispatcher: setInputWindows displayId=0 Window{86013db u0 NavigationBar0} Window{3ca9716 u0 StatusBar} recents_animation_input_consumer Window{f76ed9a u0 com.yangcong345.cloud.ui.launcher/com.yangcong345.padmodule.new_home.PadHomeActivity} Window{352023e u0 com.yangcong345.cloud.ui.launcher/com.yangcong345.padmodule.new_home.PadHomeActivity} Window{edac04 u0 com.android.systemui.ImageWallpaper}
06-20 16:00:03.382   894  3745 I InputDispatcher: Focus entered window: Window{f76ed9a u0 com.yangcong345.cloud.ui.launcher/com.yangcong345.padmodule.new_home.PadHomeActivity} in display 0
06-20 16:00:03.385   894   912 I ActivityTaskManager: Config changes=20000480 {1.02 ?mcc?mnc [zh_CN] ldltr sw600dp w960dp h576dp 320dpi lrg land finger -keyb/v/h -nav/h winConfig={ mBounds=Rect(0, 0 - 1920, 1200) mAppBounds=Rect(0, 0 - 1920, 1200) mWindowingMode=fullscreen mDisplayWindowingMode=fullscreen mActivityType=undefined mAlwaysOnTop=undefined mRotation=ROTATION_90} s.935}
06-20 16:00:03.388  1894  2765 D DataSailMapper: get instance by url: intelligent-hardware.cn-beijing.log.aliyuncs.com/logstores/ui-launcher-debug-store/shards/lb
06-20 16:00:03.391  1894  2765 I System.out: [okhttp]:check permission begin!
06-20 16:00:03.391  1894  2765 I System.out: [okhttp]:not MMS!
06-20 16:00:03.391  1894  2765 I System.out: [okhttp]:not Email!
06-20 16:00:03.393  1894  2765 I System.out: [OkHttp] sendRequest<<
06-20 16:00:03.394  1894  2764 D DataSailMapper: get instance by url: intelligent-hardware.cn-beijing.log.aliyuncs.com/logstores/ui-launcher-debug-store/shards/lb
06-20 16:00:03.395  1894  2764 I System.out: [okhttp]:check permission begin!
06-20 16:00:03.395  1894  2764 I System.out: [okhttp]:not MMS!
06-20 16:00:03.395  1894  2764 I System.out: [okhttp]:not Email!
06-20 16:00:03.397  1894  2764 I System.out: [OkHttp] sendRequest<<
06-20 16:00:03.398   894  3745 I InputDispatcher: setInputWindows displayId=0 Window{86013db u0 NavigationBar0} Window{3ca9716 u0 StatusBar} recents_animation_input_consumer Window{f76ed9a u0 com.yangcong345.cloud.ui.launcher/com.yangcong345.padmodule.new_home.PadHomeActivity} Window{352023e u0 com.yangcong345.cloud.ui.launcher/com.yangcong345.padmodule.new_home.PadHomeActivity} Window{edac04 u0 com.android.systemui.ImageWallpaper}
06-20 16:00:03.402   894   912 I WindowManager: Override config changes=20000480 {1.02 ?mcc?mnc [zh_CN] ldltr sw600dp w960dp h576dp 320dpi lrg land finger -keyb/v/h -nav/h winConfig={ mBounds=Rect(0, 0 - 1920, 1200) mAppBounds=Rect(0, 0 - 1920, 1200) mWindowingMode=fullscreen mDisplayWindowingMode=fullscreen mActivityType=undefined mAlwaysOnTop=undefined mRotation=ROTATION_90} s.935} for displayId=0
06-20 16:00:03.404  1850  1850 I Matrix.ActivityThreadHacker: [handleMessage] msg.what:159 begin:4734164 isLaunchActivity:false SDK_INT=30
06-20 16:00:03.404  1850  1850 I Matrix.ActivityThreadHacker: [handleMessage] msg.what:159 begin:4734165 isLaunchActivity:false SDK_INT=30
06-20 16:00:03.405   894   912 I sysui_multi_action: [757,1659,758,4,759,2,1660,0]
06-20 16:00:03.406   894  3745 V SettingsProvider: name : hide_rotation_lock_toggle_for_accessibility appId : 10115
06-20 16:00:03.407   894  3745 V SettingsProvider: Package name : com.android.systemui privateFlags : -1938812824
06-20 16:00:03.415   894  1160 I InputDispatcher: setInputWindows displayId=0 Window{86013db u0 NavigationBar0} Window{3ca9716 u0 StatusBar} recents_animation_input_consumer Window{f76ed9a u0 com.yangcong345.cloud.ui.launcher/com.yangcong345.padmodule.new_home.PadHomeActivity} Window{352023e u0 com.yangcong345.cloud.ui.launcher/com.yangcong345.padmodule.new_home.PadHomeActivity} Window{edac04 u0 com.android.systemui.ImageWallpaper}
06-20 16:00:03.416   894  1281 V SettingsProvider: name : accelerometer_rotation appId : 1000
06-20 16:00:03.416   894  1281 V SettingsProvider: name : user_rotation appId : 1000
06-20 16:00:03.416   516   516 I hwcomposer: [DBQ] (q2:0xb400007867f79aa0) Buffer queue is created with size(3), m_id(132)
06-20 16:00:03.416   516   516 I hwcomposer: [DBQ] (q2:0xb400007867f79aa0) Reallocate Slot(0), pool(0 -> 0) size(0 -> 9216000)
06-20 16:00:03.417   516   516 I hwcomposer: [DBQ] (q2:0xb400007867f79aa0) Alloc Slot(0), handle=0xb400007827f78a70 c=0 w=1200 h=1920 p=1200 ys=1200 vs=1920 f=1
06-20 16:00:03.418   894   912 I InputManager-JNI: Viewport [0] to add: local:0, isActive: true
06-20 16:00:03.418   516   670 D MDP     : DpAsyncBlit: in: job (79 61) (1200, 48, 4800, 0, C2s, P0), sec0, flush 0 Buffer 39: plane=1 bufVA={0x44,0x0,0x0} bufMVA={0x0,0x0,0x0} bufSize={0x38400,0x0,0x0} proxy={0xb4000077a7f80bc0,0x0,0x0}fence=61
06-20 16:00:03.418   516   670 D MDP     : DpAsyncBlit: out0: (48, 1200, 4800, 0, C2s, P0), misc: (X:0, Y:0, R:90, F:0, S:0, A:0, D:0), sec0, flush 0 Buffer 39: plane=1 bufVA={0x4e,0x0,0x0} bufMVA={0x0,0x0,0x0} bufSize={0x8ca000,0x0,0x0} proxy={0xb4000077a7f818e0,0x0,0x0}fence=-1
06-20 16:00:03.418   516   670 D MDP     : DpAsyncBlit: crop0: (0, 0, 1200, 48, 0, 0, 0, 0)
06-20 16:00:03.423  1242  1242 V NavigationBarView: home = true
06-20 16:00:03.423  1242  1242 V NavigationBarView: recent = true
06-20 16:00:03.423  1242  1242 V NavigationBarView: back = true
06-20 16:00:03.427   548   937 I BufferQueueProducer: [com.yangcong345.cloud.ui.launcher/com.yangcong345.padmodule.new_home.PadHomeActivity#1](id:22400000028,api:1,p:1894,c:548) disconnect(): api=1
06-20 16:00:03.428   894  1044 I InputReader: Reconfiguring input devices, changes=DISPLAY_INFO |
06-20 16:00:03.428   894  1044 I InputReader: Device reconfigured: id=5, name='mtk-common', size 1200x1920, orientation 1, mode 1, display id 0
06-20 16:00:03.428   894  1044 I InputReader: Device reconfigured: id=4, name='mtk-tpd', size 1200x1920, orientation 1, mode 1, display id 0
06-20 16:00:03.429   548   936 I BufferQueueProducer: [com.yangcong345.cloud.ui.launcher/com.yangcong345.padmodule.new_home.PadHomeActivity#1](id:22400000028,api:1,p:1894,c:548) connect(): api=1 producerControlledByApp=false
06-20 16:00:03.432  1242  1242 D StatusBar: disable<e i a s b h r c s > disable2<q i n >
06-20 16:00:03.433  1242  1242 D View    : [Warning] assignParent to null: this = com.android.systemui.assist.AssistOrbContainer{6a1d352 G.E...... ......ID 0,0-1200,500}
06-20 16:00:03.431   894  1280 I InputDispatcher: setInputWindows displayId=0 Window{86013db u0 NavigationBar0} Window{3ca9716 u0 StatusBar} recents_animation_input_consumer Window{f76ed9a u0 com.yangcong345.cloud.ui.launcher/com.yangcong345.padmodule.new_home.PadHomeActivity} Window{352023e u0 com.yangcong345.cloud.ui.launcher/com.yangcong345.padmodule.new_home.PadHomeActivity} Window{edac04 u0 com.android.systemui.ImageWallpaper}
06-20 16:00:03.433   516   516 I hwcomposer: [DBQ] (q2:0xb400007867f79aa0) Reallocate Slot(1), pool(0 -> 0) size(0 -> 9216000)
06-20 16:00:03.435   516   516 I hwcomposer: [DBQ] (q2:0xb400007867f79aa0) Alloc Slot(1), handle=0xb400007827f79db0 c=0 w=1200 h=1920 p=1200 ys=1200 vs=1920 f=1
06-20 16:00:03.435   548   608 I SurfaceFlinger: [SF client] NEW(0xb40000709a0383b0) for (1242:com.android.systemui)
06-20 16:00:03.437  1242  1242 D ViewRootImpl[AssistPreviewPanel]: hardware acceleration = true , fakeHwAccelerated = false, sRendererDisabled = false, forceHwAccelerated = false, sSystemRendererDisabled = false
06-20 16:00:03.443  1242  1242 I InputTransport: Create ARC handle: 0xb4000075390ba570
06-20 16:00:03.445  1894  2764 D DataSailMapper: get instance by url: intelligent-hardware.cn-beijing.log.aliyuncs.com/logstores/ui-launcher-debug-store/shards/lb
06-20 16:00:03.446  1894  2764 I System.out: [okhttp]:check permission begin!
06-20 16:00:03.446  1894  2764 I System.out: [okhttp]:not MMS!
06-20 16:00:03.446  1894  2764 I System.out: [okhttp]:not Email!
06-20 16:00:03.447   894  1567 I InputDispatcher: setInputWindows displayId=0 Window{86013db u0 NavigationBar0} Window{3ca9716 u0 StatusBar} recents_animation_input_consumer Window{f76ed9a u0 com.yangcong345.cloud.ui.launcher/com.yangcong345.padmodule.new_home.PadHomeActivity} Window{352023e u0 com.yangcong345.cloud.ui.launcher/com.yangcong345.padmodule.new_home.PadHomeActivity} Window{edac04 u0 com.android.systemui.ImageWallpaper}
06-20 16:00:03.449   516   516 I hwcomposer: [DBQ] (q2:0xb400007867f79aa0) Reallocate Slot(2), pool(0 -> 0) size(0 -> 9216000)
06-20 16:00:03.450   516   516 I hwcomposer: [DBQ] (q2:0xb400007867f79aa0) Alloc Slot(2), handle=0xb400007827f72a30 c=0 w=1200 h=1920 p=1200 ys=1200 vs=1920 f=1
06-20 16:00:03.452  1894  1894 W Glide   : Load failed for [-1] with dimensions [116x116]
06-20 16:00:03.452  1894  1894 W Glide   : class com.bumptech.glide.load.engine.GlideException: Failed to load resource
06-20 16:00:03.453  1894  2764 I System.out: [OkHttp] sendRequest<<
06-20 16:00:03.454  1894  6511 D CacheInterceptor: requestRemoteFirst
06-20 16:00:03.457  1894  2765 D DataSailMapper: get instance by url: intelligent-hardware.cn-beijing.log.aliyuncs.com/logstores/ui-launcher-debug-store/shards/lb
06-20 16:00:03.458  1894  2765 I System.out: [okhttp]:check permission begin!
06-20 16:00:03.458  1894  2765 I System.out: [okhttp]:not MMS!
06-20 16:00:03.458  1894  2765 I System.out: [okhttp]:not Email!
06-20 16:00:03.460  1894  2765 I System.out: [OkHttp] sendRequest<<
06-20 16:00:03.462  1894  6511 D CacheInterceptor: request local cache success
06-20 16:00:03.464   894  1280 I InputDispatcher: setInputWindows displayId=0 Window{86013db u0 NavigationBar0} Window{3ca9716 u0 StatusBar} recents_animation_input_consumer Window{f76ed9a u0 com.yangcong345.cloud.ui.launcher/com.yangcong345.padmodule.new_home.PadHomeActivity} Window{352023e u0 com.yangcong345.cloud.ui.launcher/com.yangcong345.padmodule.new_home.PadHomeActivity} Window{edac04 u0 com.android.systemui.ImageWallpaper}
06-20 16:00:03.465   516   516 I hwcomposer: [HWCLayer] setHwlayerType(), id:132, release queue sp, type 3 -> 0
06-20 16:00:03.465   516   516 I hwcomposer: [DBQ] (q2:0xb400007867f79aa0) Buffer queue is destroyed, m_id(132)
06-20 16:00:03.465   516   516 I hwcomposer: [DBQ] (q2:0xb400007867f79aa0) ~DisplayBufferQueue(), m_id(132), release buf
06-20 16:00:03.465   516   516 I hwcomposer: [DBQ] (q2:0xb400007867f79aa0) Free Slot(0), handle=0xb400007827f78a70, 9216000 -> 0
06-20 16:00:03.465   516   516 I hwcomposer: [DBQ] (q2:0xb400007867f79aa0) Free Slot(1), handle=0xb400007827f79db0, 9216000 -> 0
06-20 16:00:03.465   516   516 I hwcomposer: [DBQ] (q2:0xb400007867f79aa0) Free Slot(2), handle=0xb400007827f72a30, 9216000 -> 0
06-20 16:00:03.472   740   772 I Proximity: distance = 2
06-20 16:00:03.476   548   608 I BufferQueueProducer: [NavigationBar0#0](id:22400000004,api:1,p:1242,c:548) disconnect(): api=1
06-20 16:00:03.476   548   608 I BufferQueueProducer: [NavigationBar0#0](id:22400000004,api:1,p:1242,c:548) connect(): api=1 producerControlledByApp=false
06-20 16:00:03.480   894  1567 I InputDispatcher: setInputWindows displayId=0 Window{86013db u0 NavigationBar0} Window{3ca9716 u0 StatusBar} recents_animation_input_consumer Window{f76ed9a u0 com.yangcong345.cloud.ui.launcher/com.yangcong345.padmodule.new_home.PadHomeActivity} Window{352023e u0 com.yangcong345.cloud.ui.launcher/com.yangcong345.padmodule.new_home.PadHomeActivity} Window{edac04 u0 com.android.systemui.ImageWallpaper}
06-20 16:00:03.482   548   937 I BufferQueueProducer: [com.yangcong345.cloud.ui.launcher/com.yangcong345.padmodule.new_home.PadHomeActivity#1](id:22400000028,api:1,p:1894,c:548) disconnect(): api=1
06-20 16:00:03.482   548   937 I BufferQueueProducer: [com.yangcong345.cloud.ui.launcher/com.yangcong345.padmodule.new_home.PadHomeActivity#1](id:22400000028,api:1,p:1894,c:548) connect(): api=1 producerControlledByApp=false
06-20 16:00:03.497   894  1280 I InputDispatcher: setInputWindows displayId=0 Window{86013db u0 NavigationBar0} Window{3ca9716 u0 StatusBar} recents_animation_input_consumer Window{f76ed9a u0 com.yangcong345.cloud.ui.launcher/com.yangcong345.padmodule.new_home.PadHomeActivity} Window{352023e u0 com.yangcong345.cloud.ui.launcher/com.yangcong345.padmodule.new_home.PadHomeActivity} Window{edac04 u0 com.android.systemui.ImageWallpaper}
06-20 16:00:03.500   548   936 I BufferQueueProducer: [com.yangcong345.cloud.ui.launcher/com.yangcong345.padmodule.new_home.PadHomeActivity#0](id:2240000000b,api:1,p:1894,c:548) disconnect(): api=1
06-20 16:00:03.501   548   937 I BufferQueueProducer: [com.yangcong345.cloud.ui.launcher/com.yangcong345.padmodule.new_home.PadHomeActivity#0](id:2240000000b,api:1,p:1894,c:548) connect(): api=1 producerControlledByApp=false
06-20 16:00:03.506  1242  1242 V NavigationBarView: home = true
06-20 16:00:03.507  1242  1242 V NavigationBarView: recent = true
06-20 16:00:03.507  1242  1242 V NavigationBarView: back = true
06-20 16:00:03.507   894  1099 E WifiVendorHal: getWifiLinkLayerStats_1_3_Internal(l.973) failed {.code = ERROR_NOT_SUPPORTED, .description = }
06-20 16:00:03.512   894  1567 I InputDispatcher: setInputWindows displayId=0 Window{86013db u0 NavigationBar0} Window{3ca9716 u0 StatusBar} recents_animation_input_consumer Window{f76ed9a u0 com.yangcong345.cloud.ui.launcher/com.yangcong345.padmodule.new_home.PadHomeActivity} Window{352023e u0 com.yangcong345.cloud.ui.launcher/com.yangcong345.padmodule.new_home.PadHomeActivity} Window{edac04 u0 com.android.systemui.ImageWallpaper}
06-20 16:00:03.512  1894  2764 D DataSailMapper: get instance by url: intelligent-hardware.cn-beijing.log.aliyuncs.com/logstores/ui-launcher-debug-store/shards/lb
06-20 16:00:03.512  1894  2765 D DataSailMapper: get instance by url: intelligent-hardware.cn-beijing.log.aliyuncs.com/logstores/ui-launcher-debug-store/shards/lb
06-20 16:00:03.513  1894  2765 I System.out: [okhttp]:check permission begin!
06-20 16:00:03.513  1894  2765 I System.out: [okhttp]:not MMS!
06-20 16:00:03.513  1894  2765 I System.out: [okhttp]:not Email!
06-20 16:00:03.514  1894  2764 I System.out: [okhttp]:check permission begin!
06-20 16:00:03.514  1894  2764 I System.out: [okhttp]:not MMS!
06-20 16:00:03.514  1894  2764 I System.out: [okhttp]:not Email!
06-20 16:00:03.519  1242  1242 I InputTransport: Destroy ARC handle: 0xb4000075390b3250
06-20 16:00:03.522  1894  2764 I System.out: [OkHttp] sendRequest<<
06-20 16:00:03.522  1894  2765 I System.out: [OkHttp] sendRequest<<
06-20 16:00:03.528   894  1332 I InputDispatcher: setInputWindows displayId=0 Window{86013db u0 NavigationBar0} Window{3ca9716 u0 StatusBar} recents_animation_input_consumer Window{f76ed9a u0 com.yangcong345.cloud.ui.launcher/com.yangcong345.padmodule.new_home.PadHomeActivity} Window{352023e u0 com.yangcong345.cloud.ui.launcher/com.yangcong345.padmodule.new_home.PadHomeActivity} Window{edac04 u0 com.android.systemui.ImageWallpaper}
06-20 16:00:03.529  1894  6489 D OnionHttp_httpLog: {"requestHeaders":"omvd: yangcong345Y2U4NGM5NTcwYjY1NmNiYw\nomvd-user-agent: Dalvik/2.1.0 (Linux; U; Android 11; Q20 Build/RP1A.200720.011)\nabc: Bearer eyJhbGciOiJIUzI1NiIsInR5cCI6IkpXVCJ9.eyJpZCI6IjY1NDFmODA4MzUwY2EzMDAwMTAzNjQxZCIsInNuIjoiUTIwMFBSaVJrMjkwMTMyNyIsInJvbGUiOiJzdHVkZW50IiwiZXh0cmEiOiIiLCJleHBpcmVzSW4iOiIzMGQiLCJhdWQiOiJ1c2VyIiwiZXhwIjoxNzIxNDU3NzQyLCJqdGkiOiI1NmUwYTViMi1jNDgwLTQwZDQtYTI1Ni01MjYwZTE0NGU1YWQiLCJpYXQiOjE3MTg4NjU3NDIsImlzcyI6InRva2VuLXNlcnZlciIsInN1YiI6IjY1NDFmODA4MzUwY2EzMDAwMTAzNjQxZCJ9.joUz5CJc2Rp3hUaPrTS3GxdSGNpqOYwrNzrqZf0MODY\nAuthorization: ██\neventTime: 1718870403377\nclient-type: android-app\nclient-version: 2.3.0\nonion-version: 7.58.1\nclient-channel: launcher\nclient-category: manager\ndeviceBrand: YCXQ\ndeviceModel: Q20\nSNId: Q200PRiRk2901327\ntimestamp: 1718870403377\nappid: 95C88397-C317-42B1-BF19-BEA82FF8D763\nisCustomPad: true\nsign: EB7C6D21EC0D1AE2BB25F51B98DDD6B5\n","responseHeaders":"access-control-allow-headers: *\naccess-control-allow-methods: GET,HEAD,POST,PUT,OPTIONS,DELETE\naccess-control-allow-origin: *\naccess-control-expose-headers: Authorization,Content-Range,Date,params-style\naccess-control-max-age: 3600\nauth: succ\ncheck-device: true\ncontent-type: application/json; charset\u003dutf-8\ndate: Thu, 20 Jun 2024 08:00:03 GMT\njwt: true\nroute-name: to-customer-end\nskip-customer-check-plugin: true\nstrict-transport-security: max-age\u003d15724800; includeSubDomains\ntoken-verify: true\nuse-gray-customer-end: false\nvary: Origin, Accept-Encoding\n","responseBody":"{\n    \"errcode\": 0,\n    \"userId\": \"6541f808350ca3000103641d\",\n    \"ok\": true,\n    \"auth\": {\n        \"collectionCourses\": [],\n        \"correction\": [],\n        \"examPaper\": [],\n        \"m2\": [],\n        \"problemAnalysisTrial\": [],\n        \"problemTrial\": [],\n        \"publicTextbook\": [],\n        \"publicTextbookTrial\": [],\n        \"specialCourse\": [\n            {\n                \"id\": \"a635ded0-478a-11ec-99c2-7367123a3632\",\n                \"expired\": false,\n                \"expireTime\": \"2024-07-10T15:59:59.999Z\",\n                \"authId\": \"eebb7c86-0d8e-478b-a892-a83f876937e7\",\n                \"sourceType\": \"buy\",\n                \"sourceId\": \"6613646840712d152eaf4080\"\n            },\n            {\n                \"id\": \"1b614773-2306-11ef-8158-d69155145e4d\",\n                \"expired\": false,\n                \"expireTime\": \"2028-08-25T15:59:59.999Z\",\n                \"authId\": \"c587b414-5ba5-46f8-a468-55208b590b67\",\n                \"sourceType\": \"新课程补发\",\n                \"sourceId\": \"2024-04\"\n            },\n            {\n                \"id\": \"fdb3599a-015f-11ef-8577-9e782df4fecc\",\n                \"expired\": false,\n                \"expireTime\": \"2028-08-25T15:59:59.999Z\",\n                \"authId\": \"7ecf4627-8214-4d44-bb77-80098020c693\",\n                \"sourceType\": \"新课程补发\",\n                \"sourceId\": \"2024-04\"\n            },\n            {\n                \"id\": \"11f3faf6-75fd-11ed-a6cc-ea3c33132486\",\n                \"expired\": false,\n                \"expireTime\": \"2026-10-25T15:59:59.999Z\",\n                \"authId\": \"608dc927-a00b-4382-81a3-f0c3ed420149\",\n                \"sourceType\": \"buy\",\n                \"sourceId\": \"6613646840712d152eaf4080\"\n            },\n            {\n                \"id\": \"572ae290-478a-11ec-a589-e52a584942a3\",\n                \"expired\": false,\n                \"expireTime\": \"2025-04-19T15:59:59.999Z\",\n                \"authId\": \"02cd422d-2aa4-4d15-928e-8bc97f81d0f8\",\n                \"sourceType\": \"buy\",\n                \"sourceId\": \"6618d247f98090746b9b1756\"\n            },\n            {\n                \"id\": \"777c4f0e-5c16-11ed-ba0c-ba0ab9872e3a\",\n                \"expired\": false,\n                \"expireTime\": \"2026-10-25T15:59:59.999Z\",\n                \"authId\": \"ab5d001c-2608-4931-abaa-f6de3ac274e0\",\n
06-20 16:00:03.531   548   938 I BufferQueueProducer: [NavigationBar0#0](id:22400000004,api:1,p:1242,c:548) disconnect(): api=1
06-20 16:00:03.532   548   938 I BufferQueueProducer: [NavigationBar0#0](id:22400000004,api:1,p:1242,c:548) connect(): api=1 producerControlledByApp=false
06-20 16:00:03.538  1894  6491 D request_importantNotice: {"data":"{\"fromNoticeActivity\":false}"}
06-20 16:00:03.544   894  1332 I InputDispatcher: setInputWindows displayId=0 Window{86013db u0 NavigationBar0} Window{3ca9716 u0 StatusBar} recents_animation_input_consumer Window{f76ed9a u0 com.yangcong345.cloud.ui.launcher/com.yangcong345.padmodule.new_home.PadHomeActivity} Window{352023e u0 com.yangcong345.cloud.ui.launcher/com.yangcong345.padmodule.new_home.PadHomeActivity} Window{edac04 u0 com.android.systemui.ImageWallpaper}
06-20 16:00:03.548  6572  6572 I Monkey  : :Sending Touch (ACTION_DOWN): 0:(1116.0,724.0)
06-20 16:00:03.549   516   516 I hwcomposer: [HWCDisplay] [Display_0 (type:1)] fps:62.247818,dur:1012.08,max:21.14,min:6.35
06-20 16:00:03.552   532   589 I libPowerHal: [perfLockAcq] idx:1 hdl:100 hint:25 pid:532 duration:10000 => ret_hdl:100
06-20 16:00:03.552   532   589 I libPowerHal: [PE] scn:1 hdl:100 hint:25 comm:mtkpower@1.0-se pid:532
06-20 16:00:03.552   532   589 I libPowerHal: [PE] MTKPOWER_HINT_APP_TOUCH update cmd:3408600 param:1
06-20 16:00:03.555  6572  6572 I Monkey  : :Sending Touch (ACTION_UP): 0:(1116.8796,703.9431)
06-20 16:00:03.556   548   608 I BufferQueueProducer: [StatusBar#0](id:22400000006,api:1,p:1242,c:548) disconnect(): api=1
06-20 16:00:03.557   532   589 I libPowerHal: [perfLockRel] hdl:100, idx:1
06-20 16:00:03.557   532   589 I libPowerHal: [PD] scn:1 hdl:100 hint:25 comm:mtkpower@1.0-se pid:532
06-20 16:00:03.557   532   589 I libPowerHal: [PD] MTKPOWER_HINT_APP_TOUCH update cmd:3408600 param:0
06-20 16:00:03.558   532   560 I mtkpower@impl: [setMode] type:5, enabled:0
06-20 16:00:03.559   532   589 I libPowerHal: [perfLockRel] hdl:97, idx:0
06-20 16:00:03.559   532   589 I libPowerHal: [PD] scn:0 hdl:97 hint:11 comm:mtkpower@1.0-se pid:532
06-20 16:00:03.559   894  1332 I wm_destroy_activity: [0,31631272,56,com.yangcong345.android.phone/com.yangcong345.main.phone.splash.SplashActivity,finish-imm:idle]
06-20 16:00:03.560   894  1567 I InputDispatcher: setInputWindows displayId=0 Window{86013db u0 NavigationBar0} Window{3ca9716 u0 StatusBar} recents_animation_input_consumer Window{f76ed9a u0 com.yangcong345.cloud.ui.launcher/com.yangcong345.padmodule.new_home.PadHomeActivity} Window{352023e u0 com.yangcong345.cloud.ui.launcher/com.yangcong345.padmodule.new_home.PadHomeActivity} Window{edac04 u0 com.android.systemui.ImageWallpaper}
06-20 16:00:03.561  1894  6346 D OnionHttp_httpLog: {"requestHeaders":"omvd: yangcong345Y2U4NGM5NTcwYjY1NmNiYw\nomvd-user-agent: Dalvik/2.1.0 (Linux; U; Android 11; Q20 Build/RP1A.200720.011)\nabc: Bearer eyJhbGciOiJIUzI1NiIsInR5cCI6IkpXVCJ9.eyJpZCI6IjY1NDFmODA4MzUwY2EzMDAwMTAzNjQxZCIsInNuIjoiUTIwMFBSaVJrMjkwMTMyNyIsInJvbGUiOiJzdHVkZW50IiwiZXh0cmEiOiIiLCJleHBpcmVzSW4iOiIzMGQiLCJhdWQiOiJ1c2VyIiwiZXhwIjoxNzIxNDU3NzQyLCJqdGkiOiI1NmUwYTViMi1jNDgwLTQwZDQtYTI1Ni01MjYwZTE0NGU1YWQiLCJpYXQiOjE3MTg4NjU3NDIsImlzcyI6InRva2VuLXNlcnZlciIsInN1YiI6IjY1NDFmODA4MzUwY2EzMDAwMTAzNjQxZCJ9.joUz5CJc2Rp3hUaPrTS3GxdSGNpqOYwrNzrqZf0MODY\nAuthorization: ██\neventTime: 1718870403385\nclient-type: android-app\nclient-version: 2.3.0\nonion-version: 7.58.1\nclient-channel: launcher\nclient-category: manager\ndeviceBrand: YCXQ\ndeviceModel: Q20\nSNId: Q200PRiRk2901327\ntimestamp: 1718870403385\nappid: 95C88397-C317-42B1-BF19-BEA82FF8D763\nisCustomPad: true\nsign: A101888322B87051A5D448EAB4B074AE\n","responseHeaders":"access-control-allow-headers: *\naccess-control-allow-methods: GET,HEAD,POST,PUT,OPTIONS,DELETE\naccess-control-allow-origin: *\naccess-control-expose-headers: Authorization,Content-Range,Date,params-style\naccess-control-max-age: 3600\nauth: succ\ncheck-device: true\ncontent-type: application/json\ndate: Thu, 20 Jun 2024 08:00:03 GMT\njwt: true\nroute-name: to-customer-end\nskip-customer-check-plugin: true\nstrict-transport-security: max-age\u003d15724800; includeSubDomains\nuse-gray-customer-end: false\nvary: Origin, Accept-Encoding\ncontent-length: 2\n","responseBody":"{}","method":"POST","requestBody":"{\"events\":[{\"code\":\"openCustomPad\",\"custom\":{},\"val\":1}],\"userId\":\"6541f808350ca3000103641d\"}","url":"https://api-test.yangcong345.com/event-trigger/clear/event","responseCode":200}
06-20 16:00:03.564   532   589 I libPowerHal: [perfLockRel] hdl:99, idx:2
06-20 16:00:03.564   532   589 I libPowerHal: [PD] scn:2 hdl:99 hint:22 comm:mtkpower@1.0-se pid:532
06-20 16:00:03.565   532   589 I libPowerHal: MTKPOWER_HINT_PACK_SWITCH: cpu_ctrl set cpu freq: -1 -1 -1 -1
06-20 16:00:03.565   532   589 I libPowerHal: [PD] MTKPOWER_HINT_PACK_SWITCH update cmd:1000000, param:-1
06-20 16:00:03.565   532   589 I libPowerHal: [PD] MTKPOWER_HINT_PACK_SWITCH update cmd:1408300 param:0
06-20 16:00:03.566   532   589 I libPowerHal: [PD] MTKPOWER_HINT_PACK_SWITCH update cmd:1000000 param:-1
06-20 16:00:03.568  1850  2246 I System.out: [OkHttp] sendRequest<<
06-20 16:00:03.571   548   608 I BufferQueueProducer: [StatusBar#0](id:22400000006,api:1,p:1242,c:548) connect(): api=1 producerControlledByApp=false
06-20 16:00:03.572  6572  6572 I Monkey  : Sleeping for 1000 milliseconds
06-20 16:00:03.581   894  1332 I InputDispatcher: setInputWindows displayId=0 Window{86013db u0 NavigationBar0} Window{3ca9716 u0 StatusBar} recents_animation_input_consumer Window{f76ed9a u0 com.yangcong345.cloud.ui.launcher/com.yangcong345.padmodule.new_home.PadHomeActivity} Window{352023e u0 com.yangcong345.cloud.ui.launcher/com.yangcong345.padmodule.new_home.PadHomeActivity} Window{edac04 u0 com.android.systemui.ImageWallpaper}
06-20 16:00:03.585  1894  2764 D DataSailMapper: get instance by url: intelligent-hardware.cn-beijing.log.aliyuncs.com/logstores/ui-launcher-debug-store/shards/lb
06-20 16:00:03.586  1894  2765 D DataSailMapper: get instance by url: intelligent-hardware.cn-beijing.log.aliyuncs.com/logstores/ui-launcher-debug-store/shards/lb
06-20 16:00:03.586  1894  2764 I System.out: [okhttp]:check permission begin!
06-20 16:00:03.586  1894  2764 I System.out: [okhttp]:not MMS!
06-20 16:00:03.586  1894  2764 I System.out: [okhttp]:not Email!
06-20 16:00:03.586  1894  2765 I System.out: [okhttp]:check permission begin!
06-20 16:00:03.586  1894  2765 I System.out: [okhttp]:not MMS!
06-20 16:00:03.586  1894  2765 I System.out: [okhttp]:not Email!
06-20 16:00:03.587  1894  5871 D OnionHttp_httpLog: {"requestHeaders":"omvd: yangcong345Y2U4NGM5NTcwYjY1NmNiYw\nomvd-user-agent: Dalvik/2.1.0 (Linux; U; Android 11; Q20 Build/RP1A.200720.011)\nabc: Bearer eyJhbGciOiJIUzI1NiIsInR5cCI6IkpXVCJ9.eyJpZCI6IjY1NDFmODA4MzUwY2EzMDAwMTAzNjQxZCIsInNuIjoiUTIwMFBSaVJrMjkwMTMyNyIsInJvbGUiOiJzdHVkZW50IiwiZXh0cmEiOiIiLCJleHBpcmVzSW4iOiIzMGQiLCJhdWQiOiJ1c2VyIiwiZXhwIjoxNzIxNDU3NzQyLCJqdGkiOiI1NmUwYTViMi1jNDgwLTQwZDQtYTI1Ni01MjYwZTE0NGU1YWQiLCJpYXQiOjE3MTg4NjU3NDIsImlzcyI6InRva2VuLXNlcnZlciIsInN1YiI6IjY1NDFmODA4MzUwY2EzMDAwMTAzNjQxZCJ9.joUz5CJc2Rp3hUaPrTS3GxdSGNpqOYwrNzrqZf0MODY\nAuthorization: ██\neventTime: 1718870403392\nclient-type: android-app\nclient-version: 2.3.0\nonion-version: 7.58.1\nclient-channel: launcher\nclient-category: manager\ndeviceBrand: YCXQ\ndeviceModel: Q20\nSNId: Q200PRiRk2901327\ntimestamp: 1718870403392\nappid: 95C88397-C317-42B1-BF19-BEA82FF8D763\nisCustomPad: true\nsign: A7981128A17464CFC7EB2819FA8D7A90\n","responseHeaders":"access-control-allow-headers: *\naccess-control-allow-methods: GET,HEAD,POST,PUT,OPTIONS,DELETE\naccess-control-allow-origin: *\naccess-control-expose-headers: Authorization,Content-Range,Date,params-style\naccess-control-max-age: 3600\nauth: succ\ncheck-device: true\ncontent-type: application/json\ndate: Thu, 20 Jun 2024 08:00:03 GMT\njwt: true\nroute-name: to-customer-end\nskip-customer-check-plugin: true\nstrict-transport-security: max-age\u003d15724800; includeSubDomains\nuse-gray-customer-end: false\nvary: Origin, Accept-Encoding\ncontent-length: 67\n","responseBody":"{\n    \"list\": [\n        {\n            \"id\": \"37ebc3e0-57f7-11e7-913a-c3477d25de31\",\n            \"score\": 0\n        }\n    ]\n}","method":"POST","requestBody":"{\"topicIds\":[\"37ebc3e0-57f7-11e7-913a-c3477d25de31\"]}","url":"https://api-test.yangcong345.com/devices-learn/api/course/topic/score/byIds","responseCode":200}
06-20 16:00:03.590  1894  2764 I System.out: [OkHttp] sendRequest<<
06-20 16:00:03.590  1894  2765 I System.out: [OkHttp] sendRequest<<
06-20 16:00:03.593   894  1332 I InputDispatcher: setInputWindows displayId=0 Window{86013db u0 NavigationBar0} Window{3ca9716 u0 StatusBar} recents_animation_input_consumer Window{f76ed9a u0 com.yangcong345.cloud.ui.launcher/com.yangcong345.padmodule.new_home.PadHomeActivity} Window{352023e u0 com.yangcong345.cloud.ui.launcher/com.yangcong345.padmodule.new_home.PadHomeActivity} Window{edac04 u0 com.android.systemui.ImageWallpaper}
