06-20 16:00:04.029   894  3745 I InputDispatcher: setInputWindows displayId=0 Window{86013db u0 NavigationBar0} Window{3ca9716 u0 StatusBar} recents_animation_input_consumer Window{f76ed9a u0 com.yangcong345.cloud.ui.launcher/com.yangcong345.padmodule.new_home.PadHomeActivity} Window{352023e u0 com.yangcong345.cloud.ui.launcher/com.yangcong345.padmodule.new_home.PadHomeActivity} Window{edac04 u0 com.android.systemui.ImageWallpaper}
06-20 16:00:04.037  1894  2765 D DataSailMapper: get instance by url: intelligent-hardware.cn-beijing.log.aliyuncs.com/logstores/ui-launcher-debug-store/shards/lb
06-20 16:00:04.039  1894  2765 I System.out: [okhttp]:check permission begin!
06-20 16:00:04.039  1894  2765 I System.out: [okhttp]:not MMS!
06-20 16:00:04.039  1894  2765 I System.out: [okhttp]:not Email!
06-20 16:00:04.041  1894  2765 I System.out: [OkHttp] sendRequest<<
06-20 16:00:04.044   894  3745 I InputDispatcher: setInputWindows displayId=0 Window{86013db u0 NavigationBar0} Window{3ca9716 u0 StatusBar} recents_animation_input_consumer Window{f76ed9a u0 com.yangcong345.cloud.ui.launcher/com.yangcong345.padmodule.new_home.PadHomeActivity} Window{352023e u0 com.yangcong345.cloud.ui.launcher/com.yangcong345.padmodule.new_home.PadHomeActivity} Window{edac04 u0 com.android.systemui.ImageWallpaper}
06-20 16:00:04.064  1894  2764 D DataSailMapper: get instance by url: intelligent-hardware.cn-beijing.log.aliyuncs.com/logstores/ui-launcher-debug-store/shards/lb
06-20 16:00:04.065  1894  2764 I System.out: [okhttp]:check permission begin!
06-20 16:00:04.065  1894  2764 I System.out: [okhttp]:not MMS!
06-20 16:00:04.066  1894  2764 I System.out: [okhttp]:not Email!
06-20 16:00:04.068  1894  2764 I System.out: [OkHttp] sendRequest<<
06-20 16:00:04.083   740   772 I Proximity: distance = 2
06-20 16:00:04.093  1894  2765 D DataSailMapper: get instance by url: intelligent-hardware.cn-beijing.log.aliyuncs.com/logstores/ui-launcher-debug-store/shards/lb
06-20 16:00:04.095  1894  2765 I System.out: [okhttp]:check permission begin!
06-20 16:00:04.095  1894  2765 I System.out: [okhttp]:not MMS!
06-20 16:00:04.095  1894  2765 I System.out: [okhttp]:not Email!
06-20 16:00:04.097  1894  2765 I System.out: [OkHttp] sendRequest<<
06-20 16:00:04.121  1894  2764 D DataSailMapper: get instance by url: intelligent-hardware.cn-beijing.log.aliyuncs.com/logstores/ui-launcher-debug-store/shards/lb
06-20 16:00:04.122  1894  2764 I System.out: [okhttp]:check permission begin!
06-20 16:00:04.122  1894  2764 I System.out: [okhttp]:not MMS!
06-20 16:00:04.122  1894  2764 I System.out: [okhttp]:not Email!
06-20 16:00:04.125  1894  2764 I System.out: [OkHttp] sendRequest<<
06-20 16:00:04.150  1894  2765 D DataSailMapper: get instance by url: intelligent-hardware.cn-beijing.log.aliyuncs.com/logstores/ui-launcher-debug-store/shards/lb
06-20 16:00:04.151  1894  2765 I System.out: [okhttp]:check permission begin!
06-20 16:00:04.151  1894  2765 I System.out: [okhttp]:not MMS!
06-20 16:00:04.151  1894  2765 I System.out: [okhttp]:not Email!
06-20 16:00:04.154  1894  2765 I System.out: [OkHttp] sendRequest<<
06-20 16:00:04.191  1894  2764 D DataSailMapper: get instance by url: intelligent-hardware.cn-beijing.log.aliyuncs.com/logstores/ui-launcher-debug-store/shards/lb
06-20 16:00:04.192  1894  2764 I System.out: [okhttp]:check permission begin!
06-20 16:00:04.192  1894  2764 I System.out: [okhttp]:not MMS!
06-20 16:00:04.192  1894  2764 I System.out: [okhttp]:not Email!
06-20 16:00:04.195  1894  2764 I System.out: [OkHttp] sendRequest<<
06-20 16:00:04.212  1894  2765 D DataSailMapper: get instance by url: intelligent-hardware.cn-beijing.log.aliyuncs.com/logstores/ui-launcher-debug-store/shards/lb
06-20 16:00:04.213  1894  2765 I System.out: [okhttp]:check permission begin!
06-20 16:00:04.213  1894  2765 I System.out: [okhttp]:not MMS!
06-20 16:00:04.213  1894  2765 I System.out: [okhttp]:not Email!
06-20 16:00:04.215  1894  2765 I System.out: [OkHttp] sendRequest<<
06-20 16:00:04.249  1894  2764 D DataSailMapper: get instance by url: intelligent-hardware.cn-beijing.log.aliyuncs.com/logstores/ui-launcher-debug-store/shards/lb
06-20 16:00:04.250  1894  2764 I System.out: [okhttp]:check permission begin!
06-20 16:00:04.250  1894  2764 I System.out: [okhttp]:not MMS!
06-20 16:00:04.250  1894  2764 I System.out: [okhttp]:not Email!
06-20 16:00:04.253  1894  2764 I System.out: [OkHttp] sendRequest<<
06-20 16:00:04.267  1894  2765 D DataSailMapper: get instance by url: intelligent-hardware.cn-beijing.log.aliyuncs.com/logstores/ui-launcher-debug-store/shards/lb
06-20 16:00:04.268  1894  2765 I System.out: [okhttp]:check permission begin!
06-20 16:00:04.269  1894  2765 I System.out: [okhttp]:not MMS!
06-20 16:00:04.269  1894  2765 I System.out: [okhttp]:not Email!
06-20 16:00:04.271  1894  2765 I System.out: [OkHttp] sendRequest<<
06-20 16:00:04.287   740   772 I Proximity: distance = 2
06-20 16:00:04.316  1894  2764 D DataSailMapper: get instance by url: intelligent-hardware.cn-beijing.log.aliyuncs.com/logstores/ui-launcher-debug-store/shards/lb
06-20 16:00:04.317  1894  2764 I System.out: [okhttp]:check permission begin!
06-20 16:00:04.317  1894  2764 I System.out: [okhttp]:not MMS!
06-20 16:00:04.317  1894  2764 I System.out: [okhttp]:not Email!
06-20 16:00:04.320  1894  2764 I System.out: [OkHttp] sendRequest<<
06-20 16:00:04.322  1894  2765 D DataSailMapper: get instance by url: intelligent-hardware.cn-beijing.log.aliyuncs.com/logstores/ui-launcher-debug-store/shards/lb
06-20 16:00:04.323  1894  2765 I System.out: [okhttp]:check permission begin!
06-20 16:00:04.323  1894  2765 I System.out: [okhttp]:not MMS!
06-20 16:00:04.323  1894  2765 I System.out: [okhttp]:not Email!
06-20 16:00:04.326  1894  2765 I System.out: [OkHttp] sendRequest<<
06-20 16:00:04.375  1894  2764 D DataSailMapper: get instance by url: intelligent-hardware.cn-beijing.log.aliyuncs.com/logstores/ui-launcher-debug-store/shards/lb
06-20 16:00:04.376  1894  2765 D DataSailMapper: get instance by url: intelligent-hardware.cn-beijing.log.aliyuncs.com/logstores/ui-launcher-debug-store/shards/lb
06-20 16:00:04.376  1894  2764 I System.out: [okhttp]:check permission begin!
06-20 16:00:04.376  1894  2764 I System.out: [okhttp]:not MMS!
06-20 16:00:04.377  1894  2764 I System.out: [okhttp]:not Email!
06-20 16:00:04.377  1894  2765 I System.out: [okhttp]:check permission begin!
06-20 16:00:04.377  1894  2765 I System.out: [okhttp]:not MMS!
06-20 16:00:04.377  1894  2765 I System.out: [okhttp]:not Email!
06-20 16:00:04.379  1894  2764 I System.out: [OkHttp] sendRequest<<
06-20 16:00:04.380  1894  2765 I System.out: [OkHttp] sendRequest<<
06-20 16:00:04.433  1894  2765 D DataSailMapper: get instance by url: intelligent-hardware.cn-beijing.log.aliyuncs.com/logstores/ui-launcher-debug-store/shards/lb
06-20 16:00:04.434  1894  2765 I System.out: [okhttp]:check permission begin!
06-20 16:00:04.434  1894  2765 I System.out: [okhttp]:not MMS!
06-20 16:00:04.434  1894  2765 I System.out: [okhttp]:not Email!
06-20 16:00:04.437  1894  2765 I System.out: [OkHttp] sendRequest<<
06-20 16:00:04.444  1894  2764 D DataSailMapper: get instance by url: intelligent-hardware.cn-beijing.log.aliyuncs.com/logstores/ui-launcher-debug-store/shards/lb
06-20 16:00:04.445  1894  2764 I System.out: [okhttp]:check permission begin!
06-20 16:00:04.445  1894  2764 I System.out: [okhttp]:not MMS!
06-20 16:00:04.445  1894  2764 I System.out: [okhttp]:not Email!
06-20 16:00:04.448  1894  2764 I System.out: [OkHttp] sendRequest<<
06-20 16:00:04.491   740   772 I Proximity: distance = 2
06-20 16:00:04.496  1894  2765 D DataSailMapper: get instance by url: intelligent-hardware.cn-beijing.log.aliyuncs.com/logstores/ui-launcher-debug-store/shards/lb
06-20 16:00:04.497  1894  2765 I System.out: [okhttp]:check permission begin!
06-20 16:00:04.498  1894  2765 I System.out: [okhttp]:not MMS!
06-20 16:00:04.498  1894  2765 I System.out: [okhttp]:not Email!
06-20 16:00:04.500  1894  2765 I System.out: [OkHttp] sendRequest<<
06-20 16:00:04.502  1894  2764 D DataSailMapper: get instance by url: intelligent-hardware.cn-beijing.log.aliyuncs.com/logstores/ui-launcher-debug-store/shards/lb
06-20 16:00:04.503  1894  2764 I System.out: [okhttp]:check permission begin!
06-20 16:00:04.503  1894  2764 I System.out: [okhttp]:not MMS!
06-20 16:00:04.503  1894  2764 I System.out: [okhttp]:not Email!
06-20 16:00:04.506  1894  2764 I System.out: [OkHttp] sendRequest<<
06-20 16:00:04.560  1894  2765 D DataSailMapper: get instance by url: intelligent-hardware.cn-beijing.log.aliyuncs.com/logstores/ui-launcher-debug-store/shards/lb
06-20 16:00:04.561  1894  2764 D DataSailMapper: get instance by url: intelligent-hardware.cn-beijing.log.aliyuncs.com/logstores/ui-launcher-debug-store/shards/lb
06-20 16:00:04.561  1894  2765 I System.out: [okhttp]:check permission begin!
06-20 16:00:04.562  1894  2765 I System.out: [okhttp]:not MMS!
06-20 16:00:04.562  1894  2765 I System.out: [okhttp]:not Email!
06-20 16:00:04.562  1894  2764 I System.out: [okhttp]:check permission begin!
06-20 16:00:04.562  1894  2764 I System.out: [okhttp]:not MMS!
06-20 16:00:04.562  1894  2764 I System.out: [okhttp]:not Email!
06-20 16:00:04.566  1894  2765 I System.out: [OkHttp] sendRequest<<
06-20 16:00:04.566  1894  2764 I System.out: [OkHttp] sendRequest<<
06-20 16:00:04.573  6572  6572 I Monkey  : :Sending Touch (ACTION_DOWN): 0:(690.0,1179.0)
06-20 16:00:04.575   532   589 I libPowerHal: [perfLockAcq] idx:0 hdl:101 hint:25 pid:532 duration:10000 => ret_hdl:101
06-20 16:00:04.575   532   589 I libPowerHal: [PE] scn:0 hdl:101 hint:25 comm:mtkpower@1.0-se pid:532
06-20 16:00:04.575   532   589 I libPowerHal: [PE] MTKPOWER_HINT_APP_TOUCH update cmd:3408600 param:1
06-20 16:00:04.576  6572  6572 I Monkey  : :Sending Touch (ACTION_MOVE): 0:(677.43774,1181.5883)
06-20 16:00:04.578  6572  6572 I Monkey  : :Sending Touch (ACTION_MOVE): 0:(662.41766,1181.6316)
06-20 16:00:04.579  6572  6572 I Monkey  : :Sending Touch (ACTION_MOVE): 0:(640.1749,1183.4142)
06-20 16:00:04.580  6572  6572 I Monkey  : :Sending Touch (ACTION_UP): 0:(625.79346,1187.2007)
06-20 16:00:04.581   532   589 I libPowerHal: [perfLockRel] hdl:101, idx:0
06-20 16:00:04.581   532   589 I libPowerHal: [PD] scn:0 hdl:101 hint:25 comm:mtkpower@1.0-se pid:532
06-20 16:00:04.581   532   589 I libPowerHal: [PD] MTKPOWER_HINT_APP_TOUCH update cmd:3408600 param:0
06-20 16:00:04.582  6572  6572 I Monkey  : Sleeping for 1000 milliseconds
06-20 16:00:04.583  1529  1529 D RecentsOrientedState: current RecentsOrientedState: [this=RecentsOrientedState@e8f8d83 mOrientationHandler=PortraitPagedViewHandler@abe6b3 mDisplayRotation=0 mTouchRotation=0 mRecentsActivityRotation=1 isRecentsActivityRotationAllowed=true mSystemRotation=false mFlags=292]
06-20 16:00:04.583  1529  1529 D RecentsOrientedState: current RecentsOrientedState: [this=RecentsOrientedState@e8f8d83 mOrientationHandler=PortraitPagedViewHandler@abe6b3 mDisplayRotation=0 mTouchRotation=0 mRecentsActivityRotation=1 isRecentsActivityRotationAllowed=true mSystemRotation=false mFlags=36]
06-20 16:00:04.583  1529  1529 D RecentsOrientedState: current RecentsOrientedState: [this=RecentsOrientedState@e8f8d83 mOrientationHandler=PortraitPagedViewHandler@abe6b3 mDisplayRotation=1 mTouchRotation=0 mRecentsActivityRotation=1 isRecentsActivityRotationAllowed=true mSystemRotation=false mFlags=36]
06-20 16:00:04.584   894  1332 W ActivityTaskManager: zzg getRecentTasksImpl res.add: task=Task{c6c11a7 #56 visible=false type=standard mode=fullscreen translucent=true A=10071:com.yangcong345.android.phone U=0 StackId=56 sz=1}
06-20 16:00:04.585   894  1332 W ActivityTaskManager: zzg getRecentTasksImpl res.add: task=Task{94be538 #26 visible=false type=undefined mode=undefined translucent=true A=10084:com.yangcong345.pad.systemsetting U=0 StackId=26 sz=0}
06-20 16:00:04.585   894  1332 W ActivityTaskManager: zzg getRecentTasksImpl res.add: task=Task{677d911 #24 visible=false type=undefined mode=undefined translucent=true A=10094:com.yangcong345.cloud.toolbox U=0 StackId=24 sz=0}
06-20 16:00:04.585   894  1332 W ActivityTaskManager: zzg getRecentTasksImpl res.add: task=Task{950ca76 #14 visible=false type=undefined mode=undefined translucent=true A=1000:com.android.settings U=0 StackId=14 sz=0}
06-20 16:00:04.585   894  1332 W ActivityTaskManager: zzg recentTasks final item pkgName=com.yangcong345.android.phone
06-20 16:00:04.585   894  1332 W ActivityTaskManager: zzg recentTasks final item pkgName=com.yangcong345.pad.systemsetting
06-20 16:00:04.585   894  1332 W ActivityTaskManager: zzg recentTasks final item pkgName=com.yangcong345.cloud.toolbox
06-20 16:00:04.585   894  1332 W ActivityTaskManager: zzg recentTasks final item pkgName=com.android.settings
06-20 16:00:04.585  1529  1529 D RecentsOrientedState: current RecentsOrientedState: [this=RecentsOrientedState@222191e mOrientationHandler=PortraitPagedViewHandler@abe6b3 mDisplayRotation=0 mTouchRotation=0 mRecentsActivityRotation=1 isRecentsActivityRotationAllowed=true mSystemRotation=false mFlags=100]
06-20 16:00:04.588  1529  1529 D RecentsView: RecentsView.onMeasure(): 1920, 1200
06-20 16:00:04.590   894  1332 W InputDispatcher: Failed to pilfer pointers: no pointers on display 0.
06-20 16:00:04.591  1529  1529 D RecentsOrientedState: current RecentsOrientedState: [this=RecentsOrientedState@222191e mOrientationHandler=PortraitPagedViewHandler@abe6b3 mDisplayRotation=0 mTouchRotation=0 mRecentsActivityRotation=1 isRecentsActivityRotationAllowed=true mSystemRotation=false mFlags=100]
06-20 16:00:04.591   532   560 I mtkpower@impl: [setMode] type:5, enabled:1
06-20 16:00:04.593   532   589 I libPowerHal: [perfLockAcq] idx:0 hdl:102 hint:11 pid:532 duration:30000 => ret_hdl:102
06-20 16:00:04.593   532   589 I libPowerHal: [PE] scn:0 hdl:102 hint:11 comm:mtkpower@1.0-se pid:532
06-20 16:00:04.594   532   589 I libPowerHal: LAUNCH: cpu_ctrl set cpu freq: 1989000 -1 1989000 -1
06-20 16:00:04.594   532   589 I libPowerHal: [PE] LAUNCH update cmd:1000000, param:0
06-20 16:00:04.594   532   589 I libPowerHal: [PE] LAUNCH update cmd:1408300, param:100
06-20 16:00:04.594   532   589 I libPowerHal: [PE] LAUNCH update cmd:1000000 param:0
06-20 16:00:04.596  1242  1242 V ShadeControllerImpl: NotificationShadeWindow: com.android.systemui.statusbar.phone.NotificationShadeWindowView{22150d0 I.E...... ......ID 0,0-1920,1200} canPanelBeCollapsed(): false
06-20 16:00:04.610  1529  1529 I wm_on_restart_called: [238496470,com.android.quickstep.RecentsActivity,performRestartActivity]
06-20 16:00:04.610   894  1567 I InputDispatcher: setInputWindows displayId=0 Window{86013db u0 NavigationBar0} Window{3ca9716 u0 StatusBar} recents_animation_input_consumer Window{f76ed9a u0 com.yangcong345.cloud.ui.launcher/com.yangcong345.padmodule.new_home.PadHomeActivity} Window{352023e u0 com.yangcong345.cloud.ui.launcher/com.yangcong345.padmodule.new_home.PadHomeActivity} Window{edac04 u0 com.android.systemui.ImageWallpaper}
06-20 16:00:04.610   894  1567 I InputDispatcher: Focus left window: Window{f76ed9a u0 com.yangcong345.cloud.ui.launcher/com.yangcong345.padmodule.new_home.PadHomeActivity} in display 0
06-20 16:00:04.610   894  1567 I InputDispatcher: Focus entered window: recents_animation_input_consumer in display 0
06-20 16:00:04.611  1529  1529 D UNISOC-LAUNCHER3: MeminfoController, showOrHide enable: true
06-20 16:00:04.614   516   516 I hwcomposer: [HWCDisplay] [Display_0 (type:1)] fps:30.046432,dur:1065.02,max:568.92,min:13.25
06-20 16:00:04.615  1529  1529 D RecentsOrientedState: current RecentsOrientedState: [this=RecentsOrientedState@e8f8d83 mOrientationHandler=PortraitPagedViewHandler@abe6b3 mDisplayRotation=1 mTouchRotation=0 mRecentsActivityRotation=1 isRecentsActivityRotationAllowed=true mSystemRotation=false mFlags=36]
06-20 16:00:04.615  1529  1529 D UNISOC-LAUNCHER3: StateManager, goToState:[Ordinal-0 -> Ordinal-2] animated:false
06-20 16:00:04.618  1529  1529 I wm_on_start_called: [238496470,com.android.quickstep.RecentsActivity,handleStartActivity]
06-20 16:00:04.619  1529  1529 V PhoneWindow: DecorView setVisiblity: visibility = 0, Parent = android.view.ViewRootImpl@d0b49bf, this = DecorView@700c88c[RecentsActivity]
06-20 16:00:04.622  1894  2765 D DataSailMapper: get instance by url: intelligent-hardware.cn-beijing.log.aliyuncs.com/logstores/ui-launcher-debug-store/shards/lb
06-20 16:00:04.623  1894  2765 I System.out: [okhttp]:check permission begin!
06-20 16:00:04.623  1894  2765 I System.out: [okhttp]:not MMS!
06-20 16:00:04.623  1894  2765 I System.out: [okhttp]:not Email!
06-20 16:00:04.625  1894  2765 I System.out: [OkHttp] sendRequest<<
06-20 16:00:04.626   894  3745 I InputDispatcher: setInputWindows displayId=0 Window{86013db u0 NavigationBar0} Window{3ca9716 u0 StatusBar} recents_animation_input_consumer Window{f76ed9a u0 com.yangcong345.cloud.ui.launcher/com.yangcong345.padmodule.new_home.PadHomeActivity} Window{352023e u0 com.yangcong345.cloud.ui.launcher/com.yangcong345.padmodule.new_home.PadHomeActivity} Window{edac04 u0 com.android.systemui.ImageWallpaper}
06-20 16:00:04.626  1529  1529 D RecentsView: RecentsView.onMeasure(): 1920, 1200
06-20 16:00:04.628   894  3745 I WindowManager: Relayout Window{54f011 u0 com.android.launcher3/com.android.quickstep.RecentsActivity}: oldVis=8 newVis=0 focusMayChange = true
06-20 16:00:04.630   548   608 I BufferQueueConsumer: [](id:22400000032,api:0,p:-1,c:548) connect(): controlledByApp=false
06-20 16:00:04.630   548   608 I BufferQueue: [unnamed-548-50](this:0xb40000714a243ca8,id:50,api:0,p:-1,c:-1) BufferQueue core=(548:/system/bin/surfaceflinger)
06-20 16:00:04.631   894  3745 W WindowManager: Changing focus fromWindow{f76ed9a u0 com.yangcong345.cloud.ui.launcher/com.yangcong345.padmodule.new_home.PadHomeActivity} to null displayId=0 Callers=com.android.server.wm.RootWindowContainer.updateFocusedWindowLocked:457 com.android.server.wm.WindowManagerService.updateFocusedWindowLocked:5611 com.android.server.wm.WindowManagerService.relayoutWindow:2398 com.android.server.wm.Session.relayout:213
06-20 16:00:04.634   548   938 I BufferQueueProducer: [com.android.launcher3/com.android.quickstep.RecentsActivity#0](id:22400000032,api:1,p:1529,c:548) connect(): api=1 producerControlledByApp=false
06-20 16:00:04.642   894  3745 I InputDispatcher: setInputWindows displayId=0 Window{86013db u0 NavigationBar0} Window{3ca9716 u0 StatusBar} com.android.launcher3/com.android.quickstep.RecentsActivity#0 recents_animation_input_consumer Window{f76ed9a u0 com.yangcong345.cloud.ui.launcher/com.yangcong345.padmodule.new_home.PadHomeActivity} Window{352023e u0 com.yangcong345.cloud.ui.launcher/com.yangcong345.padmodule.new_home.PadHomeActivity} Window{edac04 u0 com.android.systemui.ImageWallpaper}
06-20 16:00:04.651  1850  5725 D app_statistics_onAccessibilityEvent: {"data":"{\"appName\":\"Quickstep\",\"className\":\"com.android.quickstep.RecentsActivity\",\"duration\":0,\"endRealTime\":0,\"endTime\":0,\"id\":0,\"packageName\":\"com.android.launcher3\",\"startRealTime\":4735,\"startTime\":1718870404}"}
06-20 16:00:04.651   894   913 D lwdebug : onWindowsDrawn com.android.launcher3/com.android.quickstep.RecentsActivity
06-20 16:00:04.655  1850  4501 D app_statistics_insertNewAppUsageStats: {"data":"{\"appName\":\"yclauncher-debug\",\"className\":\"android.app.Dialog\",\"duration\":1,\"endRealTime\":4735,\"endTime\":1718870404,\"id\":0,\"packageName\":\"com.yangcong345.cloud.ui.launcher\",\"startRealTime\":4734,\"startTime\":1718870403}"}
06-20 16:00:04.656  1850  2245 D DataSailMapper: get instance by url: intelligent-hardware.cn-beijing.log.aliyuncs.com/logstores/launcher-debug-store/shards/lb
06-20 16:00:04.657   894   918 D ArtManagerInternalImpl: /data/misc/iorapd/com.android.launcher3/30/com.android.quickstep.RecentsActivity/compiled_traces/compiled_trace.pb doesn't exist
06-20 16:00:04.658   894   918 I sysui_multi_action: [319,8,322,59,325,4735,757,761,758,9,759,5,806,com.android.launcher3,871,com.android.quickstep.RecentsActivity,904,com.android.launcher3,905,0,1320,8,1321,5]
06-20 16:00:04.659   894  1567 I InputDispatcher: setInputWindows displayId=0 Window{86013db u0 NavigationBar0} Window{3ca9716 u0 StatusBar} Window{54f011 u0 com.android.launcher3/com.android.quickstep.RecentsActivity} recents_animation_input_consumer Window{f76ed9a u0 com.yangcong345.cloud.ui.launcher/com.yangcong345.padmodule.new_home.PadHomeActivity} Window{352023e u0 com.yangcong345.cloud.ui.launcher/com.yangcong345.padmodule.new_home.PadHomeActivity} Window{edac04 u0 com.android.systemui.ImageWallpaper}
06-20 16:00:04.659   894  1567 I InputDispatcher: Focus left window: recents_animation_input_consumer in display 0
06-20 16:00:04.659   894  1567 I InputDispatcher: Window went away: com.android.launcher3/com.android.quickstep.RecentsActivity#0
06-20 16:00:04.660  1894  2764 D DataSailMapper: get instance by url: intelligent-hardware.cn-beijing.log.aliyuncs.com/logstores/ui-launcher-debug-store/shards/lb
06-20 16:00:04.660  1850  2246 D DataSailMapper: get instance by url: intelligent-hardware.cn-beijing.log.aliyuncs.com/logstores/launcher-debug-store/shards/lb
06-20 16:00:04.660  1894  2764 I System.out: [okhttp]:check permission begin!
06-20 16:00:04.660  1894  2764 I System.out: [okhttp]:not MMS!
06-20 16:00:04.660  1894  2764 I System.out: [okhttp]:not Email!
06-20 16:00:04.661  1850  2245 I System.out: [okhttp]:check permission begin!
06-20 16:00:04.661  1850  2245 I System.out: [okhttp]:not MMS!
06-20 16:00:04.661  1850  2245 I System.out: [okhttp]:not Email!
06-20 16:00:04.661  1850  2246 I System.out: [okhttp]:check permission begin!
06-20 16:00:04.661  1850  2246 I System.out: [okhttp]:not MMS!
06-20 16:00:04.661  1850  2246 I System.out: [okhttp]:not Email!
06-20 16:00:04.663  1894  2764 I System.out: [OkHttp] sendRequest<<
06-20 16:00:04.663  1850  2246 I System.out: [OkHttp] sendRequest<<
06-20 16:00:04.664  1850  2245 I System.out: [OkHttp] sendRequest<<
06-20 16:00:04.669   548   608 I BufferQueueProducer: [com.android.launcher3/com.android.quickstep.RecentsActivity#0](id:22400000032,api:1,p:1529,c:548) disconnect(): api=1
06-20 16:00:04.670   548   608 I BufferQueueProducer: [com.android.launcher3/com.android.quickstep.RecentsActivity#0](id:22400000032,api:1,p:1529,c:548) connect(): api=1 producerControlledByApp=false
06-20 16:00:04.675   894  1281 I InputDispatcher: setInputWindows displayId=0 Window{86013db u0 NavigationBar0} Window{3ca9716 u0 StatusBar} Window{54f011 u0 com.android.launcher3/com.android.quickstep.RecentsActivity} recents_animation_input_consumer Window{f76ed9a u0 com.yangcong345.cloud.ui.launcher/com.yangcong345.padmodule.new_home.PadHomeActivity} Window{352023e u0 com.yangcong345.cloud.ui.launcher/com.yangcong345.padmodule.new_home.PadHomeActivity} Window{edac04 u0 com.android.systemui.ImageWallpaper}
06-20 16:00:04.691   894  1281 I InputDispatcher: setInputWindows displayId=0 Window{86013db u0 NavigationBar0} Window{3ca9716 u0 StatusBar} Window{54f011 u0 com.android.launcher3/com.android.quickstep.RecentsActivity} recents_animation_input_consumer Window{f76ed9a u0 com.yangcong345.cloud.ui.launcher/com.yangcong345.padmodule.new_home.PadHomeActivity} Window{352023e u0 com.yangcong345.cloud.ui.launcher/com.yangcong345.padmodule.new_home.PadHomeActivity} Window{edac04 u0 com.android.systemui.ImageWallpaper}
06-20 16:00:04.699   740   772 I Proximity: distance = 2
06-20 16:00:04.713  1894  2764 D DataSailMapper: get instance by url: intelligent-hardware.cn-beijing.log.aliyuncs.com/logstores/ui-launcher-debug-store/shards/lb
06-20 16:00:04.714  1894  2764 I System.out: [okhttp]:check permission begin!
06-20 16:00:04.714  1894  2764 I System.out: [okhttp]:not MMS!
06-20 16:00:04.714  1894  2764 I System.out: [okhttp]:not Email!
06-20 16:00:04.716  1894  2764 I System.out: [OkHttp] sendRequest<<
06-20 16:00:04.727  1894  2765 D DataSailMapper: get instance by url: intelligent-hardware.cn-beijing.log.aliyuncs.com/logstores/ui-launcher-debug-store/shards/lb
06-20 16:00:04.728  1894  2765 I System.out: [okhttp]:check permission begin!
06-20 16:00:04.728  1894  2765 I System.out: [okhttp]:not MMS!
06-20 16:00:04.728  1894  2765 I System.out: [okhttp]:not Email!
06-20 16:00:04.730  1894  2765 I System.out: [OkHttp] sendRequest<<
06-20 16:00:04.765  1894  2764 D DataSailMapper: get instance by url: intelligent-hardware.cn-beijing.log.aliyuncs.com/logstores/ui-launcher-debug-store/shards/lb
06-20 16:00:04.766  1894  2764 I System.out: [okhttp]:check permission begin!
06-20 16:00:04.766  1894  2764 I System.out: [okhttp]:not MMS!
06-20 16:00:04.766  1894  2764 I System.out: [okhttp]:not Email!
06-20 16:00:04.768  1894  2764 I System.out: [OkHttp] sendRequest<<
06-20 16:00:04.907   740   772 I Proximity: distance = 2
06-20 16:00:05.370  1529  1529 I sysui_multi_action: [757,224,758,2]
06-20 16:00:05.111   740   772 I chatty  : uid=1000(system) sensors@2.0-ser identical 1 line
06-20 16:00:05.315   740   772 I Proximity: distance = 2
06-20 16:00:05.371   532   560 I mtkpower@impl: [setMode] type:5, enabled:0
06-20 16:00:05.372   532   589 I libPowerHal: [perfLockRel] hdl:102, idx:0
06-20 16:00:05.372   532   589 I libPowerHal: [PD] scn:0 hdl:102 hint:11 comm:mtkpower@1.0-se pid:532
06-20 16:00:05.372   532   589 I libPowerHal: LAUNCH: cpu_ctrl set cpu freq: -1 -1 -1 -1
06-20 16:00:05.372   532   589 I libPowerHal: [PD] LAUNCH update cmd:1000000, param:-1
06-20 16:00:05.372   532   589 I libPowerHal: [PD] LAUNCH update cmd:1408300 param:0
06-20 16:00:05.372   894  1281 W WindowManager: Changing focus fromnull to Window{f76ed9a u0 com.yangcong345.cloud.ui.launcher/com.yangcong345.padmodule.new_home.PadHomeActivity} displayId=0 Callers=com.android.server.wm.RootWindowContainer.updateFocusedWindowLocked:457 com.android.server.wm.WindowManagerService.updateFocusedWindowLocked:5611 com.android.server.wm.DisplayContent.layoutAndAssignWindowLayersIfNeeded:3350 com.android.server.wm.TaskDisplayArea.positionStackAt:786
06-20 16:00:05.372   532   589 I libPowerHal: [PD] LAUNCH update cmd:1000000 param:-1
06-20 16:00:05.373  1529  1529 D UNISOC-LAUNCHER3: StateManager, goToState:[Ordinal-2 -> Ordinal-0] animated:false
06-20 16:00:05.373   894  1281 I wm_add_to_stopping: [0,238496470,com.android.launcher3/com.android.quickstep.RecentsActivity,makeInvisible]
06-20 16:00:05.375  1529  1529 D RecentsOrientedState: current RecentsOrientedState: [this=RecentsOrientedState@222191e mOrientationHandler=PortraitPagedViewHandler@abe6b3 mDisplayRotation=0 mTouchRotation=0 mRecentsActivityRotation=1 isRecentsActivityRotationAllowed=true mSystemRotation=false mFlags=356]
06-20 16:00:05.377  1529  1529 W PagedView: isHandlingTouch mIsBeingDragged=false
06-20 16:00:05.386   894  1567 I InputDispatcher: setInputWindows displayId=0 Window{86013db u0 NavigationBar0} Window{3ca9716 u0 StatusBar} Window{54f011 u0 com.android.launcher3/com.android.quickstep.RecentsActivity} recents_animation_input_consumer Window{f76ed9a u0 com.yangcong345.cloud.ui.launcher/com.yangcong345.padmodule.new_home.PadHomeActivity} Window{352023e u0 com.yangcong345.cloud.ui.launcher/com.yangcong345.padmodule.new_home.PadHomeActivity} Window{edac04 u0 com.android.systemui.ImageWallpaper}
06-20 16:00:05.389  1529  1529 W PagedView: isHandlingTouch mIsBeingDragged=false
06-20 16:00:05.391   894   912 I wm_stop_activity: [0,238496470,com.android.launcher3/com.android.quickstep.RecentsActivity]
06-20 16:00:05.402   894  1281 I InputDispatcher: setInputWindows displayId=0 Window{86013db u0 NavigationBar0} Window{3ca9716 u0 StatusBar} com.android.launcher3/com.android.quickstep.RecentsActivity#0 recents_animation_input_consumer Window{f76ed9a u0 com.yangcong345.cloud.ui.launcher/com.yangcong345.padmodule.new_home.PadHomeActivity} Window{352023e u0 com.yangcong345.cloud.ui.launcher/com.yangcong345.padmodule.new_home.PadHomeActivity} Window{edac04 u0 com.android.systemui.ImageWallpaper}
06-20 16:00:05.402   894  1281 I InputDispatcher: Focus entered window: Window{f76ed9a u0 com.yangcong345.cloud.ui.launcher/com.yangcong345.padmodule.new_home.PadHomeActivity} in display 0
06-20 16:00:05.402   894  1281 I InputDispatcher: Window went away: Window{54f011 u0 com.android.launcher3/com.android.quickstep.RecentsActivity}
06-20 16:00:05.403   548   608 I BufferQueueProducer: [com.android.launcher3/com.android.quickstep.RecentsActivity#0](id:22400000032,api:1,p:1529,c:548) disconnect(): api=1
06-20 16:00:05.412  1529  1529 I wm_on_stop_called: [238496470,com.android.quickstep.RecentsActivity,STOP_ACTIVITY_ITEM]
06-20 16:00:05.412  1529  1529 V PhoneWindow: DecorView setVisiblity: visibility = 4, Parent = android.view.ViewRootImpl@d0b49bf, this = DecorView@700c88c[RecentsActivity]
06-20 16:00:05.418   894  1567 I InputDispatcher: setInputWindows displayId=0 Window{86013db u0 NavigationBar0} Window{3ca9716 u0 StatusBar} com.android.launcher3/com.android.quickstep.RecentsActivity#0 recents_animation_input_consumer Window{f76ed9a u0 com.yangcong345.cloud.ui.launcher/com.yangcong345.padmodule.new_home.PadHomeActivity} Window{352023e u0 com.yangcong345.cloud.ui.launcher/com.yangcong345.padmodule.new_home.PadHomeActivity} Window{edac04 u0 com.android.systemui.ImageWallpaper}
06-20 16:00:05.434   548   548 I BufferQueueConsumer: [com.android.launcher3/com.android.quickstep.RecentsActivity#0](id:22400000032,api:0,p:-1,c:548) disconnect()
06-20 16:00:05.434   548   548 I BufferQueue: [com.android.launcher3/com.android.quickstep.RecentsActivity#0](this:0xb40000714a243ca8,id:50,api:1,p:-1,c:-1) onDestructor()
06-20 16:00:05.435   894  1281 I InputDispatcher: setInputWindows displayId=0 Window{86013db u0 NavigationBar0} Window{3ca9716 u0 StatusBar} recents_animation_input_consumer Window{f76ed9a u0 com.yangcong345.cloud.ui.launcher/com.yangcong345.padmodule.new_home.PadHomeActivity} Window{352023e u0 com.yangcong345.cloud.ui.launcher/com.yangcong345.padmodule.new_home.PadHomeActivity} Window{edac04 u0 com.android.systemui.ImageWallpaper}
06-20 16:00:05.435   894  1281 I InputDispatcher: Window went away: com.android.launcher3/com.android.quickstep.RecentsActivity#0
06-20 16:00:05.450   894  1281 I InputDispatcher: setInputWindows displayId=0 Window{86013db u0 NavigationBar0} Window{3ca9716 u0 StatusBar} recents_animation_input_consumer Window{f76ed9a u0 com.yangcong345.cloud.ui.launcher/com.yangcong345.padmodule.new_home.PadHomeActivity} Window{352023e u0 com.yangcong345.cloud.ui.launcher/com.yangcong345.padmodule.new_home.PadHomeActivity} Window{edac04 u0 com.android.systemui.ImageWallpaper}
06-20 16:00:05.519   740   772 I Proximity: distance = 2
06-20 16:00:05.583  6572  6572 I Monkey  : :Switch: #Intent;action=android.intent.action.MAIN;category=android.intent.category.LAUNCHER;launchFlags=0x10200000;component=com.yangcong345.android.phone/com.yangcong345.main.phone.splash.SplashActivity;end
06-20 16:00:05.585   894  1281 D HraManager: hra getBlackActivityList
06-20 16:00:05.586   894  1281 D HraManagerService:  getBlackActivityList
06-20 16:00:05.586   894  1281 D HraManager: hra getBlackIntentActionList
06-20 16:00:05.587   894  1281 I ActivityTaskManager: START u0 {act=android.intent.action.MAIN cat=[android.intent.category.LAUNCHER] flg=0x10200000 cmp=com.yangcong345.android.phone/com.yangcong345.main.phone.splash.SplashActivity} from uid 2000
06-20 16:00:05.588  6572  6572 I Monkey  :     // Allowing start of Intent { act=android.intent.action.MAIN cat=[android.intent.category.LAUNCHER] cmp=com.yangcong345.android.phone/com.yangcong345.main.phone.splash.SplashActivity } in package com.yangcong345.android.phone
06-20 16:00:05.596   894  1281 I wm_task_created: [57,-1]
06-20 16:00:05.596   894  1281 I wm_stack_created: 57
06-20 16:00:05.602   894  1281 I wm_create_task: [0,57]
06-20 16:00:05.603   894  1281 I wm_create_activity: [0,116089977,57,com.yangcong345.android.phone/com.yangcong345.main.phone.splash.SplashActivity,android.intent.action.MAIN,NULL,NULL,270532608]
06-20 16:00:05.603   532   560 I mtkpower@impl: [setMode] type:5, enabled:1
06-20 16:00:05.604   532   589 I libPowerHal: [perfLockAcq] idx:0 hdl:103 hint:11 pid:532 duration:30000 => ret_hdl:103
06-20 16:00:05.604   532   589 I libPowerHal: [PE] scn:0 hdl:103 hint:11 comm:mtkpower@1.0-se pid:532
06-20 16:00:05.604  1894  1894 I wm_on_top_resumed_lost_called: [85835453,com.yangcong345.padmodule.new_home.PadHomeActivity,topStateChangedWhenResumed]
06-20 16:00:05.604   894  1281 I wm_pause_activity: [0,85835453,com.yangcong345.cloud.ui.launcher/com.yangcong345.padmodule.new_home.PadHomeActivity,userLeaving=true]
06-20 16:00:05.604   532   589 I libPowerHal: LAUNCH: cpu_ctrl set cpu freq: 1989000 -1 1989000 -1
06-20 16:00:05.604   532   589 I libPowerHal: [PE] LAUNCH update cmd:1000000, param:0
06-20 16:00:05.604   532   589 I libPowerHal: [PE] LAUNCH update cmd:1408300, param:100
06-20 16:00:05.605   532   589 I libPowerHal: [PE] LAUNCH update cmd:1000000 param:0
06-20 16:00:05.606   532   589 I libPowerHal: [perfLockAcq] idx:1 hdl:104 hint:22 pid:532 duration:10000 => ret_hdl:104
06-20 16:00:05.606   532   589 I libPowerHal: [PE] scn:1 hdl:104 hint:22 comm:mtkpower@1.0-se pid:532
06-20 16:00:05.609  6572  6572 I Monkey  : Sleeping for 1000 milliseconds
06-20 16:00:05.610  1894  1894 D CrashReport: >>> com.yangcong345.padmodule.new_home.PadHomeActivity onPaused <<<
06-20 16:00:05.612   894  1567 I InputDispatcher: setInputWindows displayId=0 Window{86013db u0 NavigationBar0} Window{3ca9716 u0 StatusBar} recents_animation_input_consumer Window{f76ed9a u0 com.yangcong345.cloud.ui.launcher/com.yangcong345.padmodule.new_home.PadHomeActivity} Window{352023e u0 com.yangcong345.cloud.ui.launcher/com.yangcong345.padmodule.new_home.PadHomeActivity} Window{edac04 u0 com.android.systemui.ImageWallpaper}
06-20 16:00:05.612  1894  1894 I wm_on_paused_called: [85835453,com.yangcong345.padmodule.new_home.PadHomeActivity,performPause]
06-20 16:00:05.613   894  1567 W ActivityTaskManager: Tried to set launchTime (0) < mLastActivityLaunchTime (4733309)
06-20 16:00:05.613   894  1567 I wm_add_to_stopping: [0,85835453,com.yangcong345.cloud.ui.launcher/com.yangcong345.padmodule.new_home.PadHomeActivity,makeInvisible]
06-20 16:00:05.617   894  1567 I wm_restart_activity: [0,116089977,57,com.yangcong345.android.phone/com.yangcong345.main.phone.splash.SplashActivity]
06-20 16:00:05.618   532   589 I libPowerHal: [perfNotifyAppState] foreground:com.yangcong345.android.phone, pid:2523, uid:10071
06-20 16:00:05.618   532   589 E UxUtility: notifyAppState error = NULL
06-20 16:00:05.618   532   589 I TouchUtility: notifyAppState error = NULL
06-20 16:00:05.618   532   559 I mtkpower@impl: [notifyAppState] pc:0, com.yangcong345.cloud.ui.launcher => com.yangcong345.android.phone
06-20 16:00:05.619   894  1567 W WindowManager: Changing focus fromWindow{f76ed9a u0 com.yangcong345.cloud.ui.launcher/com.yangcong345.padmodule.new_home.PadHomeActivity} to null displayId=0 Callers=com.android.server.wm.RootWindowContainer.updateFocusedWindowLocked:457 com.android.server.wm.WindowManagerService.updateFocusedWindowLocked:5611 com.android.server.wm.DisplayContent.setFocusedApp:5534 com.android.server.wm.ActivityTaskManagerService.setResumedActivityUncheckLocked:5548
06-20 16:00:05.619   894  1567 I wm_set_resumed_activity: [0,com.yangcong345.android.phone/com.yangcong345.main.phone.splash.SplashActivity,minimalResumeActivityLocked]
06-20 16:00:05.626   894   912 I sysui_multi_action: [757,803,799,window_time_0,802,2]
06-20 16:00:05.628   894  1567 I InputDispatcher: setInputWindows displayId=0 Window{86013db u0 NavigationBar0} Window{3ca9716 u0 StatusBar} recents_animation_input_consumer Window{f76ed9a u0 com.yangcong345.cloud.ui.launcher/com.yangcong345.padmodule.new_home.PadHomeActivity} Window{352023e u0 com.yangcong345.cloud.ui.launcher/com.yangcong345.padmodule.new_home.PadHomeActivity} Window{edac04 u0 com.android.systemui.ImageWallpaper}
06-20 16:00:05.629   516   516 I hwcomposer: [HWCDisplay] [Display_0 (type:1)] fps:53.220016,dur:1014.66,max:163.14,min:12.55
06-20 16:00:05.661   894  1281 I InputDispatcher: setInputWindows displayId=0 Window{86013db u0 NavigationBar0} Window{3ca9716 u0 StatusBar} recents_animation_input_consumer Window{f76ed9a u0 com.yangcong345.cloud.ui.launcher/com.yangcong345.padmodule.new_home.PadHomeActivity} Window{352023e u0 com.yangcong345.cloud.ui.launcher/com.yangcong345.padmodule.new_home.PadHomeActivity} Window{edac04 u0 com.android.systemui.ImageWallpaper}
06-20 16:00:05.693   894  1281 I chatty  : uid=1000(system) Binder:894_5 identical 2 lines
06-20 16:00:05.710   894  1281 I InputDispatcher: setInputWindows displayId=0 Window{86013db u0 NavigationBar0} Window{3ca9716 u0 StatusBar} recents_animation_input_consumer Window{f76ed9a u0 com.yangcong345.cloud.ui.launcher/com.yangcong345.padmodule.new_home.PadHomeActivity} Window{352023e u0 com.yangcong345.cloud.ui.launcher/com.yangcong345.padmodule.new_home.PadHomeActivity} Window{edac04 u0 com.android.systemui.ImageWallpaper}
06-20 16:00:05.711   548   608 I SurfaceFlinger: [SF client] NEW(0xb40000709a039ed0) for (894:system_server)
06-20 16:00:05.712   894   913 D ViewRootImpl[phone]: hardware acceleration = false , fakeHwAccelerated = true, sRendererDisabled = false, forceHwAccelerated = false, sSystemRendererDisabled = false
06-20 16:00:05.714   894   913 I InputTransport: Create ARC handle: 0xb4000075390c3900
06-20 16:00:05.723   740   772 I Proximity: distance = 2
06-20 16:00:05.727   894  1281 I InputDispatcher: setInputWindows displayId=0 Window{86013db u0 NavigationBar0} Window{3ca9716 u0 StatusBar} recents_animation_input_consumer Window{f76ed9a u0 com.yangcong345.cloud.ui.launcher/com.yangcong345.padmodule.new_home.PadHomeActivity} Window{352023e u0 com.yangcong345.cloud.ui.launcher/com.yangcong345.padmodule.new_home.PadHomeActivity} Window{edac04 u0 com.android.systemui.ImageWallpaper}
06-20 16:00:05.730   548   608 I BufferQueueConsumer: [](id:22400000033,api:0,p:-1,c:548) connect(): controlledByApp=false
06-20 16:00:05.730   548   608 I BufferQueue: [unnamed-548-51](this:0xb40000714a23ec58,id:51,api:0,p:-1,c:-1) BufferQueue core=(548:/system/bin/surfaceflinger)
06-20 16:00:05.734   894   913 D Surface : lockCanvas
06-20 16:00:05.736   548   608 I BufferQueueProducer: [Splash Screen com.yangcong345.android.phone#0](id:22400000033,api:2,p:894,c:548) connect(): api=2 producerControlledByApp=false
06-20 16:00:05.740   894  1281 I InputDispatcher: setInputWindows displayId=0 Window{86013db u0 NavigationBar0} Window{3ca9716 u0 StatusBar} Splash Screen com.yangcong345.android.phone#0 recents_animation_input_consumer com.yangcong345.cloud.ui.launcher/com.yangcong345.padmodule.new_home.PadHomeActivity#1 com.yangcong345.cloud.ui.launcher/com.yangcong345.padmodule.new_home.PadHomeActivity#0 Window{edac04 u0 com.android.systemui.ImageWallpaper}
06-20 16:00:05.740   894  1281 I InputDispatcher: Focus left window: Window{f76ed9a u0 com.yangcong345.cloud.ui.launcher/com.yangcong345.padmodule.new_home.PadHomeActivity} in display 0
06-20 16:00:05.741   894  1281 I InputDispatcher: Window went away: Window{f76ed9a u0 com.yangcong345.cloud.ui.launcher/com.yangcong345.padmodule.new_home.PadHomeActivity}
06-20 16:00:05.741   894  1281 I InputDispatcher: Window went away: Window{352023e u0 com.yangcong345.cloud.ui.launcher/com.yangcong345.padmodule.new_home.PadHomeActivity}
06-20 16:00:05.747  1850  5723 D app_statistics_insertNewAppUsageStats: {"data":"{\"appName\":\"Quickstep\",\"className\":\"com.android.quickstep.RecentsActivity\",\"duration\":1,\"endRealTime\":4736,\"endTime\":1718870405,\"id\":0,\"packageName\":\"com.android.launcher3\",\"startRealTime\":4735,\"startTime\":1718870404}"}
06-20 16:00:05.747  1850  2239 D app_statistics_onAccessibilityEvent: {"data":"{\"appName\":\"yc-debug\",\"className\":\"android.widget.FrameLayout\",\"duration\":0,\"endRealTime\":0,\"endTime\":0,\"id\":0,\"packageName\":\"com.yangcong345.android.phone\",\"startRealTime\":4736,\"startTime\":1718870405}"}
06-20 16:00:05.750  1850  2245 D DataSailMapper: get instance by url: intelligent-hardware.cn-beijing.log.aliyuncs.com/logstores/launcher-debug-store/shards/lb
06-20 16:00:05.751  1850  2245 I System.out: [okhttp]:check permission begin!
06-20 16:00:05.751  1850  2245 I System.out: [okhttp]:not MMS!
06-20 16:00:05.751  1850  2245 I System.out: [okhttp]:not Email!
06-20 16:00:05.751  1850  2246 D DataSailMapper: get instance by url: intelligent-hardware.cn-beijing.log.aliyuncs.com/logstores/launcher-debug-store/shards/lb
06-20 16:00:05.752  1850  2246 I System.out: [okhttp]:check permission begin!
06-20 16:00:05.752  1850  2246 I System.out: [okhttp]:not MMS!
06-20 16:00:05.752  1850  2246 I System.out: [okhttp]:not Email!
06-20 16:00:05.754  1850  2245 I System.out: [OkHttp] sendRequest<<
06-20 16:00:05.754  1850  2246 I System.out: [OkHttp] sendRequest<<
06-20 16:00:05.757   894  1281 I InputDispatcher: setInputWindows displayId=0 Window{86013db u0 NavigationBar0} Window{3ca9716 u0 StatusBar} Splash Screen com.yangcong345.android.phone#0 recents_animation_input_consumer com.yangcong345.cloud.ui.launcher/com.yangcong345.padmodule.new_home.PadHomeActivity#1 com.yangcong345.cloud.ui.launcher/com.yangcong345.padmodule.new_home.PadHomeActivity#0 Window{edac04 u0 com.android.systemui.ImageWallpaper}
06-20 16:00:05.762  6630  6630 D AVStageFactory: createInstance(64bit): createVendorAVFactory success!
06-20 16:00:05.762  6630  6630 D AVStageUtils: createInstance(64bit): createVendorAVUtils success!
06-20 16:00:05.762  6630  6630 D AVStageFactory: createInstance(64bit): createVendorAVFactory success!
06-20 16:00:05.765  6630  6630 D AndroidRuntime: >>>>>> START com.android.internal.os.RuntimeInit uid 2000 <<<<<<
06-20 16:00:05.769  6630  6630 I AndroidRuntime: Using default boot image
06-20 16:00:05.769  6630  6630 I AndroidRuntime: Leaving lock profiling enabled
06-20 16:00:05.766  6630  6630 I auditd  : type=1400 audit(0.0:3149): avc: denied { read } for comm="app_process" name="u:object_r:device_config_runtime_native_boot_prop:s0" dev="tmpfs" ino=15425 scontext=u:r:shell:s0 tcontext=u:object_r:device_config_runtime_native_boot_prop:s0 tclass=file permissive=1
06-20 16:00:05.766  6630  6630 I app_process: type=1400 audit(0.0:3149): avc: denied { read } for name="u:object_r:device_config_runtime_native_boot_prop:s0" dev="tmpfs" ino=15425 scontext=u:r:shell:s0 tcontext=u:object_r:device_config_runtime_native_boot_prop:s0 tclass=file permissive=1
06-20 16:00:05.773   894  1281 I InputDispatcher: setInputWindows displayId=0 Window{86013db u0 NavigationBar0} Window{3ca9716 u0 StatusBar} Splash Screen com.yangcong345.android.phone#0 recents_animation_input_consumer com.yangcong345.cloud.ui.launcher/com.yangcong345.padmodule.new_home.PadHomeActivity#1 com.yangcong345.cloud.ui.launcher/com.yangcong345.padmodule.new_home.PadHomeActivity#0 Window{edac04 u0 com.android.systemui.ImageWallpaper}
06-20 16:00:05.789   894  3745 I InputDispatcher: setInputWindows displayId=0 Window{86013db u0 NavigationBar0} Window{3ca9716 u0 StatusBar} Window{fa59034 u0 Splash Screen com.yangcong345.android.phone} recents_animation_input_consumer com.yangcong345.cloud.ui.launcher/com.yangcong345.padmodule.new_home.PadHomeActivity#1 com.yangcong345.cloud.ui.launcher/com.yangcong345.padmodule.new_home.PadHomeActivity#0 Window{edac04 u0 com.android.systemui.ImageWallpaper}
06-20 16:00:05.790   894  3745 I InputDispatcher: Window went away: Splash Screen com.yangcong345.android.phone#0
06-20 16:00:05.790   894   912 I configuration_changed: 536872064
06-20 16:00:05.793   548   938 I BufferQueueProducer: [com.yangcong345.cloud.ui.launcher/com.yangcong345.padmodule.new_home.PadHomeActivity#0](id:2240000000b,api:1,p:1894,c:548) disconnect(): api=1
06-20 16:00:05.794   894   912 I ActivityTaskManager: Config changes=20000480 {1.02 ?mcc?mnc [zh_CN] ldltr sw600dp w600dp h936dp 320dpi lrg port finger -keyb/v/h -nav/h winConfig={ mBounds=Rect(0, 0 - 1200, 1920) mAppBounds=Rect(0, 0 - 1200, 1920) mWindowingMode=fullscreen mDisplayWindowingMode=fullscreen mActivityType=undefined mAlwaysOnTop=undefined mRotation=ROTATION_0} s.964}
06-20 16:00:05.806   894  1281 I InputDispatcher: setInputWindows displayId=0 Window{86013db u0 NavigationBar0} Window{3ca9716 u0 StatusBar} Window{fa59034 u0 Splash Screen com.yangcong345.android.phone} recents_animation_input_consumer com.yangcong345.cloud.ui.launcher/com.yangcong345.padmodule.new_home.PadHomeActivity#1 com.yangcong345.cloud.ui.launcher/com.yangcong345.padmodule.new_home.PadHomeActivity#0 Window{edac04 u0 com.android.systemui.ImageWallpaper}
06-20 16:00:05.809   894   912 I WindowManager: Override config changes=20000480 {1.02 ?mcc?mnc [zh_CN] ldltr sw600dp w600dp h936dp 320dpi lrg port finger -keyb/v/h -nav/h winConfig={ mBounds=Rect(0, 0 - 1200, 1920) mAppBounds=Rect(0, 0 - 1200, 1920) mWindowingMode=fullscreen mDisplayWindowingMode=fullscreen mActivityType=undefined mAlwaysOnTop=undefined mRotation=ROTATION_0} s.964} for displayId=0
06-20 16:00:05.813   894   912 I sysui_multi_action: [757,1659,758,4,759,1,1660,0]
06-20 16:00:05.819  1242  1242 D StatusBar: disable<e i a s b h r c s > disable2<q i n >
06-20 16:00:05.820  1850  1850 I Matrix.ActivityThreadHacker: [handleMessage] msg.what:159 begin:4736581 isLaunchActivity:false SDK_INT=30
06-20 16:00:05.821  1242  1242 D View    : [Warning] assignParent to null: this = com.android.systemui.assist.AssistOrbContainer{f9b9776 G.E...... ......ID 0,0-1920,500}
06-20 16:00:05.822  1850  1850 I Matrix.ActivityThreadHacker: [handleMessage] msg.what:159 begin:4736582 isLaunchActivity:false SDK_INT=30
06-20 16:00:05.823   894  1281 I InputDispatcher: setInputWindows displayId=0 Window{86013db u0 NavigationBar0} Window{3ca9716 u0 StatusBar} Window{fa59034 u0 Splash Screen com.yangcong345.android.phone} recents_animation_input_consumer com.yangcong345.cloud.ui.launcher/com.yangcong345.padmodule.new_home.PadHomeActivity#1 com.yangcong345.cloud.ui.launcher/com.yangcong345.padmodule.new_home.PadHomeActivity#0 Window{edac04 u0 com.android.systemui.ImageWallpaper}
06-20 16:00:05.826   548   936 I SurfaceFlinger: [SF client] NEW(0xb40000709a036510) for (1242:com.android.systemui)
06-20 16:00:05.828  1242  1242 D ViewRootImpl[AssistPreviewPanel]: hardware acceleration = true , fakeHwAccelerated = false, sRendererDisabled = false, forceHwAccelerated = false, sSystemRendererDisabled = false
06-20 16:00:05.833   894   912 I InputManager-JNI: Viewport [0] to add: local:0, isActive: true
06-20 16:00:05.839   894  1281 I InputDispatcher: setInputWindows displayId=0 Window{86013db u0 NavigationBar0} Window{3ca9716 u0 StatusBar} Window{fa59034 u0 Splash Screen com.yangcong345.android.phone} recents_animation_input_consumer com.yangcong345.cloud.ui.launcher/com.yangcong345.padmodule.new_home.PadHomeActivity#1 com.yangcong345.cloud.ui.launcher/com.yangcong345.padmodule.new_home.PadHomeActivity#0 Window{edac04 u0 com.android.systemui.ImageWallpaper}
06-20 16:00:05.843   894  1044 I InputReader: Reconfiguring input devices, changes=DISPLAY_INFO |
06-20 16:00:05.843   894  1044 I InputReader: Device reconfigured: id=5, name='mtk-common', size 1200x1920, orientation 0, mode 1, display id 0
06-20 16:00:05.843   894  1044 I InputReader: Device reconfigured: id=4, name='mtk-tpd', size 1200x1920, orientation 0, mode 1, display id 0
06-20 16:00:05.849  1242  1242 I InputTransport: Create ARC handle: 0xb4000075390a1e50
06-20 16:00:05.851   894   913 D Surface : lockCanvas
06-20 16:00:05.854   548   936 I BufferQueueProducer: [com.yangcong345.cloud.ui.launcher/com.yangcong345.padmodule.new_home.PadHomeActivity#1](id:22400000028,api:1,p:1894,c:548) disconnect(): api=1
06-20 16:00:05.855   894  3745 I InputDispatcher: setInputWindows displayId=0 Window{86013db u0 NavigationBar0} Window{3ca9716 u0 StatusBar} Window{fa59034 u0 Splash Screen com.yangcong345.android.phone} recents_animation_input_consumer com.yangcong345.cloud.ui.launcher/com.yangcong345.padmodule.new_home.PadHomeActivity#1 com.yangcong345.cloud.ui.launcher/com.yangcong345.padmodule.new_home.PadHomeActivity#0 Window{edac04 u0 com.android.systemui.ImageWallpaper}
06-20 16:00:05.869  1242  1242 V NavigationBarView: home = true
06-20 16:00:05.869  1242  1242 V NavigationBarView: recent = true
06-20 16:00:05.869  1242  1242 V NavigationBarView: back = true
06-20 16:00:05.871   894  1281 I InputDispatcher: setInputWindows displayId=0 Window{86013db u0 NavigationBar0} Window{3ca9716 u0 StatusBar} Window{fa59034 u0 Splash Screen com.yangcong345.android.phone} recents_animation_input_consumer com.yangcong345.cloud.ui.launcher/com.yangcong345.padmodule.new_home.PadHomeActivity#1 com.yangcong345.cloud.ui.launcher/com.yangcong345.padmodule.new_home.PadHomeActivity#0 Window{edac04 u0 com.android.systemui.ImageWallpaper}
06-20 16:00:05.873  1242  1242 V NavigationBarView: home = true
06-20 16:00:05.873  1242  1242 V NavigationBarView: recent = true
06-20 16:00:05.873  1242  1242 V NavigationBarView: back = true
06-20 16:00:05.880  1242  1242 I InputTransport: Destroy ARC handle: 0xb4000075390ba570
06-20 16:00:05.887   894  3745 I InputDispatcher: setInputWindows displayId=0 Window{86013db u0 NavigationBar0} Window{3ca9716 u0 StatusBar} Window{fa59034 u0 Splash Screen com.yangcong345.android.phone} recents_animation_input_consumer com.yangcong345.cloud.ui.launcher/com.yangcong345.padmodule.new_home.PadHomeActivity#1 com.yangcong345.cloud.ui.launcher/com.yangcong345.padmodule.new_home.PadHomeActivity#0 Window{edac04 u0 com.android.systemui.ImageWallpaper}
06-20 16:00:05.902  6630  6630 D app_process: Time zone APEX ICU file found: /apex/com.android.tzdata/etc/icu/icu_tzdata.dat
