05-24 19:02:32.444   472  1150 D AudioALSADeviceConfigManager: ApplyDeviceTurnonSequenceByName() DeviceName = headphone_output descriptor->DeviceStatusCounte = 0, Ctlsize=6
05-24 19:02:32.458   920  1084 W InputReader: Received unexpected event (0x35, 0x2) for slot 0 with tracking id 14
05-24 19:02:32.458   920  1084 W InputReader: Received unexpected event (0x36, 0x4d4) for slot 0 with tracking id 14
05-24 19:02:32.459   496   592 I libPowerHal: [perfLockAcq] idx:0 hdl:197 hint:25 pid:496 duration:10000 lock_user:mtkpower@1.0-se => ret_hdl:197
05-24 19:02:32.459   496   592 I libPowerHal: [PE] MTKPOWER_HINT_APP_TOUCH update cmd:3408600 param:1
05-24 19:02:32.474   472  1150 D AudioALSADeviceConfigManager: ApplyDeviceTurnonSequenceByName() DeviceName = ext_speaker_output descriptor->DeviceStatusCounte = 0, Ctlsize=2
05-24 19:02:32.485   472  1150 D AudioALSAHardwareResourceManager: notifyOutputDeviceStatusChange(), device = 2, status = 0, sampleRate = 48000, mOpenSpeakerPathCount = 1
05-24 19:02:32.485   472  1150 D AudioALSAStreamManager: speakerStatusChangeCb(), status = 0, sampleRate = 48000
05-24 19:02:32.485   472  1150 D AudioALSAPlaybackHandlerNormal: open: set Awinic audio_format 24_BIT
05-24 19:02:32.485   472  1150 D [Awinic]:  Set Media info Done !
05-24 19:02:32.485   472  1150 D AudioALSAPlaybackHandlerNormal: -open()
05-24 19:02:32.541   496   575 I libPerfCtl: xgfGetFPS pid:1306 fps:-1
05-24 19:02:32.541   496   575 I libPerfCtl: xgfGetFPS pid:2295 fps:-1
05-24 19:02:32.541   496   575 I libPowerHal: [updateFPS] pid(2295) : 60 => -1
05-24 19:02:32.541   496   592 I libPowerHal: [perfNotifyAppState] pack:com.yangcong345.cloud.ui.launcher, act:com.yangcong345.padmodule.new_home.PadHomeActivity, state:5, pid:2295, uid:10065, fps:-1
05-24 19:02:32.541   496   592 E UxUtility: notifyAppState error = NULL
05-24 19:02:32.541   496   592 I TouchUtility: notifyAppState error = NULL
05-24 19:02:32.541   496   575 I libPerfCtl: xgfGetFPS pid:3984 fps:-1
05-24 19:02:32.558   920  2235 I input_cancel: [b99554f com.yangcong345.cloud.ui.launcher/com.yangcong345.padmodule.new_home.PadHomeActivity (server),reason=input channel stole pointer stream]
05-24 19:02:32.558   920  2235 I input_cancel: [[Gesture Monitor] edge-swipe (server),reason=input channel stole pointer stream]
05-24 19:02:32.558   920  2235 I InputDispatcher: Channel [Gesture Monitor] swipe-up (server) is stealing touch from [b99554f com.yangcong345.cloud.ui.launcher/com.yangcong345.padmodule.new_home.PadHomeActivity (server), [Gesture Monitor] edge-swipe (server)]
05-24 19:02:32.558  2295  2295 I view_enqueue_input_event: [Motion - Cancel,com.yangcong345.cloud.ui.launcher/com.yangcong345.padmodule.new_home.PadHomeActivity]
05-24 19:02:32.558   920  1338 W ActivityTaskManager: zzg getRecentTasksImpl intentcmp=ComponentInfo{com.yangcong345.android.phone/com.yangcong345.main.phone.splash.SplashActivity}, intentDataStr=null
05-24 19:02:32.559   920  1338 W ActivityTaskManager: zzg getRecentTasksImpl intentcmp=ComponentInfo{com.yangcong345.pad.systemsetting/com.yangcong345.pad.systemsetting.SystemSettingActivity}, intentDataStr=null
05-24 19:02:32.559   920  1338 W ActivityTaskManager: zzg getRecentTasksImpl intentcmp=ComponentInfo{com.test.rommock/com.yangcong345.cloud.rommock.MainActivity}, intentDataStr=null
05-24 19:02:32.559   920  1338 W ActivityTaskManager: zzg getRecentTasksImpl intentcmp=ComponentInfo{com.android.launcher3/com.android.launcher3.uioverrides.QuickstepLauncher}, intentDataStr=null
05-24 19:02:32.559   920  1338 W ActivityTaskManager: zzg getRecentTasksImpl intentcmp=ComponentInfo{com.hhdd.kadahd/com.hhdd.kada.main.ui.activity.LaunchActivity}, intentDataStr=null
05-24 19:02:32.562   496   536 I mtkpower@impl: [setMode] type:5, enabled:1
05-24 19:02:32.562   920  1338 D HraManager: hra getBlackIntentActionList
05-24 19:02:32.563   920  1338 I ActivityTaskManager: START u0 {act=android.intent.action.MAIN cat=[android.intent.category.DEFAULT] flg=0x10010000 cmp=com.android.launcher3/com.android.quickstep.RecentsActivity (has extras)} from uid 10091
05-24 19:02:32.563   496   592 I libPowerHal: [perfLockAcq] idx:1 hdl:198 hint:11 pid:496 duration:30000 lock_user:mtkpower@1.0-se => ret_hdl:198
05-24 19:02:32.563   496   592 I libPowerHal: LAUNCH: cpu_ctrl set cpu freq: 1800000 -1 2000000 -1
05-24 19:02:32.563   496   592 I libPowerHal: [PE] LAUNCH update cmd:1000000, param:0
05-24 19:02:32.563  5706  5740 I Monkey  :     // Rejecting start of Intent { act=android.intent.action.MAIN cat=[android.intent.category.DEFAULT] cmp=com.android.launcher3/com.android.quickstep.RecentsActivity } in package com.android.launcher3
05-24 19:02:32.564   496   592 I libPowerHal: [PE] LAUNCH update cmd:1408300, param:100
05-24 19:02:32.564   496   592 I libPowerHal: [PE] LAUNCH update cmd:1000000 param:0
05-24 19:02:32.564   920  1083 I input_interaction: Interaction with: [Gesture Monitor] swipe-up (server), PointerEventDispatcher0 (server),
05-24 19:02:32.565   920  1338 E RecentsAnimation: Failed to start recents activity
05-24 19:02:32.565   920  1338 E RecentsAnimation: java.lang.NullPointerException: Attempt to invoke virtual method 'boolean com.android.server.wm.Task.shouldBeVisible(com.android.server.wm.ActivityRecord)' on a null object reference
05-24 19:02:32.565   920  1338 E RecentsAnimation: 	at com.android.server.wm.TaskDisplayArea.moveRootTaskBehindBottomMostVisibleRootTask(TaskDisplayArea.java:1703)
05-24 19:02:32.565   920  1338 E RecentsAnimation: 	at com.android.server.wm.RecentsAnimation.startRecentsActivity(RecentsAnimation.java:233)
05-24 19:02:32.565   920  1338 E RecentsAnimation: 	at com.android.server.wm.ActivityTaskManagerService.startRecentsActivity(ActivityTaskManagerService.java:1771)
05-24 19:02:32.565   920  1338 E RecentsAnimation: 	at android.app.IActivityTaskManager$Stub.onTransact(IActivityTaskManager.java:1171)
05-24 19:02:32.565   920  1338 E RecentsAnimation: 	at com.android.server.wm.ActivityTaskManagerService.onTransact(ActivityTaskManagerService.java:5229)
05-24 19:02:32.565   920  1338 E RecentsAnimation: 	at android.os.Binder.execTransactInternal(Binder.java:1280)
05-24 19:02:32.565   920  1338 E RecentsAnimation: 	at android.os.Binder.execTransact(Binder.java:1244)
05-24 19:02:32.566   920  1338 W ActivityTaskManager: ActivityTaskManager onTransact aborts UID:10091 PID:1713
05-24 19:02:32.566   920  1338 W ActivityTaskManager: java.lang.NullPointerException: Attempt to invoke virtual method 'boolean com.android.server.wm.Task.shouldBeVisible(com.android.server.wm.ActivityRecord)' on a null object reference
05-24 19:02:32.566   920  1338 W ActivityTaskManager: 	at com.android.server.wm.TaskDisplayArea.moveRootTaskBehindBottomMostVisibleRootTask(TaskDisplayArea.java:1703)
05-24 19:02:32.566   920  1338 W ActivityTaskManager: 	at com.android.server.wm.RecentsAnimation.startRecentsActivity(RecentsAnimation.java:233)
05-24 19:02:32.566   920  1338 W ActivityTaskManager: 	at com.android.server.wm.ActivityTaskManagerService.startRecentsActivity(ActivityTaskManagerService.java:1771)
05-24 19:02:32.566   920  1338 W ActivityTaskManager: 	at android.app.IActivityTaskManager$Stub.onTransact(IActivityTaskManager.java:1171)
05-24 19:02:32.566   920  1338 W ActivityTaskManager: 	at com.android.server.wm.ActivityTaskManagerService.onTransact(ActivityTaskManagerService.java:5229)
05-24 19:02:32.566   920  1338 W ActivityTaskManager: 	at android.os.Binder.execTransactInternal(Binder.java:1280)
05-24 19:02:32.566   920  1338 W ActivityTaskManager: 	at android.os.Binder.execTransact(Binder.java:1244)
05-24 19:02:32.569  1306  1306 V ShadeControllerImpl: NotificationShadeWindow: com.android.systemui.statusbar.phone.NotificationShadeWindowView{ce5c3a2 I.E...... ......ID 0,0-1920,1200} canPanelBeCollapsed(): false
05-24 19:02:32.572   920   937 I WindowManager: onSwipeFromBottom
05-24 19:02:32.597   920  5864 D AudioTrack: stop(28): 0xb40000768df6f1a0, prior state:STATE_ACTIVE
05-24 19:02:32.597   920  5864 D AudioTrack: stop(28): 0xb40000768df6f1a0 stop done
05-24 19:02:32.605   486   549 I Proximity: distance = 2
05-24 19:02:32.606   920  1001 W SensorService: Failed to write wake lock handled
05-24 19:02:32.642   472   591 I AudioALSAStreamOut: updateSourceMetadata(), do nothing source_metadata = 0xe6b7aab8
05-24 19:02:32.642   501   711 W AudioPolicyManagerCustomImpl: [MTK_APM_Route]setOutputDevices() mIoHandle 13 mId 1 device (0x2)(0x1, 0x2, 0x4, 0x8, 0x10, 0x20, 0x40, 0x400, 0x800, 0x1000, 0x4000, 0x100000, 0x4000000) delayMs 84 force 0 size 4
05-24 19:02:32.809   486   549 I Proximity: distance = 2
05-24 19:02:32.810   920  1001 W SensorService: Failed to write wake lock handled
05-24 19:02:32.857   920  1180 V cunchu  : totalBytes = 111327076352 ,usableBytes = 107390152704 ,oldLevel = 0 ,newLevel = 0
05-24 19:02:32.921  1477  1477 D CapRIL  : resetProxyAndRequestList
05-24 19:02:32.921   366   366 I servicemanager: Could not find vendor.mediatek.hardware.mtkradioex.modem.IMtkRadioExModem/slot1 in the VINTF manifest.
05-24 19:02:32.922   367   367 I hwservicemanager: getTransport: Cannot find entry vendor.mediatek.hardware.mtkradioex@3.0::IMtkRadioEx/mtkCap1 in either framework or device VINTF manifest.
05-24 19:02:32.922  1477  1477 E CapRIL  : getMtkRadioExCapProxy getServiceV3_0: java.util.NoSuchElementException
05-24 19:02:32.922   367   367 I hwservicemanager: getTransport: Cannot find entry vendor.mediatek.hardware.mtkradioex@2.0::IMtkRadioEx/mtkCap1 in either framework or device VINTF manifest.
05-24 19:02:32.923  1477  1477 E CapRIL  : getMtkRadioExCapProxy getServiceV2_0: java.util.NoSuchElementException
05-24 19:02:32.923  1477  1477 E CapRIL  : getMtkRadioExCapProxy: is empty
05-24 19:02:32.929   499   499 D Vibrator: Vibrator perform 1, 0
05-24 19:02:32.929   499   499 I Vibrator: Vibrator on for timeoutMs: 100
05-24 19:02:32.929   499   499 I Vibrator: Vibrator device does not exist. Cannot start vibrator
05-24 19:02:32.978   496   592 I libPowerHal: [perfLockRel] hdl:197, idx:0
05-24 19:02:32.978   496   592 I libPowerHal: [PD] MTKPOWER_HINT_APP_TOUCH update cmd:3408600 param:0
05-24 19:02:32.979   920  1715 I am_meminfo: [923090944,2660732928,4096,277651456,577690624]
05-24 19:02:33.013   486   549 I Proximity: distance = 2
05-24 19:02:33.014   920  1001 W SensorService: Failed to write wake lock handled
05-24 19:02:33.030   499   499 D Vibrator: Vibrator off
05-24 19:02:33.030   499   499 I Vibrator: Vibrator device does not exist. Cannot start vibrator
05-24 19:02:33.217   486   549 I Proximity: distance = 2
05-24 19:02:33.218   920  1001 W SensorService: Failed to write wake lock handled
05-24 19:02:33.260   708   708 I thermal_repeater: socket -1
05-24 19:02:33.323  3984  3996 I .eye.protection: Explicit concurrent copying GC freed 35042(1991KB) AllocSpace objects, 6(120KB) LOS objects, 49% free, 3604KB/7209KB, paused 74us,43us total 35.287ms
05-24 19:02:33.405   506   606 D SurfaceFlinger: [SF client] REMOVE (0xb400006fec1b9ef0) for (3984:com.yangcong345.eye.protection)
05-24 19:02:33.409  1511  1511 D VibrateSensorServer: VibrateSensorServer  testTime=currentTime - currentTime1 > 1s
05-24 19:02:33.419  1511  1511 D VibrateSensorServer: Times--->  0
05-24 19:02:33.419  1511  1511 D VibrateSensorServer:  .... else VibrateTip --> Off ....
05-24 19:02:33.421   486   549 I Proximity: distance = 2
05-24 19:02:33.422   920  1001 W SensorService: Failed to write wake lock handled
05-24 19:02:33.427  5706  5706 I Monkey  : :Sending Touch (ACTION_DOWN): 0:(1241.0,33.0)
05-24 19:02:33.428   920  1083 I input_interaction: Interaction with: e5ac11a StatusBar (server), [Gesture Monitor] swipe-up (server), [Gesture Monitor] edge-swipe (server), PointerEventDispatcher0 (server),
05-24 19:02:33.428   496   592 I libPowerHal: [perfLockAcq] idx:0 hdl:199 hint:25 pid:496 duration:10000 lock_user:mtkpower@1.0-se => ret_hdl:199
05-24 19:02:33.429   496   592 I libPowerHal: [PE] MTKPOWER_HINT_APP_TOUCH update cmd:3408600 param:1
05-24 19:02:33.429  5706  5706 I Monkey  : :Sending Touch (ACTION_UP): 0:(1259.8517,41.650173)
05-24 19:02:33.430   496   592 I libPowerHal: [perfLockRel] hdl:199, idx:0
05-24 19:02:33.431   496   592 I libPowerHal: [PD] MTKPOWER_HINT_APP_TOUCH update cmd:3408600 param:0
05-24 19:02:33.431  5706  5706 I Monkey  : Sleeping for 1000 milliseconds
05-24 19:02:33.432  1306  1306 I sysui_multi_action: [757,803,799,panel_open,802,1]
05-24 19:02:33.433  1306  1306 I sysui_multi_action: [757,1328,758,4,1326,64,1327,2,1329,1]
05-24 19:02:33.535  1511  1511 I android_os_HwBinder: HwBinder: Starting thread pool for getting: vendor.mediatek.hardware.nvram@1.0::INvram/default
05-24 19:02:33.536   497   497 D NVRAM   : NVM_GetLIDByName /mnt/vendor/nvcfg/HWMON_PS
05-24 19:02:33.536   497   497 D NVRAM   : NVRAM: NVM_GetLIDByName Lid =18
05-24 19:02:33.536   497   497 D NVRAM   : fail to open /sys/class/BOOT/BOOT/boot/boot_mode:
05-24 19:02:33.536   497   497 D NVRAM   : NVM_GetFileDesc: Open /mnt/vendor/nvcfg/HWMON_PS,LID:18
05-24 19:02:33.536   497   497 D NVRAM   : NVM_CmpFileVerNo 18
05-24 19:02:33.536   497   497 D NVRAM   : Load File Version: 000, NvRam File Version: 000
05-24 19:02:33.536   497   497 D NVRAM   : NVM_ProtectDataFile : 18 ++
05-24 19:02:33.536   497   497 D NVRAM   : NVM_ProtectUserData:Check Success
05-24 19:02:33.536   497   497 D NVRAM   : NVM_GetFileDesc ProtectDataFile Check Success!!
05-24 19:02:33.536   497   497 D NVRAM   : NVM_GetFileDesc --
05-24 19:02:33.536   497   497 D NVRAM   : Read Done!Size is 4
05-24 19:02:33.536   497   497 D NVRAM   : nvramstr 00000418
05-24 19:02:33.536   497   497 D NVRAM   :
05-24 19:02:33.536  1511  1511 I ProximityService: --->readFileByName--->Succeed : 00000418
05-24 19:02:33.537  1511  1511 I ProximityService: getData -->40--- thresholdValue --->1048
05-24 19:02:33.541   496   575 I libPerfCtl: xgfGetFPS pid:1306 fps:-1
05-24 19:02:33.541   496   575 I libPerfCtl: xgfGetFPS pid:2295 fps:-1
05-24 19:02:33.541   496   575 I libPerfCtl: xgfGetFPS pid:3984 fps:-1
05-24 19:02:33.544   497   497 D NVRAM   : NVM_CloseFileDesc: Open by Readonly, no need to check when close
05-24 19:02:33.625   486   549 I Proximity: distance = 2
05-24 19:02:33.626   920  1001 W SensorService: Failed to write wake lock handled
05-24 19:02:33.829   486   549 I Proximity: distance = 2
05-24 19:02:33.830   920  1001 W SensorService: Failed to write wake lock handled
05-24 19:02:34.018   920  1084 W InputReader: Received unexpected event (0x35, 0x5) for slot 0 with tracking id 15
05-24 19:02:34.018   920  1084 W InputReader: Received unexpected event (0x36, 0x424) for slot 0 with tracking id 15
05-24 19:02:34.018   920  1083 I input_interaction: Interaction with: b99554f com.yangcong345.cloud.ui.launcher/com.yangcong345.padmodule.new_home.PadHomeActivity (server), [Gesture Monitor] swipe-up (server), [Gesture Monitor] edge-swipe (server), PointerEventDispatcher0 (server),
05-24 19:02:34.020   496   592 I libPowerHal: [perfLockAcq] idx:0 hdl:200 hint:25 pid:496 duration:10000 lock_user:mtkpower@1.0-se => ret_hdl:200
05-24 19:02:34.020   496   592 I libPowerHal: [PE] MTKPOWER_HINT_APP_TOUCH update cmd:3408600 param:1
05-24 19:02:34.033   486   549 I Proximity: distance = 2
05-24 19:02:34.034   920  1001 W SensorService: Failed to write wake lock handled
05-24 19:02:34.052   920  1715 I input_cancel: [b99554f com.yangcong345.cloud.ui.launcher/com.yangcong345.padmodule.new_home.PadHomeActivity (server),reason=input channel stole pointer stream]
05-24 19:02:34.053   920  1715 I input_cancel: [[Gesture Monitor] edge-swipe (server),reason=input channel stole pointer stream]
05-24 19:02:34.053  2295  2295 I view_enqueue_input_event: [Motion - Cancel,com.yangcong345.cloud.ui.launcher/com.yangcong345.padmodule.new_home.PadHomeActivity]
05-24 19:02:34.053   920  2915 D HraManager: hra getBlackIntentActionList
05-24 19:02:34.053   920  1715 I InputDispatcher: Channel [Gesture Monitor] swipe-up (server) is stealing touch from [b99554f com.yangcong345.cloud.ui.launcher/com.yangcong345.padmodule.new_home.PadHomeActivity (server), [Gesture Monitor] edge-swipe (server)]
05-24 19:02:34.053   496   536 I mtkpower@impl: [setMode] type:5, enabled:1
05-24 19:02:34.053   920  2915 I ActivityTaskManager: START u0 {act=android.intent.action.MAIN cat=[android.intent.category.DEFAULT] flg=0x10010000 cmp=com.android.launcher3/com.android.quickstep.RecentsActivity (has extras)} from uid 10091
05-24 19:02:34.054   496   592 I libPowerHal: [perfLockAcq] idx:2 hdl:201 hint:11 pid:496 duration:30000 lock_user:mtkpower@1.0-se => ret_hdl:201
05-24 19:02:34.054   496   592 I libPowerHal: [perfLockRel] hdl:198, idx:1
05-24 19:02:34.054  5706  5740 I Monkey  :     // Rejecting start of Intent { act=android.intent.action.MAIN cat=[android.intent.category.DEFAULT] cmp=com.android.launcher3/com.android.quickstep.RecentsActivity } in package com.android.launcher3
05-24 19:02:34.055   920  2915 E RecentsAnimation: Failed to start recents activity
05-24 19:02:34.055   920  2915 E RecentsAnimation: java.lang.NullPointerException: Attempt to invoke virtual method 'boolean com.android.server.wm.Task.shouldBeVisible(com.android.server.wm.ActivityRecord)' on a null object reference
05-24 19:02:34.055   920  2915 E RecentsAnimation: 	at com.android.server.wm.TaskDisplayArea.moveRootTaskBehindBottomMostVisibleRootTask(TaskDisplayArea.java:1703)
05-24 19:02:34.055   920  2915 E RecentsAnimation: 	at com.android.server.wm.RecentsAnimation.startRecentsActivity(RecentsAnimation.java:233)
05-24 19:02:34.055   920  2915 E RecentsAnimation: 	at com.android.server.wm.ActivityTaskManagerService.startRecentsActivity(ActivityTaskManagerService.java:1771)
05-24 19:02:34.055   920  2915 E RecentsAnimation: 	at android.app.IActivityTaskManager$Stub.onTransact(IActivityTaskManager.java:1171)
05-24 19:02:34.055   920  2915 E RecentsAnimation: 	at com.android.server.wm.ActivityTaskManagerService.onTransact(ActivityTaskManagerService.java:5229)
05-24 19:02:34.055   920  2915 E RecentsAnimation: 	at android.os.Binder.execTransactInternal(Binder.java:1280)
05-24 19:02:34.055   920  2915 E RecentsAnimation: 	at android.os.Binder.execTransact(Binder.java:1244)
05-24 19:02:34.056   920  2915 W ActivityTaskManager: ActivityTaskManager onTransact aborts UID:10091 PID:1713
05-24 19:02:34.056   920  2915 W ActivityTaskManager: java.lang.NullPointerException: Attempt to invoke virtual method 'boolean com.android.server.wm.Task.shouldBeVisible(com.android.server.wm.ActivityRecord)' on a null object reference
05-24 19:02:34.056   920  2915 W ActivityTaskManager: 	at com.android.server.wm.TaskDisplayArea.moveRootTaskBehindBottomMostVisibleRootTask(TaskDisplayArea.java:1703)
05-24 19:02:34.056   920  2915 W ActivityTaskManager: 	at com.android.server.wm.RecentsAnimation.startRecentsActivity(RecentsAnimation.java:233)
05-24 19:02:34.056   920  2915 W ActivityTaskManager: 	at com.android.server.wm.ActivityTaskManagerService.startRecentsActivity(ActivityTaskManagerService.java:1771)
05-24 19:02:34.056   920  2915 W ActivityTaskManager: 	at android.app.IActivityTaskManager$Stub.onTransact(IActivityTaskManager.java:1171)
05-24 19:02:34.056   920  2915 W ActivityTaskManager: 	at com.android.server.wm.ActivityTaskManagerService.onTransact(ActivityTaskManagerService.java:5229)
05-24 19:02:34.056   920  2915 W ActivityTaskManager: 	at android.os.Binder.execTransactInternal(Binder.java:1280)
05-24 19:02:34.056   920  2915 W ActivityTaskManager: 	at android.os.Binder.execTransact(Binder.java:1244)
05-24 19:02:34.058   920  1083 I input_interaction: Interaction with: [Gesture Monitor] swipe-up (server), PointerEventDispatcher0 (server),
05-24 19:02:34.059  1306  1306 V ShadeControllerImpl: NotificationShadeWindow: com.android.systemui.statusbar.phone.NotificationShadeWindowView{ce5c3a2 I.E...... ......ID 0,0-1920,1200} canPanelBeCollapsed(): false
05-24 19:02:34.067   920   937 I WindowManager: onSwipeFromBottom
05-24 19:02:34.233   499   499 D Vibrator: Vibrator perform 1, 0
05-24 19:02:34.233   499   499 I Vibrator: Vibrator on for timeoutMs: 100
05-24 19:02:34.233   499   499 I Vibrator: Vibrator device does not exist. Cannot start vibrator
05-24 19:02:34.237   486   549 I Proximity: distance = 2
05-24 19:02:34.238   920  1001 W SensorService: Failed to write wake lock handled
05-24 19:02:34.326   496   592 I libPowerHal: [perfLockRel] hdl:200, idx:0
05-24 19:02:34.327   496   592 I libPowerHal: [PD] MTKPOWER_HINT_APP_TOUCH update cmd:3408600 param:0
05-24 19:02:34.334   499   499 D Vibrator: Vibrator off
05-24 19:02:34.334   499   499 I Vibrator: Vibrator device does not exist. Cannot start vibrator
05-24 19:02:34.432  5706  5706 I Monkey  : :Sending Touch (ACTION_DOWN): 0:(1284.0,129.0)
05-24 19:02:34.433   920  1083 I input_interaction: Interaction with: b99554f com.yangcong345.cloud.ui.launcher/com.yangcong345.padmodule.new_home.PadHomeActivity (server), [Gesture Monitor] swipe-up (server), [Gesture Monitor] edge-swipe (server), PointerEventDispatcher0 (server),
05-24 19:02:34.433   496   592 I libPowerHal: [perfLockAcq] idx:0 hdl:202 hint:25 pid:496 duration:10000 lock_user:mtkpower@1.0-se => ret_hdl:202
05-24 19:02:34.433   496   592 I libPowerHal: [PE] MTKPOWER_HINT_APP_TOUCH update cmd:3408600 param:1
05-24 19:02:34.434  5706  5706 I Monkey  : :Sending Touch (ACTION_UP): 0:(1283.971,129.39507)
05-24 19:02:34.435   496   592 I libPowerHal: [perfLockRel] hdl:202, idx:0
05-24 19:02:34.435   496   592 I libPowerHal: [PD] MTKPOWER_HINT_APP_TOUCH update cmd:3408600 param:0
05-24 19:02:34.437  5706  5706 I Monkey  : Sleeping for 1000 milliseconds
05-24 19:02:34.439   920  1187 D AudioTrack: setVolume(28): 0xb40000768df6f1a0, left = 0.501187, right = 0.501187
05-24 19:02:34.439   920  1187 D AudioTrack: start(28): 0xb40000768df6f1a0, prior state:STATE_STOPPED
05-24 19:02:34.440   501   752 D APM_AudioPolicyManager: startOutput() output 13, stream 1, session 81
05-24 19:02:34.441   486   549 I Proximity: distance = 2
05-24 19:02:34.442   920  1001 W SensorService: Failed to write wake lock handled
05-24 19:02:34.445   472   591 I AudioALSAStreamOut: updateSourceMetadata(), do nothing source_metadata = 0xe6b7aab8
05-24 19:02:34.465  1511  1511 D VibrateSensorServer: VibrateSensorServer  testTime=currentTime - currentTime1 > 1s
05-24 19:02:34.468  1511  1511 D VibrateSensorServer: Times--->  0
05-24 19:02:34.470  1511  1511 D VibrateSensorServer:  .... else VibrateTip --> Off ....
05-24 19:02:34.478   506   506 I BufferQueueProducer: [com.yangcong345.cloud.ui.launcher/com.yangcong345.padmodule.new_home.PadHomeActivity#321](this:0xb4000070dc350448,id:-1,api:0,p:-1,c:506) queueBuffer: fps=1.62 dur=3714.45 max=3489.15 min=32.01
05-24 19:02:34.479   482   482 I hwcomposer: [HWCDisplay] [Display_0 (type:1)] fps:7.520874,dur:3988.90,max:3489.03,min:14.37
05-24 19:02:34.542   496   575 I libPerfCtl: xgfGetFPS pid:1306 fps:-1
05-24 19:02:34.542   496   575 I libPerfCtl: xgfGetFPS pid:2295 fps:-1
05-24 19:02:34.542   496   575 I libPerfCtl: xgfGetFPS pid:3984 fps:-1
05-24 19:02:34.544   920  5864 D AudioTrack: stop(28): 0xb40000768df6f1a0, prior state:STATE_ACTIVE
05-24 19:02:34.544   920  5864 D AudioTrack: stop(28): 0xb40000768df6f1a0 stop done
05-24 19:02:34.546  2295  2295 W RecyclerView: No adapter attached; skipping layout
05-24 19:02:34.546  2295  2295 W RecyclerView: No adapter attached; skipping layout
05-24 19:02:34.570   715   770 D AAL     : 05-24 07:02:34.570 BL= 490,ESS= 256,
05-24 19:02:34.578   472   591 I AudioALSAStreamOut: updateSourceMetadata(), do nothing source_metadata = 0xe6b7aab8
05-24 19:02:34.578   501   711 W AudioPolicyManagerCustomImpl: [MTK_APM_Route]setOutputDevices() mIoHandle 13 mId 1 device (0x2)(0x1, 0x2, 0x4, 0x8, 0x10, 0x20, 0x40, 0x400, 0x800, 0x1000, 0x4000, 0x100000, 0x4000000) delayMs 84 force 0 size 4
05-24 19:02:34.581  2295  2295 W RecyclerView: No adapter attached; skipping layout
05-24 19:02:34.582  2295  2295 W RecyclerView: No adapter attached; skipping layout
05-24 19:02:34.599  2295  2295 W Matrix.AppMethodBeat: [checkPileup] index:-1,	isValid:false source:ApplicationCreateBeginMethodIndex
05-24 19:02:34.624  2295  2295 W Matrix.AppMethodBeat: [checkPileup] index:24119,	isValid:false source:ApplicationCreateBeginMethodIndex
05-24 19:02:34.643  1256  1256 I WifiHAL : Get link layer stats
05-24 19:02:34.643  1256  1256 I WifiHAL : GetLinkStatsCommand::create
05-24 19:02:34.643  1256  1256 D android.hardware.wifi@1.0-service-lazy: WifiRequest::create vendor command to iface 11, vendor_id=0x1a11, subcmd=0x1200, res=0
05-24 19:02:34.643  1256  1256 I android.hardware.wifi@1.0-service-lazy: WifiCommand::requestResponse err=-14
05-24 19:02:34.643  1256  1256 I WifiHAL : wifi_get_link_stats: result=-1
05-24 19:02:34.644   920  1142 E WifiVendorHal: getWifiLinkLayerStats_1_5_Internal(l.1176) failed {.code = ERROR_UNKNOWN, .description = unknown}
05-24 19:02:34.649   486   549 I Proximity: distance = 2
05-24 19:02:34.650   920  1001 W SensorService: Failed to write wake lock handled
05-24 19:02:34.715   715   770 D AAL     : 05-24 07:02:34.699 BL= 491,ESS= 256,
05-24 19:02:34.720   920  1084 W InputReader: Received unexpected event (0x35, 0x5) for slot 0 with tracking id 16
05-24 19:02:34.720   920  1084 W InputReader: Received unexpected event (0x36, 0x46e) for slot 0 with tracking id 16
05-24 19:02:34.720   496   592 I libPowerHal: [perfLockAcq] idx:0 hdl:203 hint:25 pid:496 duration:10000 lock_user:mtkpower@1.0-se => ret_hdl:203
05-24 19:02:34.721   496   592 I libPowerHal: [PE] MTKPOWER_HINT_APP_TOUCH update cmd:3408600 param:1
05-24 19:02:34.754   920  2915 I input_cancel: [b99554f com.yangcong345.cloud.ui.launcher/com.yangcong345.padmodule.new_home.PadHomeActivity (server),reason=input channel stole pointer stream]
05-24 19:02:34.755   920  2915 I input_cancel: [[Gesture Monitor] edge-swipe (server),reason=input channel stole pointer stream]
05-24 19:02:34.755   920  2915 I InputDispatcher: Channel [Gesture Monitor] swipe-up (server) is stealing touch from [b99554f com.yangcong345.cloud.ui.launcher/com.yangcong345.padmodule.new_home.PadHomeActivity (server), [Gesture Monitor] edge-swipe (server)]
05-24 19:02:34.755   496   536 I mtkpower@impl: [setMode] type:5, enabled:1
05-24 19:02:34.756   920  1715 D HraManager: hra getBlackIntentActionList
05-24 19:02:34.756   920  1715 I ActivityTaskManager: START u0 {act=android.intent.action.MAIN cat=[android.intent.category.DEFAULT] flg=0x10010000 cmp=com.android.launcher3/com.android.quickstep.RecentsActivity (has extras)} from uid 10091
05-24 19:02:34.756   496   592 I libPowerHal: [perfLockAcq] idx:1 hdl:204 hint:11 pid:496 duration:30000 lock_user:mtkpower@1.0-se => ret_hdl:204
05-24 19:02:34.757   496   592 I libPowerHal: [perfLockRel] hdl:201, idx:2
05-24 19:02:34.757  5706  5740 I Monkey  :     // Rejecting start of Intent { act=android.intent.action.MAIN cat=[android.intent.category.DEFAULT] cmp=com.android.launcher3/com.android.quickstep.RecentsActivity } in package com.android.launcher3
05-24 19:02:34.758   920  1715 E RecentsAnimation: Failed to start recents activity
05-24 19:02:34.758   920  1715 E RecentsAnimation: java.lang.NullPointerException: Attempt to invoke virtual method 'boolean com.android.server.wm.Task.shouldBeVisible(com.android.server.wm.ActivityRecord)' on a null object reference
05-24 19:02:34.758   920  1715 E RecentsAnimation: 	at com.android.server.wm.TaskDisplayArea.moveRootTaskBehindBottomMostVisibleRootTask(TaskDisplayArea.java:1703)
05-24 19:02:34.758   920  1715 E RecentsAnimation: 	at com.android.server.wm.RecentsAnimation.startRecentsActivity(RecentsAnimation.java:233)
05-24 19:02:34.758   920  1715 E RecentsAnimation: 	at com.android.server.wm.ActivityTaskManagerService.startRecentsActivity(ActivityTaskManagerService.java:1771)
05-24 19:02:34.758   920  1715 E RecentsAnimation: 	at android.app.IActivityTaskManager$Stub.onTransact(IActivityTaskManager.java:1171)
05-24 19:02:34.758   920  1715 E RecentsAnimation: 	at com.android.server.wm.ActivityTaskManagerService.onTransact(ActivityTaskManagerService.java:5229)
05-24 19:02:34.758   920  1715 E RecentsAnimation: 	at android.os.Binder.execTransactInternal(Binder.java:1280)
05-24 19:02:34.758   920  1715 E RecentsAnimation: 	at android.os.Binder.execTransact(Binder.java:1244)
05-24 19:02:34.758   920  1715 W ActivityTaskManager: ActivityTaskManager onTransact aborts UID:10091 PID:1713
05-24 19:02:34.758   920  1715 W ActivityTaskManager: java.lang.NullPointerException: Attempt to invoke virtual method 'boolean com.android.server.wm.Task.shouldBeVisible(com.android.server.wm.ActivityRecord)' on a null object reference
05-24 19:02:34.758   920  1715 W ActivityTaskManager: 	at com.android.server.wm.TaskDisplayArea.moveRootTaskBehindBottomMostVisibleRootTask(TaskDisplayArea.java:1703)
05-24 19:02:34.758   920  1715 W ActivityTaskManager: 	at com.android.server.wm.RecentsAnimation.startRecentsActivity(RecentsAnimation.java:233)
05-24 19:02:34.758   920  1715 W ActivityTaskManager: 	at com.android.server.wm.ActivityTaskManagerService.startRecentsActivity(ActivityTaskManagerService.java:1771)
05-24 19:02:34.758   920  1715 W ActivityTaskManager: 	at android.app.IActivityTaskManager$Stub.onTransact(IActivityTaskManager.java:1171)
05-24 19:02:34.758   920  1715 W ActivityTaskManager: 	at com.android.server.wm.ActivityTaskManagerService.onTransact(ActivityTaskManagerService.java:5229)
05-24 19:02:34.758   920  1715 W ActivityTaskManager: 	at android.os.Binder.execTransactInternal(Binder.java:1280)
05-24 19:02:34.758   920  1715 W ActivityTaskManager: 	at android.os.Binder.execTransact(Binder.java:1244)
05-24 19:02:34.759  2295  2295 I view_enqueue_input_event: [Motion - Cancel,com.yangcong345.cloud.ui.launcher/com.yangcong345.padmodule.new_home.PadHomeActivity]
05-24 19:02:34.761   920  1083 I input_interaction: Interaction with: [Gesture Monitor] swipe-up (server), PointerEventDispatcher0 (server),
05-24 19:02:34.762  1306  1306 V ShadeControllerImpl: NotificationShadeWindow: com.android.systemui.statusbar.phone.NotificationShadeWindowView{ce5c3a2 I.E...... ......ID 0,0-1920,1200} canPanelBeCollapsed(): false
05-24 19:02:34.769   920   937 I WindowManager: onSwipeFromBottom
05-24 19:02:34.844   715   770 D AAL     : 05-24 07:02:34.828 BL= 490,ESS= 256,
05-24 19:02:34.853   486   549 I Proximity: distance = 2
05-24 19:02:34.854   920  1001 W SensorService: Failed to write wake lock handled
05-24 19:02:34.912   499   499 D Vibrator: Vibrator perform 1, 0
05-24 19:02:34.912   499   499 I Vibrator: Vibrator on for timeoutMs: 100
05-24 19:02:34.912   499   499 I Vibrator: Vibrator device does not exist. Cannot start vibrator
05-24 19:02:34.932   496   592 I libPowerHal: [perfLockRel] hdl:203, idx:0
05-24 19:02:34.933   496   592 I libPowerHal: [PD] MTKPOWER_HINT_APP_TOUCH update cmd:3408600 param:0
05-24 19:02:35.013   499   499 D Vibrator: Vibrator off
05-24 19:02:35.013   499   499 I Vibrator: Vibrator device does not exist. Cannot start vibrator
05-24 19:02:35.057   486   549 I Proximity: distance = 2
05-24 19:02:35.058   920  1001 W SensorService: Failed to write wake lock handled
05-24 19:02:35.082  2295  2295 W RecyclerView: Cannot call this method in a scroll callback. Scroll callbacks mightbe run during a measure & layout pass where you cannot change theRecyclerView data. Any method call that might change the structureof the RecyclerView or the adapter contents should be postponed tothe next frame.
05-24 19:02:35.082  2295  2295 W RecyclerView: java.lang.IllegalStateException:  androidx.viewpager2.widget.ViewPager2$RecyclerViewImpl{65ad849 VFED..... ......ID 0,0-1920,1200 #1}, adapter:com.yangcong345.padmodule.new_home.adapter.HomeViewPagerAdapter@1529230, layout:androidx.viewpager2.widget.ViewPager2$LinearLayoutManagerImpl@d3a2fe, context:com.yangcong345.padmodule.new_home.PadHomeActivity@5d291e8
05-24 19:02:35.082  2295  2295 W RecyclerView: 	at androidx.recyclerview.widget.RecyclerView.assertNotInLayoutOrScroll(RecyclerView.java:3451)
05-24 19:02:35.082  2295  2295 W RecyclerView: 	at androidx.recyclerview.widget.RecyclerView$RecyclerViewDataObserver.onItemRangeChanged(RecyclerView.java:6025)
05-24 19:02:35.082  2295  2295 W RecyclerView: 	at androidx.recyclerview.widget.RecyclerView$AdapterDataObservable.notifyItemRangeChanged(RecyclerView.java:13128)
05-24 19:02:35.082  2295  2295 W RecyclerView: 	at androidx.recyclerview.widget.RecyclerView$Adapter.notifyItemChanged(RecyclerView.java:8050)
05-24 19:02:35.082  2295  2295 W RecyclerView: 	at com.yangcong345.padmodule.new_home.adapter.HomeViewPagerDataDispatcher.setAndNotifyItemDataChange(HomeViewPagerDataDispatcher.kt:106)
05-24 19:02:35.082  2295  2295 W RecyclerView: 	at com.yangcong345.padmodule.new_home.adapter.HomeViewPagerDataDispatcher.onPageScrollStateChanged(HomeViewPagerDataDispatcher.kt:75)
05-24 19:02:35.082  2295  2295 W RecyclerView: 	at androidx.viewpager2.widget.CompositeOnPageChangeCallback.onPageScrollStateChanged(CompositeOnPageChangeCallback.java:87)
05-24 19:02:35.082  2295  2295 W RecyclerView: 	at androidx.viewpager2.widget.CompositeOnPageChangeCallback.onPageScrollStateChanged(CompositeOnPageChangeCallback.java:87)
05-24 19:02:35.082  2295  2295 W RecyclerView: 	at androidx.viewpager2.widget.ScrollEventAdapter.dispatchStateChanged(ScrollEventAdapter.java:426)
05-24 19:02:35.082  2295  2295 W RecyclerView: 	at androidx.viewpager2.widget.ScrollEventAdapter.onScrolled(ScrollEventAdapter.java:214)
05-24 19:02:35.082  2295  2295 W RecyclerView: 	at androidx.recyclerview.widget.RecyclerView.dispatchOnScrolled(RecyclerView.java:5642)
05-24 19:02:35.082  2295  2295 W RecyclerView: 	at androidx.recyclerview.widget.RecyclerView$ViewFlinger.run(RecyclerView.java:5825)
05-24 19:02:35.082  2295  2295 W RecyclerView: 	at android.view.Choreographer$CallbackRecord.run(Choreographer.java:1315)
05-24 19:02:35.082  2295  2295 W RecyclerView: 	at android.view.Choreographer$CallbackRecord.run(Choreographer.java:1323)
05-24 19:02:35.082  2295  2295 W RecyclerView: 	at android.view.Choreographer.doCallbacks(Choreographer.java:956)
05-24 19:02:35.082  2295  2295 W RecyclerView: 	at android.view.Choreographer.doFrame(Choreographer.java:862)
05-24 19:02:35.082  2295  2295 W RecyclerView: 	at android.view.Choreographer$FrameDisplayEventReceiver.run(Choreographer.java:1298)
05-24 19:02:35.082  2295  2295 W RecyclerView: 	at android.os.Handler.handleCallback(Handler.java:942)
05-24 19:02:35.082  2295  2295 W RecyclerView: 	at android.os.Handler.dispatchMessage(Handler.java:99)
05-24 19:02:35.082  2295  2295 W RecyclerView: 	at android.os.Looper.loopOnce(Looper.java:201)
05-24 19:02:35.082  2295  2295 W RecyclerView: 	at android.os.Looper.loop(Looper.java:288)
05-24 19:02:35.082  2295  2295 W RecyclerView: 	at com.yangcong345.yccrash.YcCrashManager.initThread$lambda$0(YcCrashManager.kt:109)
05-24 19:02:35.082  2295  2295 W RecyclerView: 	at com.yangcong345.yccrash.YcCrashManager.$r8$lambda$r9Y4dGDAKOGjeHPlubNpnEsHJ3o(Unknown Source:0)
05-24 19:02:35.082  2295  2295 W RecyclerView: 	at com.yangcong345.yccrash.YcCrashManager$$ExternalSyntheticLambda0.run(Unknown Source:2)
05-24 19:02:35.082  2295  2295 W RecyclerView: 	at android.os.Handler.handleCallback(Handler.java:942)
05-24 19:02:35.082  2295  2295 W RecyclerView: 	at android.os.Handler.dispatchMessage(Handler.java:99)
05-24 19:02:35.082  2295  2295 W RecyclerView: 	at android.os.Looper.loopOnce(Looper.java:201)
05-24 19:02:35.082  2295  2295 W RecyclerView: 	at android.os.Looper.loop(Looper.java:288)
05-24 19:02:35.082  2295  2295 W RecyclerView: 	at android.app.ActivityThread.main(ActivityThread.java:8005)
05-24 19:02:35.082  2295  2295 W RecyclerView: 	at java.lang.reflect.Method.invoke(Native Method)
05-24 19:02:35.082  2295  2295 W RecyclerView: 	at com.android.internal.os.RuntimeInit$MethodAndArgsCaller.run(RuntimeInit.java:569)
05-24 19:02:35.082  2295  2295 W RecyclerView: 	at com.android.internal.os.ZygoteInit.main(ZygoteInit.java:1019)
05-24 19:02:35.216   715   770 D AAL     : 05-24 07:02:35.183 BL= 491,ESS= 256,
05-24 19:02:35.261   486   549 I Proximity: distance = 2
05-24 19:02:35.262   920  1001 W SensorService: Failed to write wake lock handled
05-24 19:02:35.438  5706  5706 I Monkey  : :Sending Touch (ACTION_DOWN): 0:(1179.0,1115.0)
05-24 19:02:35.439   920  1083 I input_interaction: Interaction with: b99554f com.yangcong345.cloud.ui.launcher/com.yangcong345.padmodule.new_home.PadHomeActivity (server), [Gesture Monitor] swipe-up (server), [Gesture Monitor] edge-swipe (server), PointerEventDispatcher0 (server),
05-24 19:02:35.440   496   592 I libPowerHal: [perfLockAcq] idx:0 hdl:205 hint:25 pid:496 duration:10000 lock_user:mtkpower@1.0-se => ret_hdl:205
05-24 19:02:35.440   496   592 I libPowerHal: [PE] MTKPOWER_HINT_APP_TOUCH update cmd:3408600 param:1
05-24 19:02:35.441  5706  5706 I Monkey  : :Sending Touch (ACTION_UP): 0:(1180.5485,1106.6091)
05-24 19:02:35.442   496   592 I libPowerHal: [perfLockRel] hdl:205, idx:0
05-24 19:02:35.442   496   592 I libPowerHal: [PD] MTKPOWER_HINT_APP_TOUCH update cmd:3408600 param:0
05-24 19:02:35.443  5706  5706 I Monkey  : Sleeping for 1000 milliseconds
05-24 19:02:35.445   920  1187 D AudioTrack: setVolume(28): 0xb40000768df6f1a0, left = 0.501187, right = 0.501187
05-24 19:02:35.445   920  1187 D AudioTrack: start(28): 0xb40000768df6f1a0, prior state:STATE_STOPPED
05-24 19:02:35.445   501   752 D APM_AudioPolicyManager: startOutput() output 13, stream 1, session 81
05-24 19:02:35.448  2295  2295 D test_act: com.yangcong345.cloud.ui.launcher
05-24 19:02:35.448   920  2915 D HraManager: hra getBlackIntentActionList
05-24 19:02:35.449   920  2915 I ActivityTaskManager: START u0 {act=android.intent.action.VIEW dat=ycmath://padsupport.com/... cmp=com.yangcong345.android.phone/com.yangcong345.pad.launcher.SupportSchemeActivity} from uid 10065
05-24 19:02:35.450  5706  5740 I Monkey  :     // Rejecting start of Intent { act=android.intent.action.VIEW dat=ycmath://padsupport.com/... cmp=com.yangcong345.android.phone/com.yangcong345.pad.launcher.SupportSchemeActivity } in package com.yangcong345.android.phone
05-24 19:02:35.451   472   591 I AudioALSAStreamOut: updateSourceMetadata(), do nothing source_metadata = 0xe6b7aab8
05-24 19:02:35.465   486   549 I Proximity: distance = 2
05-24 19:02:35.466   920  1001 W SensorService: Failed to write wake lock handled
05-24 19:02:35.510  2952  3465 D DataSailMapper: get instance by url: onion-event.cn-hangzhou.log.aliyuncs.com/logstores/native-frontend-event/shards/lb
05-24 19:02:35.510  2952  3465 I System.out: [okhttp]:check permission begin!
05-24 19:02:35.510  2952  3465 I System.out: [okhttp]:not MMS!
05-24 19:02:35.510  2952  3465 I System.out: [okhttp]:not Email!
05-24 19:02:35.512  2952  3465 I System.out: [OkHttp] sendRequest>>
05-24 19:02:35.512  2952  3465 I System.out: [OkHttp] sendRequest<<
05-24 19:02:35.521  1511  1511 D VibrateSensorServer: VibrateSensorServer  testTime=currentTime - currentTime1 > 1s
05-24 19:02:35.524  1511  1511 D VibrateSensorServer: Times--->  0
05-24 19:02:35.524  1511  1511 D VibrateSensorServer:  .... else VibrateTip --> Off ....
05-24 19:02:35.542   496   575 I libPerfCtl: xgfGetFPS pid:1306 fps:-1
05-24 19:02:35.542   496   575 I libPerfCtl: xgfGetFPS pid:2295 fps:58
05-24 19:02:35.542   496   575 I libPowerHal: [updateFPS] pid(2295) : -1 => 60
05-24 19:02:35.542   496   592 I libPowerHal: [perfNotifyAppState] pack:com.yangcong345.cloud.ui.launcher, act:com.yangcong345.padmodule.new_home.PadHomeActivity, state:5, pid:2295, uid:10065, fps:60
05-24 19:02:35.542   496   592 E UxUtility: notifyAppState error = NULL
05-24 19:02:35.542   496   592 I TouchUtility: notifyAppState error = NULL
05-24 19:02:35.543   496   575 I libPerfCtl: xgfGetFPS pid:3984 fps:-1
05-24 19:02:35.552   920  5864 D AudioTrack: stop(28): 0xb40000768df6f1a0, prior state:STATE_ACTIVE
05-24 19:02:35.552   920  5864 D AudioTrack: stop(28): 0xb40000768df6f1a0 stop done
05-24 19:02:35.586   472   591 I AudioALSAStreamOut: updateSourceMetadata(), do nothing source_metadata = 0xe6b7aab8
05-24 19:02:35.586   501   711 W AudioPolicyManagerCustomImpl: [MTK_APM_Route]setOutputDevices() mIoHandle 13 mId 1 device (0x2)(0x1, 0x2, 0x4, 0x8, 0x10, 0x20, 0x40, 0x400, 0x800, 0x1000, 0x4000, 0x100000, 0x4000000) delayMs 84 force 0 size 4
05-24 19:02:35.633   920  1084 W InputReader: Received unexpected event (0x35, 0x3) for slot 0 with tracking id 17
05-24 19:02:35.633   920  1084 W InputReader: Received unexpected event (0x36, 0x461) for slot 0 with tracking id 17
05-24 19:02:35.634   496   592 I libPowerHal: [perfLockAcq] idx:0 hdl:206 hint:25 pid:496 duration:10000 lock_user:mtkpower@1.0-se => ret_hdl:206
05-24 19:02:35.634   496   592 I libPowerHal: [PE] MTKPOWER_HINT_APP_TOUCH update cmd:3408600 param:1
05-24 19:02:35.669   486   549 I Proximity: distance = 2
05-24 19:02:35.670   920  1001 W SensorService: Failed to write wake lock handled
05-24 19:02:35.675   920  1715 I input_cancel: [b99554f com.yangcong345.cloud.ui.launcher/com.yangcong345.padmodule.new_home.PadHomeActivity (server),reason=input channel stole pointer stream]
05-24 19:02:35.675   920  1715 I input_cancel: [[Gesture Monitor] edge-swipe (server),reason=input channel stole pointer stream]
05-24 19:02:35.675   920  1715 I InputDispatcher: Channel [Gesture Monitor] swipe-up (server) is stealing touch from [b99554f com.yangcong345.cloud.ui.launcher/com.yangcong345.padmodule.new_home.PadHomeActivity (server), [Gesture Monitor] edge-swipe (server)]
05-24 19:02:35.675  2295  2295 I view_enqueue_input_event: [Motion - Cancel,com.yangcong345.cloud.ui.launcher/com.yangcong345.padmodule.new_home.PadHomeActivity]
05-24 19:02:35.676   920  2915 D HraManager: hra getBlackIntentActionList
05-24 19:02:35.676   496   536 I mtkpower@impl: [setMode] type:5, enabled:1
05-24 19:02:35.677   920  2915 I ActivityTaskManager: START u0 {act=android.intent.action.MAIN cat=[android.intent.category.DEFAULT] flg=0x10010000 cmp=com.android.launcher3/com.android.quickstep.RecentsActivity (has extras)} from uid 10091
05-24 19:02:35.677   496   592 I libPowerHal: [perfLockAcq] idx:2 hdl:207 hint:11 pid:496 duration:30000 lock_user:mtkpower@1.0-se => ret_hdl:207
05-24 19:02:35.677   496   592 I libPowerHal: [perfLockRel] hdl:204, idx:1
05-24 19:02:35.677  5706  5740 I Monkey  :     // Rejecting start of Intent { act=android.intent.action.MAIN cat=[android.intent.category.DEFAULT] cmp=com.android.launcher3/com.android.quickstep.RecentsActivity } in package com.android.launcher3
05-24 19:02:35.679   920  2915 E RecentsAnimation: Failed to start recents activity
05-24 19:02:35.679   920  2915 E RecentsAnimation: java.lang.NullPointerException: Attempt to invoke virtual method 'boolean com.android.server.wm.Task.shouldBeVisible(com.android.server.wm.ActivityRecord)' on a null object reference
05-24 19:02:35.679   920  2915 E RecentsAnimation: 	at com.android.server.wm.TaskDisplayArea.moveRootTaskBehindBottomMostVisibleRootTask(TaskDisplayArea.java:1703)
05-24 19:02:35.679   920  2915 E RecentsAnimation: 	at com.android.server.wm.RecentsAnimation.startRecentsActivity(RecentsAnimation.java:233)
05-24 19:02:35.679   920  2915 E RecentsAnimation: 	at com.android.server.wm.ActivityTaskManagerService.startRecentsActivity(ActivityTaskManagerService.java:1771)
05-24 19:02:35.679   920  2915 E RecentsAnimation: 	at android.app.IActivityTaskManager$Stub.onTransact(IActivityTaskManager.java:1171)
05-24 19:02:35.679   920  2915 E RecentsAnimation: 	at com.android.server.wm.ActivityTaskManagerService.onTransact(ActivityTaskManagerService.java:5229)
05-24 19:02:35.679   920  2915 E RecentsAnimation: 	at android.os.Binder.execTransactInternal(Binder.java:1280)
05-24 19:02:35.679   920  2915 E RecentsAnimation: 	at android.os.Binder.execTransact(Binder.java:1244)
05-24 19:02:35.679   920  2915 W ActivityTaskManager: ActivityTaskManager onTransact aborts UID:10091 PID:1713
05-24 19:02:35.679   920  2915 W ActivityTaskManager: java.lang.NullPointerException: Attempt to invoke virtual method 'boolean com.android.server.wm.Task.shouldBeVisible(com.android.server.wm.ActivityRecord)' on a null object reference
05-24 19:02:35.679   920  2915 W ActivityTaskManager: 	at com.android.server.wm.TaskDisplayArea.moveRootTaskBehindBottomMostVisibleRootTask(TaskDisplayArea.java:1703)
05-24 19:02:35.679   920  2915 W ActivityTaskManager: 	at com.android.server.wm.RecentsAnimation.startRecentsActivity(RecentsAnimation.java:233)
05-24 19:02:35.679   920  2915 W ActivityTaskManager: 	at com.android.server.wm.ActivityTaskManagerService.startRecentsActivity(ActivityTaskManagerService.java:1771)
05-24 19:02:35.679   920  2915 W ActivityTaskManager: 	at android.app.IActivityTaskManager$Stub.onTransact(IActivityTaskManager.java:1171)
05-24 19:02:35.679   920  2915 W ActivityTaskManager: 	at com.android.server.wm.ActivityTaskManagerService.onTransact(ActivityTaskManagerService.java:5229)
05-24 19:02:35.679   920  2915 W ActivityTaskManager: 	at android.os.Binder.execTransactInternal(Binder.java:1280)
05-24 19:02:35.679   920  2915 W ActivityTaskManager: 	at android.os.Binder.execTransact(Binder.java:1244)
05-24 19:02:35.682   920  1083 I input_interaction: Interaction with: [Gesture Monitor] swipe-up (server), PointerEventDispatcher0 (server),
05-24 19:02:35.682  1306  1306 V ShadeControllerImpl: NotificationShadeWindow: com.android.systemui.statusbar.phone.NotificationShadeWindowView{ce5c3a2 I.E...... ......ID 0,0-1920,1200} canPanelBeCollapsed(): false
05-24 19:02:35.683   920   937 I WindowManager: onSwipeFromBottom
05-24 19:02:35.725  1477  1477 D SmsRIL  : resetProxyAndRequestList
05-24 19:02:35.725   366   366 I servicemanager: Could not find vendor.mediatek.hardware.mtkradioex.ims.IMtkRadioExIms/slot1 in the VINTF manifest.
05-24 19:02:35.726   367   367 I hwservicemanager: getTransport: Cannot find entry vendor.mediatek.hardware.mtkradioex@3.0::IMtkRadioEx/imsSlot1 in either framework or device VINTF manifest.
05-24 19:02:35.726  1477  1477 E SmsRIL  : getMtkRadioExSmsProxy getServiceV3_0: java.util.NoSuchElementException
05-24 19:02:35.726  1477  1477 E SmsRIL  : getMtkRadioExSmsProxy: is empty
05-24 19:02:35.873   486   549 I Proximity: distance = 2
05-24 19:02:35.874   920  1001 W SensorService: Failed to write wake lock handled
05-24 19:02:35.898   499   499 D Vibrator: Vibrator perform 1, 0
05-24 19:02:35.898   499   499 I Vibrator: Vibrator on for timeoutMs: 100
05-24 19:02:35.898   499   499 I Vibrator: Vibrator device does not exist. Cannot start vibrator
05-24 19:02:35.934   496   592 I libPowerHal: [perfLockRel] hdl:206, idx:0
05-24 19:02:35.934   496   592 I libPowerHal: [PD] MTKPOWER_HINT_APP_TOUCH update cmd:3408600 param:0
05-24 19:02:35.999   499   499 D Vibrator: Vibrator off
05-24 19:02:35.999   499   499 I Vibrator: Vibrator device does not exist. Cannot start vibrator
05-24 19:02:36.077   486   549 I Proximity: distance = 2
05-24 19:02:36.078   920  1001 W SensorService: Failed to write wake lock handled
05-24 19:02:36.281   486   549 I Proximity: distance = 2
05-24 19:02:36.282   920  1001 W SensorService: Failed to write wake lock handled
05-24 19:02:36.443  5706  5706 I Monkey  : :Sending Touch (ACTION_DOWN): 0:(1357.0,897.0)
05-24 19:02:36.444   920  1083 I input_interaction: Interaction with: b99554f com.yangcong345.cloud.ui.launcher/com.yangcong345.padmodule.new_home.PadHomeActivity (server), [Gesture Monitor] swipe-up (server), [Gesture Monitor] edge-swipe (server), PointerEventDispatcher0 (server),
05-24 19:02:36.445   496   592 I libPowerHal: [perfLockAcq] idx:0 hdl:208 hint:25 pid:496 duration:10000 lock_user:mtkpower@1.0-se => ret_hdl:208
05-24 19:02:36.445  5706  5706 I Monkey  : :Sending Touch (ACTION_UP): 0:(1355.7937,885.64685)
05-24 19:02:36.445   496   592 I libPowerHal: [PE] MTKPOWER_HINT_APP_TOUCH update cmd:3408600 param:1
05-24 19:02:36.446   496   592 I libPowerHal: [perfLockRel] hdl:208, idx:0
05-24 19:02:36.447   496   592 I libPowerHal: [PD] MTKPOWER_HINT_APP_TOUCH update cmd:3408600 param:0
05-24 19:02:36.448  5706  5706 I Monkey  : Sleeping for 1000 milliseconds
05-24 19:02:36.485   486   549 I Proximity: distance = 2
05-24 19:02:36.486   920  1001 W SensorService: Failed to write wake lock handled
05-24 19:02:36.542   496   575 I libPerfCtl: xgfGetFPS pid:1306 fps:-1
05-24 19:02:36.542   496   575 I libPerfCtl: xgfGetFPS pid:2295 fps:-1
05-24 19:02:36.542   496   575 I libPowerHal: [updateFPS] pid(2295) : 60 => -1
05-24 19:02:36.543   496   592 I libPowerHal: [perfNotifyAppState] pack:com.yangcong345.cloud.ui.launcher, act:com.yangcong345.padmodule.new_home.PadHomeActivity, state:5, pid:2295, uid:10065, fps:-1
05-24 19:02:36.543   496   592 E UxUtility: notifyAppState error = NULL
05-24 19:02:36.543   496   592 I TouchUtility: notifyAppState error = NULL
05-24 19:02:36.543   496   575 I libPerfCtl: xgfGetFPS pid:3984 fps:-1
05-24 19:02:36.577  1511  1511 D VibrateSensorServer: VibrateSensorServer  testTime=currentTime - currentTime1 > 1s
05-24 19:02:36.588  1511  1511 D VibrateSensorServer: Times--->  0
05-24 19:02:36.588  1511  1511 D VibrateSensorServer:  .... else VibrateTip --> Off ....
05-24 19:02:36.689   486   549 I Proximity: distance = 2
05-24 19:02:36.690   920  1001 W SensorService: Failed to write wake lock handled
05-24 19:02:36.690   920  1084 W InputReader: Received unexpected event (0x35, 0x74) for slot 0 with tracking id 18
05-24 19:02:36.690   920  1084 W InputReader: Received unexpected event (0x36, 0x6c7) for slot 0 with tracking id 18
05-24 19:02:36.691   496   592 I libPowerHal: [perfLockAcq] idx:0 hdl:209 hint:25 pid:496 duration:10000 lock_user:mtkpower@1.0-se => ret_hdl:209
