05-24 19:02:30.659  2295  3084 W ResourceLoader: 	at java.lang.Thread.run(Thread.java:1012)
05-24 19:02:30.659  2295  3084 W ResourceLoader: 	at com.bumptech.glide.load.engine.executor.GlideExecutor$DefaultPriorityThreadFactory$1.run(GlideExecutor.java:380)
05-24 19:02:30.659  2295  3084 E oud.ui.launcher: No package ID ff found for ID 0xffffffff.
05-24 19:02:30.660  2295  3084 W ResourceLoader: Received invalid resource id: -1
05-24 19:02:30.660  2295  3084 W ResourceLoader: android.content.res.Resources$NotFoundException: Unable to find resource ID #0xffffffff
05-24 19:02:30.660  2295  3084 W ResourceLoader: 	at android.content.res.ResourcesImpl.getResourcePackageName(ResourcesImpl.java:284)
05-24 19:02:30.660  2295  3084 W ResourceLoader: 	at android.content.res.Resources.getResourcePackageName(Resources.java:2303)
05-24 19:02:30.660  2295  3084 W ResourceLoader: 	at com.bumptech.glide.load.model.ResourceLoader.getResourceUri(ResourceLoader.java:45)
05-24 19:02:30.660  2295  3084 W ResourceLoader: 	at com.bumptech.glide.load.model.ResourceLoader.buildLoadData(ResourceLoader.java:35)
05-24 19:02:30.660  2295  3084 W ResourceLoader: 	at com.bumptech.glide.load.model.ResourceLoader.buildLoadData(ResourceLoader.java:20)
05-24 19:02:30.660  2295  3084 W ResourceLoader: 	at com.bumptech.glide.load.engine.DecodeHelper.getLoadData(DecodeHelper.java:216)
05-24 19:02:30.660  2295  3084 W ResourceLoader: 	at com.bumptech.glide.load.engine.DecodeHelper.getCacheKeys(DecodeHelper.java:229)
05-24 19:02:30.660  2295  3084 W ResourceLoader: 	at com.bumptech.glide.load.engine.ResourceCacheGenerator.startNext(ResourceCacheGenerator.java:47)
05-24 19:02:30.660  2295  3084 W ResourceLoader: 	at com.bumptech.glide.load.engine.DecodeJob.runGenerators(DecodeJob.java:311)
05-24 19:02:30.660  2295  3084 W ResourceLoader: 	at com.bumptech.glide.load.engine.DecodeJob.runWrapped(DecodeJob.java:277)
05-24 19:02:30.660  2295  3084 W ResourceLoader: 	at com.bumptech.glide.load.engine.DecodeJob.run(DecodeJob.java:235)
05-24 19:02:30.660  2295  3084 W ResourceLoader: 	at java.util.concurrent.ThreadPoolExecutor.runWorker(ThreadPoolExecutor.java:1137)
05-24 19:02:30.660  2295  3084 W ResourceLoader: 	at java.util.concurrent.ThreadPoolExecutor$Worker.run(ThreadPoolExecutor.java:637)
05-24 19:02:30.660  2295  3084 W ResourceLoader: 	at com.bumptech.glide.load.engine.executor.GlideExecutor$DefaultThreadFactory$1.run(GlideExecutor.java:421)
05-24 19:02:30.660  2295  3084 W ResourceLoader: 	at java.lang.Thread.run(Thread.java:1012)
05-24 19:02:30.660  2295  3084 W ResourceLoader: 	at com.bumptech.glide.load.engine.executor.GlideExecutor$DefaultPriorityThreadFactory$1.run(GlideExecutor.java:380)
05-24 19:02:30.661  2295  2573 I Matrix.lifecycle.Logger_Main      : ON_PROCESS_UI_RESUMED
05-24 19:02:30.661   920  1142 D WifiNetworkFactory: got request NetworkRequest [ REQUEST id=61, [ Capabilities: INTERNET&NOT_RESTRICTED&TRUSTED&NOT_VCN_MANAGED Uid: 10065 RequestorUid: 10065 RequestorPkg: com.yangcong345.cloud.ui.launcher UnderlyingNetworks: Null] ]
05-24 19:02:30.661   920  1142 D UntrustedWifiNetworkFactory: got request NetworkRequest [ REQUEST id=61, [ Capabilities: INTERNET&NOT_RESTRICTED&TRUSTED&NOT_VCN_MANAGED Uid: 10065 RequestorUid: 10065 RequestorPkg: com.yangcong345.cloud.ui.launcher UnderlyingNetworks: Null] ]
05-24 19:02:30.661   920  1142 D OemPaidWifiNetworkFactory: got request NetworkRequest [ REQUEST id=61, [ Capabilities: INTERNET&NOT_RESTRICTED&TRUSTED&NOT_VCN_MANAGED Uid: 10065 RequestorUid: 10065 RequestorPkg: com.yangcong345.cloud.ui.launcher UnderlyingNetworks: Null] ]
05-24 19:02:30.662   920  1142 D MultiInternetWifiNetworkFactory: got request NetworkRequest [ REQUEST id=61, [ Capabilities: INTERNET&NOT_RESTRICTED&TRUSTED&NOT_VCN_MANAGED Uid: 10065 RequestorUid: 10065 RequestorPkg: com.yangcong345.cloud.ui.launcher UnderlyingNetworks: Null] ]
05-24 19:02:30.665  2295  2295 I wm_on_resume_called: [79050566,com.yangcong345.padmodule.new_home.PadHomeActivity,RESUME_ACTIVITY]
05-24 19:02:30.670  2295  3084 E oud.ui.launcher: No package ID ff found for ID 0xffffffff.
05-24 19:02:30.671  2295  3084 W ResourceLoader: Received invalid resource id: -1
05-24 19:02:30.671  2295  3084 W ResourceLoader: android.content.res.Resources$NotFoundException: Unable to find resource ID #0xffffffff
05-24 19:02:30.671  2295  3084 W ResourceLoader: 	at android.content.res.ResourcesImpl.getResourcePackageName(ResourcesImpl.java:284)
05-24 19:02:30.671  2295  3084 W ResourceLoader: 	at android.content.res.Resources.getResourcePackageName(Resources.java:2303)
05-24 19:02:30.671  2295  3084 W ResourceLoader: 	at com.bumptech.glide.load.model.ResourceLoader.getResourceUri(ResourceLoader.java:45)
05-24 19:02:30.671  2295  3084 W ResourceLoader: 	at com.bumptech.glide.load.model.ResourceLoader.buildLoadData(ResourceLoader.java:35)
05-24 19:02:30.671  2295  3084 W ResourceLoader: 	at com.bumptech.glide.load.model.ResourceLoader.buildLoadData(ResourceLoader.java:20)
05-24 19:02:30.671  2295  3084 W ResourceLoader: 	at com.bumptech.glide.load.engine.DecodeHelper.getLoadData(DecodeHelper.java:216)
05-24 19:02:30.671  2295  3084 W ResourceLoader: 	at com.bumptech.glide.load.engine.DecodeHelper.getCacheKeys(DecodeHelper.java:229)
05-24 19:02:30.671  2295  3084 W ResourceLoader: 	at com.bumptech.glide.load.engine.ResourceCacheGenerator.startNext(ResourceCacheGenerator.java:47)
05-24 19:02:30.671  2295  3084 W ResourceLoader: 	at com.bumptech.glide.load.engine.DecodeJob.runGenerators(DecodeJob.java:311)
05-24 19:02:30.671  2295  3084 W ResourceLoader: 	at com.bumptech.glide.load.engine.DecodeJob.runWrapped(DecodeJob.java:277)
05-24 19:02:30.671  2295  3084 W ResourceLoader: 	at com.bumptech.glide.load.engine.DecodeJob.run(DecodeJob.java:235)
05-24 19:02:30.671  2295  3084 W ResourceLoader: 	at java.util.concurrent.ThreadPoolExecutor.runWorker(ThreadPoolExecutor.java:1137)
05-24 19:02:30.671  2295  3084 W ResourceLoader: 	at java.util.concurrent.ThreadPoolExecutor$Worker.run(ThreadPoolExecutor.java:637)
05-24 19:02:30.671  2295  3084 W ResourceLoader: 	at com.bumptech.glide.load.engine.executor.GlideExecutor$DefaultThreadFactory$1.run(GlideExecutor.java:421)
05-24 19:02:30.671  2295  3084 W ResourceLoader: 	at java.lang.Thread.run(Thread.java:1012)
05-24 19:02:30.671  2295  3084 W ResourceLoader: 	at com.bumptech.glide.load.engine.executor.GlideExecutor$DefaultPriorityThreadFactory$1.run(GlideExecutor.java:380)
05-24 19:02:30.671  2295  3084 E oud.ui.launcher: No package ID ff found for ID 0xffffffff.
05-24 19:02:30.671  2295  5794 D CacheInterceptor: requestRemoteOnly
05-24 19:02:30.671  2295  3084 W ResourceLoader: Received invalid resource id: -1
05-24 19:02:30.671  2295  3084 W ResourceLoader: android.content.res.Resources$NotFoundException: Unable to find resource ID #0xffffffff
05-24 19:02:30.671  2295  3084 W ResourceLoader: 	at android.content.res.ResourcesImpl.getResourcePackageName(ResourcesImpl.java:284)
05-24 19:02:30.671  2295  3084 W ResourceLoader: 	at android.content.res.Resources.getResourcePackageName(Resources.java:2303)
05-24 19:02:30.671  2295  3084 W ResourceLoader: 	at com.bumptech.glide.load.model.ResourceLoader.getResourceUri(ResourceLoader.java:45)
05-24 19:02:30.671  2295  3084 W ResourceLoader: 	at com.bumptech.glide.load.model.ResourceLoader.buildLoadData(ResourceLoader.java:35)
05-24 19:02:30.671  2295  3084 W ResourceLoader: 	at com.bumptech.glide.load.model.ResourceLoader.buildLoadData(ResourceLoader.java:20)
05-24 19:02:30.671  2295  3084 W ResourceLoader: 	at com.bumptech.glide.load.engine.DecodeHelper.getLoadData(DecodeHelper.java:216)
05-24 19:02:30.671  2295  3084 W ResourceLoader: 	at com.bumptech.glide.load.engine.DecodeHelper.getCacheKeys(DecodeHelper.java:229)
05-24 19:02:30.671  2295  3084 W ResourceLoader: 	at com.bumptech.glide.load.engine.ResourceCacheGenerator.startNext(ResourceCacheGenerator.java:47)
05-24 19:02:30.671  2295  3084 W ResourceLoader: 	at com.bumptech.glide.load.engine.DecodeJob.runGenerators(DecodeJob.java:311)
05-24 19:02:30.671  2295  3084 W ResourceLoader: 	at com.bumptech.glide.load.engine.DecodeJob.runWrapped(DecodeJob.java:277)
05-24 19:02:30.671  2295  3084 W ResourceLoader: 	at com.bumptech.glide.load.engine.DecodeJob.run(DecodeJob.java:235)
05-24 19:02:30.671  2295  3084 W ResourceLoader: 	at java.util.concurrent.ThreadPoolExecutor.runWorker(ThreadPoolExecutor.java:1137)
05-24 19:02:30.671  2295  3084 W ResourceLoader: 	at java.util.concurrent.ThreadPoolExecutor$Worker.run(ThreadPoolExecutor.java:637)
05-24 19:02:30.671  2295  3084 W ResourceLoader: 	at com.bumptech.glide.load.engine.executor.GlideExecutor$DefaultThreadFactory$1.run(GlideExecutor.java:421)
05-24 19:02:30.671  2295  3084 W ResourceLoader: 	at java.lang.Thread.run(Thread.java:1012)
05-24 19:02:30.671  2295  3084 W ResourceLoader: 	at com.bumptech.glide.load.engine.executor.GlideExecutor$DefaultPriorityThreadFactory$1.run(GlideExecutor.java:380)
05-24 19:02:30.671  2295  3084 E oud.ui.launcher: No package ID ff found for ID 0xffffffff.
05-24 19:02:30.672  2295  3084 W ResourceLoader: Received invalid resource id: -1
05-24 19:02:30.672  2295  3084 W ResourceLoader: android.content.res.Resources$NotFoundException: Unable to find resource ID #0xffffffff
05-24 19:02:30.672  2295  3084 W ResourceLoader: 	at android.content.res.ResourcesImpl.getResourcePackageName(ResourcesImpl.java:284)
05-24 19:02:30.672  2295  3084 W ResourceLoader: 	at android.content.res.Resources.getResourcePackageName(Resources.java:2303)
05-24 19:02:30.672  2295  3084 W ResourceLoader: 	at com.bumptech.glide.load.model.ResourceLoader.getResourceUri(ResourceLoader.java:45)
05-24 19:02:30.672  2295  3084 W ResourceLoader: 	at com.bumptech.glide.load.model.ResourceLoader.buildLoadData(ResourceLoader.java:35)
05-24 19:02:30.672  2295  3084 W ResourceLoader: 	at com.bumptech.glide.load.model.ResourceLoader.buildLoadData(ResourceLoader.java:20)
05-24 19:02:30.672  2295  3084 W ResourceLoader: 	at com.bumptech.glide.load.engine.DecodeHelper.getLoadData(DecodeHelper.java:216)
05-24 19:02:30.672  2295  3084 W ResourceLoader: 	at com.bumptech.glide.load.engine.DecodeHelper.getCacheKeys(DecodeHelper.java:229)
05-24 19:02:30.672  2295  3084 W ResourceLoader: 	at com.bumptech.glide.load.engine.ResourceCacheGenerator.startNext(ResourceCacheGenerator.java:47)
05-24 19:02:30.672  2295  3084 W ResourceLoader: 	at com.bumptech.glide.load.engine.DecodeJob.runGenerators(DecodeJob.java:311)
05-24 19:02:30.672  2295  3084 W ResourceLoader: 	at com.bumptech.glide.load.engine.DecodeJob.runWrapped(DecodeJob.java:277)
05-24 19:02:30.672  2295  3084 W ResourceLoader: 	at com.bumptech.glide.load.engine.DecodeJob.run(DecodeJob.java:235)
05-24 19:02:30.672  2295  3084 W ResourceLoader: 	at java.util.concurrent.ThreadPoolExecutor.runWorker(ThreadPoolExecutor.java:1137)
05-24 19:02:30.672  2295  3084 W ResourceLoader: 	at java.util.concurrent.ThreadPoolExecutor$Worker.run(ThreadPoolExecutor.java:637)
05-24 19:02:30.672  2295  3084 W ResourceLoader: 	at com.bumptech.glide.load.engine.executor.GlideExecutor$DefaultThreadFactory$1.run(GlideExecutor.java:421)
05-24 19:02:30.672  2295  3084 W ResourceLoader: 	at java.lang.Thread.run(Thread.java:1012)
05-24 19:02:30.672  2295  3084 W ResourceLoader: 	at com.bumptech.glide.load.engine.executor.GlideExecutor$DefaultPriorityThreadFactory$1.run(GlideExecutor.java:380)
05-24 19:02:30.672  2295  3084 E oud.ui.launcher: No package ID ff found for ID 0xffffffff.
05-24 19:02:30.672  2295  3084 W ResourceLoader: Received invalid resource id: -1
05-24 19:02:30.672  2295  3084 W ResourceLoader: android.content.res.Resources$NotFoundException: Unable to find resource ID #0xffffffff
05-24 19:02:30.672  2295  3084 W ResourceLoader: 	at android.content.res.ResourcesImpl.getResourcePackageName(ResourcesImpl.java:284)
05-24 19:02:30.672  2295  3084 W ResourceLoader: 	at android.content.res.Resources.getResourcePackageName(Resources.java:2303)
05-24 19:02:30.672  2295  3084 W ResourceLoader: 	at com.bumptech.glide.load.model.ResourceLoader.getResourceUri(ResourceLoader.java:45)
05-24 19:02:30.672  2295  3084 W ResourceLoader: 	at com.bumptech.glide.load.model.ResourceLoader.buildLoadData(ResourceLoader.java:35)
05-24 19:02:30.672  2295  3084 W ResourceLoader: 	at com.bumptech.glide.load.model.ResourceLoader.buildLoadData(ResourceLoader.java:20)
05-24 19:02:30.672  2295  3084 W ResourceLoader: 	at com.bumptech.glide.load.engine.DecodeHelper.getLoadData(DecodeHelper.java:216)
05-24 19:02:30.672  2295  3084 W ResourceLoader: 	at com.bumptech.glide.load.engine.DecodeHelper.getCacheKeys(DecodeHelper.java:229)
05-24 19:02:30.672  2295  3084 W ResourceLoader: 	at com.bumptech.glide.load.engine.ResourceCacheGenerator.startNext(ResourceCacheGenerator.java:47)
05-24 19:02:30.672  2295  3084 W ResourceLoader: 	at com.bumptech.glide.load.engine.DecodeJob.runGenerators(DecodeJob.java:311)
05-24 19:02:30.672  2295  3084 W ResourceLoader: 	at com.bumptech.glide.load.engine.DecodeJob.runWrapped(DecodeJob.java:277)
05-24 19:02:30.672  2295  3084 W ResourceLoader: 	at com.bumptech.glide.load.engine.DecodeJob.run(DecodeJob.java:235)
05-24 19:02:30.672  2295  3084 W ResourceLoader: 	at java.util.concurrent.ThreadPoolExecutor.runWorker(ThreadPoolExecutor.java:1137)
05-24 19:02:30.672  2295  3084 W ResourceLoader: 	at java.util.concurrent.ThreadPoolExecutor$Worker.run(ThreadPoolExecutor.java:637)
05-24 19:02:30.672  2295  3084 W ResourceLoader: 	at com.bumptech.glide.load.engine.executor.GlideExecutor$DefaultThreadFactory$1.run(GlideExecutor.java:421)
05-24 19:02:30.672  2295  3084 W ResourceLoader: 	at java.lang.Thread.run(Thread.java:1012)
05-24 19:02:30.672  2295  3084 W ResourceLoader: 	at com.bumptech.glide.load.engine.executor.GlideExecutor$DefaultPriorityThreadFactory$1.run(GlideExecutor.java:380)
05-24 19:02:30.672  2295  2295 I wm_on_top_resumed_gained_called: [79050566,com.yangcong345.padmodule.new_home.PadHomeActivity,topWhenResuming]
05-24 19:02:30.682   506   607 I BufferQueueDebug: [com.yangcong345.cloud.ui.launcher/com.yangcong345.padmodule.new_home.PadHomeActivity#321](this:0xb4000070dc350448,id:-1,api:0,p:-1,c:-1) BufferQueue core=(506:/system/bin/surfaceflinger)
05-24 19:02:30.685   920  2913 W WindowManager: Changing focus from null to Window{b99554f u0 com.yangcong345.cloud.ui.launcher/com.yangcong345.padmodule.new_home.PadHomeActivity} displayId=0 Callers=com.android.server.wm.RootWindowContainer.updateFocusedWindowLocked:476 com.android.server.wm.WindowManagerService.updateFocusedWindowLocked:6082 com.android.server.wm.WindowManagerService.relayoutWindow:2510 com.android.server.wm.Session.relayout:267
05-24 19:02:30.687   920  2913 I WindowManager: Relayout Window{b99554f u0 com.yangcong345.cloud.ui.launcher/com.yangcong345.padmodule.new_home.PadHomeActivity}: oldVis=8 newVis=0 focusMayChange = true requestedWidth = 1920 requestedHeight = 1200 outFrames = ClientWindowFrames{frame=[0,0][1920,1200] display=[0,0][1920,1200] parentFrame=[0,0][0,0] parentClippedByDisplayCutout=false} outSurfaceControl = Surface(name=com.yangcong345.cloud.ui.launcher/com.yangcong345.padmodule.new_home.PadHomeActivity)/@0x8d246f0
05-24 19:02:30.688   920   940 I input_focus: [Focus request b99554f com.yangcong345.cloud.ui.launcher/com.yangcong345.padmodule.new_home.PadHomeActivity,reason=UpdateInputWindows]
05-24 19:02:30.689  2295  5800 D TrafficStats: tagSocket(114) with statsTag=0xffffffff, statsUid=-1
05-24 19:02:30.689  2295  5800 I System.out: [com.mediatek.cta.CtaAdapter]:check permission begin!
05-24 19:02:30.689  2295  2295 D BufferQueueConsumer: [](id:8f700000009,api:0,p:-1,c:2295) connect: controlledByApp=false
05-24 19:02:30.696  2295  5809 D TrafficStats: tagSocket(158) with statsTag=0xffffffff, statsUid=-1
05-24 19:02:30.697  2295  5809 I System.out: [com.mediatek.cta.CtaAdapter]:check permission begin!
05-24 19:02:30.697  2295  5794 D TrafficStats: tagSocket(160) with statsTag=0xffffffff, statsUid=-1
05-24 19:02:30.697  2295  5794 I System.out: [com.mediatek.cta.CtaAdapter]:check permission begin!
05-24 19:02:30.710  2295  5808 D TrafficStats: tagSocket(161) with statsTag=0xffffffff, statsUid=-1
05-24 19:02:30.710  2295  5808 I System.out: [com.mediatek.cta.CtaAdapter]:check permission begin!
05-24 19:02:30.710  2295  5811 D TrafficStats: tagSocket(175) with statsTag=0xffffffff, statsUid=-1
05-24 19:02:30.710  2295  5811 I System.out: [com.mediatek.cta.CtaAdapter]:check permission begin!
05-24 19:02:30.719  2295  5812 D TrafficStats: tagSocket(169) with statsTag=0xffffffff, statsUid=-1
05-24 19:02:30.719  2295  5812 I System.out: [com.mediatek.cta.CtaAdapter]:check permission begin!
05-24 19:02:30.741   506   607 D SurfaceFlinger: [SF client] REMOVE (0xb400006fec1b0790) for (1306:com.android.systemui)
05-24 19:02:30.742   506   607 D SurfaceFlinger: [SF client] REMOVE (0xb400006fec1b5570) for (1306:com.android.systemui)
05-24 19:02:30.745  1306  1318 W System  : A resource failed to call release.
05-24 19:02:30.760  2295  2764 D BLASTBufferQueue: [VRI[PadHomeActivity]#9](f:0,a:1) acquireNextBufferLocked size=1920x1200 mFrameNumber=1 applyTransaction=true mTimestamp=2533226580071(auto) mPendingTransactions.size=0 graphicBufferId=9856949944388 transform=7
05-24 19:02:30.763   506   506 D BufferStateLayer: com.yangcong345.cloud.ui.launcher/com.yangcong345.padmodule.new_home.PadHomeActivity#321 setBuffer frameId=1, bufferId=9856949944388 fenceId=341, w= 1200, h=1920
05-24 19:02:30.765  2295  2295 W Glide   : Load failed for [-1] with dimensions [116x116]
05-24 19:02:30.765  2295  2295 W Glide   : class com.bumptech.glide.load.engine.GlideException: Failed to load resource
05-24 19:02:30.765   920   940 D lwdebug : onWindowsDrawn com.yangcong345.cloud.ui.launcher/com.yangcong345.padmodule.new_home.PadHomeActivity
05-24 19:02:30.769   486   549 I Proximity: distance = 2
05-24 19:02:30.770   920  1001 W SensorService: Failed to write wake lock handled
05-24 19:02:30.772   920   939 I wm_destroy_activity: [0,187252992,1089,com.yangcong345.eye.protection/.MainActivity,finish-imm:transit]
05-24 19:02:30.772  2295  2295 I Matrix.ActivityThreadHacker: [handleMessage] msg.what:149 begin:2533238 isLaunchActivity:false SDK_INT=33
05-24 19:02:30.772  2295  2295 I Matrix.ActivityThreadHacker: [handleMessage] msg.what:149 begin:2533239 isLaunchActivity:false SDK_INT=33
05-24 19:02:30.772   920   939 I PowerHalWrapper: amsBoostNotify pid:3984,activity:com.yangcong345.eye.protection.MainActivity, package:com.yangcong345.eye.protection, mProcessCreatePackcom.yangcong345.cloud.ui.launcher
05-24 19:02:30.772   920   939 I PowerHalWrapper: state: 0
05-24 19:02:30.772  2295  2295 I Matrix.ActivityThreadHacker: [handleMessage] msg.what:149 begin:2533239 isLaunchActivity:false SDK_INT=33
05-24 19:02:30.772  2295  2295 I Matrix.ActivityThreadHacker: [handleMessage] msg.what:149 begin:2533239 isLaunchActivity:false SDK_INT=33
05-24 19:02:30.772   920   939 I mtkpower_client: [Legacy][PowerHal_Wrap_notifyAppState] com.yangcong345.eye.protection/com.yangcong345.eye.protection.MainActivity pid=3984 state:0
05-24 19:02:30.772   920   939 I game_scn: collectForegroundAppList packName=com.yangcong345.eye.protection, actName=com.yangcong345.eye.protection.MainActivity, pid=3984, uid=10114, state:PAUSED
05-24 19:02:30.772   920   939 I game_scn: powerNotifyForegroundApp multi_resumed_app_info: pid: 2295, packname: com.yangcong345.cloud.ui.launcher, actname: com.yangcong345.padmodule.new_home.PadHomeActivity
05-24 19:02:30.772   920   939 I PowerHalWrapper: amsBoostNotify AMS_BOOST_PROCESS_CREATE_BOOST:false
05-24 19:02:30.772   496   592 I libPowerHal: [perfNotifyAppState] pack:com.yangcong345.eye.protection, act:com.yangcong345.eye.protection.MainActivity, state:0, pid:3984, uid:10114, fps:60
05-24 19:02:30.773  3241  3241 I dnsmasq : query[A] important-notices.yangcong345.com from 192.168.50.140
05-24 19:02:30.773  3241  3241 I dnsmasq : forwarded important-notices.yangcong345.com to 223.5.5.5
05-24 19:02:30.774  3241  3241 I dnsmasq : forwarded important-notices.yangcong345.com to 223.6.6.6
05-24 19:02:30.774  3241  3241 I dnsmasq : forwarded important-notices.yangcong345.com to 119.29.29.29
05-24 19:02:30.774  3241  3241 I dnsmasq : forwarded important-notices.yangcong345.com to 182.254.116.116
05-24 19:02:30.774  3241  3241 I dnsmasq : forwarded important-notices.yangcong345.com to 180.76.76.76
05-24 19:02:30.780  3241  3241 I dnsmasq : query[A] device-api.yangcong345.com from 192.168.50.140
05-24 19:02:30.781  3241  3241 I dnsmasq : forwarded device-api.yangcong345.com to 223.5.5.5
05-24 19:02:30.781   920  1083 I input_focus: [Focus entering b99554f com.yangcong345.cloud.ui.launcher/com.yangcong345.padmodule.new_home.PadHomeActivity (server),reason=Window became focusable. Previous reason: NOT_VISIBLE]
05-24 19:02:30.781  3241  3241 I dnsmasq : forwarded device-api.yangcong345.com to 223.6.6.6
05-24 19:02:30.781  3241  3241 I dnsmasq : forwarded device-api.yangcong345.com to 119.29.29.29
05-24 19:02:30.782  3241  3241 I dnsmasq : forwarded device-api.yangcong345.com to 182.254.116.116
05-24 19:02:30.782  3241  3241 I dnsmasq : forwarded device-api.yangcong345.com to 180.76.76.76
05-24 19:02:30.783  3241  3241 I dnsmasq : ipset add iplist 120.27.185.52 important-notices.yangcong345.com
05-24 19:02:30.784  3241  3241 I dnsmasq : reply important-notices.yangcong345.com is 120.27.185.52
05-24 19:02:30.786  3984  3984 D BLASTBufferQueue: [VRI[MainActivity]#3](f:0,a:1) destructor()
05-24 19:02:30.786  2295  5814 D TrafficStats: tagSocket(190) with statsTag=0xffffffff, statsUid=-1
05-24 19:02:30.787  3984  3984 D BufferQueueConsumer: [VRI[MainActivity]#3(BLAST Consumer)3](id:f9000000003,api:0,p:-1,c:3984) disconnect
05-24 19:02:30.787  2295  5814 I System.out: [com.mediatek.cta.CtaAdapter]:check permission begin!
05-24 19:02:30.788  2295  2295 I Matrix.AppMethodBeat: [at] visibleScene[com.yangcong345.padmodule.new_home.PadHomeActivity] has attach focus!
05-24 19:02:30.792  3241  3241 I dnsmasq : ipset add iplist 180.184.75.103 device-api.yangcong345.com
05-24 19:02:30.792  3241  3241 I dnsmasq : reply device-api.yangcong345.com is 180.184.75.103
05-24 19:02:30.795   506   506 I BufferQueueProducer: [StatusBar#70](this:0xb4000070dc322b48,id:-1,api:0,p:-1,c:506) queueBuffer: fps=0.47 dur=2149.52 max=2149.52 min=2149.52
05-24 19:02:30.798   496   536 I mtkpower@impl: [setMode] type:5, enabled:0
05-24 19:02:30.799   920  2235 I PowerHalWrapper: amsBoostStop AMS_BOOST_PACK_SWITCH:false, AMS_BOOST_ACT_SWITCH:false, AMS_BOOST_PROCESS_CREATE:false
05-24 19:02:30.799   496   592 I libPowerHal: [perfLockRel] hdl:188, idx:0
05-24 19:02:30.800   496   592 I libPowerHal: LAUNCH: cpu_ctrl set cpu freq: -1 -1 -1 -1
05-24 19:02:30.800   496   592 I libPowerHal: [PD] LAUNCH update cmd:1000000, param:-1
05-24 19:02:30.800   496   592 I libPowerHal: [PD] LAUNCH update cmd:1408300 param:0
05-24 19:02:30.800   496   592 I libPowerHal: [PD] LAUNCH update cmd:1000000 param:-1
05-24 19:02:30.806  3984  3984 I wm_on_stop_called: [187252992,com.yangcong345.eye.protection.MainActivity,LIFECYCLER_STOP_ACTIVITY]
05-24 19:02:30.807   920   964 D HraManager: hra getBlackIntentActionList
05-24 19:02:30.815  3984  3984 I wm_on_destroy_called: [187252992,com.yangcong345.eye.protection.MainActivity,performDestroy]
05-24 19:02:30.817  2295  5816 D TrafficStats: tagSocket(212) with statsTag=0xffffffff, statsUid=-1
05-24 19:02:30.817  2295  5816 I System.out: [com.mediatek.cta.CtaAdapter]:check permission begin!
05-24 19:02:30.821   920  2913 D CoreBackPreview: Window{2bb042e u0 com.yangcong345.eye.protection/com.yangcong345.eye.protection.MainActivity}: Setting back callback null
05-24 19:02:30.829  3984  3984 I binder_sample: [android.view.accessibility.IAccessibilityManager,8,13,com.yangcong345.eye.protection,2]
05-24 19:02:30.830  3984  3984 D View    : [Warning] assignParent to null: this = DecorView@de5d3c9[MainActivity]
05-24 19:02:30.832  1306  1306 D BLASTBufferQueue: [VRI[EdgeBackGestureHandler0]#15](f:0,a:1) destructor()
05-24 19:02:30.832  1306  1306 D BufferQueueConsumer: [VRI[EdgeBackGestureHandler0]#15(BLAST Consumer)15](id:51a00000014,api:0,p:-1,c:1306) disconnect
05-24 19:02:30.834   920  2235 W InputManager-JNI: Input channel object '2bb042e com.yangcong345.eye.protection/com.yangcong345.eye.protection.MainActivity (client)' was disposed without first being removed with the input manager!
05-24 19:02:30.835   920  2235 D WindowManager: setParent old=ActivityRecord{b294100 u0 com.yangcong345.eye.protection/.MainActivity} t1089 f}},new=null,this window=Window{2bb042e u0 com.yangcong345.eye.protection/com.yangcong345.eye.protection.MainActivity},callers=com.android.server.wm.WindowContainer.removeChild:772 com.android.server.wm.ActivityRecord.removeChild:4272 com.android.server.wm.ActivityRecord.removeChild:380 com.android.server.wm.WindowContainer.removeImmediately:828 com.android.server.wm.WindowState.removeImmediately:2514 com.android.server.wm.WindowState.removeIfPossible:2704
05-24 19:02:30.843  3984  3984 D InputTransport: Destroy ARC handle: 0xb40000759dfa8f00
05-24 19:02:30.843   506   506 I BufferQueueDebug: [EdgeBackGestureHandler0#319](this:0xb4000070dc37dd48,id:-1,api:0,p:-1,c:506) onDestructor()
05-24 19:02:30.844   506   506 I BufferQueueDebug: [com.yangcong345.eye.protection/com.yangcong345.eye.protection.MainActivity#310](this:0xb4000070dc328668,id:-1,api:0,p:-1,c:506) onDestructor()
05-24 19:02:30.846   920  2913 D WindowManager: setParent old=Task{ae1bf7e #1089 type=standard A=10114:com.yangcong345.eye.protection U=0 visible=false visibleRequested=false mode=fullscreen translucent=true sz=0},new=null,this window=ActivityRecord{b294100 u0 com.yangcong345.eye.protection/.MainActivity} t1089 f}},callers=com.android.server.wm.WindowContainer.removeChild:772 com.android.server.wm.TaskFragment.removeChild:2565 com.android.server.wm.Task.removeChild:1499 com.android.server.wm.Task.removeChild:1482 com.android.server.wm.WindowContainer.removeImmediately:828 com.android.server.wm.WindowToken.removeImmediately:350
05-24 19:02:30.847   920  2913 I wm_task_removed: [1089,removeChild:removeChild last r=ActivityRecord{b294100 u0 com.yangcong345.eye.protection/.MainActivity} t-1 f}} in t=Task{ae1bf7e #1089 type=standard A=10114:com.yangcong345.eye.protection U=0 visible=false visibleRequested=false mode=fullscreen translucent=true sz=0}]
05-24 19:02:30.847   920  2913 I wm_task_removed: [1089,removeChild]
05-24 19:02:30.849   920  2913 D WindowManager: setParent old=DefaultTaskDisplayArea@80487723,new=null,this window=Task{ae1bf7e #1089 type=standard A=10114:com.yangcong345.eye.protection U=0 visible=false visibleRequested=false mode=fullscreen translucent=true sz=0},callers=com.android.server.wm.WindowContainer.removeChild:772 com.android.server.wm.TaskDisplayArea.removeChildTask:359 com.android.server.wm.TaskDisplayArea.removeChild:350 com.android.server.wm.WindowContainer.removeImmediately:828 com.android.server.wm.TaskFragment.removeImmediately:2645 com.android.server.wm.Task.removeImmediately:2587
05-24 19:02:30.920  2295  5800 D CacheInterceptor: requestRemoteFirst
05-24 19:02:30.927  2295  5800 D CacheInterceptor: request local cache success
05-24 19:02:30.928   920   920 W AccessibilityManagerService:  wait for adding window timeout: 5
05-24 19:02:30.973   486   549 I Proximity: distance = 2
05-24 19:02:30.974   920  1001 W SensorService: Failed to write wake lock handled
05-24 19:02:30.975  2295  5794 I MMKV    : <MMKV.cpp:226::initializeMMKV> root dir: /data/user/0/com.yangcong345.cloud.ui.launcher/files/mmkv
05-24 19:02:30.976  2295  5794 I MMKV    : <MMKV.cpp:1180::sync> MMKV::sync, SyncFlag = 0
05-24 19:02:31.177   486   549 I Proximity: distance = 2
05-24 19:02:31.180   920  1001 W SensorService: Failed to write wake lock handled
05-24 19:02:31.297  1511  1511 D VibrateSensorServer: VibrateSensorServer  testTime=currentTime - currentTime1 > 1s
05-24 19:02:31.313  1511  1511 D VibrateSensorServer: Times--->  0
05-24 19:02:31.313  1511  1511 D VibrateSensorServer:  .... else VibrateTip --> Off ....
05-24 19:02:31.381   486   549 I Proximity: distance = 2
05-24 19:02:31.383   920  1001 W SensorService: Failed to write wake lock handled
05-24 19:02:31.413  5706  5706 I Monkey  : :Sending Touch (ACTION_DOWN): 0:(1274.0,851.0)
05-24 19:02:31.415   920  1083 I input_interaction: Interaction with: b99554f com.yangcong345.cloud.ui.launcher/com.yangcong345.padmodule.new_home.PadHomeActivity (server), [Gesture Monitor] swipe-up (server), [Gesture Monitor] edge-swipe (server), PointerEventDispatcher0 (server),
05-24 19:02:31.416   496   592 I libPowerHal: [perfLockAcq] idx:0 hdl:195 hint:25 pid:496 duration:10000 lock_user:mtkpower@1.0-se => ret_hdl:195
05-24 19:02:31.417   496   592 I libPowerHal: [PE] MTKPOWER_HINT_APP_TOUCH update cmd:3408600 param:1
05-24 19:02:31.417  5706  5706 I Monkey  : :Sending Touch (ACTION_UP): 0:(1271.3107,860.7578)
05-24 19:02:31.418   496   592 I libPowerHal: [perfLockRel] hdl:195, idx:0
05-24 19:02:31.419   496   592 I libPowerHal: [PD] MTKPOWER_HINT_APP_TOUCH update cmd:3408600 param:0
05-24 19:02:31.420  5706  5706 I Monkey  : Sleeping for 1000 milliseconds
05-24 19:02:31.541   496   575 I libPerfCtl: xgfGetFPS pid:1306 fps:59
05-24 19:02:31.541   496   575 I libPerfCtl: xgfGetFPS pid:2295 fps:22
05-24 19:02:31.541   496   575 I libPerfCtl: xgfGetFPS pid:3984 fps:68
05-24 19:02:31.585   486   549 I Proximity: distance = 2
05-24 19:02:31.586   920  1001 W SensorService: Failed to write wake lock handled
05-24 19:02:31.620  1256  1256 I WifiHAL : Get link layer stats
05-24 19:02:31.620  1256  1256 I WifiHAL : GetLinkStatsCommand::create
05-24 19:02:31.621  1256  1256 D android.hardware.wifi@1.0-service-lazy: WifiRequest::create vendor command to iface 11, vendor_id=0x1a11, subcmd=0x1200, res=0
05-24 19:02:31.621  1256  1256 I android.hardware.wifi@1.0-service-lazy: WifiCommand::requestResponse err=-14
05-24 19:02:31.621  1256  1256 I WifiHAL : wifi_get_link_stats: result=-1
05-24 19:02:31.622   920  1142 E WifiVendorHal: getWifiLinkLayerStats_1_5_Internal(l.1176) failed {.code = ERROR_UNKNOWN, .description = unknown}
05-24 19:02:31.641   491  1222 I android.hardware.usb@1.2-service-mediatekv2: uevent_event change@/devices/virtual/misc/cpu_loading
05-24 19:02:31.642   491  1222 I android.hardware.usb@1.2-service-mediatekv2: uevent_event change@/devices/virtual/misc/cpu_loading
05-24 19:02:31.642   491  1222 I android.hardware.usb@1.2-service-mediatekv2: uevent_event change@/devices/virtual/misc/cpu_loading
05-24 19:02:31.642   491  1222 I android.hardware.usb@1.2-service-mediatekv2: uevent_event change@/devices/virtual/misc/cpu_loading
05-24 19:02:31.643   491  1222 I android.hardware.usb@1.2-service-mediatekv2: uevent_event change@/devices/virtual/misc/cpu_loading
05-24 19:02:31.643   491  1222 I android.hardware.usb@1.2-service-mediatekv2: uevent_event change@/devices/virtual/misc/cpu_loading
05-24 19:02:31.644   491  1222 I android.hardware.usb@1.2-service-mediatekv2: uevent_event change@/devices/virtual/misc/cpu_loading
05-24 19:02:31.644   491  1222 I android.hardware.usb@1.2-service-mediatekv2: uevent_event change@/devices/virtual/misc/cpu_loading
05-24 19:02:31.644   491  1222 I android.hardware.usb@1.2-service-mediatekv2: uevent_event change@/devices/virtual/misc/cpu_loading
05-24 19:02:31.671  2952  5849 D TrafficStats: tagSocket(103) with statsTag=0xffffffff, statsUid=-1
05-24 19:02:31.671  2952  5849 I System.out: [com.mediatek.cta.CtaAdapter]:check permission begin!
05-24 19:02:31.671  2952  5851 D CacheInterceptor: requestRemoteOnly
05-24 19:02:31.673  2952  5850 I MMKV    : <MMKV.cpp:226::initializeMMKV> root dir: /data/user/0/com.yangcong345.android.phone/files/mmkv
05-24 19:02:31.675  2952  5854 D CacheInterceptor: requestRemoteOnly
05-24 19:02:31.683  3241  3241 I dnsmasq : query[A] apiv.yangcong345.com from 192.168.50.140
05-24 19:02:31.684  3241  3241 I dnsmasq : forwarded apiv.yangcong345.com to 223.5.5.5
05-24 19:02:31.684  3241  3241 I dnsmasq : forwarded apiv.yangcong345.com to 223.6.6.6
05-24 19:02:31.684  3241  3241 I dnsmasq : forwarded apiv.yangcong345.com to 119.29.29.29
05-24 19:02:31.684  3241  3241 I dnsmasq : forwarded apiv.yangcong345.com to 182.254.116.116
05-24 19:02:31.684  3241  3241 I dnsmasq : forwarded apiv.yangcong345.com to 180.76.76.76
05-24 19:02:31.695  3241  3241 I dnsmasq : ipset add iplist 180.184.75.103 apiv.yangcong345.com
05-24 19:02:31.695  3241  3241 I dnsmasq : reply apiv.yangcong345.com is 180.184.75.103
05-24 19:02:31.721  1477  1477 D SmsRIL  : resetProxyAndRequestList
05-24 19:02:31.722   366   366 I servicemanager: Could not find vendor.mediatek.hardware.mtkradioex.ims.IMtkRadioExIms/slot1 in the VINTF manifest.
05-24 19:02:31.723   367   367 I hwservicemanager: getTransport: Cannot find entry vendor.mediatek.hardware.mtkradioex@3.0::IMtkRadioEx/imsSlot1 in either framework or device VINTF manifest.
05-24 19:02:31.724  1477  1477 E SmsRIL  : getMtkRadioExSmsProxy getServiceV3_0: java.util.NoSuchElementException
05-24 19:02:31.724  1477  1477 E SmsRIL  : getMtkRadioExSmsProxy: is empty
05-24 19:02:31.789   486   549 I Proximity: distance = 2
05-24 19:02:31.791   920  1001 W SensorService: Failed to write wake lock handled
05-24 19:02:31.919  2952  2952 I MMKV    : <MMKV.cpp:1180::sync> MMKV::sync, SyncFlag = 0
05-24 19:02:31.919  2952  2952 I MMKV    : <MMKV.cpp:1180::sync> MMKV::sync, SyncFlag = 0
05-24 19:02:31.954  2952  5855 W System.err: java.text.ParseException: Unparseable date: "2024-05-24T19:02:31.948552517+08:00"
05-24 19:02:31.955  2952  5855 W System.err: 	at java.text.DateFormat.parse(DateFormat.java:389)
05-24 19:02:31.955  2952  5855 W System.err: 	at com.yangcong345.platform.utils.time.DateUtil.str2Date(TbsSdkJava:6)
05-24 19:02:31.955  2952  5855 W System.err: 	at com.yangcong345.platform.utils.time.DateUtil.str2Date$default(Unknown Source:12)
05-24 19:02:31.955  2952  5855 W System.err: 	at com.yangcong345.learn.feature.video.cache.CacheAuthorizationHelper.saveLastOpenCacheTime(TbsSdkJava:7)
05-24 19:02:31.955  2952  5855 W System.err: 	at com.yangcong345.learn.feature.video.cache.CacheAuthorizationHelper.access$saveLastOpenCacheTime(Unknown Source:0)
05-24 19:02:31.955  2952  5855 W System.err: 	at com.yangcong345.learn.feature.video.cache.CacheAuthorizationHelper$refreshUserVideoAuth$dispose$2.invoke(TbsSdkJava:4)
05-24 19:02:31.955  2952  5855 W System.err: 	at com.yangcong345.learn.feature.video.cache.CacheAuthorizationHelper$refreshUserVideoAuth$dispose$2.invoke(TbsSdkJava:1)
05-24 19:02:31.955  2952  5855 W System.err: 	at com.yangcong345.learn.feature.video.cache.CacheAuthorizationHelper.refreshUserVideoAuth$lambda$1(Unknown Source:5)
05-24 19:02:31.955  2952  5855 W System.err: 	at com.yangcong345.learn.feature.video.cache.CacheAuthorizationHelper.a(Unknown Source:0)
05-24 19:02:31.955  2952  5855 W System.err: 	at com.yangcong345.learn.feature.video.cache.a.accept(Unknown Source:2)
05-24 19:02:31.955  2952  5855 W System.err: 	at io.reactivex.internal.observers.LambdaObserver.onNext(TbsSdkJava:2)
05-24 19:02:31.955  2952  5855 W System.err: 	at io.reactivex.internal.operators.observable.ObservableSubscribeOn$SubscribeOnObserver.onNext(Unknown Source:2)
05-24 19:02:31.955  2952  5855 W System.err: 	at io.reactivex.internal.operators.observable.c1$a.onNext(Unknown Source:2)
05-24 19:02:31.955  2952  5855 W System.err: 	at io.reactivex.internal.operators.observable.x0$a.onNext(TbsSdkJava:5)
05-24 19:02:31.955  2952  5855 W System.err: 	at retrofit2.adapter.rxjava2.BodyObservable$BodyObserver.onNext(TbsSdkJava:3)
05-24 19:02:31.955  2952  5855 W System.err: 	at retrofit2.adapter.rxjava2.BodyObservable$BodyObserver.onNext(TbsSdkJava:1)
05-24 19:02:31.955  2952  5855 W System.err: 	at retrofit2.adapter.rxjava2.CallExecuteObservable.subscribeActual(TbsSdkJava:7)
05-24 19:02:31.955  2952  5855 W System.err: 	at io.reactivex.z.subscribe(TbsSdkJava:14)
05-24 19:02:31.955  2952  5855 W System.err: 	at retrofit2.adapter.rxjava2.BodyObservable.subscribeActual(Unknown Source:7)
05-24 19:02:31.955  2952  5855 W System.err: 	at io.reactivex.z.subscribe(TbsSdkJava:14)
05-24 19:02:31.955  2952  5855 W System.err: 	at io.reactivex.internal.operators.observable.x0.subscribeActual(Unknown Source:9)
05-24 19:02:31.956  2952  5855 W System.err: 	at io.reactivex.z.subscribe(TbsSdkJava:14)
05-24 19:02:31.956  2952  5855 W System.err: 	at io.reactivex.internal.operators.observable.c1.subscribeActual(Unknown Source:9)
05-24 19:02:31.956  2952  5855 W System.err: 	at io.reactivex.z.subscribe(TbsSdkJava:14)
05-24 19:02:31.956  2952  5855 W System.err: 	at io.reactivex.internal.operators.observable.ObservableSubscribeOn$a.run(Unknown Source:6)
05-24 19:02:31.956  2952  5855 W System.err: 	at io.reactivex.h0$a.run(TbsSdkJava:2)
05-24 19:02:31.956  2952  5855 W System.err: 	at io.reactivex.internal.schedulers.ScheduledRunnable.run(TbsSdkJava:2)
05-24 19:02:31.956  2952  5855 W System.err: 	at io.reactivex.internal.schedulers.ScheduledRunnable.call(Unknown Source:0)
05-24 19:02:31.956  2952  5855 W System.err: 	at java.util.concurrent.FutureTask.run(FutureTask.java:264)
05-24 19:02:31.956  2952  5855 W System.err: 	at java.util.concurrent.ScheduledThreadPoolExecutor$ScheduledFutureTask.run(ScheduledThreadPoolExecutor.java:307)
05-24 19:02:31.956  2952  5855 W System.err: 	at java.util.concurrent.ThreadPoolExecutor.runWorker(ThreadPoolExecutor.java:1137)
05-24 19:02:31.956  2952  5855 W System.err: 	at java.util.concurrent.ThreadPoolExecutor$Worker.run(ThreadPoolExecutor.java:637)
05-24 19:02:31.956  2952  5855 W System.err: 	at java.lang.Thread.run(Thread.java:1012)
05-24 19:02:31.986  2952  5854 I MMKV    : <MMKV.cpp:226::initializeMMKV> root dir: /data/user/0/com.yangcong345.android.phone/files/mmkv
05-24 19:02:31.986  2952  5854 I MMKV    : <MMKV.cpp:1180::sync> MMKV::sync, SyncFlag = 0
05-24 19:02:31.993   486   549 I Proximity: distance = 2
05-24 19:02:31.993  2952  3618 D DataSailMapper: get instance by url: onion-app-diagnosis.cn-beijing.log.aliyuncs.com/logstores/diagnosis-error/shards/lb
05-24 19:02:31.994  2952  3618 I System.out: [okhttp]:check permission begin!
05-24 19:02:31.994  2952  3618 I System.out: [okhttp]:not MMS!
05-24 19:02:31.994  2952  3618 I System.out: [okhttp]:not Email!
05-24 19:02:31.994   920  1001 W SensorService: Failed to write wake lock handled
05-24 19:02:31.996  3241  3241 I dnsmasq : query[A] datasail.yangcong345.com from 192.168.50.140
05-24 19:02:31.997  3241  3241 I dnsmasq : forwarded datasail.yangcong345.com to 223.5.5.5
05-24 19:02:31.997  3241  3241 I dnsmasq : forwarded datasail.yangcong345.com to 223.6.6.6
05-24 19:02:31.997  3241  3241 I dnsmasq : forwarded datasail.yangcong345.com to 119.29.29.29
05-24 19:02:31.997  3241  3241 I dnsmasq : forwarded datasail.yangcong345.com to 182.254.116.116
05-24 19:02:31.998  3241  3241 I dnsmasq : forwarded datasail.yangcong345.com to 180.76.76.76
05-24 19:02:32.008  3241  3241 I dnsmasq : query[A] version.yangcong345.com from 192.168.50.140
05-24 19:02:32.008  3241  3241 I dnsmasq : forwarded version.yangcong345.com to 223.5.5.5
05-24 19:02:32.008  3241  3241 I dnsmasq : forwarded version.yangcong345.com to 223.6.6.6
05-24 19:02:32.008  3241  3241 I dnsmasq : forwarded version.yangcong345.com to 119.29.29.29
05-24 19:02:32.008  3241  3241 I dnsmasq : forwarded version.yangcong345.com to 182.254.116.116
05-24 19:02:32.009  3241  3241 I dnsmasq : forwarded version.yangcong345.com to 180.76.76.76
05-24 19:02:32.016  3241  3241 I dnsmasq : reply datasail.yangcong345.com is <CNAME>
05-24 19:02:32.016  3241  3241 I dnsmasq : reply datasail01-cn-beijing-yangcong.volceapplog.com is <CNAME>
05-24 19:02:32.016  3241  3241 I dnsmasq : ipset add iplist 101.126.8.157 alb-3hnbe8igl0q2o6e6tws26e6pn.cn-beijing.volcalb.com
05-24 19:02:32.016  3241  3241 I dnsmasq : reply alb-3hnbe8igl0q2o6e6tws26e6pn.cn-beijing.volcalb.com is 101.126.8.157
05-24 19:02:32.016  3241  3241 I dnsmasq : ipset add iplist 180.184.93.116 alb-3hnbe8igl0q2o6e6tws26e6pn.cn-beijing.volcalb.com
05-24 19:02:32.016  3241  3241 I dnsmasq : reply alb-3hnbe8igl0q2o6e6tws26e6pn.cn-beijing.volcalb.com is 180.184.93.116
05-24 19:02:32.017  3241  3241 I dnsmasq : ipset add iplist 180.184.75.103 version.yangcong345.com
05-24 19:02:32.017  3241  3241 I dnsmasq : reply version.yangcong345.com is 180.184.75.103
05-24 19:02:32.018  2952  3618 D TrafficStats: tagSocket(130) with statsTag=0xffffffff, statsUid=-1
05-24 19:02:32.019  2952  3618 I System.out: [com.mediatek.cta.CtaAdapter]:check permission begin!
05-24 19:02:32.197   486   549 I Proximity: distance = 2
05-24 19:02:32.199   920  1001 W SensorService: Failed to write wake lock handled
05-24 19:02:32.210  2952  3618 I System.out: [OkHttp] sendRequest>>
05-24 19:02:32.210  2952  3618 I System.out: [OkHttp] sendRequest<<
05-24 19:02:32.353  1511  1511 D VibrateSensorServer: VibrateSensorServer  testTime=currentTime - currentTime1 > 1s
05-24 19:02:32.366  1511  1511 D VibrateSensorServer: Times--->  0
05-24 19:02:32.366  1511  1511 D VibrateSensorServer:  .... else VibrateTip --> Off ....
05-24 19:02:32.401   486   549 I Proximity: distance = 2
05-24 19:02:32.403   920  1001 W SensorService: Failed to write wake lock handled
05-24 19:02:32.421  5706  5706 I Monkey  : :Sending Touch (ACTION_DOWN): 0:(1715.0,541.0)
05-24 19:02:32.424   496   592 I libPowerHal: [perfLockAcq] idx:0 hdl:196 hint:25 pid:496 duration:10000 lock_user:mtkpower@1.0-se => ret_hdl:196
05-24 19:02:32.424   496   592 I libPowerHal: [PE] MTKPOWER_HINT_APP_TOUCH update cmd:3408600 param:1
05-24 19:02:32.425  5706  5706 I Monkey  : :Sending Touch (ACTION_UP): 0:(1706.7522,539.0342)
05-24 19:02:32.426   496   592 I libPowerHal: [perfLockRel] hdl:196, idx:0
05-24 19:02:32.426   496   592 I libPowerHal: [PD] MTKPOWER_HINT_APP_TOUCH update cmd:3408600 param:0
05-24 19:02:32.427  5706  5706 I Monkey  : Sleeping for 1000 milliseconds
05-24 19:02:32.428   920  1187 D AudioTrack: setVolume(28): 0xb40000768df6f1a0, left = 0.501187, right = 0.501187
05-24 19:02:32.428   920  1187 D AudioTrack: start(28): 0xb40000768df6f1a0, prior state:STATE_STOPPED
05-24 19:02:32.429   501   752 D APM_AudioPolicyManager: startOutput() output 13, stream 1, session 81
05-24 19:02:32.432  2295  2295 D test_act: com.yangcong345.cloud.ui.launcher
05-24 19:02:32.433   920  2235 D HraManager: hra getBlackIntentActionList
05-24 19:02:32.434   920  2235 I ActivityTaskManager: START u0 {act=android.intent.action.VIEW dat=ycmath://padsupport.com/... cmp=com.yangcong345.android.phone/com.yangcong345.pad.launcher.SupportSchemeActivity} from uid 10065
05-24 19:02:32.435  5706  5740 I Monkey  :     // Rejecting start of Intent { act=android.intent.action.VIEW dat=ycmath://padsupport.com/... cmp=com.yangcong345.android.phone/com.yangcong345.pad.launcher.SupportSchemeActivity } in package com.yangcong345.android.phone
05-24 19:02:32.436   472   591 I AudioALSAStreamOut: updateSourceMetadata(), do nothing source_metadata = 0xe6b7aab8
05-24 19:02:32.436   472  1150 D AudioALSAStreamOut: write(), flag 0x6, usePolicyDevice: 1, output_devices: 0x2 -> latest policyDevice 0x2 (ori policyDevice 0x2)
05-24 19:02:32.436   472  1150 D AudioALSAStreamManager: +syncSharedOutDevice(), originDevice/routingSharedOutDevice: 0x2/0x2, mAudioMode: 0
05-24 19:02:32.436   472  1150 D AudioMTKGainController: setNormalVolume(), mSceneIndex = 0, stream 1, devices 0x2, index 12, mode 0x0, gainDevice 0x2
05-24 19:02:32.436   472  1150 D AudioMTKGainController: setSpeakerGain(), gain = 8, spkAnaType = 1
05-24 19:02:32.436   472  1150 D AudioALSAStreamOut: open(), flags 6
05-24 19:02:32.436   472  1150 D AudioALSAStreamManager: +createPlaybackHandler(), mAudioMode = 0, output_devices = 0x2, isMixerOut = 0, isBypassAurisys = 0, flag = 6, isIEMsSource = 0, isIEMsOn = 0
05-24 19:02:32.436   472  1150 D AudioALSAStreamManager: needEnableVoip(), output_devices = 0x2, flags: 0x6, mAvailableOutputFlags: 0x1800e, enable: 0
05-24 19:02:32.437   472  1150 I [Awinic]: SKTune_v5.3.0
05-24 19:02:32.437   472  1150 I [Awinic]: local_cfg->fade_out_deg_num = 10
05-24 19:02:32.437   472  1150 I [Awinic]: local_cfg->mute_in_num = 2400
05-24 19:02:32.437   472  1150 I [Awinic]: local_cfg->fade_in_deg_num = 20
05-24 19:02:32.437   472  1150 D [Awinic]: fade_in_out_init init done!
05-24 19:02:32.437   472  1150 D [Awinic]: spin init done!
05-24 19:02:32.437   472  1150 D [Awinic]: set parameter done!
05-24 19:02:32.437   472  1150 D [Awinic]: init Done !
05-24 19:02:32.438   472  1150 D [Awinic]:  Set Media info Done !
05-24 19:02:32.438   472  1150 D AudioALSAPlaybackHandlerNormal: AudioALSAPlaybackHandlerNormal: Awinic set mediainfo success
05-24 19:02:32.438   472  1150 D AudioALSAPlaybackHandlerNormal: +open(), flag = 6, source output_devices = 0x2, audio_format = 3, buffer_size = 2048, sample_rate = 48000, channels = 2
05-24 19:02:32.438   472  1150 E AudioALSAPlaybackHandlerNormal: open->wuhao89728189.
05-24 19:02:32.438   472  1150 D AudioALSADeviceParser: compare pcm success = 0, stringpair = Playback_1
05-24 19:02:32.438   472  1150 D AudioALSADeviceConfigManager: ApplyDeviceTurnonSequenceByName() DeviceName = PLAYBACK1_TO_ADDA_DL descriptor->DeviceStatusCounte = 0, Ctlsize=4
05-24 19:02:32.441   472  1150 D AudioUtility: chooseTargetSampleRate() hiFiState 0 isDeviceSupportHiFi 0 sampleRate 48000 targetSampleRate 48000
05-24 19:02:32.441   472  1150 D AudioALSAPlaybackHandlerBase: transferAudioFormatToPcmFormat(), audio_format(0x4) => pcm_format(0x3)
05-24 19:02:32.441   472  1150 D AudioALSAPlaybackHandlerNormal: open(), flag = 6, mConfig: channels = 2, sample_rate(target) = 48000, period_size = 256, period_count = 2, format = 3, avail_min = 256, start_threshold = 512
05-24 19:02:32.443   472  1150 D AudioALSAPlaybackHandlerBase: openPcmDriverWithFlag(), pcm device = 0 flag = 0x8 mPcm = 0xe7441dd0
05-24 19:02:32.443   472  1150 D AudioALSAPlaybackHandlerBase: CreateAurisysLibManager, ph type: 0, voip: 0, mAurisysScenario: 1
05-24 19:02:32.443   472  1150 D aurisys_utility: input dev: 0x80000004, fmt = 0x3, fs: 48000, max fs: 48000, ch: 2, max ch: 1, ch maks: 0x3, hw_info_mask: 0x0; output dev: 0x2, fmt = 0x3, fs: 48000, max fs: 48000, ch: 2, max ch: 2, ch maks: 0x3, hw_info_mask: 0x4; task_scene: 2, audio_mode: 0, stream_type: 1, output_flags: 0x6, input_source: 0, input_flags: 0x0; network_info: 0, enhancement_feature_mask: 0x0
05-24 19:02:32.443   472  1150 D AudioUtility: setupCustomInfoStr(), custom_info = "SetAudioCustomScene=;", (scene = , vol_level = -1, bt_codec = -1)
05-24 19:02:32.443   472  1150 D aurisys_utility: lib, working fs: 48000, fmt: 0x3, frame = 0, b_interleave = 1, num_ul_ref_buf_array = 0, num_dl_ref_buf_array = 0
05-24 19:02:32.443   472  1150 D aurisys_utility: dl in[type:2], ch: 2, ch_mask: 0x3, buf fs: 48000, buf content fs: 48000, fmt: 0x3; dl out[type:3], ch: 2, ch_mask: 0x3, buf fs: 48000, buf content fs: 48000, fmt: 0x3
05-24 19:02:32.444   472  1150 D android.hardware.audio.service.mediatek: get_custom_info_value(), cusom_info = SetAudioCustomScene=;, key= SetAudioCustomScene, ret = 0, ptr = 0xe4747e58, value_str = , max_value_str_leng = 20
05-24 19:02:32.444   472  1150 D AudioCompFltCustParam: audioHierarchicalParamEnable [1]
05-24 19:02:32.444   472  1150 D AudioCompFltCustParam: getPlaybackPostProcessParameterFromXML Type/Name [5]/[PlaybackDRC]
05-24 19:02:32.444   472  1150 D AudioCompFltCustParam: Load from scene Scene,Default,Volume type,Music
05-24 19:02:32.444   472  1150 D AudioCompFltCustParam: audioHierarchicalParamEnable [1]
05-24 19:02:32.444   472  1150 D AudioCompFltCustParam: getPlaybackPostProcessParameterFromXML Type/Name [0]/[PlaybackACF]
05-24 19:02:32.444   472  1150 D AudioCompFltCustParam: Load from scene Scene,Default,Volume type,Music,Profile,Speaker
05-24 19:02:32.444   472  1150 D AudioCompFltCustParam: audioHierarchicalParamEnable [1]
05-24 19:02:32.444   472  1150 D AudioCompFltCustParam: getPlaybackPostProcessParameterFromXML Type/Name [6]/[PlaybackDRC]
05-24 19:02:32.444   472  1150 D AudioCompFltCustParam: Load from scene Scene,Default,Volume type,Ring
05-24 19:02:32.444   472  1150 D AudioCompFltCustParam: audioHierarchicalParamEnable [1]
05-24 19:02:32.444   472  1150 D AudioCompFltCustParam: getPlaybackPostProcessParameterFromXML Type/Name [8]/[PlaybackACF]
05-24 19:02:32.444   472  1150 D AudioCompFltCustParam: Load from scene Scene,Default,Volume type,Music,Profile,Speaker
05-24 19:02:32.444   472  1150 D aurisys_lib_handler: aurisys_arsi_parsing_param_file(), gProductInfo "platform=MT6768,device=Q20,model=Q20", file_path "/vendor/etc/audio_param", enhancement_mode 0, param_buf_size 2528, data_size 2528, custom_info SetAudioCustomScene=;
05-24 19:02:32.444   472  1150 D aurisys_lib_handler: aurisys_arsi_create_handler(), lib_name mtk_bessound, 0xe6600d90, memory_size 72624, arsi_handler 0xe8716450, retval 0x0
05-24 19:02:32.444   472  1150 D aurisys_lib_handler: aurisys_arsi_create_handler(), arsi_query_process_unit_bytes, ul 0, dl 2048, retval 0
05-24 19:02:32.444   472  1150 D aurisys_lib_manager: DL Lib, lib_name mtk_bessound, 0xe6600d90, sample_rate: 48000 => 48000, num_channels: 2 => 2, audio_format: 0x3 => 0x3, interleave: 1 => 1, frame: 0 => 0
05-24 19:02:32.444   472  1150 D aurisys_lib_manager: DL out, sample_rate: 48000 => 48000, num_channels: 2 => 2, audio_format: 0x3 => 0x4, interleave: 1 => 1, frame: 0 => 0
05-24 19:02:32.444   472  1150 D AudioALSAHardwareResourceManager: +startOutputDevice(), new_devices = 0x2, mOutputDevices = 0x0, mStartOutputDevicesCount = 0 SampleRate = 48000
