05-24 19:02:26.172  2295  2573 D Matrix.ProcessLifecycle: hasRunningAppTask run any
05-24 19:02:26.173  2295  2573 I Matrix.background.Staged: hasRunningAppTask? true
05-24 19:02:26.173  2295  2573 I Matrix.background.Staged: turn ON
05-24 19:02:26.173  2295  2573 I Matrix.background.Staged: need recheck: next 2584
05-24 19:02:26.269   486   549 I Proximity: distance = 2
05-24 19:02:26.270   920  1001 W SensorService: Failed to write wake lock handled
05-24 19:02:26.379  1511  1511 I android_os_HwBinder: HwBinder: Starting thread pool for getting: vendor.mediatek.hardware.nvram@1.0::INvram/default
05-24 19:02:26.379   497   497 D NVRAM   : NVM_GetLIDByName /mnt/vendor/nvcfg/HWMON_PS
05-24 19:02:26.380   497   497 D NVRAM   : NVRAM: NVM_GetLIDByName Lid =18
05-24 19:02:26.380   497   497 D NVRAM   : fail to open /sys/class/BOOT/BOOT/boot/boot_mode:
05-24 19:02:26.380   497   497 D NVRAM   : NVM_GetFileDesc: Open /mnt/vendor/nvcfg/HWMON_PS,LID:18
05-24 19:02:26.380   497   497 D NVRAM   : NVM_CmpFileVerNo 18
05-24 19:02:26.380   497   497 D NVRAM   : Load File Version: 000, NvRam File Version: 000
05-24 19:02:26.380   497   497 D NVRAM   : NVM_ProtectDataFile : 18 ++
05-24 19:02:26.380   497   497 D NVRAM   : NVM_ProtectUserData:Check Success
05-24 19:02:26.380   497   497 D NVRAM   : NVM_GetFileDesc ProtectDataFile Check Success!!
05-24 19:02:26.380   497   497 D NVRAM   : NVM_GetFileDesc --
05-24 19:02:26.380   497   497 D NVRAM   : Read Done!Size is 4
05-24 19:02:26.380   497   497 D NVRAM   : nvramstr 00000418
05-24 19:02:26.380   497   497 D NVRAM   :
05-24 19:02:26.380  1511  1511 I ProximityService: --->readFileByName--->Succeed : 00000418
05-24 19:02:26.381  1511  1511 I ProximityService: getData -->42--- thresholdValue --->1048
05-24 19:02:26.385  5706  5706 I Monkey  : :Sending Touch (ACTION_DOWN): 0:(1032.0,695.0)
05-24 19:02:26.386   496   592 I libPowerHal: [perfLockAcq] idx:1 hdl:190 hint:25 pid:496 duration:10000 lock_user:mtkpower@1.0-se => ret_hdl:190
05-24 19:02:26.386   496   592 I libPowerHal: [PE] MTKPOWER_HINT_APP_TOUCH update cmd:3408600 param:1
05-24 19:02:26.387  5706  5706 I Monkey  : :Sending Touch (ACTION_UP): 0:(1051.3759,697.5787)
05-24 19:02:26.388   497   497 D NVRAM   : NVM_CloseFileDesc: Open by Readonly, no need to check when close
05-24 19:02:26.388   496   592 I libPowerHal: [perfLockRel] hdl:190, idx:1
05-24 19:02:26.388   496   592 I libPowerHal: [PD] MTKPOWER_HINT_APP_TOUCH update cmd:3408600 param:0
05-24 19:02:26.388  5706  5706 I Monkey  : Sleeping for 1000 milliseconds
05-24 19:02:26.473   486   549 I Proximity: distance = 2
05-24 19:02:26.474   920  1001 W SensorService: Failed to write wake lock handled
05-24 19:02:26.524   483   483 I auditd  : type=1400 audit(0.0:5586): avc: denied { read } for comm="health@2.1-serv" name="online" dev="sysfs" ino=31736 scontext=u:r:hal_health_default:s0 tcontext=u:object_r:sysfs:s0 tclass=file permissive=1
05-24 19:02:26.524   483   483 I health@2.1-serv: type=1400 audit(0.0:5586): avc: denied { read } for name="online" dev="sysfs" ino=31736 scontext=u:r:hal_health_default:s0 tcontext=u:object_r:sysfs:s0 tclass=file permissive=1
05-24 19:02:26.524   483   483 I auditd  : type=1400 audit(0.0:5587): avc: denied { open } for comm="health@2.1-serv" path="/sys/devices/platform/1100f000.i2c3/i2c-3/3-001a/power_supply/sgm4154x-charger/online" dev="sysfs" ino=31736 scontext=u:r:hal_health_default:s0 tcontext=u:object_r:sysfs:s0 tclass=file permissive=1
05-24 19:02:26.524   483   483 I health@2.1-serv: type=1400 audit(0.0:5587): avc: denied { open } for path="/sys/devices/platform/1100f000.i2c3/i2c-3/3-001a/power_supply/sgm4154x-charger/online" dev="sysfs" ino=31736 scontext=u:r:hal_health_default:s0 tcontext=u:object_r:sysfs:s0 tclass=file permissive=1
05-24 19:02:26.524   483   483 I auditd  : type=1400 audit(0.0:5588): avc: denied { getattr } for comm="health@2.1-serv" path="/sys/devices/platform/1100f000.i2c3/i2c-3/3-001a/power_supply/sgm4154x-charger/online" dev="sysfs" ino=31736 scontext=u:r:hal_health_default:s0 tcontext=u:object_r:sysfs:s0 tclass=file permissive=1
05-24 19:02:26.524   483   483 I health@2.1-serv: type=1400 audit(0.0:5588): avc: denied { getattr } for path="/sys/devices/platform/1100f000.i2c3/i2c-3/3-001a/power_supply/sgm4154x-charger/online" dev="sysfs" ino=31736 scontext=u:r:hal_health_default:s0 tcontext=u:object_r:sysfs:s0 tclass=file permissive=1
05-24 19:02:26.526   491  1222 I android.hardware.usb@1.2-service-mediatekv2: uevent_event change@/devices/platform/battery/power_supply/battery
05-24 19:02:26.526   491  1222 I android.hardware.usb@1.2-service-mediatekv2: uevent_event change@/devices/platform/battery/power_supply/battery
05-24 19:02:26.527   491  1222 I android.hardware.usb@1.2-service-mediatekv2: uevent_event change@/devices/platform/battery/power_supply/battery
05-24 19:02:26.527   491  1222 I android.hardware.usb@1.2-service-mediatekv2: uevent_event change@/devices/platform/battery/power_supply/battery
05-24 19:02:26.527   491  1222 I android.hardware.usb@1.2-service-mediatekv2: uevent_event change@/devices/platform/battery/power_supply/battery
05-24 19:02:26.527   491  1222 I android.hardware.usb@1.2-service-mediatekv2: uevent_event change@/devices/platform/battery/power_supply/battery
05-24 19:02:26.527   491  1222 I android.hardware.usb@1.2-service-mediatekv2: uevent_event change@/devices/platform/battery/power_supply/battery
05-24 19:02:26.527   491  1222 I android.hardware.usb@1.2-service-mediatekv2: uevent_event change@/devices/platform/battery/power_supply/battery
05-24 19:02:26.527   491  1222 I android.hardware.usb@1.2-service-mediatekv2: uevent_event change@/devices/platform/battery/power_supply/battery
05-24 19:02:26.527   491  1222 I android.hardware.usb@1.2-service-mediatekv2: uevent_event change@/devices/platform/battery/power_supply/battery
05-24 19:02:26.527   491  1222 I android.hardware.usb@1.2-service-mediatekv2: uevent_event change@/devices/platform/battery/power_supply/battery
05-24 19:02:26.527   491  1222 I android.hardware.usb@1.2-service-mediatekv2: uevent_event change@/devices/platform/battery/power_supply/battery
05-24 19:02:26.527   491  1222 I android.hardware.usb@1.2-service-mediatekv2: uevent_event change@/devices/platform/battery/power_supply/battery
05-24 19:02:26.528   491  1222 I android.hardware.usb@1.2-service-mediatekv2: uevent_event change@/devices/platform/battery/power_supply/battery
05-24 19:02:26.528   491  1222 I android.hardware.usb@1.2-service-mediatekv2: uevent_event change@/devices/platform/battery/power_supply/battery
05-24 19:02:26.528   491  1222 I android.hardware.usb@1.2-service-mediatekv2: uevent_event change@/devices/platform/battery/power_supply/battery
05-24 19:02:26.528   491  1222 I android.hardware.usb@1.2-service-mediatekv2: uevent_event change@/devices/platform/battery/power_supply/battery
05-24 19:02:26.528   491  1222 I android.hardware.usb@1.2-service-mediatekv2: uevent_event change@/devices/platform/battery/power_supply/battery
05-24 19:02:26.528   491  1222 I android.hardware.usb@1.2-service-mediatekv2: uevent_event change@/devices/platform/battery/power_supply/battery
05-24 19:02:26.528   491  1222 I android.hardware.usb@1.2-service-mediatekv2: uevent_event change@/devices/platform/battery/power_supply/battery
05-24 19:02:26.528   491  1222 I android.hardware.usb@1.2-service-mediatekv2: uevent_event change@/devices/platform/battery/power_supply/battery
05-24 19:02:26.532   496   592 I mtkpower@impl: [powerd_req] TIMER_MSG_PERF_LOCK_TIMEOUT hdl:185
05-24 19:02:26.532   496   592 I libPowerHal: [perfLockRel] hdl:185, idx:4
05-24 19:02:26.532   496   592 I libPowerHal: [PD] MTKPOWER_HINT_EXT_LAUNCH update cmd:2020000 param:1
05-24 19:02:26.539   496   575 I libPerfCtl: xgfGetFPS pid:1306 fps:-1
05-24 19:02:26.539   496   575 I libPerfCtl: xgfGetFPS pid:3984 fps:-1
05-24 19:02:26.677   486   549 I Proximity: distance = 2
05-24 19:02:26.678   920  1001 W SensorService: Failed to write wake lock handled
05-24 19:02:26.881   486   549 I Proximity: distance = 2
05-24 19:02:26.882   920  1001 W SensorService: Failed to write wake lock handled
05-24 19:02:27.073  1511  1511 D VibrateSensorServer: VibrateSensorServer  testTime=currentTime - currentTime1 > 1s
05-24 19:02:27.083  1511  1511 D VibrateSensorServer: Times--->  0
05-24 19:02:27.083  1511  1511 D VibrateSensorServer:  .... else VibrateTip --> Off ....
05-24 19:02:27.085   486   549 I Proximity: distance = 2
05-24 19:02:27.086   920  1001 W SensorService: Failed to write wake lock handled
05-24 19:02:27.289   486   549 I Proximity: distance = 2
05-24 19:02:27.290   920  1001 W SensorService: Failed to write wake lock handled
05-24 19:02:27.389  5706  5706 I Monkey  : :Sending Touch (ACTION_DOWN): 0:(1842.0,591.0)
05-24 19:02:27.391   496   592 I libPowerHal: [perfLockAcq] idx:1 hdl:191 hint:25 pid:496 duration:10000 lock_user:mtkpower@1.0-se => ret_hdl:191
05-24 19:02:27.391   496   592 I libPowerHal: [PE] MTKPOWER_HINT_APP_TOUCH update cmd:3408600 param:1
05-24 19:02:27.391  5706  5706 I Monkey  : :Sending Touch (ACTION_UP): 0:(1840.9099,581.67175)
05-24 19:02:27.392   496   592 I libPowerHal: [perfLockRel] hdl:191, idx:1
05-24 19:02:27.392   496   592 I libPowerHal: [PD] MTKPOWER_HINT_APP_TOUCH update cmd:3408600 param:0
05-24 19:02:27.393  5706  5706 I Monkey  : Sleeping for 1000 milliseconds
05-24 19:02:27.493   920   943 D AES     : AEEIOCTL_GET/SET_SF_STATE IOCTL,cmd= 1074294797, lParam=0.
05-24 19:02:27.493   920   943 D AES     : AEEIOCTL_RT_MON_Kick IOCTL,cmd= 2147774474, lParam=300.
05-24 19:02:27.493   486   549 I Proximity: distance = 2
05-24 19:02:27.494   920  1001 W SensorService: Failed to write wake lock handled
05-24 19:02:27.540   496   575 I libPerfCtl: xgfGetFPS pid:1306 fps:-1
05-24 19:02:27.540   496   575 I libPerfCtl: xgfGetFPS pid:3984 fps:-1
05-24 19:02:27.697   486   549 I Proximity: distance = 2
05-24 19:02:27.698   920  1001 W SensorService: Failed to write wake lock handled
05-24 19:02:27.717  1477  1477 D SmsRIL  : resetProxyAndRequestList
05-24 19:02:27.717   366   366 I servicemanager: Could not find vendor.mediatek.hardware.mtkradioex.ims.IMtkRadioExIms/slot1 in the VINTF manifest.
05-24 19:02:27.718   367   367 I hwservicemanager: getTransport: Cannot find entry vendor.mediatek.hardware.mtkradioex@3.0::IMtkRadioEx/imsSlot1 in either framework or device VINTF manifest.
05-24 19:02:27.718  1477  1477 E SmsRIL  : getMtkRadioExSmsProxy getServiceV3_0: java.util.NoSuchElementException
05-24 19:02:27.718  1477  1477 E SmsRIL  : getMtkRadioExSmsProxy: is empty
05-24 19:02:27.901   486   549 I Proximity: distance = 2
05-24 19:02:27.902   920  1001 W SensorService: Failed to write wake lock handled
05-24 19:02:28.105   486   549 I Proximity: distance = 2
05-24 19:02:28.106   920  1001 W SensorService: Failed to write wake lock handled
05-24 19:02:28.129  1511  1511 D VibrateSensorServer: VibrateSensorServer  testTime=currentTime - currentTime1 > 1s
05-24 19:02:28.139  1511  1511 D VibrateSensorServer: Times--->  0
05-24 19:02:28.139  1511  1511 D VibrateSensorServer:  .... else VibrateTip --> Off ....
05-24 19:02:28.260   708   708 I thermal_repeater: socket -1
05-24 19:02:28.309   486   549 I Proximity: distance = 2
05-24 19:02:28.310   920  1001 W SensorService: Failed to write wake lock handled
05-24 19:02:28.394  5706  5706 I Monkey  : :Sending Touch (ACTION_DOWN): 0:(1058.0,387.0)
05-24 19:02:28.395   496   592 I libPowerHal: [perfLockAcq] idx:1 hdl:192 hint:25 pid:496 duration:10000 lock_user:mtkpower@1.0-se => ret_hdl:192
05-24 19:02:28.395   496   592 I libPowerHal: [PE] MTKPOWER_HINT_APP_TOUCH update cmd:3408600 param:1
05-24 19:02:28.396  5706  5706 I Monkey  : :Sending Touch (ACTION_UP): 0:(1060.5566,390.03946)
05-24 19:02:28.397   496   592 I libPowerHal: [perfLockRel] hdl:192, idx:1
05-24 19:02:28.397   496   592 I libPowerHal: [PD] MTKPOWER_HINT_APP_TOUCH update cmd:3408600 param:0
05-24 19:02:28.398  5706  5706 I Monkey  : Sleeping for 1000 milliseconds
05-24 19:02:28.450   920  1083 I input_interaction: Interaction with: 2bb042e com.yangcong345.eye.protection/com.yangcong345.eye.protection.MainActivity (server), PointerEventDispatcher0 (server),
05-24 19:02:28.453   920  1715 D MediaSessionService: dispatchVolumeKeyEvent, pkg=com.yangcong345.eye.protection, opPkg=com.yangcong345.eye.protection, pid=3984, uid=10114, asSystem=true, event=KeyEvent { action=ACTION_DOWN, keyCode=KEYCODE_VOLUME_DOWN, scanCode=0, metaState=0, flags=0x0, repeatCount=0, eventTime=2530914000000, downTime=2530914000000, deviceId=-1, source=0x0, displayId=-1 }, stream=-2147483648, musicOnly=false
05-24 19:02:28.453   920  1715 D MediaSessionService: Adjusting suggestedStream=-2147483648 by -1. flags=4113, preferSuggestedStream=false, session=null
05-24 19:02:28.455   920  1715 D MediaSessionService: dispatchVolumeKeyEvent, pkg=com.yangcong345.eye.protection, opPkg=com.yangcong345.eye.protection, pid=3984, uid=10114, asSystem=true, event=KeyEvent { action=ACTION_UP, keyCode=KEYCODE_VOLUME_DOWN, scanCode=0, metaState=0, flags=0x0, repeatCount=0, eventTime=2530914000000, downTime=2530914000000, deviceId=-1, source=0x0, displayId=-1 }, stream=-2147483648, musicOnly=false
05-24 19:02:28.455   920  1715 D MediaSessionService: Adjusting suggestedStream=-2147483648 by 0. flags=4116, preferSuggestedStream=false, session=null
05-24 19:02:28.457  1306  1775 I sysui_multi_action: [757,210,758,4,759,3]
05-24 19:02:28.457  1306  1775 I vol.Events: writeEvent active_stream_changed STREAM_MUSIC
05-24 19:02:28.460  1306  1775 I sysui_multi_action: [757,211,758,4,759,3]
05-24 19:02:28.460  1306  1775 I vol.Events: writeEvent key STREAM_MUSIC 0
05-24 19:02:28.468   506  2414 D SurfaceFlinger: [SF client] NEW(0xb400006fec1b0790) for (1306:com.android.systemui)
05-24 19:02:28.470  1306  1306 D VRI[VolumeDialogImpl]: hardware acceleration = true, forceHwAccelerated = false
05-24 19:02:28.474   482   482 I hwcomposer: [HWCDisplay] [Display_0 (type:1)] fps:0.351257,dur:2846.92,max:2846.92,min:2846.92
05-24 19:02:28.475   920  1715 D CoreBackPreview: Window{b00318e u0 VolumeDialogImpl}: Setting back callback OnBackInvokedCallbackInfo{mCallback=android.window.IOnBackInvokedCallback$Stub$Proxy@c9bd5bc, mPriority=0}
05-24 19:02:28.476  1306  1306 D InputTransport: Create ARC handle: 0xb40000759dfc36c0
05-24 19:02:28.479  1306  1306 I sysui_multi_action: [757,207,758,1]
05-24 19:02:28.479  1306  1306 I sysui_multi_action: [757,804,799,volume_from_keyguard,801,0,802,1]
05-24 19:02:28.480  1306  1306 I vol.Events: writeEvent show_dialog volume_changed keyguard=false
05-24 19:02:28.490   506  2414 I BufferQueueDebug: [VolumeDialogImpl#318](this:0xb4000070dc37dd48,id:-1,api:0,p:-1,c:-1) BufferQueue core=(506:/system/bin/surfaceflinger)
05-24 19:02:28.494  1306  1306 D BufferQueueConsumer: [](id:51a00000013,api:0,p:-1,c:1306) connect: controlledByApp=false
05-24 19:02:28.502  1306  1409 D BLASTBufferQueue: [VRI[VolumeDialogImpl]#14](f:0,a:1) acquireNextBufferLocked size=284x740 mFrameNumber=1 applyTransaction=true mTimestamp=2530968608455(auto) mPendingTransactions.size=0 graphicBufferId=5609227288730 transform=7
05-24 19:02:28.503  1306  1409 W Parcel  : Expecting binder but got null!
05-24 19:02:28.517   486   549 I Proximity: distance = 2
05-24 19:02:28.518   920  1001 W SensorService: Failed to write wake lock handled
05-24 19:02:28.519   506   506 D BufferStateLayer: VolumeDialogImpl#318 setBuffer frameId=1, bufferId=5609227288730 fenceId=195, w= 740, h=284
05-24 19:02:28.540   496   575 I libPerfCtl: xgfGetFPS pid:1306 fps:-1
05-24 19:02:28.540   496   575 I libPerfCtl: xgfGetFPS pid:3984 fps:-1
05-24 19:02:28.599  1256  1256 I WifiHAL : Get link layer stats
05-24 19:02:28.599  1256  1256 I WifiHAL : GetLinkStatsCommand::create
05-24 19:02:28.599  1256  1256 D android.hardware.wifi@1.0-service-lazy: WifiRequest::create vendor command to iface 11, vendor_id=0x1a11, subcmd=0x1200, res=0
05-24 19:02:28.599  1256  1256 I android.hardware.wifi@1.0-service-lazy: WifiCommand::requestResponse err=-14
05-24 19:02:28.599  1256  1256 I WifiHAL : wifi_get_link_stats: result=-1
05-24 19:02:28.600   920  1142 E WifiVendorHal: getWifiLinkLayerStats_1_5_Internal(l.1176) failed {.code = ERROR_UNKNOWN, .description = unknown}
05-24 19:02:28.617  1306  1306 D WifiSignalController: isWifi6: false,wifiVisible: true
05-24 19:02:28.617  1306  1306 D WifiSignalController: iconId: 17302904
05-24 19:02:28.646   506   506 I BufferQueueProducer: [StatusBar#70](this:0xb4000070dc322b48,id:-1,api:0,p:-1,c:506) queueBuffer: fps=0.33 dur=3019.09 max=3019.09 min=3019.09
05-24 19:02:28.721   486   549 I Proximity: distance = 2
05-24 19:02:28.722   920  1001 W SensorService: Failed to write wake lock handled
05-24 19:02:28.760  2295  2573 I Matrix.background.Staged: run check task
05-24 19:02:28.760  2295  2573 I Matrix.background.Explicit: checkAndPostIfNeeded
05-24 19:02:28.762  2295  2573 I Matrix.background.Explicit: turn ON
05-24 19:02:28.764  2295  2573 I Matrix.ProcessLifecycle: com.yangcong345.cloud.ui.launcher task: TaskInfo{userId=0 taskId=1083 displayId=0 isRunning=true baseIntent=Intent { act=android.intent.action.MAIN cat=[android.intent.category.HOME] flg=0x10000100 cmp=com.yangcong345.cloud.ui.launcher/com.yangcong345.support.common.LauncherSchemeActivity (has extras) } baseActivity=ComponentInfo{com.yangcong345.cloud.ui.launcher/com.yangcong345.padmodule.new_home.PadHomeActivity} topActivity=ComponentInfo{com.yangcong345.cloud.ui.launcher/com.yangcong345.padmodule.new_home.PadHomeActivity} origActivity=null realActivity=ComponentInfo{com.yangcong345.cloud.ui.launcher/com.yangcong345.support.common.LauncherSchemeActivity} numActivities=1 lastActiveTime=2523811 supportsSplitScreenMultiWindow=false supportsMultiWindow=true resizeMode=0 isResizeable=false minWidth=-1 minHeight=-1 defaultMinSize=220 token=WCT{android.window.IWindowContainerToken$Stub$Proxy@8867854} topActivityType=2 pictureInPictureParams=null shouldDockBigOverlays=false launchIntoPipHostTaskId=0 displayCutoutSafeInsets=null topActivityInfo=ActivityInfo{ee303fd com.yangcong345.padmodule.new_home.PadHomeActivity} launchCookies=[] positionInParent=Point(0, 0) parentTaskId=-1 isFocused=false isVisible=false isSleeping=false topActivityInSizeCompat=false topActivityEligibleForLetterboxEducation= false locusId=null displayAreaFeatureId=1 cameraCompatControlState=hidden}
05-24 19:02:28.764  2295  2573 D Matrix.ProcessLifecycle: hasRunningAppTask run any
05-24 19:02:28.765  2295  2573 I Matrix.background.Staged: hasRunningAppTask? true
05-24 19:02:28.765  2295  2573 I Matrix.background.Staged: turn ON
05-24 19:02:28.765  2295  2573 I Matrix.background.Staged: need recheck: next 4181
05-24 19:02:28.918  1477  1477 D CapRIL  : resetProxyAndRequestList
05-24 19:02:28.918   366   366 I servicemanager: Could not find vendor.mediatek.hardware.mtkradioex.modem.IMtkRadioExModem/slot1 in the VINTF manifest.
05-24 19:02:28.919   367   367 I hwservicemanager: getTransport: Cannot find entry vendor.mediatek.hardware.mtkradioex@3.0::IMtkRadioEx/mtkCap1 in either framework or device VINTF manifest.
05-24 19:02:28.919  1477  1477 E CapRIL  : getMtkRadioExCapProxy getServiceV3_0: java.util.NoSuchElementException
05-24 19:02:28.919   367   367 I hwservicemanager: getTransport: Cannot find entry vendor.mediatek.hardware.mtkradioex@2.0::IMtkRadioEx/mtkCap1 in either framework or device VINTF manifest.
05-24 19:02:28.920  1477  1477 E CapRIL  : getMtkRadioExCapProxy getServiceV2_0: java.util.NoSuchElementException
05-24 19:02:28.920  1477  1477 E CapRIL  : getMtkRadioExCapProxy: is empty
05-24 19:02:28.925   486   549 I Proximity: distance = 2
05-24 19:02:28.926   920  1001 W SensorService: Failed to write wake lock handled
05-24 19:02:29.129   486   549 I Proximity: distance = 2
05-24 19:02:29.130   920  1001 W SensorService: Failed to write wake lock handled
05-24 19:02:29.185  1511  1511 D VibrateSensorServer: VibrateSensorServer  testTime=currentTime - currentTime1 > 1s
05-24 19:02:29.195  1511  1511 D VibrateSensorServer: Times--->  0
05-24 19:02:29.195  1511  1511 D VibrateSensorServer:  .... else VibrateTip --> Off ....
05-24 19:02:29.333   486   549 I Proximity: distance = 2
05-24 19:02:29.334   920  1001 W SensorService: Failed to write wake lock handled
05-24 19:02:29.399  5706  5706 I Monkey  : :Sending Touch (ACTION_DOWN): 0:(1240.0,839.0)
05-24 19:02:29.400   920  1083 I input_interaction: Interaction with: 2bb042e com.yangcong345.eye.protection/com.yangcong345.eye.protection.MainActivity (server), [Gesture Monitor] swipe-up (server), [Gesture Monitor] edge-swipe (server), PointerEventDispatcher0 (server),
05-24 19:02:29.400   496   592 I libPowerHal: [perfLockAcq] idx:1 hdl:193 hint:25 pid:496 duration:10000 lock_user:mtkpower@1.0-se => ret_hdl:193
05-24 19:02:29.400   496   592 I libPowerHal: [PE] MTKPOWER_HINT_APP_TOUCH update cmd:3408600 param:1
05-24 19:02:29.401  1306  1306 I sysui_multi_action: [757,207,758,2]
05-24 19:02:29.401  1306  1306 I vol.Events: writeEvent dismiss_dialog touch_outside
05-24 19:02:29.401  5706  5706 I Monkey  : :Sending Touch (ACTION_UP): 0:(1234.1241,846.88184)
05-24 19:02:29.402   496   592 I libPowerHal: [perfLockRel] hdl:193, idx:1
05-24 19:02:29.403  5706  5706 I Monkey  : Sleeping for 1000 milliseconds
05-24 19:02:29.403   496   592 I libPowerHal: [PD] MTKPOWER_HINT_APP_TOUCH update cmd:3408600 param:0
05-24 19:02:29.405  1306  1775 I sysui_multi_action: [757,210,758,4,759,-1]
05-24 19:02:29.405  1306  1775 I vol.Events: writeEvent active_stream_changed UNKNOWN_STREAM_-1
05-24 19:02:29.487   482   482 I hwcomposer: [HWCDisplay] [Display_0 (type:1)] fps:24.692305,dur:1012.46,max:598.72,min:14.26
05-24 19:02:29.534   506   506 I BufferQueueProducer: [VolumeDialogImpl#318](this:0xb4000070dc37dd48,id:-1,api:0,p:-1,c:506) queueBuffer: fps=25.61 dur=1015.29 max=598.52 min=15.70
05-24 19:02:29.537   486   549 I Proximity: distance = 2
05-24 19:02:29.538   920  1001 W SensorService: Failed to write wake lock handled
05-24 19:02:29.540   496   575 I libPerfCtl: xgfGetFPS pid:1306 fps:62
05-24 19:02:29.540   496   575 I libPerfCtl: xgfGetFPS pid:3984 fps:-1
05-24 19:02:29.727   920  2235 D CoreBackPreview: Window{b00318e u0 VolumeDialogImpl}: Setting back callback null
05-24 19:02:29.730  1306  1306 D View    : [Warning] assignParent to null: this = DecorView@881fea0[VolumeDialogImpl]
05-24 19:02:29.731  1306  1306 D BLASTBufferQueue: [VRI[VolumeDialogImpl]#14](f:0,a:1) destructor()
05-24 19:02:29.731  1306  1306 D BufferQueueConsumer: [VRI[VolumeDialogImpl]#14(BLAST Consumer)14](id:51a00000013,api:0,p:-1,c:1306) disconnect
05-24 19:02:29.732   920  2235 W InputManager-JNI: Input channel object 'b00318e VolumeDialogImpl (client)' was disposed without first being removed with the input manager!
05-24 19:02:29.733   920  2235 D WindowManager: setParent old=WindowToken{4a68d89 type=2020 android.os.BinderProxy@c1b4090},new=null,this window=Window{b00318e u0 VolumeDialogImpl},callers=com.android.server.wm.WindowContainer.removeChild:772 com.android.server.wm.WindowContainer.removeImmediately:828 com.android.server.wm.WindowState.removeImmediately:2514 com.android.server.wm.WindowState.removeIfPossible:2704 com.android.server.wm.WindowState.removeIfPossible:2562 com.android.server.wm.WindowManagerService.removeWindow:2075
05-24 19:02:29.734   920  2235 D WindowManager: setParent old=Leaf:18:23@145316298,new=null,this window=WindowToken{4a68d89 type=2020 android.os.BinderProxy@c1b4090},callers=com.android.server.wm.WindowContainer.removeChild:772 com.android.server.wm.WindowContainer.removeImmediately:828 com.android.server.wm.WindowToken.setExiting:235 com.android.server.wm.DisplayContent.removeWindowToken:1249 com.android.server.wm.WindowToken.removeImmediately:346 com.android.server.wm.WindowManagerService.postWindowRemoveCleanupLocked:2118
05-24 19:02:29.736  1306  1306 D InputTransport: Destroy ARC handle: 0xb40000759dfc36c0
05-24 19:02:29.745   486   549 I Proximity: distance = 2
05-24 19:02:29.745   506   506 I BufferQueueDebug: [VolumeDialogImpl#318](this:0xb4000070dc37dd48,id:-1,api:0,p:-1,c:506) onDestructor()
05-24 19:02:29.746   920  1001 W SensorService: Failed to write wake lock handled
05-24 19:02:29.895   920  2235 D HraManager: hra getBlackIntentActionList
05-24 19:02:29.949   486   549 I Proximity: distance = 2
05-24 19:02:29.950   920  1001 W SensorService: Failed to write wake lock handled
05-24 19:02:30.051  1511  1511 I android_os_HwBinder: HwBinder: Starting thread pool for getting: vendor.mediatek.hardware.nvram@1.0::INvram/default
05-24 19:02:30.052   497   497 D NVRAM   : NVM_GetLIDByName /mnt/vendor/nvcfg/HWMON_PS
05-24 19:02:30.052   497   497 D NVRAM   : NVRAM: NVM_GetLIDByName Lid =18
05-24 19:02:30.052   497   497 D NVRAM   : fail to open /sys/class/BOOT/BOOT/boot/boot_mode:
05-24 19:02:30.052   497   497 D NVRAM   : NVM_GetFileDesc: Open /mnt/vendor/nvcfg/HWMON_PS,LID:18
05-24 19:02:30.052   497   497 D NVRAM   : NVM_CmpFileVerNo 18
05-24 19:02:30.052   497   497 D NVRAM   : Load File Version: 000, NvRam File Version: 000
05-24 19:02:30.052   497   497 D NVRAM   : NVM_ProtectDataFile : 18 ++
05-24 19:02:30.052   497   497 D NVRAM   : NVM_ProtectUserData:Check Success
05-24 19:02:30.052   497   497 D NVRAM   : NVM_GetFileDesc ProtectDataFile Check Success!!
05-24 19:02:30.052   497   497 D NVRAM   : NVM_GetFileDesc --
05-24 19:02:30.052   497   497 D NVRAM   : Read Done!Size is 4
05-24 19:02:30.052   497   497 D NVRAM   : nvramstr 00000418
05-24 19:02:30.052   497   497 D NVRAM   :
05-24 19:02:30.052  1511  1511 I ProximityService: --->readFileByName--->Succeed : 00000418
05-24 19:02:30.053  1511  1511 I ProximityService: getData -->45--- thresholdValue --->1048
05-24 19:02:30.060   497   497 D NVRAM   : NVM_CloseFileDesc: Open by Readonly, no need to check when close
05-24 19:02:30.153   486   549 I Proximity: distance = 2
05-24 19:02:30.154   920  1001 W SensorService: Failed to write wake lock handled
05-24 19:02:30.241  1511  1511 D VibrateSensorServer: VibrateSensorServer  testTime=currentTime - currentTime1 > 1s
05-24 19:02:30.251  1511  1511 D VibrateSensorServer: Times--->  0
05-24 19:02:30.251  1511  1511 D VibrateSensorServer:  .... else VibrateTip --> Off ....
05-24 19:02:30.357   486   549 I Proximity: distance = 2
05-24 19:02:30.358   920  1001 W SensorService: Failed to write wake lock handled
05-24 19:02:30.404  5706  5706 I Monkey  : :Sending Key (ACTION_DOWN): 23    // KEYCODE_DPAD_CENTER
05-24 19:02:30.406   920  1084 W InputReader: Received unexpected event (0x35, 0x113) for slot 0 with tracking id 13
05-24 19:02:30.406   920  1084 W InputReader: Received unexpected event (0x36, 0x77f) for slot 0 with tracking id 13
05-24 19:02:30.407   496   592 I libPowerHal: [perfLockAcq] idx:1 hdl:194 hint:25 pid:496 duration:10000 lock_user:mtkpower@1.0-se => ret_hdl:194
05-24 19:02:30.408   496   592 I libPowerHal: [PE] MTKPOWER_HINT_APP_TOUCH update cmd:3408600 param:1
05-24 19:02:30.408   920  1083 I input_interaction: Interaction with: 2bb042e com.yangcong345.eye.protection/com.yangcong345.eye.protection.MainActivity (server), PointerEventDispatcher0 (server),
05-24 19:02:30.408   920  1083 I input_interaction: Interaction with: 2bb042e com.yangcong345.eye.protection/com.yangcong345.eye.protection.MainActivity (server), [Gesture Monitor] swipe-up (server), [Gesture Monitor] edge-swipe (server), PointerEventDispatcher0 (server),
05-24 19:02:30.409   920  2235 D InputDispatcher: Touch mode switch rejected, caller (pid=0, uid=10114) doesn't own the focused window nor none of the previously interacted window
05-24 19:02:30.409  5706  5706 I Monkey  : :Sending Key (ACTION_UP): 23    // KEYCODE_DPAD_CENTER
05-24 19:02:30.411  5706  5706 I Monkey  : Sleeping for 1000 milliseconds
05-24 19:02:30.416  1306  1306 D ShellBackPreview: initAnimation mMotionStarted=false
05-24 19:02:30.417   920  2235 D CoreBackPreview: Focused window found using getFocusedWindowToken
05-24 19:02:30.417   920  2235 D CoreBackPreview: startBackNavigation currentTask=Task{ae1bf7e #1089 type=standard A=10114:com.yangcong345.eye.protection U=0 visible=true visibleRequested=true mode=fullscreen translucent=false sz=1}, topRunningActivity=ActivityRecord{b294100 u0 com.yangcong345.eye.protection/.MainActivity} t1089}, callbackInfo=OnBackInvokedCallbackInfo{mCallback=android.window.IOnBackInvokedCallback$Stub$Proxy@430795c, mPriority=0}, currentFocus=Window{2bb042e u0 com.yangcong345.eye.protection/com.yangcong345.eye.protection.MainActivity}
05-24 19:02:30.418  1306  1306 D ShellBackPreview: Received backNavigationInfo:BackNavigationInfo{mType=TYPE_CALLBACK (4), mDepartingAnimationTarget=null, mScreenshotSurface=null, mTaskWindowConfiguration= null, mScreenshotBuffer=null, mOnBackNavigationDone=null, mOnBackInvokedCallback=android.window.IOnBackInvokedCallback$Stub$Proxy@ce3857a}
05-24 19:02:30.420   506   606 I BufferQueueDebug: [EdgeBackGestureHandler0#319](this:0xb4000070dc37dd48,id:-1,api:0,p:-1,c:-1) BufferQueue core=(506:/system/bin/surfaceflinger)
05-24 19:02:30.424   920  2235 I WindowManager: Relayout Window{aa1fc74 u0 EdgeBackGestureHandler0}: oldVis=8 newVis=0 focusMayChange = true requestedWidth = 200 requestedHeight = 360 outFrames = ClientWindowFrames{frame=[1720,649][1920,1009] display=[0,0][1920,1200] parentFrame=[0,0][0,0] parentClippedByDisplayCutout=false} outSurfaceControl = Surface(name=EdgeBackGestureHandler0)/@0x7edc0
05-24 19:02:30.425  1306  1306 D BufferQueueConsumer: [](id:51a00000014,api:0,p:-1,c:1306) connect: controlledByApp=false
05-24 19:02:30.425   506   506 I SurfaceFlinger: operator()(), mtkRenderCntDebug 17, screenshot (com.yangcong345.eye.protection/com.yangcong345.eye.protection.MainActivity#310)
05-24 19:02:30.429   506   607 I BpBinder: onLastStrongRef automatically unlinking death recipients: <uncached descriptor>
05-24 19:02:30.433  1306  1409 D BLASTBufferQueue: [VRI[EdgeBackGestureHandler0]#15](f:0,a:1) acquireNextBufferLocked size=200x360 mFrameNumber=1 applyTransaction=true mTimestamp=2532899822609(auto) mPendingTransactions.size=0 graphicBufferId=5609227288737 transform=7
05-24 19:02:30.439   506   506 I BufferQueueProducer: [com.yangcong345.eye.protection/com.yangcong345.eye.protection.MainActivity#310](this:0xb4000070dc328668,id:-1,api:0,p:-1,c:506) queueBuffer: fps=1.12 dur=8915.87 max=8771.29 min=15.66
05-24 19:02:30.439   506   506 D BufferStateLayer: EdgeBackGestureHandler0#319 setBuffer frameId=1, bufferId=5609227288737 fenceId=183, w= 360, h=200
05-24 19:02:30.449   506   607 I BpBinder: onLastStrongRef automatically unlinking death recipients: <uncached descriptor>
05-24 19:02:30.456   506   607 I BpBinder: onLastStrongRef automatically unlinking death recipients: <uncached descriptor>
05-24 19:02:30.465   920  1715 I input_cancel: [2bb042e com.yangcong345.eye.protection/com.yangcong345.eye.protection.MainActivity (server),reason=input channel stole pointer stream]
05-24 19:02:30.465   920  1715 I input_cancel: [[Gesture Monitor] swipe-up (server),reason=input channel stole pointer stream]
05-24 19:02:30.465   920  1715 I InputDispatcher: Channel [Gesture Monitor] edge-swipe (server) is stealing touch from [2bb042e com.yangcong345.eye.protection/com.yangcong345.eye.protection.MainActivity (server), [Gesture Monitor] swipe-up (server)]
05-24 19:02:30.465  3984  3984 I view_enqueue_input_event: [Motion - Cancel,com.yangcong345.eye.protection/com.yangcong345.eye.protection.MainActivity]
05-24 19:02:30.465   506   607 I BpBinder: onLastStrongRef automatically unlinking death recipients: <uncached descriptor>
05-24 19:02:30.471   920  1083 I input_interaction: Interaction with: [Gesture Monitor] edge-swipe (server), PointerEventDispatcher0 (server),
05-24 19:02:30.489   506  2414 I BpBinder: onLastStrongRef automatically unlinking death recipients: <uncached descriptor>
05-24 19:02:30.490   482   482 I hwcomposer: [HWCDisplay] [Display_0 (type:1)] fps:19.939758,dur:1003.02,max:676.81,min:14.07
05-24 19:02:30.490   499   499 D Vibrator: Vibrator perform 1, 2
05-24 19:02:30.490   499   499 I Vibrator: Vibrator on for timeoutMs: 50
05-24 19:02:30.490   499   499 I Vibrator: Vibrator device does not exist. Cannot start vibrator
05-24 19:02:30.503   506  2414 I BpBinder: onLastStrongRef automatically unlinking death recipients: <uncached descriptor>
05-24 19:02:30.520   506  2414 I BpBinder: onLastStrongRef automatically unlinking death recipients: <uncached descriptor>
05-24 19:02:30.526   506   506 I SurfaceFlinger: operator()(), mtkRenderCntDebug 18, screenshot (com.yangcong345.eye.protection/com.yangcong345.eye.protection.MainActivity#310)
05-24 19:02:30.536   506  2414 I BpBinder: onLastStrongRef automatically unlinking death recipients: <uncached descriptor>
05-24 19:02:30.540   496   575 I libPerfCtl: xgfGetFPS pid:1306 fps:61
05-24 19:02:30.540   496   575 I libPerfCtl: xgfGetFPS pid:3984 fps:60
05-24 19:02:30.540   496   575 I libPowerHal: [updateFPS] pid(3984) : -1 => 60
05-24 19:02:30.541   496   592 I libPowerHal: [perfNotifyAppState] pack:com.yangcong345.eye.protection, act:com.yangcong345.eye.protection.MainActivity, state:5, pid:3984, uid:10114, fps:60
05-24 19:02:30.541   496   592 E UxUtility: notifyAppState error = NULL
05-24 19:02:30.541   496   592 I TouchUtility: notifyAppState error = NULL
05-24 19:02:30.541   499   499 D Vibrator: Vibrator off
05-24 19:02:30.541   499   499 I Vibrator: Vibrator device does not exist. Cannot start vibrator
05-24 19:02:30.553   506  2414 I BpBinder: onLastStrongRef automatically unlinking death recipients: <uncached descriptor>
05-24 19:02:30.565   486   549 I Proximity: distance = 2
05-24 19:02:30.565   506  2414 I BpBinder: onLastStrongRef automatically unlinking death recipients: <uncached descriptor>
05-24 19:02:30.566   920  1001 W SensorService: Failed to write wake lock handled
05-24 19:02:30.581   506  2414 I BpBinder: onLastStrongRef automatically unlinking death recipients: <uncached descriptor>
05-24 19:02:30.597   506  2414 I BpBinder: onLastStrongRef automatically unlinking death recipients: <uncached descriptor>
05-24 19:02:30.614   506  2414 I BpBinder: onLastStrongRef automatically unlinking death recipients: <uncached descriptor>
05-24 19:02:30.619   496   592 I libPowerHal: [perfLockRel] hdl:194, idx:1
05-24 19:02:30.619   496   592 I libPowerHal: [PD] MTKPOWER_HINT_APP_TOUCH update cmd:3408600 param:0
05-24 19:02:30.620   506   607 I BpBinder: onLastStrongRef automatically unlinking death recipients: <uncached descriptor>
05-24 19:02:30.620  1306  1306 D ShellBackPreview: Finishing gesture with event action: 1
05-24 19:02:30.620  1306  1306 D ShellBackPreview: onGestureFinished() mTriggerBack == true
05-24 19:02:30.620  1306  1306 D ShellBackPreview: BackAnimationController: finishAnimation()
05-24 19:02:30.621   506   607 I BpBinder: onLastStrongRef automatically unlinking death recipients: <uncached descriptor>
05-24 19:02:30.623   920  1715 I wm_finish_activity: [0,187252992,1089,com.yangcong345.eye.protection/.MainActivity,app-request]
05-24 19:02:30.623   920  1715 I wm_task_moved: [1,1,2]
05-24 19:02:30.623   920  1715 I wm_task_moved: [1083,1,2147483647]
05-24 19:02:30.623   920  1715 I wm_task_to_front: [0,1083]
05-24 19:02:30.624   920  1715 I wm_focused_root_task: [0,0,1,1089,finish-top adjustFocusToNextFocusableTask]
05-24 19:02:30.624   920  1715 W WindowManager: Changing focus from Window{2bb042e u0 com.yangcong345.eye.protection/com.yangcong345.eye.protection.MainActivity} to null displayId=0 Callers=com.android.server.wm.RootWindowContainer.updateFocusedWindowLocked:476 com.android.server.wm.WindowManagerService.updateFocusedWindowLocked:6082 com.android.server.wm.ActivityTaskManagerService.setResumedActivityUncheckLocked:4612 com.android.server.wm.ActivityRecord.moveFocusableActivityToTop:3265
05-24 19:02:30.625   920  1715 I wm_set_resumed_activity: [0,com.yangcong345.cloud.ui.launcher/com.yangcong345.padmodule.new_home.PadHomeActivity,finish-top adjustFocusToNextFocusableTask]
05-24 19:02:30.627   506   506 I SurfaceFlinger: operator()(), mtkRenderCntDebug 19, screenshot (com.yangcong345.eye.protection/com.yangcong345.eye.protection.MainActivity#310)
05-24 19:02:30.634   920  1715 I wm_pause_activity: [0,187252992,com.yangcong345.eye.protection/.MainActivity,userLeaving=false,finish]
05-24 19:02:30.638   920   940 I input_focus: [Requesting to set focus to null window,reason=UpdateInputWindows]
05-24 19:02:30.638  3984  3984 I wm_on_top_resumed_lost_called: [187252992,com.yangcong345.eye.protection.MainActivity,topStateChangedWhenResumed]
05-24 19:02:30.640  3984  3984 I wm_on_paused_called: [187252992,com.yangcong345.eye.protection.MainActivity,performPause]
05-24 19:02:30.640   920  1715 I wm_add_to_stopping: [0,187252992,com.yangcong345.eye.protection/.MainActivity,completeFinishing]
05-24 19:02:30.642   920  1715 I PowerHalWrapper: amsBoostNotify pid:2295,activity:com.yangcong345.padmodule.new_home.PadHomeActivity, package:com.yangcong345.cloud.ui.launcher, mProcessCreatePackcom.yangcong345.cloud.ui.launcher
05-24 19:02:30.642   920  1715 I PowerHalWrapper: state: 1
05-24 19:02:30.642   920  1715 I mtkpower_client: [Legacy][PowerHal_Wrap_notifyAppState] com.yangcong345.cloud.ui.launcher/com.yangcong345.padmodule.new_home.PadHomeActivity pid=2295 state:1
05-24 19:02:30.642   920  1715 I game_scn: collectForegroundAppList packName=com.yangcong345.cloud.ui.launcher, actName=com.yangcong345.padmodule.new_home.PadHomeActivity, pid=2295, uid=10065, state:RESUMED
05-24 19:02:30.642   920  1715 I game_scn: powerNotifyForegroundApp multi_resumed_app_info: pid: 3984, packname: com.yangcong345.eye.protection, actname: com.yangcong345.eye.protection.MainActivity
05-24 19:02:30.642   920  1715 I game_scn: powerNotifyForegroundApp multi_resumed_app_info: pid: 2295, packname: com.yangcong345.cloud.ui.launcher, actname: com.yangcong345.padmodule.new_home.PadHomeActivity
05-24 19:02:30.642   920  1715 I PowerHalWrapper: amsBoostNotify AMS_BOOST_PROCESS_CREATE_BOOST:false
05-24 19:02:30.642  2295  2295 I Matrix.ActivityThreadHacker: [handleMessage] msg.what:159 begin:2533109 isLaunchActivity:false SDK_INT=33
05-24 19:02:30.642   920  1715 I wm_set_resumed_activity: [0,com.yangcong345.cloud.ui.launcher/com.yangcong345.padmodule.new_home.PadHomeActivity,resumeTopActivity]
05-24 19:02:30.642  2295  2295 I Matrix.ActivityThreadHacker: [handleMessage] msg.what:159 begin:2533109 isLaunchActivity:false SDK_INT=33
05-24 19:02:30.642   496   592 I libPowerHal: [perfNotifyAppState] pack:com.yangcong345.cloud.ui.launcher, act:com.yangcong345.padmodule.new_home.PadHomeActivity, state:1, pid:2295, uid:10065, fps:60
05-24 19:02:30.642   496   592 I libPowerHal: [perfNotifyAppState] foreground:com.yangcong345.cloud.ui.launcher, pid:2295, uid:10065
05-24 19:02:30.642   496   592 E UxUtility: notifyAppState error = NULL
05-24 19:02:30.642   496   592 I TouchUtility: notifyAppState error = NULL
05-24 19:02:30.642   496   535 I mtkpower@impl: [notifyAppState] pc:0, com.yangcong345.eye.protection => com.yangcong345.cloud.ui.launcher
05-24 19:02:30.642   920  1715 D qqqw    : updateRotationUnchecked mRotation=1, mLastOrientation=0
05-24 19:02:30.645   920  1715 I wm_resume_activity: [0,79050566,1083,com.yangcong345.cloud.ui.launcher/com.yangcong345.padmodule.new_home.PadHomeActivity]
05-24 19:02:30.646  2295  2295 I Matrix.ActivityThreadHacker: [handleMessage] msg.what:159 begin:2533113 isLaunchActivity:false SDK_INT=33
05-24 19:02:30.646  2295  2295 I Matrix.ActivityThreadHacker: [handleMessage] msg.what:159 begin:2533113 isLaunchActivity:false SDK_INT=33
05-24 19:02:30.646   920   936 I sysui_multi_action: [757,803,799,window_time_0,802,10]
05-24 19:02:30.647  2295  2295 I wm_on_restart_called: [79050566,com.yangcong345.padmodule.new_home.PadHomeActivity,performRestartActivity]
05-24 19:02:30.647   920  4646 I GED     : ged_boost_gpu_freq, level 100, eOrigin 2, final_idx 29, oppidx_max 29, oppidx_min 0
05-24 19:02:30.648  2295  2573 I Matrix.ProcessLifecycle: onForeground... visibleScene[com.yangcong345.padmodule.new_home.PadHomeActivity@com.yangcong345.cloud.ui.launcher]
05-24 19:02:30.649  2295  2573 I Matrix.lifecycle.Logger_Main      : ON_PROCESS_UI_STARTED scene: com.yangcong345.padmodule.new_home.PadHomeActivity
05-24 19:02:30.649   920  1715 I PowerHalWrapper: amsBoostNotify pid:3984,activity:com.yangcong345.eye.protection.MainActivity, package:com.yangcong345.eye.protection, mProcessCreatePackcom.yangcong345.cloud.ui.launcher
05-24 19:02:30.649   920  1715 I PowerHalWrapper: state: 0
05-24 19:02:30.649  2295  2573 I Matrix.background.Explicit: stop
05-24 19:02:30.649  2295  2573 I Matrix.background.Staged: stop
05-24 19:02:30.649   920  1715 I mtkpower_client: [Legacy][PowerHal_Wrap_notifyAppState] com.yangcong345.eye.protection/com.yangcong345.eye.protection.MainActivity pid=3984 state:0
05-24 19:02:30.649   920  1715 I game_scn: collectForegroundAppList packName=com.yangcong345.eye.protection, actName=com.yangcong345.eye.protection.MainActivity, pid=3984, uid=10114, state:PAUSED
05-24 19:02:30.649   920  1715 I game_scn: powerNotifyForegroundApp multi_resumed_app_info: pid: 2295, packname: com.yangcong345.cloud.ui.launcher, actname: com.yangcong345.padmodule.new_home.PadHomeActivity
05-24 19:02:30.649  2295  2573 I Matrix.lifecycle.Logger_Main      : ON_PROCESS_EXIT_EXPLICIT_BACKGROUND
05-24 19:02:30.649   920  1715 I PowerHalWrapper: amsBoostNotify AMS_BOOST_PROCESS_CREATE_BOOST:false
05-24 19:02:30.649  2295  2573 I Matrix.lifecycle.Logger_Main      : ON_PROCESS_EXIT_STAGED_BACKGROUND
05-24 19:02:30.650   496   592 I libPowerHal: [perfNotifyAppState] pack:com.yangcong345.eye.protection, act:com.yangcong345.eye.protection.MainActivity, state:0, pid:3984, uid:10114, fps:60
05-24 19:02:30.651   920  1083 I input_focus: [Focus leaving 2bb042e com.yangcong345.eye.protection/com.yangcong345.eye.protection.MainActivity (server),reason=Waiting for window because NOT_FOCUSABLE]
05-24 19:02:30.656   920  2913 D ConnectivityService: requestNetwork for uid/pid:10065/2295 activeRequest: null callbackRequest: 60 [NetworkRequest [ REQUEST id=61, [ Capabilities: INTERNET&NOT_RESTRICTED&TRUSTED&NOT_VCN_MANAGED Uid: 10065 RequestorUid: 10065 RequestorPkg: com.yangcong345.cloud.ui.launcher UnderlyingNetworks: Null] ]] callback flags: 0 order: 2147483647
05-24 19:02:30.658   920   955 W libprocessgroup: Failed to open /dev/blkio//cgroup.procs: No such file or directory
05-24 19:02:30.658   920  1166 D ConnectivityService: NetReassign [61 : null  100]
05-24 19:02:30.658  2295  3084 E oud.ui.launcher: No package ID ff found for ID 0xffffffff.
05-24 19:02:30.658  2295  3084 W ResourceLoader: Received invalid resource id: -1
05-24 19:02:30.658  2295  3084 W ResourceLoader: android.content.res.Resources$NotFoundException: Unable to find resource ID #0xffffffff
05-24 19:02:30.658  2295  3084 W ResourceLoader: 	at android.content.res.ResourcesImpl.getResourcePackageName(ResourcesImpl.java:284)
05-24 19:02:30.658  2295  3084 W ResourceLoader: 	at android.content.res.Resources.getResourcePackageName(Resources.java:2303)
05-24 19:02:30.658  2295  3084 W ResourceLoader: 	at com.bumptech.glide.load.model.ResourceLoader.getResourceUri(ResourceLoader.java:45)
05-24 19:02:30.658  2295  3084 W ResourceLoader: 	at com.bumptech.glide.load.model.ResourceLoader.buildLoadData(ResourceLoader.java:35)
05-24 19:02:30.658  2295  3084 W ResourceLoader: 	at com.bumptech.glide.load.model.ResourceLoader.buildLoadData(ResourceLoader.java:20)
05-24 19:02:30.658  2295  3084 W ResourceLoader: 	at com.bumptech.glide.load.engine.DecodeHelper.getLoadData(DecodeHelper.java:216)
05-24 19:02:30.658  2295  3084 W ResourceLoader: 	at com.bumptech.glide.load.engine.DecodeHelper.getCacheKeys(DecodeHelper.java:229)
05-24 19:02:30.658  2295  3084 W ResourceLoader: 	at com.bumptech.glide.load.engine.ResourceCacheGenerator.startNext(ResourceCacheGenerator.java:47)
05-24 19:02:30.658  2295  3084 W ResourceLoader: 	at com.bumptech.glide.load.engine.DecodeJob.runGenerators(DecodeJob.java:311)
05-24 19:02:30.658  2295  3084 W ResourceLoader: 	at com.bumptech.glide.load.engine.DecodeJob.runWrapped(DecodeJob.java:277)
05-24 19:02:30.658  2295  3084 W ResourceLoader: 	at com.bumptech.glide.load.engine.DecodeJob.run(DecodeJob.java:235)
05-24 19:02:30.658  2295  3084 W ResourceLoader: 	at java.util.concurrent.ThreadPoolExecutor.runWorker(ThreadPoolExecutor.java:1137)
05-24 19:02:30.658  2295  3084 W ResourceLoader: 	at java.util.concurrent.ThreadPoolExecutor$Worker.run(ThreadPoolExecutor.java:637)
05-24 19:02:30.658  2295  3084 W ResourceLoader: 	at com.bumptech.glide.load.engine.executor.GlideExecutor$DefaultThreadFactory$1.run(GlideExecutor.java:421)
05-24 19:02:30.658  2295  3084 W ResourceLoader: 	at java.lang.Thread.run(Thread.java:1012)
05-24 19:02:30.658  2295  3084 W ResourceLoader: 	at com.bumptech.glide.load.engine.executor.GlideExecutor$DefaultPriorityThreadFactory$1.run(GlideExecutor.java:380)
05-24 19:02:30.658  2295  2295 I wm_on_start_called: [79050566,com.yangcong345.padmodule.new_home.PadHomeActivity,handleStartActivity]
05-24 19:02:30.658  2295  3084 E oud.ui.launcher: No package ID ff found for ID 0xffffffff.
05-24 19:02:30.658  2295  3084 W ResourceLoader: Received invalid resource id: -1
05-24 19:02:30.658  2295  3084 W ResourceLoader: android.content.res.Resources$NotFoundException: Unable to find resource ID #0xffffffff
05-24 19:02:30.658  2295  3084 W ResourceLoader: 	at android.content.res.ResourcesImpl.getResourcePackageName(ResourcesImpl.java:284)
05-24 19:02:30.658  2295  3084 W ResourceLoader: 	at android.content.res.Resources.getResourcePackageName(Resources.java:2303)
05-24 19:02:30.658  2295  3084 W ResourceLoader: 	at com.bumptech.glide.load.model.ResourceLoader.getResourceUri(ResourceLoader.java:45)
05-24 19:02:30.658  2295  3084 W ResourceLoader: 	at com.bumptech.glide.load.model.ResourceLoader.buildLoadData(ResourceLoader.java:35)
05-24 19:02:30.658  2295  3084 W ResourceLoader: 	at com.bumptech.glide.load.model.ResourceLoader.buildLoadData(ResourceLoader.java:20)
05-24 19:02:30.658  2295  3084 W ResourceLoader: 	at com.bumptech.glide.load.engine.DecodeHelper.getLoadData(DecodeHelper.java:216)
05-24 19:02:30.658  2295  3084 W ResourceLoader: 	at com.bumptech.glide.load.engine.DecodeHelper.getCacheKeys(DecodeHelper.java:229)
05-24 19:02:30.658  2295  3084 W ResourceLoader: 	at com.bumptech.glide.load.engine.ResourceCacheGenerator.startNext(ResourceCacheGenerator.java:47)
05-24 19:02:30.658  2295  3084 W ResourceLoader: 	at com.bumptech.glide.load.engine.DecodeJob.runGenerators(DecodeJob.java:311)
05-24 19:02:30.658  2295  3084 W ResourceLoader: 	at com.bumptech.glide.load.engine.DecodeJob.runWrapped(DecodeJob.java:277)
05-24 19:02:30.658  2295  3084 W ResourceLoader: 	at com.bumptech.glide.load.engine.DecodeJob.run(DecodeJob.java:235)
05-24 19:02:30.658  2295  3084 W ResourceLoader: 	at java.util.concurrent.ThreadPoolExecutor.runWorker(ThreadPoolExecutor.java:1137)
05-24 19:02:30.658  2295  3084 W ResourceLoader: 	at java.util.concurrent.ThreadPoolExecutor$Worker.run(ThreadPoolExecutor.java:637)
05-24 19:02:30.658  2295  3084 W ResourceLoader: 	at com.bumptech.glide.load.engine.executor.GlideExecutor$DefaultThreadFactory$1.run(GlideExecutor.java:421)
05-24 19:02:30.658  2295  3084 W ResourceLoader: 	at java.lang.Thread.run(Thread.java:1012)
05-24 19:02:30.658  2295  3084 W ResourceLoader: 	at com.bumptech.glide.load.engine.executor.GlideExecutor$DefaultPriorityThreadFactory$1.run(GlideExecutor.java:380)
05-24 19:02:30.658  2295  3084 E oud.ui.launcher: No package ID ff found for ID 0xffffffff.
05-24 19:02:30.659  2295  3084 W ResourceLoader: Received invalid resource id: -1
05-24 19:02:30.659  2295  3084 W ResourceLoader: android.content.res.Resources$NotFoundException: Unable to find resource ID #0xffffffff
05-24 19:02:30.659  2295  3084 W ResourceLoader: 	at android.content.res.ResourcesImpl.getResourcePackageName(ResourcesImpl.java:284)
05-24 19:02:30.659  2295  3084 W ResourceLoader: 	at android.content.res.Resources.getResourcePackageName(Resources.java:2303)
05-24 19:02:30.659  2295  3084 W ResourceLoader: 	at com.bumptech.glide.load.model.ResourceLoader.getResourceUri(ResourceLoader.java:45)
05-24 19:02:30.659  2295  3084 W ResourceLoader: 	at com.bumptech.glide.load.model.ResourceLoader.buildLoadData(ResourceLoader.java:35)
05-24 19:02:30.659  2295  3084 W ResourceLoader: 	at com.bumptech.glide.load.model.ResourceLoader.buildLoadData(ResourceLoader.java:20)
05-24 19:02:30.659  2295  3084 W ResourceLoader: 	at com.bumptech.glide.load.engine.DecodeHelper.getLoadData(DecodeHelper.java:216)
05-24 19:02:30.659  2295  3084 W ResourceLoader: 	at com.bumptech.glide.load.engine.DecodeHelper.getCacheKeys(DecodeHelper.java:229)
05-24 19:02:30.659  2295  3084 W ResourceLoader: 	at com.bumptech.glide.load.engine.ResourceCacheGenerator.startNext(ResourceCacheGenerator.java:47)
05-24 19:02:30.659  2295  3084 W ResourceLoader: 	at com.bumptech.glide.load.engine.DecodeJob.runGenerators(DecodeJob.java:311)
05-24 19:02:30.659  2295  3084 W ResourceLoader: 	at com.bumptech.glide.load.engine.DecodeJob.runWrapped(DecodeJob.java:277)
05-24 19:02:30.659  2295  3084 W ResourceLoader: 	at com.bumptech.glide.load.engine.DecodeJob.run(DecodeJob.java:235)
05-24 19:02:30.659  2295  3084 W ResourceLoader: 	at java.util.concurrent.ThreadPoolExecutor.runWorker(ThreadPoolExecutor.java:1137)
05-24 19:02:30.659  2295  3084 W ResourceLoader: 	at java.util.concurrent.ThreadPoolExecutor$Worker.run(ThreadPoolExecutor.java:637)
05-24 19:02:30.659  2295  3084 W ResourceLoader: 	at com.bumptech.glide.load.engine.executor.GlideExecutor$DefaultThreadFactory$1.run(GlideExecutor.java:421)
