05-24 19:02:36.691   496   592 I libPowerHal: [PE] MTKPOWER_HINT_APP_TOUCH update cmd:3408600 param:1
05-24 19:02:36.708   491  1222 I android.hardware.usb@1.2-service-mediatekv2: uevent_event change@/devices/platform/battery/power_supply/battery
05-24 19:02:36.708   491  1222 I android.hardware.usb@1.2-service-mediatekv2: uevent_event change@/devices/platform/battery/power_supply/battery
05-24 19:02:36.709   491  1222 I android.hardware.usb@1.2-service-mediatekv2: uevent_event change@/devices/platform/battery/power_supply/battery
05-24 19:02:36.709   491  1222 I android.hardware.usb@1.2-service-mediatekv2: uevent_event change@/devices/platform/battery/power_supply/battery
05-24 19:02:36.708   483   483 I auditd  : type=1400 audit(0.0:5589): avc: denied { read } for comm="health@2.1-serv" name="online" dev="sysfs" ino=31736 scontext=u:r:hal_health_default:s0 tcontext=u:object_r:sysfs:s0 tclass=file permissive=1
05-24 19:02:36.708   483   483 I health@2.1-serv: type=1400 audit(0.0:5589): avc: denied { read } for name="online" dev="sysfs" ino=31736 scontext=u:r:hal_health_default:s0 tcontext=u:object_r:sysfs:s0 tclass=file permissive=1
05-24 19:02:36.708   483   483 I auditd  : type=1400 audit(0.0:5590): avc: denied { open } for comm="health@2.1-serv" path="/sys/devices/platform/1100f000.i2c3/i2c-3/3-001a/power_supply/sgm4154x-charger/online" dev="sysfs" ino=31736 scontext=u:r:hal_health_default:s0 tcontext=u:object_r:sysfs:s0 tclass=file permissive=1
05-24 19:02:36.708   483   483 I health@2.1-serv: type=1400 audit(0.0:5590): avc: denied { open } for path="/sys/devices/platform/1100f000.i2c3/i2c-3/3-001a/power_supply/sgm4154x-charger/online" dev="sysfs" ino=31736 scontext=u:r:hal_health_default:s0 tcontext=u:object_r:sysfs:s0 tclass=file permissive=1
05-24 19:02:36.708   483   483 I auditd  : type=1400 audit(0.0:5591): avc: denied { getattr } for comm="health@2.1-serv" path="/sys/devices/platform/1100f000.i2c3/i2c-3/3-001a/power_supply/sgm4154x-charger/online" dev="sysfs" ino=31736 scontext=u:r:hal_health_default:s0 tcontext=u:object_r:sysfs:s0 tclass=file permissive=1
05-24 19:02:36.708   483   483 I health@2.1-serv: type=1400 audit(0.0:5591): avc: denied { getattr } for path="/sys/devices/platform/1100f000.i2c3/i2c-3/3-001a/power_supply/sgm4154x-charger/online" dev="sysfs" ino=31736 scontext=u:r:hal_health_default:s0 tcontext=u:object_r:sysfs:s0 tclass=file permissive=1
05-24 19:02:36.709   491  1222 I android.hardware.usb@1.2-service-mediatekv2: uevent_event change@/devices/platform/battery/power_supply/battery
05-24 19:02:36.709   491  1222 I android.hardware.usb@1.2-service-mediatekv2: uevent_event change@/devices/platform/battery/power_supply/battery
05-24 19:02:36.709   491  1222 I android.hardware.usb@1.2-service-mediatekv2: uevent_event change@/devices/platform/battery/power_supply/battery
05-24 19:02:36.709   491  1222 I android.hardware.usb@1.2-service-mediatekv2: uevent_event change@/devices/platform/battery/power_supply/battery
05-24 19:02:36.709   491  1222 I android.hardware.usb@1.2-service-mediatekv2: uevent_event change@/devices/platform/battery/power_supply/battery
05-24 19:02:36.709   491  1222 I android.hardware.usb@1.2-service-mediatekv2: uevent_event change@/devices/platform/battery/power_supply/battery
05-24 19:02:36.709   491  1222 I android.hardware.usb@1.2-service-mediatekv2: uevent_event change@/devices/platform/battery/power_supply/battery
05-24 19:02:36.709   491  1222 I android.hardware.usb@1.2-service-mediatekv2: uevent_event change@/devices/platform/battery/power_supply/battery
05-24 19:02:36.710   491  1222 I android.hardware.usb@1.2-service-mediatekv2: uevent_event change@/devices/platform/battery/power_supply/battery
05-24 19:02:36.710   491  1222 I android.hardware.usb@1.2-service-mediatekv2: uevent_event change@/devices/platform/battery/power_supply/battery
05-24 19:02:36.710   491  1222 I android.hardware.usb@1.2-service-mediatekv2: uevent_event change@/devices/platform/battery/power_supply/battery
05-24 19:02:36.710   491  1222 I android.hardware.usb@1.2-service-mediatekv2: uevent_event change@/devices/platform/battery/power_supply/battery
05-24 19:02:36.710   491  1222 I android.hardware.usb@1.2-service-mediatekv2: uevent_event change@/devices/platform/battery/power_supply/battery
05-24 19:02:36.710   491  1222 I android.hardware.usb@1.2-service-mediatekv2: uevent_event change@/devices/platform/battery/power_supply/battery
05-24 19:02:36.710   491  1222 I android.hardware.usb@1.2-service-mediatekv2: uevent_event change@/devices/platform/battery/power_supply/battery
05-24 19:02:36.710   491  1222 I android.hardware.usb@1.2-service-mediatekv2: uevent_event change@/devices/platform/battery/power_supply/battery
05-24 19:02:36.710   491  1222 I android.hardware.usb@1.2-service-mediatekv2: uevent_event change@/devices/platform/battery/power_supply/battery
05-24 19:02:36.750   496   592 I libPowerHal: [perfLockRel] hdl:209, idx:0
05-24 19:02:36.751   496   592 I libPowerHal: [PD] MTKPOWER_HINT_APP_TOUCH update cmd:3408600 param:0
05-24 19:02:36.752  2295  2295 W OnBackInvokedCallback: OnBackInvokedCallback is not enabled for the application.
05-24 19:02:36.752  2295  2295 W OnBackInvokedCallback: Set 'android:enableOnBackInvokedCallback="true"' in the application manifest.
05-24 19:02:36.752   920  1187 D AudioTrack: setVolume(28): 0xb40000768df6f1a0, left = 0.501187, right = 0.501187
05-24 19:02:36.753   920  1187 D AudioTrack: start(28): 0xb40000768df6f1a0, prior state:STATE_STOPPED
05-24 19:02:36.753   501   752 D APM_AudioPolicyManager: startOutput() output 13, stream 1, session 81
05-24 19:02:36.763   472   591 I AudioALSAStreamOut: updateSourceMetadata(), do nothing source_metadata = 0xe6b7aab8
05-24 19:02:36.806  2295  2295 W RecyclerView: No adapter attached; skipping layout
05-24 19:02:36.820   506   506 I BufferQueueProducer: [com.yangcong345.cloud.ui.launcher/com.yangcong345.padmodule.new_home.PadHomeActivity#321](this:0xb4000070dc350448,id:-1,api:0,p:-1,c:506) queueBuffer: fps=14.51 dur=2342.41 max=1663.74 min=16.06
05-24 19:02:36.821   482   482 I hwcomposer: [HWCDisplay] [Display_0 (type:1)] fps:14.513088,dur:2342.71,max:1664.49,min:16.00
05-24 19:02:36.865   920  5864 D AudioTrack: stop(28): 0xb40000768df6f1a0, prior state:STATE_ACTIVE
05-24 19:02:36.865   920  5864 D AudioTrack: stop(28): 0xb40000768df6f1a0 stop done
05-24 19:02:36.893   486   549 I Proximity: distance = 2
05-24 19:02:36.894   920  1001 W SensorService: Failed to write wake lock handled
05-24 19:02:36.898   472   591 I AudioALSAStreamOut: updateSourceMetadata(), do nothing source_metadata = 0xe6b7aab8
05-24 19:02:36.898   501   711 W AudioPolicyManagerCustomImpl: [MTK_APM_Route]setOutputDevices() mIoHandle 13 mId 1 device (0x2)(0x1, 0x2, 0x4, 0x8, 0x10, 0x20, 0x40, 0x400, 0x800, 0x1000, 0x4000, 0x100000, 0x4000000) delayMs 84 force 0 size 4
05-24 19:02:36.925  1477  1477 D CapRIL  : resetProxyAndRequestList
05-24 19:02:36.926   366   366 I servicemanager: Could not find vendor.mediatek.hardware.mtkradioex.modem.IMtkRadioExModem/slot1 in the VINTF manifest.
05-24 19:02:36.926   367   367 I hwservicemanager: getTransport: Cannot find entry vendor.mediatek.hardware.mtkradioex@3.0::IMtkRadioEx/mtkCap1 in either framework or device VINTF manifest.
05-24 19:02:36.927  1477  1477 E CapRIL  : getMtkRadioExCapProxy getServiceV3_0: java.util.NoSuchElementException
05-24 19:02:36.927   367   367 I hwservicemanager: getTransport: Cannot find entry vendor.mediatek.hardware.mtkradioex@2.0::IMtkRadioEx/mtkCap1 in either framework or device VINTF manifest.
05-24 19:02:36.928  1477  1477 E CapRIL  : getMtkRadioExCapProxy getServiceV2_0: java.util.NoSuchElementException
05-24 19:02:36.928  1477  1477 E CapRIL  : getMtkRadioExCapProxy: is empty
05-24 19:02:37.097   486   549 I Proximity: distance = 2
05-24 19:02:37.098   920  1001 W SensorService: Failed to write wake lock handled
05-24 19:02:37.106   715   770 D AAL     : 05-24 07:02:36.993 BL= 490,ESS= 256, 05-24 07:02:37.025 BL= 489,ESS= 256, 05-24 07:02:37.057 BL= 488,ESS= 256, 05-24 07:02:37.073 BL= 487,ESS= 256, 05-24 07:02:37.106 BL= 486,ESS= 256,
05-24 19:02:37.235   715   770 D AAL     : 05-24 07:02:37.138 BL= 485,ESS= 256, 05-24 07:02:37.154 BL= 484,ESS= 256, 05-24 07:02:37.203 BL= 483,ESS= 256, 05-24 07:02:37.203 BL= 482,ESS= 256, 05-24 07:02:37.235 BL= 481,ESS= 256,
05-24 19:02:37.301   486   549 I Proximity: distance = 2
05-24 19:02:37.302   920  1001 W SensorService: Failed to write wake lock handled
05-24 19:02:37.364   715   770 D AAL     : 05-24 07:02:37.267 BL= 480,ESS= 256, 05-24 07:02:37.283 BL= 479,ESS= 256, 05-24 07:02:37.316 BL= 478,ESS= 256, 05-24 07:02:37.348 BL= 477,ESS= 256, 05-24 07:02:37.364 BL= 476,ESS= 256,
05-24 19:02:37.445   715   770 D AAL     : 05-24 07:02:37.397 BL= 475,ESS= 256, 05-24 07:02:37.413 BL= 474,ESS= 256,
05-24 19:02:37.448  5706  5706 I Monkey  : :Sending Key (ACTION_DOWN): 19    // KEYCODE_DPAD_UP
05-24 19:02:37.450   920  1083 I input_interaction: Interaction with: b99554f com.yangcong345.cloud.ui.launcher/com.yangcong345.padmodule.new_home.PadHomeActivity (server), PointerEventDispatcher0 (server),
05-24 19:02:37.451  5706  5706 I Monkey  : :Sending Key (ACTION_UP): 19    // KEYCODE_DPAD_UP
05-24 19:02:37.452   920  2909 D InputDispatcher: Touch mode switch rejected, caller (pid=0, uid=10065) doesn't own the focused window nor none of the previously interacted window
05-24 19:02:37.453  5706  5706 I Monkey  : Sleeping for 1000 milliseconds
05-24 19:02:37.505   486   549 I Proximity: distance = 2
05-24 19:02:37.506   920  1001 W SensorService: Failed to write wake lock handled
05-24 19:02:37.542   496   575 I libPerfCtl: xgfGetFPS pid:1306 fps:-1
05-24 19:02:37.542   496   575 I libPerfCtl: xgfGetFPS pid:2295 fps:65
05-24 19:02:37.542   496   575 I libPowerHal: [updateFPS] pid(2295) : -1 => 60
05-24 19:02:37.543   496   592 I libPowerHal: [perfNotifyAppState] pack:com.yangcong345.cloud.ui.launcher, act:com.yangcong345.padmodule.new_home.PadHomeActivity, state:5, pid:2295, uid:10065, fps:60
05-24 19:02:37.543   496   592 E UxUtility: notifyAppState error = NULL
05-24 19:02:37.543   496   592 I TouchUtility: notifyAppState error = NULL
05-24 19:02:37.543   496   575 I libPerfCtl: xgfGetFPS pid:3984 fps:-1
05-24 19:02:37.633  1511  1511 D VibrateSensorServer: VibrateSensorServer  testTime=currentTime - currentTime1 > 1s
05-24 19:02:37.643  1511  1511 D VibrateSensorServer: Times--->  0
05-24 19:02:37.643  1511  1511 D VibrateSensorServer:  .... else VibrateTip --> Off ....
05-24 19:02:37.654  1256  1256 I WifiHAL : Get link layer stats
05-24 19:02:37.654  1256  1256 I WifiHAL : GetLinkStatsCommand::create
05-24 19:02:37.654  1256  1256 D android.hardware.wifi@1.0-service-lazy: WifiRequest::create vendor command to iface 11, vendor_id=0x1a11, subcmd=0x1200, res=0
05-24 19:02:37.655  1256  1256 I android.hardware.wifi@1.0-service-lazy: WifiCommand::requestResponse err=-14
05-24 19:02:37.655  1256  1256 I WifiHAL : wifi_get_link_stats: result=-1
05-24 19:02:37.655   920  1142 E WifiVendorHal: getWifiLinkLayerStats_1_5_Internal(l.1176) failed {.code = ERROR_UNKNOWN, .description = unknown}
05-24 19:02:37.709   486   549 I Proximity: distance = 2
05-24 19:02:37.710   920  1001 W SensorService: Failed to write wake lock handled
05-24 19:02:37.765   920  1084 W InputReader: Received unexpected event (0x35, 0x16e) for slot 0 with tracking id 19
05-24 19:02:37.765   920  1084 W InputReader: Received unexpected event (0x36, 0x700) for slot 0 with tracking id 19
05-24 19:02:37.766   920  1083 I input_interaction: Interaction with: b99554f com.yangcong345.cloud.ui.launcher/com.yangcong345.padmodule.new_home.PadHomeActivity (server), [Gesture Monitor] swipe-up (server), [Gesture Monitor] edge-swipe (server), PointerEventDispatcher0 (server),
05-24 19:02:37.766   496   592 I libPowerHal: [perfLockAcq] idx:0 hdl:210 hint:25 pid:496 duration:10000 lock_user:mtkpower@1.0-se => ret_hdl:210
05-24 19:02:37.767   496   592 I libPowerHal: [PE] MTKPOWER_HINT_APP_TOUCH update cmd:3408600 param:1
05-24 19:02:37.816   496   592 I libPowerHal: [perfLockRel] hdl:210, idx:0
05-24 19:02:37.817   496   592 I libPowerHal: [PD] MTKPOWER_HINT_APP_TOUCH update cmd:3408600 param:0
05-24 19:02:37.838   506   506 I BufferQueueProducer: [com.yangcong345.cloud.ui.launcher/com.yangcong345.padmodule.new_home.PadHomeActivity#321](this:0xb4000070dc350448,id:-1,api:0,p:-1,c:506) queueBuffer: fps=17.69 dur=1017.77 max=372.57 min=15.84
05-24 19:02:37.839   482   482 I hwcomposer: [HWCDisplay] [Display_0 (type:1)] fps:17.691668,dur:1017.43,max:372.74,min:15.88
05-24 19:02:37.913   486   549 I Proximity: distance = 2
05-24 19:02:37.914   920  1001 W SensorService: Failed to write wake lock handled
05-24 19:02:37.994   715   770 D AAL     : 05-24 07:02:37.881 BL= 473,ESS= 256, 05-24 07:02:37.913 BL= 472,ESS= 256, 05-24 07:02:37.930 BL= 471,ESS= 256, 05-24 07:02:37.962 BL= 470,ESS= 256, 05-24 07:02:37.994 BL= 469,ESS= 256,
05-24 19:02:38.043   715   770 D AAL     : 05-24 07:02:38.010 BL= 468,ESS= 256,
05-24 19:02:38.107   715   770 D AAL     : 05-24 07:02:38.059 BL= 469,ESS= 256,
05-24 19:02:38.117   486   549 I Proximity: distance = 2
05-24 19:02:38.118   920  1001 W SensorService: Failed to write wake lock handled
05-24 19:02:38.261   708   708 I thermal_repeater: socket -1
05-24 19:02:38.321   486   549 I Proximity: distance = 2
05-24 19:02:38.322   920  1001 W SensorService: Failed to write wake lock handled
05-24 19:02:38.335  3984  3996 I .eye.protection: Explicit concurrent copying GC freed 15656(853KB) AllocSpace objects, 1(20KB) LOS objects, 49% free, 2975KB/5951KB, paused 45us,28us total 14.176ms
05-24 19:02:38.335  3984  3992 I .eye.protection: WaitForGcToComplete blocked HeapTrim on Explicit for 11.974ms
05-24 19:02:38.454  5706  5706 I Monkey  : :Sending Touch (ACTION_DOWN): 0:(845.0,1018.0)
05-24 19:02:38.455   496   592 I libPowerHal: [perfLockAcq] idx:0 hdl:211 hint:25 pid:496 duration:10000 lock_user:mtkpower@1.0-se => ret_hdl:211
05-24 19:02:38.455   496   592 I libPowerHal: [PE] MTKPOWER_HINT_APP_TOUCH update cmd:3408600 param:1
05-24 19:02:38.456  5706  5706 I Monkey  : :Sending Touch (ACTION_UP): 0:(855.71545,1017.2614)
05-24 19:02:38.457   496   592 I libPowerHal: [perfLockRel] hdl:211, idx:0
05-24 19:02:38.457   496   592 I libPowerHal: [PD] MTKPOWER_HINT_APP_TOUCH update cmd:3408600 param:0
05-24 19:02:38.458  5706  5706 I Monkey  : Sleeping for 1000 milliseconds
05-24 19:02:38.459   920  1187 D AudioTrack: setVolume(28): 0xb40000768df6f1a0, left = 0.501187, right = 0.501187
05-24 19:02:38.460   920  1187 D AudioTrack: start(28): 0xb40000768df6f1a0, prior state:STATE_STOPPED
05-24 19:02:38.460   501   752 D APM_AudioPolicyManager: startOutput() output 13, stream 1, session 81
05-24 19:02:38.464   472   591 I AudioALSAStreamOut: updateSourceMetadata(), do nothing source_metadata = 0xe6b7aab8
05-24 19:02:38.525   486   549 I Proximity: distance = 2
05-24 19:02:38.526   920  1001 W SensorService: Failed to write wake lock handled
05-24 19:02:38.543   496   575 I libPerfCtl: xgfGetFPS pid:1306 fps:-1
05-24 19:02:38.543   496   575 I libPerfCtl: xgfGetFPS pid:2295 fps:64
05-24 19:02:38.543   496   575 I libPerfCtl: xgfGetFPS pid:3984 fps:-1
05-24 19:02:38.566   920  5864 D AudioTrack: stop(28): 0xb40000768df6f1a0, prior state:STATE_ACTIVE
05-24 19:02:38.566   920  5864 D AudioTrack: stop(28): 0xb40000768df6f1a0 stop done
05-24 19:02:38.610   472   591 I AudioALSAStreamOut: updateSourceMetadata(), do nothing source_metadata = 0xe6b7aab8
05-24 19:02:38.610   501   711 W AudioPolicyManagerCustomImpl: [MTK_APM_Route]setOutputDevices() mIoHandle 13 mId 1 device (0x2)(0x1, 0x2, 0x4, 0x8, 0x10, 0x20, 0x40, 0x400, 0x800, 0x1000, 0x4000, 0x100000, 0x4000000) delayMs 84 force 0 size 4
05-24 19:02:38.689  1511  1511 D VibrateSensorServer: VibrateSensorServer  testTime=currentTime - currentTime1 > 1s
05-24 19:02:38.699  1511  1511 D VibrateSensorServer: Times--->  0
05-24 19:02:38.699  1511  1511 D VibrateSensorServer:  .... else VibrateTip --> Off ....
05-24 19:02:38.729   486   549 I Proximity: distance = 2
05-24 19:02:38.730   920  1001 W SensorService: Failed to write wake lock handled
05-24 19:02:38.933   486   549 I Proximity: distance = 2
05-24 19:02:38.934   920  1001 W SensorService: Failed to write wake lock handled
05-24 19:02:39.137   486   549 I Proximity: distance = 2
05-24 19:02:39.138   920  1001 W SensorService: Failed to write wake lock handled
05-24 19:02:39.259  1511  1511 I android_os_HwBinder: HwBinder: Starting thread pool for getting: vendor.mediatek.hardware.nvram@1.0::INvram/default
05-24 19:02:39.260   497   497 D NVRAM   : NVM_GetLIDByName /mnt/vendor/nvcfg/HWMON_PS
05-24 19:02:39.260   497   497 D NVRAM   : NVRAM: NVM_GetLIDByName Lid =18
05-24 19:02:39.260   497   497 D NVRAM   : fail to open /sys/class/BOOT/BOOT/boot/boot_mode:
05-24 19:02:39.260   497   497 D NVRAM   : NVM_GetFileDesc: Open /mnt/vendor/nvcfg/HWMON_PS,LID:18
05-24 19:02:39.260   497   497 D NVRAM   : NVM_CmpFileVerNo 18
05-24 19:02:39.260   497   497 D NVRAM   : Load File Version: 000, NvRam File Version: 000
05-24 19:02:39.260   497   497 D NVRAM   : NVM_ProtectDataFile : 18 ++
05-24 19:02:39.260   497   497 D NVRAM   : NVM_ProtectUserData:Check Success
05-24 19:02:39.260   497   497 D NVRAM   : NVM_GetFileDesc ProtectDataFile Check Success!!
05-24 19:02:39.260   497   497 D NVRAM   : NVM_GetFileDesc --
05-24 19:02:39.260   497   497 D NVRAM   : Read Done!Size is 4
05-24 19:02:39.260   497   497 D NVRAM   : nvramstr 00000418
05-24 19:02:39.260   497   497 D NVRAM   :
05-24 19:02:39.261  1511  1511 I ProximityService: --->readFileByName--->Succeed : 00000418
05-24 19:02:39.261  1511  1511 I ProximityService: getData -->22--- thresholdValue --->1048
05-24 19:02:39.268   497   497 D NVRAM   : NVM_CloseFileDesc: Open by Readonly, no need to check when close
05-24 19:02:39.341   486   549 I Proximity: distance = 2
05-24 19:02:39.342   920  1001 W SensorService: Failed to write wake lock handled
05-24 19:02:39.458  5706  5706 I Monkey  : :Sending Key (ACTION_DOWN): 23    // KEYCODE_DPAD_CENTER
05-24 19:02:39.460   920  1083 I input_interaction: Interaction with: b99554f com.yangcong345.cloud.ui.launcher/com.yangcong345.padmodule.new_home.PadHomeActivity (server), PointerEventDispatcher0 (server),
05-24 19:02:39.461  5706  5706 I Monkey  : :Sending Key (ACTION_UP): 23    // KEYCODE_DPAD_CENTER
05-24 19:02:39.462   920  1715 D InputDispatcher: Touch mode switch rejected, caller (pid=0, uid=10065) doesn't own the focused window nor none of the previously interacted window
05-24 19:02:39.463  5706  5706 I Monkey  : Sleeping for 1000 milliseconds
05-24 19:02:39.543   496   575 I libPerfCtl: xgfGetFPS pid:1306 fps:-1
05-24 19:02:39.543   496   575 I libPerfCtl: xgfGetFPS pid:2295 fps:-1
05-24 19:02:39.543   496   575 I libPowerHal: [updateFPS] pid(2295) : 60 => -1
05-24 19:02:39.543   496   592 I libPowerHal: [perfNotifyAppState] pack:com.yangcong345.cloud.ui.launcher, act:com.yangcong345.padmodule.new_home.PadHomeActivity, state:5, pid:2295, uid:10065, fps:-1
05-24 19:02:39.543   496   592 E UxUtility: notifyAppState error = NULL
05-24 19:02:39.543   496   592 I TouchUtility: notifyAppState error = NULL
05-24 19:02:39.543   496   575 I libPerfCtl: xgfGetFPS pid:3984 fps:-1
05-24 19:02:39.545   486   549 I Proximity: distance = 2
05-24 19:02:39.546   920  1001 W SensorService: Failed to write wake lock handled
05-24 19:02:39.729  1477  1477 D SmsRIL  : resetProxyAndRequestList
05-24 19:02:39.729   366   366 I servicemanager: Could not find vendor.mediatek.hardware.mtkradioex.ims.IMtkRadioExIms/slot1 in the VINTF manifest.
05-24 19:02:39.730   367   367 I hwservicemanager: getTransport: Cannot find entry vendor.mediatek.hardware.mtkradioex@3.0::IMtkRadioEx/imsSlot1 in either framework or device VINTF manifest.
05-24 19:02:39.730  1477  1477 E SmsRIL  : getMtkRadioExSmsProxy getServiceV3_0: java.util.NoSuchElementException
05-24 19:02:39.730  1477  1477 E SmsRIL  : getMtkRadioExSmsProxy: is empty
05-24 19:02:39.745  1511  1511 D VibrateSensorServer: VibrateSensorServer  testTime=currentTime - currentTime1 > 1s
05-24 19:02:39.749   486   549 I Proximity: distance = 2
05-24 19:02:39.750   920  1001 W SensorService: Failed to write wake lock handled
05-24 19:02:39.756  1511  1511 D VibrateSensorServer: Times--->  0
05-24 19:02:39.756  1511  1511 D VibrateSensorServer:  .... else VibrateTip --> Off ....
05-24 19:02:39.953   486   549 I Proximity: distance = 2
05-24 19:02:39.954   920  1001 W SensorService: Failed to write wake lock handled
05-24 19:02:40.157   486   549 I Proximity: distance = 2
05-24 19:02:40.158   920  1001 W SensorService: Failed to write wake lock handled
05-24 19:02:40.361   486   549 I Proximity: distance = 2
05-24 19:02:40.362   920  1001 W SensorService: Failed to write wake lock handled
05-24 19:02:40.464  5706  5706 I Monkey  : :Sending Key (ACTION_DOWN): 19    // KEYCODE_DPAD_UP
05-24 19:02:40.466  5706  5706 I Monkey  : :Sending Key (ACTION_UP): 19    // KEYCODE_DPAD_UP
05-24 19:02:40.468  5706  5706 I Monkey  : Sleeping for 1000 milliseconds
05-24 19:02:40.543   496   575 I libPerfCtl: xgfGetFPS pid:1306 fps:-1
05-24 19:02:40.543   496   575 I libPerfCtl: xgfGetFPS pid:2295 fps:-1
05-24 19:02:40.543   496   575 I libPerfCtl: xgfGetFPS pid:3984 fps:-1
05-24 19:02:40.565   486   549 I Proximity: distance = 2
05-24 19:02:40.566   920  1001 W SensorService: Failed to write wake lock handled
05-24 19:02:40.673  1256  1256 I WifiHAL : Get link layer stats
05-24 19:02:40.673  1256  1256 I WifiHAL : GetLinkStatsCommand::create
05-24 19:02:40.673  1256  1256 D android.hardware.wifi@1.0-service-lazy: WifiRequest::create vendor command to iface 11, vendor_id=0x1a11, subcmd=0x1200, res=0
05-24 19:02:40.673  1256  1256 I android.hardware.wifi@1.0-service-lazy: WifiCommand::requestResponse err=-14
05-24 19:02:40.673  1256  1256 I WifiHAL : wifi_get_link_stats: result=-1
05-24 19:02:40.674   920  1142 E WifiVendorHal: getWifiLinkLayerStats_1_5_Internal(l.1176) failed {.code = ERROR_UNKNOWN, .description = unknown}
05-24 19:02:40.690  1306  1306 D WifiSignalController: isWifi6: false,wifiVisible: true
05-24 19:02:40.690  1306  1306 D WifiSignalController: iconId: 17302904
05-24 19:02:40.714   506   506 I BufferQueueProducer: [StatusBar#70](this:0xb4000070dc322b48,id:-1,api:0,p:-1,c:506) queueBuffer: fps=0.81 dur=9918.68 max=9773.54 min=15.99
05-24 19:02:40.715   482   482 I hwcomposer: [HWCDisplay] [Display_0 (type:1)] fps:5.563453,dur:2875.91,max:2617.64,min:15.68
05-24 19:02:40.769   486   549 I Proximity: distance = 2
05-24 19:02:40.770   920  1001 W SensorService: Failed to write wake lock handled
05-24 19:02:40.801  1511  1511 D VibrateSensorServer: VibrateSensorServer  testTime=currentTime - currentTime1 > 1s
05-24 19:02:40.812  1511  1511 D VibrateSensorServer: Times--->  0
05-24 19:02:40.812  1511  1511 D VibrateSensorServer:  .... else VibrateTip --> Off ....
05-24 19:02:40.929  1477  1477 D CapRIL  : resetProxyAndRequestList
05-24 19:02:40.929   366   366 I servicemanager: Could not find vendor.mediatek.hardware.mtkradioex.modem.IMtkRadioExModem/slot1 in the VINTF manifest.
05-24 19:02:40.930   367   367 I hwservicemanager: getTransport: Cannot find entry vendor.mediatek.hardware.mtkradioex@3.0::IMtkRadioEx/mtkCap1 in either framework or device VINTF manifest.
05-24 19:02:40.930  1477  1477 E CapRIL  : getMtkRadioExCapProxy getServiceV3_0: java.util.NoSuchElementException
05-24 19:02:40.931   367   367 I hwservicemanager: getTransport: Cannot find entry vendor.mediatek.hardware.mtkradioex@2.0::IMtkRadioEx/mtkCap1 in either framework or device VINTF manifest.
05-24 19:02:40.931  1477  1477 E CapRIL  : getMtkRadioExCapProxy getServiceV2_0: java.util.NoSuchElementException
05-24 19:02:40.931  1477  1477 E CapRIL  : getMtkRadioExCapProxy: is empty
05-24 19:02:40.973   486   549 I Proximity: distance = 2
05-24 19:02:40.974   920  1001 W SensorService: Failed to write wake lock handled
05-24 19:02:41.177   486   549 I Proximity: distance = 2
05-24 19:02:41.178   920  1001 W SensorService: Failed to write wake lock handled
05-24 19:02:41.381   486   549 I Proximity: distance = 2
05-24 19:02:41.382   920  1001 W SensorService: Failed to write wake lock handled
05-24 19:02:41.469  5706  5706 I Monkey  : :Switch: #Intent;action=android.intent.action.MAIN;category=android.intent.category.LAUNCHER;launchFlags=0x10200000;component=com.yangcong345.eye.protection/.LauncherActivity;end
05-24 19:02:41.470   920  2909 D HraManager: hra getBlackActivityList
05-24 19:02:41.470   920  2909 D HraManagerService:  getBlackActivityList
05-24 19:02:41.471   920  2909 D HraManager: hra getBlackIntentActionList
05-24 19:02:41.471   920  2909 I ActivityTaskManager: START u0 {act=android.intent.action.MAIN cat=[android.intent.category.LAUNCHER] flg=0x10200000 cmp=com.yangcong345.eye.protection/.LauncherActivity} from uid 2000
05-24 19:02:41.472  5706  5706 I Monkey  :     // Allowing start of Intent { act=android.intent.action.MAIN cat=[android.intent.category.LAUNCHER] cmp=com.yangcong345.eye.protection/.LauncherActivity } in package com.yangcong345.eye.protection
05-24 19:02:41.474   920  2909 D HraManager: hra getBlackIntentActionList
05-24 19:02:41.474   920  2909 E CellBroadcastUtils: getDefaultCellBroadcastReceiverPackageName: no package found
05-24 19:02:41.474   920  2909 I wm_task_created: [1090,-1]
05-24 19:02:41.477   920  2909 I wm_task_moved: [1090,1,2]
05-24 19:02:41.477   920  2909 I wm_task_to_front: [0,1090]
05-24 19:02:41.478   920  2909 I wm_create_task: [0,1090]
05-24 19:02:41.478   920  2909 I wm_create_activity: [0,65629001,1090,com.yangcong345.eye.protection/.LauncherActivity,android.intent.action.MAIN,NULL,NULL,278921216]
05-24 19:02:41.478  2295  2295 I Matrix.ActivityThreadHacker: [handleMessage] msg.what:159 begin:2543945 isLaunchActivity:false SDK_INT=33
05-24 19:02:41.479   496   536 I mtkpower@impl: [setMode] type:5, enabled:1
05-24 19:02:41.479  2295  2295 I Matrix.ActivityThreadHacker: [handleMessage] msg.what:159 begin:2543946 isLaunchActivity:false SDK_INT=33
05-24 19:02:41.479  2295  2295 I wm_on_top_resumed_lost_called: [79050566,com.yangcong345.padmodule.new_home.PadHomeActivity,topStateChangedWhenResumed]
05-24 19:02:41.479   920  2909 I wm_task_moved: [1090,1,2]
05-24 19:02:41.479   496   592 I libPowerHal: [perfLockAcq] idx:0 hdl:212 hint:11 pid:496 duration:30000 lock_user:mtkpower@1.0-se => ret_hdl:212
05-24 19:02:41.479   496   592 I libPowerHal: [perfLockRel] hdl:207, idx:2
05-24 19:02:41.480   920  2909 I wm_pause_activity: [0,79050566,com.yangcong345.cloud.ui.launcher/com.yangcong345.padmodule.new_home.PadHomeActivity,userLeaving=true,pauseBackTasks]
05-24 19:02:41.481   920  2909 I PowerHalWrapper: <amsBoostResume> last:com.yangcong345.cloud.ui.launcher, next:com.yangcong345.eye.protection
05-24 19:02:41.482   496   592 I libPowerHal: [perfLockRel] hdl:185, idx:-1
05-24 19:02:41.482   496   592 I libPowerHal: [perfLockAcq] idx:1 hdl:213 hint:22 pid:496 duration:10000 lock_user:mtkpower@1.0-se => ret_hdl:213
05-24 19:02:41.482   496   592 I libPowerHal: [perfLockRel] hdl:184, idx:-1
05-24 19:02:41.484  5706  5706 I Monkey  : Sleeping for 1000 milliseconds
05-24 19:02:41.485  2295  2295 I Matrix.ActivityThreadHacker: [handleMessage] msg.what:159 begin:2543951 isLaunchActivity:false SDK_INT=33
05-24 19:02:41.485  2295  2295 I Matrix.ActivityThreadHacker: [handleMessage] msg.what:159 begin:2543952 isLaunchActivity:false SDK_INT=33
05-24 19:02:41.485   506   607 D SurfaceFlinger: [SF client] NEW(0xb400006fec1b9ef0) for (1306:com.android.systemui)
05-24 19:02:41.486  2295  2295 I wm_on_paused_called: [79050566,com.yangcong345.padmodule.new_home.PadHomeActivity,performPause]
05-24 19:02:41.487   920  1715 W ActivityTaskManager: Tried to set launchTime (0) < mLastActivityLaunchTime (2523858)
05-24 19:02:41.487  1306  1402 D VRI[protection]: hardware acceleration = true, forceHwAccelerated = false
05-24 19:02:41.487   920  1715 I wm_add_to_stopping: [0,79050566,com.yangcong345.cloud.ui.launcher/com.yangcong345.padmodule.new_home.PadHomeActivity,makeInvisible]
05-24 19:02:41.488   920  1715 D qqqw    : updateRotationUnchecked mRotation=1, mLastOrientation=0
05-24 19:02:41.489   920  1715 I wm_restart_activity: [0,65629001,1090,com.yangcong345.eye.protection/.LauncherActivity]
05-24 19:02:41.489   920  1715 I PowerHalWrapper: amsBoostNotify pid:3984,activity:com.yangcong345.eye.protection.LauncherActivity, package:com.yangcong345.eye.protection, mProcessCreatePackcom.yangcong345.cloud.ui.launcher
05-24 19:02:41.489   920  1715 I PowerHalWrapper: state: 1
05-24 19:02:41.489   920  1715 I mtkpower_client: [Legacy][PowerHal_Wrap_notifyAppState] com.yangcong345.eye.protection/com.yangcong345.eye.protection.LauncherActivity pid=3984 state:1
05-24 19:02:41.489   920  1715 I game_scn: collectForegroundAppList packName=com.yangcong345.eye.protection, actName=com.yangcong345.eye.protection.LauncherActivity, pid=3984, uid=10114, state:RESUMED
05-24 19:02:41.489   920  1715 I game_scn: powerNotifyForegroundApp multi_resumed_app_info: pid: 2295, packname: com.yangcong345.cloud.ui.launcher, actname: com.yangcong345.padmodule.new_home.PadHomeActivity
05-24 19:02:41.489   920  1715 I game_scn: powerNotifyForegroundApp multi_resumed_app_info: pid: 3984, packname: com.yangcong345.eye.protection, actname: com.yangcong345.eye.protection.LauncherActivity
05-24 19:02:41.489   920  1715 I PowerHalWrapper: amsBoostNotify AMS_BOOST_PROCESS_CREATE_BOOST:false
05-24 19:02:41.490   920  1715 W WindowManager: Changing focus from Window{b99554f u0 com.yangcong345.cloud.ui.launcher/com.yangcong345.padmodule.new_home.PadHomeActivity} to null displayId=0 Callers=com.android.server.wm.RootWindowContainer.updateFocusedWindowLocked:476 com.android.server.wm.WindowManagerService.updateFocusedWindowLocked:6082 com.android.server.wm.ActivityTaskManagerService.setResumedActivityUncheckLocked:4612 com.android.server.wm.TaskFragment.onActivityStateChanged:772
05-24 19:02:41.490   920  1715 I wm_set_resumed_activity: [0,com.yangcong345.eye.protection/.LauncherActivity,minimalResumeActivityLocked]
05-24 19:02:41.491   496   592 I libPowerHal: [perfNotifyAppState] pack:com.yangcong345.eye.protection, act:com.yangcong345.eye.protection.LauncherActivity, state:1, pid:3984, uid:10114, fps:-1
05-24 19:02:41.491   496   592 I libPowerHal: [perfNotifyAppState] foreground:com.yangcong345.eye.protection, pid:3984, uid:10114
05-24 19:02:41.491  3984  5901 D libMEOW : meow new tls: 0xb40000777e1061d0
05-24 19:02:41.491  3984  5901 D libMEOW : applied 0 plugin for [com.yangcong345.eye.protection].
05-24 19:02:41.491  3984  5901 D libMEOW : rebuild call chain: 0xb40000777e1161e0
05-24 19:02:41.491   496   592 E UxUtility: notifyAppState error = NULL
05-24 19:02:41.491   496   592 I TouchUtility: notifyAppState error = NULL
05-24 19:02:41.491  3984  5901 D libMEOW : meow delete tls: 0xb40000777e1061d0
05-24 19:02:41.491   496   535 I mtkpower@impl: [notifyAppState] pc:0, com.yangcong345.cloud.ui.launcher => com.yangcong345.eye.protection
05-24 19:02:41.492   920   936 I sysui_multi_action: [757,803,799,window_time_0,802,10]
05-24 19:02:41.492   920  1715 I PowerHalWrapper: amsBoostNotify pid:2295,activity:com.yangcong345.padmodule.new_home.PadHomeActivity, package:com.yangcong345.cloud.ui.launcher, mProcessCreatePackcom.yangcong345.cloud.ui.launcher
05-24 19:02:41.492   920  1715 I PowerHalWrapper: state: 0
05-24 19:02:41.492   920  1715 I mtkpower_client: [Legacy][PowerHal_Wrap_notifyAppState] com.yangcong345.cloud.ui.launcher/com.yangcong345.padmodule.new_home.PadHomeActivity pid=2295 state:0
05-24 19:02:41.492   920  1715 I game_scn: collectForegroundAppList packName=com.yangcong345.cloud.ui.launcher, actName=com.yangcong345.padmodule.new_home.PadHomeActivity, pid=2295, uid=10065, state:PAUSED
05-24 19:02:41.492   920  1715 I game_scn: powerNotifyForegroundApp multi_resumed_app_info: pid: 3984, packname: com.yangcong345.eye.protection, actname: com.yangcong345.eye.protection.LauncherActivity
05-24 19:02:41.492   920  1715 I PowerHalWrapper: amsBoostNotify AMS_BOOST_PROCESS_CREATE_BOOST:false
05-24 19:02:41.493   496   592 I libPowerHal: [perfNotifyAppState] pack:com.yangcong345.cloud.ui.launcher, act:com.yangcong345.padmodule.new_home.PadHomeActivity, state:0, pid:2295, uid:10065, fps:-1
05-24 19:02:41.493   920   955 W libprocessgroup: Failed to open /dev/blkio//cgroup.procs: No such file or directory
05-24 19:02:41.494   920   940 I input_focus: [Requesting to set focus to null window,reason=UpdateInputWindows]
05-24 19:02:41.495   920   955 W libprocessgroup: Failed to open /dev/blkio//cgroup.procs: No such file or directory
05-24 19:02:41.500  1306  1402 D InputTransport: Create ARC handle: 0xb40000759dfea900
05-24 19:02:41.501   920  1715 D CoreBackPreview: Window{15a458b u0 Splash Screen com.yangcong345.eye.protection}: Setting back callback OnBackInvokedCallbackInfo{mCallback=android.window.IOnBackInvokedCallback$Stub$Proxy@7ae3a81, mPriority=0}
05-24 19:02:41.501  3984  3984 D HraManager: hra isSupportEyeProtection
05-24 19:02:41.502  3984  3984 D OnionIPC: [Client] "service:IDevice methodName:getNeedShowEyePro" finish, and state success
05-24 19:02:41.502  3984  3984 D OnionIPC: [Client] finish ~~~~~~~~~~~~~~~~~~~~~~~~~~~~~~~~~~~~~~~~~~~~~~~~~~~~~~~~~~~~~~~~~~~~~~~~~~~
05-24 19:02:41.504  3984  3984 D OnionIPC: [Client] "service:ILog methodName:logLocalAndRemote" finish, and state success
05-24 19:02:41.504  3984  3984 D OnionIPC: [Client] finish ~~~~~~~~~~~~~~~~~~~~~~~~~~~~~~~~~~~~~~~~~~~~~~~~~~~~~~~~~~~~~~~~~~~~~~~~~~~
05-24 19:02:41.504   506   606 I BufferQueueDebug: [Splash Screen com.yangcong345.eye.protection#330](this:0xb4000070dc328668,id:-1,api:0,p:-1,c:-1) BufferQueue core=(506:/system/bin/surfaceflinger)
05-24 19:02:41.507  2243  2622 D DataSailMapper: get instance by url: intelligent-hardware.cn-beijing.log.aliyuncs.com/logstores/launcher-release-store/shards/lb
05-24 19:02:41.507  2243  2622 I System.out: [okhttp]:check permission begin!
05-24 19:02:41.507  2243  2622 I System.out: [okhttp]:not MMS!
05-24 19:02:41.507  2243  2622 I System.out: [okhttp]:not Email!
05-24 19:02:41.508  1306  1402 D BufferQueueConsumer: [](id:51a00000015,api:0,p:-1,c:1306) connect: controlledByApp=false
05-24 19:02:41.509  3984  3984 D test_act: com.yangcong345.eye.protection
05-24 19:02:41.509   920  1715 D HraManager: hra getBlackActivityList
05-24 19:02:41.509   920  1715 D HraManagerService:  getBlackActivityList
05-24 19:02:41.509   920  1715 D HraManager: hra getBlackIntentActionList
05-24 19:02:41.510   920  1715 I ActivityTaskManager: START u0 {cmp=com.yangcong345.eye.protection/.MainActivity} from uid 10114
05-24 19:02:41.510  3241  3241 I dnsmasq : query[A] intelligent-hardware.cn-beijing.log.aliyuncs.com from 192.168.50.140
05-24 19:02:41.511  5706  5740 I Monkey  :     // Allowing start of Intent { cmp=com.yangcong345.eye.protection/.MainActivity } in package com.yangcong345.eye.protection
05-24 19:02:41.511  3241  3241 I dnsmasq : forwarded intelligent-hardware.cn-beijing.log.aliyuncs.com to 223.5.5.5
05-24 19:02:41.511  3241  3241 I dnsmasq : forwarded intelligent-hardware.cn-beijing.log.aliyuncs.com to 223.6.6.6
05-24 19:02:41.511  3241  3241 I dnsmasq : forwarded intelligent-hardware.cn-beijing.log.aliyuncs.com to 119.29.29.29
05-24 19:02:41.511  3241  3241 I dnsmasq : forwarded intelligent-hardware.cn-beijing.log.aliyuncs.com to 182.254.116.116
05-24 19:02:41.512  3241  3241 I dnsmasq : forwarded intelligent-hardware.cn-beijing.log.aliyuncs.com to 180.76.76.76
05-24 19:02:41.512   920  1715 D HraManager: hra getBlackIntentActionList
05-24 19:02:41.513   920  1715 E CellBroadcastUtils: getDefaultCellBroadcastReceiverPackageName: no package found
05-24 19:02:41.514   920  1715 I wm_task_moved: [1090,1,2]
05-24 19:02:41.515   920  1715 I wm_set_resumed_activity: [0,com.yangcong345.eye.protection/.LauncherActivity,positionChildAt]
05-24 19:02:41.515   920  1715 I wm_create_activity: [0,84082109,1090,com.yangcong345.eye.protection/.MainActivity,NULL,NULL,NULL,0]
05-24 19:02:41.515   496   536 I mtkpower@impl: [setMode] type:5, enabled:1
05-24 19:02:41.515   496   592 I libPowerHal: [perfLockAcq] idx:2 hdl:214 hint:11 pid:496 duration:30000 lock_user:mtkpower@1.0-se => ret_hdl:214
05-24 19:02:41.516   496   592 I libPowerHal: [perfLockRel] hdl:212, idx:0
05-24 19:02:41.516   920  1715 I wm_pause_activity: [0,65629001,com.yangcong345.eye.protection/.LauncherActivity,userLeaving=true,resumeTopActivity]
05-24 19:02:41.517   920  1715 I PowerHalWrapper: <amsBoostResume> last:com.yangcong345.eye.protection, next:com.yangcong345.eye.protection
05-24 19:02:41.517   496   592 I libPowerHal: [perfLockAcq] idx:0 hdl:215 hint:23 pid:496 duration:10000 lock_user:mtkpower@1.0-se => ret_hdl:215
05-24 19:02:41.520  5706  5740 I Monkey  :     // activityResuming(com.yangcong345.eye.protection)
05-24 19:02:41.521   920  1338 I wm_finish_activity: [0,65629001,1090,com.yangcong345.eye.protection/.LauncherActivity,app-request]
05-24 19:02:41.521  3984  3984 I wm_on_create_called: [65629001,com.yangcong345.eye.protection.LauncherActivity,performCreate]
05-24 19:02:41.523   920  1083 I input_focus: [Focus leaving b99554f com.yangcong345.cloud.ui.launcher/com.yangcong345.padmodule.new_home.PadHomeActivity (server),reason=Waiting for window because NOT_FOCUSABLE]
05-24 19:02:41.524  2295  2295 I Matrix.AppMethodBeat: [at] visibleScene[com.yangcong345.padmodule.new_home.PadHomeActivity] has detach focus!
05-24 19:02:41.525  1306  1409 D BLASTBufferQueue: [VRI[protection]#16](f:0,a:1) acquireNextBufferLocked size=1920x1200 mFrameNumber=1 applyTransaction=true mTimestamp=2543992143225(auto) mPendingTransactions.size=0 graphicBufferId=5609227288749 transform=7
05-24 19:02:41.526  3241  3241 I dnsmasq : reply intelligent-hardware.cn-beijing.log.aliyuncs.com is <CNAME>
05-24 19:02:41.526  3241  3241 I dnsmasq : reply intelligent-hardware.cn-beijing-b.log.aliyuncs.com is 123.56.37.132
05-24 19:02:41.526  3241  3241 I dnsmasq : reply intelligent-hardware.cn-beijing-b.log.aliyuncs.com is 123.56.37.131
05-24 19:02:41.526  3241  3241 I dnsmasq : reply intelligent-hardware.cn-beijing-b.log.aliyuncs.com is 59.110.101.150
05-24 19:02:41.526  3241  3241 I dnsmasq : reply intelligent-hardware.cn-beijing-b.log.aliyuncs.com is 59.110.73.151
05-24 19:02:41.526  3241  3241 I dnsmasq : reply intelligent-hardware.cn-beijing-b.log.aliyuncs.com is 59.110.73.142
05-24 19:02:41.526  3241  3241 I dnsmasq : reply intelligent-hardware.cn-beijing-b.log.aliyuncs.com is 39.106.236.99
05-24 19:02:41.526  3241  3241 I dnsmasq : reply intelligent-hardware.cn-beijing-b.log.aliyuncs.com is 39.97.141.111
05-24 19:02:41.526  3241  3241 I dnsmasq : reply intelligent-hardware.cn-beijing-b.log.aliyuncs.com is 123.56.37.133
05-24 19:02:41.526  1306  1409 W Parcel  : Expecting binder but got null!
05-24 19:02:41.526   920  2915 I wm_add_to_stopping: [0,65629001,com.yangcong345.eye.protection/.LauncherActivity,completeFinishing]
05-24 19:02:41.527   920  2915 W ActivityTaskManager: Tried to set launchTime (0) < mLastActivityLaunchTime (2543955)
05-24 19:02:41.527   920  2915 D qqqw    : updateRotationUnchecked mRotation=1, mLastOrientation=0
05-24 19:02:41.528   920  2915 I wm_restart_activity: [0,84082109,1090,com.yangcong345.eye.protection/.MainActivity]
05-24 19:02:41.529   920  2915 I PowerHalWrapper: amsBoostNotify pid:3984,activity:com.yangcong345.eye.protection.MainActivity, package:com.yangcong345.eye.protection, mProcessCreatePackcom.yangcong345.cloud.ui.launcher
05-24 19:02:41.529   920  2915 I PowerHalWrapper: state: 1
05-24 19:02:41.529   920  2915 I mtkpower_client: [Legacy][PowerHal_Wrap_notifyAppState] com.yangcong345.eye.protection/com.yangcong345.eye.protection.MainActivity pid=3984 state:1
05-24 19:02:41.529   920  2915 I game_scn: collectForegroundAppList packName=com.yangcong345.eye.protection, actName=com.yangcong345.eye.protection.MainActivity, pid=3984, uid=10114, state:RESUMED
05-24 19:02:41.529   920  2915 I game_scn: powerNotifyForegroundApp multi_resumed_app_info: pid: 3984, packname: com.yangcong345.eye.protection, actname: com.yangcong345.eye.protection.LauncherActivity
05-24 19:02:41.529   920  2915 I game_scn: powerNotifyForegroundApp multi_resumed_app_info: pid: 3984, packname: com.yangcong345.eye.protection, actname: com.yangcong345.eye.protection.MainActivity
05-24 19:02:41.529   920  2915 I PowerHalWrapper: amsBoostNotify AMS_BOOST_PROCESS_CREATE_BOOST:false
05-24 19:02:41.529   920  2915 I wm_set_resumed_activity: [0,com.yangcong345.eye.protection/.MainActivity,minimalResumeActivityLocked]
05-24 19:02:41.530   496   592 I libPowerHal: [perfNotifyAppState] pack:com.yangcong345.eye.protection, act:com.yangcong345.eye.protection.MainActivity, state:1, pid:3984, uid:10114, fps:-1
05-24 19:02:41.530   920   936 I sysui_multi_action: [757,803,799,window_time_0,802,0]
05-24 19:02:41.531   920  2915 I PowerHalWrapper: amsBoostNotify pid:3984,activity:com.yangcong345.eye.protection.LauncherActivity, package:com.yangcong345.eye.protection, mProcessCreatePackcom.yangcong345.cloud.ui.launcher
05-24 19:02:41.532   920  2915 I PowerHalWrapper: state: 0
05-24 19:02:41.532   920  2915 I mtkpower_client: [Legacy][PowerHal_Wrap_notifyAppState] com.yangcong345.eye.protection/com.yangcong345.eye.protection.LauncherActivity pid=3984 state:0
05-24 19:02:41.532   920  2915 I game_scn: collectForegroundAppList packName=com.yangcong345.eye.protection, actName=com.yangcong345.eye.protection.LauncherActivity, pid=3984, uid=10114, state:PAUSED
05-24 19:02:41.532   920  2915 I game_scn: powerNotifyForegroundApp multi_resumed_app_info: pid: 3984, packname: com.yangcong345.eye.protection, actname: com.yangcong345.eye.protection.MainActivity
05-24 19:02:41.532   496   592 I libPowerHal: [perfNotifyAppState] pack:com.yangcong345.eye.protection, act:com.yangcong345.eye.protection.LauncherActivity, state:0, pid:3984, uid:10114, fps:-1
05-24 19:02:41.532  2243  2622 D TrafficStats: tagSocket(5) with statsTag=0xffffffff, statsUid=-1
05-24 19:02:41.532   920  2915 I PowerHalWrapper: amsBoostNotify AMS_BOOST_PROCESS_CREATE_BOOST:false
05-24 19:02:41.532  2243  2622 I System.out: [com.mediatek.cta.CtaAdapter]:check permission begin!
05-24 19:02:41.534  3984  5905 D libMEOW : meow new tls: 0xb40000777e0b6180
05-24 19:02:41.534   920   940 D TaskOrganizerController: dispatch pending EVENT_APPEARED for:1090 state:com.android.server.wm.TaskOrganizerController$TaskOrganizerState@38a34d5 appearedReady:true
05-24 19:02:41.534  3984  5905 D libMEOW : applied 0 plugin for [com.yangcong345.eye.protection].
05-24 19:02:41.534  3984  5905 D libMEOW : rebuild call chain: 0xb40000777e086150
05-24 19:02:41.534  3984  5905 D libMEOW : meow delete tls: 0xb40000777e0b6180
05-24 19:02:41.539   506   506 D BufferStateLayer: Splash Screen com.yangcong345.eye.protection#330 setBuffer frameId=1, bufferId=5609227288749 fenceId=337, w= 1200, h=1920
05-24 19:02:41.543   496   575 I libPerfCtl: xgfGetFPS pid:1306 fps:-1
05-24 19:02:41.543   496   575 I libPerfCtl: xgfGetFPS pid:2295 fps:-1
05-24 19:02:41.555   506   506 I BufferQueueProducer: [com.yangcong345.cloud.ui.launcher/com.yangcong345.padmodule.new_home.PadHomeActivity#321](this:0xb4000070dc350448,id:-1,api:0,p:-1,c:506) queueBuffer: fps=4.30 dur=3717.09 max=3458.46 min=15.82
05-24 19:02:41.574  3984  3984 D HraManager: hra isEyeComfortTurnedOn
05-24 19:02:41.576  3984  3984 D HraManager: hra isSupportEyeProtection
05-24 19:02:41.577  3984  3984 D HraManager: hra turnOnDistanceSensing
05-24 19:02:41.578   920  1338 V HraManagerService:  turnOnDistanceSensing true
05-24 19:02:41.578   920  1338 W ContextImpl: Calling a method in the system process without a qualified user: android.app.ContextImpl.sendBroadcast:1189 com.android.server.hra.HraManagerService.turnOnDistanceSensing:1612 android.os.IHraManager$Stub.onTransact:2026 android.os.Binder.execTransactInternal:1280 android.os.Binder.execTransact:1244
05-24 19:02:41.579  3984  3984 D HraManager: hra turnOnShakeSensing
05-24 19:02:41.579   920  1338 V HraManagerService:  turnOnShakeSensing true
05-24 19:02:41.579  1511  1511 I HraSettingsService: is_open_proximity: 1
05-24 19:02:41.580   920  1338 W ContextImpl: Calling a method in the system process without a qualified user: android.app.ContextImpl.sendBroadcast:1189 com.android.server.hra.HraManagerService.turnOnShakeSensing:1649 android.os.IHraManager$Stub.onTransact:2058 android.os.Binder.execTransactInternal:1280 android.os.Binder.execTransact:1244
05-24 19:02:41.582  3984  3984 D HraManager: hra turnOnAngleSensing
05-24 19:02:41.582   920  2915 V HraManagerService:  turnOnAngleSensing false
05-24 19:02:41.582  1511  1511 W ContextImpl: Calling a method in the system process without a qualified user: android.app.ContextImpl.startService:1863 android.content.ContextWrapper.startService:817 com.android.settings.hraservice.HraSettingsService$HraSettingsBroadcastReceiver.onReceive:572 android.app.LoadedApk$ReceiverDispatcher$Args.lambda$getRunnable$0$android-app-LoadedApk$ReceiverDispatcher$Args:1809 android.app.LoadedApk$ReceiverDispatcher$Args$$ExternalSyntheticLambda0.run:2
05-24 19:02:41.582   920  2915 W ContextImpl: Calling a method in the system process without a qualified user: android.app.ContextImpl.sendBroadcast:1189 com.android.server.hra.HraManagerService.turnOnAngleSensing:1630 android.os.IHraManager$Stub.onTransact:2042 android.os.Binder.execTransactInternal:1280 android.os.Binder.execTransact:1244
05-24 19:02:41.583  3984  3984 D HraManager: hra turnOnReadingMode
05-24 19:02:41.584   920  2909 D HraManagerService:  turnOnReadingMode false
05-24 19:02:41.584   920  2909 W ContextImpl: Calling a method in the system process without a qualified user: android.app.ContextImpl.sendBroadcast:1189 com.android.server.hra.HraManagerService.turnOnReadingMode:1499 android.os.IHraManager$Stub.onTransact:1930 android.os.Binder.execTransactInternal:1280 android.os.Binder.execTransact:1244
05-24 19:02:41.585   486   549 I Proximity: distance = 2
05-24 19:02:41.586   920  1001 W SensorService: Failed to write wake lock handled
05-24 19:02:41.587  1511  1511 D HraSettingsService: com.hra.auto.vibrate.tip.enabled,audoVibrate :1
05-24 19:02:41.587  3984  3984 I wm_on_create_called: [84082109,com.yangcong345.eye.protection.MainActivity,performCreate]
05-24 19:02:41.587  1511  1511 W ContextImpl: Calling a method in the system process without a qualified user: android.app.ContextImpl.startService:1863 android.content.ContextWrapper.startService:817 com.android.settings.hraservice.HraSettingsService$HraSettingsBroadcastReceiver.onReceive:1104 android.app.LoadedApk$ReceiverDispatcher$Args.lambda$getRunnable$0$android-app-LoadedApk$ReceiverDispatcher$Args:1809 android.app.LoadedApk$ReceiverDispatcher$Args$$ExternalSyntheticLambda0.run:2
05-24 19:02:41.591   920  2909 V SettingsProvider: name : auto_vibrate_tip_enabled appId : 1000
05-24 19:02:41.592  1511  1511 D HraSettingsService: com.hra.auto.reverse.tip.enabled,audoReverse :0
05-24 19:02:41.592  1511  1511 W ContextImpl: Calling a method in the system process without a qualified user: android.app.ContextImpl.stopService:1875 android.content.ContextWrapper.stopService:827 com.android.settings.hraservice.HraSettingsService$HraSettingsBroadcastReceiver.onReceive:1090 android.app.LoadedApk$ReceiverDispatcher$Args.lambda$getRunnable$0$android-app-LoadedApk$ReceiverDispatcher$Args:1809 android.app.LoadedApk$ReceiverDispatcher$Args$$ExternalSyntheticLambda0.run:2
05-24 19:02:41.594   920  2909 V SettingsProvider: name : auto_reverse_tip_enabled appId : 1000
05-24 19:02:41.595  1511  1511 I HraSettingsService: ---> get after10minMark ---> 0
05-24 19:02:41.596  1511  1511 I HraSettingsService: hraSettingsService --->SimulateColorSpace-value: false
05-24 19:02:41.597   920  2915 V SettingsProvider: name : reading_checked appId : 1000
05-24 19:02:41.601   472   591 D AudioALSAStreamOut: standby(), flag 6
05-24 19:02:41.601   472   591 D AudioALSAStreamOut: standbyStreamOut(), halRequest 0, mDestroy 0, flag 6
05-24 19:02:41.601   472   591 D AudioALSAStreamOut: close(), flags 6
05-24 19:02:41.601   472   591 D AudioALSAPlaybackHandlerNormal: +close(), flag = 6, mDevice = 0x2
05-24 19:02:41.601   472   591 D AudioALSAHardwareResourceManager: +stopOutputDevice(), mOutputDevices = 0x2, mStartOutputDevicesCount = 1
05-24 19:02:41.601   472   591 D AudioALSADeviceConfigManager: ApplyDeviceTurnoffSequenceByName(), DeviceName = ext_speaker_output descriptor->DeviceStatusCounter = 1, Ctlsize=2
05-24 19:02:41.602   472   591 D AudioALSADeviceConfigManager: ApplyDeviceTurnoffSequenceByName(), DeviceName = headphone_output descriptor->DeviceStatusCounter = 1, Ctlsize=4
05-24 19:02:41.605  3984  3984 D HraManager: hra getBlueLightValue
05-24 19:02:41.608  3984  3984 I wm_on_start_called: [84082109,com.yangcong345.eye.protection.MainActivity,handleStartActivity]
05-24 19:02:41.610  3984  3984 D HraManager: hra isEyeComfortTurnedOn
05-24 19:02:41.611  3984  3984 I wm_on_resume_called: [84082109,com.yangcong345.eye.protection.MainActivity,RESUME_ACTIVITY]
05-24 19:02:41.612   506  2414 D SurfaceFlinger: [SF client] NEW(0xb400006fec1b59d0) for (3984:com.yangcong345.eye.protection)
05-24 19:02:41.614  3984  3984 D VRI[MainActivity]: hardware acceleration = true, forceHwAccelerated = false
05-24 19:02:41.617   920  2909 D CoreBackPreview: Window{3f18af3 u0 com.yangcong345.eye.protection/com.yangcong345.eye.protection.MainActivity}: Setting back callback OnBackInvokedCallbackInfo{mCallback=android.window.IOnBackInvokedCallback$Stub$Proxy@34a4229, mPriority=0}
