07-08 18:53:26.793  1354  1354 D TelephonyNetworkFactory[0]: got request NetworkRequest [ TRACK_DEFAULT id=167, [ Capabilities: INTERNET&NOT_RESTRICTED&TRUSTED Uid: 10092] ] with score 60 and serial -1
07-08 18:53:26.793   930  1118 D UntrustedWifiNetworkFactory: got request NetworkRequest [ TRACK_DEFAULT id=167, [ Capabilities: INTERNET&NOT_RESTRICTED&TRUSTED Uid: 10092] ] with score 60 and serial -1
07-08 18:53:26.793   930  1118 D WifiNetworkFactory: got request NetworkRequest [ TRACK_DEFAULT id=167, [ Capabilities: INTERNET&NOT_RESTRICTED&TRUSTED Uid: 10092] ] with score 60 and serial -1
07-08 18:53:26.793  1909  1909 I am_on_start_called: [0,com.yangcong345.padmodule.new_home.PadHomeActivity,handleStartActivity]
07-08 18:53:26.794  1354  1354 D PhoneSwitcherNetworkRequstListener: got request NetworkRequest [ TRACK_DEFAULT id=167, [ Capabilities: INTERNET&NOT_RESTRICTED&TRUSTED Uid: 10092] ] with score 60 and serial -1
07-08 18:53:26.794  1354  1354 D PhoneSwitcher: evaluating due to netRequest
07-08 18:53:26.795  1909  2544 E oud.ui.launche: No package ID ff found for ID 0xffffffff.
07-08 18:53:26.795   930  6218 D wujq-f  :  filte 59 60  :10100 : 0 - true
07-08 18:53:26.795   930  6218 D wujq    : enter :10100 : 0
07-08 18:53:26.795  1354  1354 D PhoneSwitcher: notifyPreferredDataSubIdChanged to -1
07-08 18:53:26.796  1261  1261 I EmergencyButton: ss.getState()=1 ss.isEmergencyOnly()=false for simId=0
07-08 18:53:26.796  1261  1261 D KeyguardSecurityModel: isPinPukOrMeRequiredOfSubId() - phoneId = 0, simState = UNKNOWN
07-08 18:53:26.796   930   946 I commit_sys_config_file: [notification-policy,38]
07-08 18:53:26.796  1261  1261 D AntiTheftManager: getCurrentAntiTheftMode() is called.
07-08 18:53:26.796  1909  1909 I am_on_resume_called: [0,com.yangcong345.padmodule.new_home.PadHomeActivity,RESUME_ACTIVITY]
07-08 18:53:26.797  1909  2544 W ResourceLoader: Received invalid resource id: -1
07-08 18:53:26.797  1909  2544 W ResourceLoader: android.content.res.Resources$NotFoundException: Unable to find resource ID #0xffffffff
07-08 18:53:26.797  1909  2544 W ResourceLoader: 	at android.content.res.ResourcesImpl.getResourcePackageName(ResourcesImpl.java:289)
07-08 18:53:26.797  1909  2544 W ResourceLoader: 	at android.content.res.Resources.getResourcePackageName(Resources.java:2080)
07-08 18:53:26.797  1909  2544 W ResourceLoader: 	at com.bumptech.glide.load.model.ResourceLoader.getResourceUri(ResourceLoader.java:45)
07-08 18:53:26.797  1909  2544 W ResourceLoader: 	at com.bumptech.glide.load.model.ResourceLoader.buildLoadData(ResourceLoader.java:35)
07-08 18:53:26.797  1909  2544 W ResourceLoader: 	at com.bumptech.glide.load.model.ResourceLoader.buildLoadData(ResourceLoader.java:20)
07-08 18:53:26.797  1909  2544 W ResourceLoader: 	at com.bumptech.glide.load.engine.DecodeHelper.getLoadData(DecodeHelper.java:216)
07-08 18:53:26.797  1909  2544 W ResourceLoader: 	at com.bumptech.glide.load.engine.DecodeHelper.getCacheKeys(DecodeHelper.java:229)
07-08 18:53:26.797  1909  2544 W ResourceLoader: 	at com.bumptech.glide.load.engine.ResourceCacheGenerator.startNext(ResourceCacheGenerator.java:47)
07-08 18:53:26.797  1909  2544 W ResourceLoader: 	at com.bumptech.glide.load.engine.DecodeJob.runGenerators(DecodeJob.java:311)
07-08 18:53:26.797  1909  2544 W ResourceLoader: 	at com.bumptech.glide.load.engine.DecodeJob.runWrapped(DecodeJob.java:277)
07-08 18:53:26.797  1909  2544 W ResourceLoader: 	at com.bumptech.glide.load.engine.DecodeJob.run(DecodeJob.java:235)
07-08 18:53:26.797  1909  2544 W ResourceLoader: 	at java.util.concurrent.ThreadPoolExecutor.runWorker(ThreadPoolExecutor.java:1167)
07-08 18:53:26.797  1909  2544 W ResourceLoader: 	at java.util.concurrent.ThreadPoolExecutor$Worker.run(ThreadPoolExecutor.java:641)
07-08 18:53:26.797  1909  2544 W ResourceLoader: 	at com.bumptech.glide.load.engine.executor.GlideExecutor$DefaultThreadFactory$1.run(GlideExecutor.java:421)
07-08 18:53:26.797  1909  2544 W ResourceLoader: 	at java.lang.Thread.run(Thread.java:919)
07-08 18:53:26.797  1909  2544 W ResourceLoader: 	at com.bumptech.glide.load.engine.executor.GlideExecutor$DefaultPriorityThreadFactory$1.run(GlideExecutor.java:380)
07-08 18:53:26.797  1909  2544 E oud.ui.launche: No package ID ff found for ID 0xffffffff.
07-08 18:53:26.802  1909 16524 D CacheInterceptor: requestRemoteOnly
07-08 18:53:26.803  1909  1909 I am_on_top_resumed_gained_called: [0,com.yangcong345.padmodule.new_home.PadHomeActivity,topWhenResuming]
07-08 18:53:26.804  1909  1909 V PhoneWindow: DecorView setVisiblity: visibility = 0, Parent = android.view.ViewRootImpl@a15f9b, this = DecorView@cb91f38[PadHomeActivity]
07-08 18:53:26.805  1909  2544 W ResourceLoader: Received invalid resource id: -1
07-08 18:53:26.805  1909  2544 W ResourceLoader: android.content.res.Resources$NotFoundException: Unable to find resource ID #0xffffffff
07-08 18:53:26.805  1909  2544 W ResourceLoader: 	at android.content.res.ResourcesImpl.getResourcePackageName(ResourcesImpl.java:289)
07-08 18:53:26.805  1909  2544 W ResourceLoader: 	at android.content.res.Resources.getResourcePackageName(Resources.java:2080)
07-08 18:53:26.805  1909  2544 W ResourceLoader: 	at com.bumptech.glide.load.model.ResourceLoader.getResourceUri(ResourceLoader.java:45)
07-08 18:53:26.805  1909  2544 W ResourceLoader: 	at com.bumptech.glide.load.model.ResourceLoader.buildLoadData(ResourceLoader.java:35)
07-08 18:53:26.805  1909  2544 W ResourceLoader: 	at com.bumptech.glide.load.model.ResourceLoader.buildLoadData(ResourceLoader.java:20)
07-08 18:53:26.805  1909  2544 W ResourceLoader: 	at com.bumptech.glide.load.engine.DecodeHelper.getLoadData(DecodeHelper.java:216)
07-08 18:53:26.805  1909  2544 W ResourceLoader: 	at com.bumptech.glide.load.engine.DecodeHelper.getCacheKeys(DecodeHelper.java:229)
07-08 18:53:26.805  1909  2544 W ResourceLoader: 	at com.bumptech.glide.load.engine.ResourceCacheGenerator.startNext(ResourceCacheGenerator.java:47)
07-08 18:53:26.805  1909  2544 W ResourceLoader: 	at com.bumptech.glide.load.engine.DecodeJob.runGenerators(DecodeJob.java:311)
07-08 18:53:26.805  1909  2544 W ResourceLoader: 	at com.bumptech.glide.load.engine.DecodeJob.runWrapped(DecodeJob.java:277)
07-08 18:53:26.805  1909  2544 W ResourceLoader: 	at com.bumptech.glide.load.engine.DecodeJob.run(DecodeJob.java:235)
07-08 18:53:26.805  1909  2544 W ResourceLoader: 	at java.util.concurrent.ThreadPoolExecutor.runWorker(ThreadPoolExecutor.java:1167)
07-08 18:53:26.805  1909  2544 W ResourceLoader: 	at java.util.concurrent.ThreadPoolExecutor$Worker.run(ThreadPoolExecutor.java:641)
07-08 18:53:26.805  1909  2544 W ResourceLoader: 	at com.bumptech.glide.load.engine.executor.GlideExecutor$DefaultThreadFactory$1.run(GlideExecutor.java:421)
07-08 18:53:26.805  1909  2544 W ResourceLoader: 	at java.lang.Thread.run(Thread.java:919)
07-08 18:53:26.805  1909  2544 W ResourceLoader: 	at com.bumptech.glide.load.engine.executor.GlideExecutor$DefaultPriorityThreadFactory$1.run(GlideExecutor.java:380)
07-08 18:53:26.805  1909  2544 E oud.ui.launche: No package ID ff found for ID 0xffffffff.
07-08 18:53:26.807  1261  1573 D Surface : Surface::disconnect(this=0x7aaf4c7000,api=1)
07-08 18:53:26.807   490   532 I BufferQueueProducer: [StatusBar#0](this:0x726933d800,id:5,api:1,p:1261,c:490) disconnect(P): api 1
07-08 18:53:26.809   602   602 I thermal_repeater: socket -1
07-08 18:53:26.812  1261  1573 D Surface : Surface::connect(this=0x7aaf4c7000,api=1)
07-08 18:53:26.813   490   532 I BufferQueueProducer: [StatusBar#0](this:0x726933d800,id:5,api:1,p:1261,c:490) connect(P): api=1 producer=(1261:com.android.systemui) producerControlledByApp=false
07-08 18:53:26.814  1261  1573 D mali_winsys: EGLint new_window_surface(egl_winsys_display *, void *, EGLSurface, EGLConfig, egl_winsys_surface **, EGLBoolean) returns 0x3000
07-08 18:53:26.814  3259  3489 D Surface : Surface::disconnect(this=0x7bc2336000,api=1)
07-08 18:53:26.814   490  2401 I BufferQueueProducer: [#0](this:0x7285333800,id:728,api:1,p:3259,c:490) disconnect(P): api 1
07-08 18:53:26.815   930  9987 I WindowManager: Relayout Window{bc55ec7 u0 com.yangcong345.cloud.ui.launcher/com.yangcong345.padmodule.new_home.PadHomeActivity}: oldVis=8 newVis=0 focusMayChange = true
07-08 18:53:26.815  1261  1573 D Surface : Surface::setBufferCount(this=0x7aaf4c7000,bufferCount=3)
07-08 18:53:26.815   477   878 E VT HIDL : [IVT] [VT THREAD] [VT_Bind] des = volte_imsvt1 Fail to connect . retry count: 36361
07-08 18:53:26.816  3259  3259 D View    : [Warning] assignParent to null: this = com.hjq.shape.layout.ShapeConstraintLayout{d938de2 V.E...... ........ 0,0-1152,216}
07-08 18:53:26.815  1909  2544 W ResourceLoader: Received invalid resource id: -1
07-08 18:53:26.815  1909  2544 W ResourceLoader: android.content.res.Resources$NotFoundException: Unable to find resource ID #0xffffffff
07-08 18:53:26.815  1909  2544 W ResourceLoader: 	at android.content.res.ResourcesImpl.getResourcePackageName(ResourcesImpl.java:289)
07-08 18:53:26.815  1909  2544 W ResourceLoader: 	at android.content.res.Resources.getResourcePackageName(Resources.java:2080)
07-08 18:53:26.815  1909  2544 W ResourceLoader: 	at com.bumptech.glide.load.model.ResourceLoader.getResourceUri(ResourceLoader.java:45)
07-08 18:53:26.815  1909  2544 W ResourceLoader: 	at com.bumptech.glide.load.model.ResourceLoader.buildLoadData(ResourceLoader.java:35)
07-08 18:53:26.815  1909  2544 W ResourceLoader: 	at com.bumptech.glide.load.model.ResourceLoader.buildLoadData(ResourceLoader.java:20)
07-08 18:53:26.815  1909  2544 W ResourceLoader: 	at com.bumptech.glide.load.engine.DecodeHelper.getLoadData(DecodeHelper.java:216)
07-08 18:53:26.815  1909  2544 W ResourceLoader: 	at com.bumptech.glide.load.engine.DecodeHelper.getCacheKeys(DecodeHelper.java:229)
07-08 18:53:26.815  1909  2544 W ResourceLoader: 	at com.bumptech.glide.load.engine.ResourceCacheGenerator.startNext(ResourceCacheGenerator.java:47)
07-08 18:53:26.815  1909  2544 W ResourceLoader: 	at com.bumptech.glide.load.engine.DecodeJob.runGenerators(DecodeJob.java:311)
07-08 18:53:26.815  1909  2544 W ResourceLoader: 	at com.bumptech.glide.load.engine.DecodeJob.runWrapped(DecodeJob.java:277)
07-08 18:53:26.815  1909  2544 W ResourceLoader: 	at com.bumptech.glide.load.engine.DecodeJob.run(DecodeJob.java:235)
07-08 18:53:26.815  1909  2544 W ResourceLoader: 	at java.util.concurrent.ThreadPoolExecutor.runWorker(ThreadPoolExecutor.java:1167)
07-08 18:53:26.815  1909  2544 W ResourceLoader: 	at java.util.concurrent.ThreadPoolExecutor$Worker.run(ThreadPoolExecutor.java:641)
07-08 18:53:26.815  1909  2544 W ResourceLoader: 	at com.bumptech.glide.load.engine.executor.GlideExecutor$DefaultThreadFactory$1.run(GlideExecutor.java:421)
07-08 18:53:26.815  1909  2544 W ResourceLoader: 	at java.lang.Thread.run(Thread.java:919)
07-08 18:53:26.815  1909  2544 W ResourceLoader: 	at com.bumptech.glide.load.engine.executor.GlideExecutor$DefaultPriorityThreadFactory$1.run(GlideExecutor.java:380)
07-08 18:53:26.816  1909  2544 E oud.ui.launche: No package ID ff found for ID 0xffffffff.
07-08 18:53:26.816   477   878 D VT HIDL : [IVT] isIMCBrun : True
07-08 18:53:26.816   930   947 I sysui_multi_action: [757,856,758,1,806,android,857,com.android.server.wm.AlertWindowNotification - com.yangcong345.eye.protection,858,1]
07-08 18:53:26.818  1909  2544 W ResourceLoader: Received invalid resource id: -1
07-08 18:53:26.818  1909  2544 W ResourceLoader: android.content.res.Resources$NotFoundException: Unable to find resource ID #0xffffffff
07-08 18:53:26.818  1909  2544 W ResourceLoader: 	at android.content.res.ResourcesImpl.getResourcePackageName(ResourcesImpl.java:289)
07-08 18:53:26.818  1909  2544 W ResourceLoader: 	at android.content.res.Resources.getResourcePackageName(Resources.java:2080)
07-08 18:53:26.818  1909  2544 W ResourceLoader: 	at com.bumptech.glide.load.model.ResourceLoader.getResourceUri(ResourceLoader.java:45)
07-08 18:53:26.818  1909  2544 W ResourceLoader: 	at com.bumptech.glide.load.model.ResourceLoader.buildLoadData(ResourceLoader.java:35)
07-08 18:53:26.818  1909  2544 W ResourceLoader: 	at com.bumptech.glide.load.model.ResourceLoader.buildLoadData(ResourceLoader.java:20)
07-08 18:53:26.818  1909  2544 W ResourceLoader: 	at com.bumptech.glide.load.engine.DecodeHelper.getLoadData(DecodeHelper.java:216)
07-08 18:53:26.818  1909  2544 W ResourceLoader: 	at com.bumptech.glide.load.engine.DecodeHelper.getCacheKeys(DecodeHelper.java:229)
07-08 18:53:26.818  1909  2544 W ResourceLoader: 	at com.bumptech.glide.load.engine.ResourceCacheGenerator.startNext(ResourceCacheGenerator.java:47)
07-08 18:53:26.818  1909  2544 W ResourceLoader: 	at com.bumptech.glide.load.engine.DecodeJob.runGenerators(DecodeJob.java:311)
07-08 18:53:26.818  1909  2544 W ResourceLoader: 	at com.bumptech.glide.load.engine.DecodeJob.runWrapped(DecodeJob.java:277)
07-08 18:53:26.818  1909  2544 W ResourceLoader: 	at com.bumptech.glide.load.engine.DecodeJob.run(DecodeJob.java:235)
07-08 18:53:26.818  1909  2544 W ResourceLoader: 	at java.util.concurrent.ThreadPoolExecutor.runWorker(ThreadPoolExecutor.java:1167)
07-08 18:53:26.818  1909  2544 W ResourceLoader: 	at java.util.concurrent.ThreadPoolExecutor$Worker.run(ThreadPoolExecutor.java:641)
07-08 18:53:26.818  1909  2544 W ResourceLoader: 	at com.bumptech.glide.load.engine.executor.GlideExecutor$DefaultThreadFactory$1.run(GlideExecutor.java:421)
07-08 18:53:26.818  1909  2544 W ResourceLoader: 	at java.lang.Thread.run(Thread.java:919)
07-08 18:53:26.818  1909  2544 W ResourceLoader: 	at com.bumptech.glide.load.engine.executor.GlideExecutor$DefaultPriorityThreadFactory$1.run(GlideExecutor.java:380)
07-08 18:53:26.819  1909  2544 E oud.ui.launche: No package ID ff found for ID 0xffffffff.
07-08 18:53:26.819  1909  2544 W ResourceLoader: Received invalid resource id: -1
07-08 18:53:26.819  1909  2544 W ResourceLoader: android.content.res.Resources$NotFoundException: Unable to find resource ID #0xffffffff
07-08 18:53:26.819  1909  2544 W ResourceLoader: 	at android.content.res.ResourcesImpl.getResourcePackageName(ResourcesImpl.java:289)
07-08 18:53:26.819  1909  2544 W ResourceLoader: 	at android.content.res.Resources.getResourcePackageName(Resources.java:2080)
07-08 18:53:26.819  1909  2544 W ResourceLoader: 	at com.bumptech.glide.load.model.ResourceLoader.getResourceUri(ResourceLoader.java:45)
07-08 18:53:26.819  1909  2544 W ResourceLoader: 	at com.bumptech.glide.load.model.ResourceLoader.buildLoadData(ResourceLoader.java:35)
07-08 18:53:26.819  1909  2544 W ResourceLoader: 	at com.bumptech.glide.load.model.ResourceLoader.buildLoadData(ResourceLoader.java:20)
07-08 18:53:26.819  1909  2544 W ResourceLoader: 	at com.bumptech.glide.load.engine.DecodeHelper.getLoadData(DecodeHelper.java:216)
07-08 18:53:26.819  1909  2544 W ResourceLoader: 	at com.bumptech.glide.load.engine.DecodeHelper.getCacheKeys(DecodeHelper.java:229)
07-08 18:53:26.819  1909  2544 W ResourceLoader: 	at com.bumptech.glide.load.engine.ResourceCacheGenerator.startNext(ResourceCacheGenerator.java:47)
07-08 18:53:26.819  1909  2544 W ResourceLoader: 	at com.bumptech.glide.load.engine.DecodeJob.runGenerators(DecodeJob.java:311)
07-08 18:53:26.819  1909  2544 W ResourceLoader: 	at com.bumptech.glide.load.engine.DecodeJob.runWrapped(DecodeJob.java:277)
07-08 18:53:26.819  1909  2544 W ResourceLoader: 	at com.bumptech.glide.load.engine.DecodeJob.run(DecodeJob.java:235)
07-08 18:53:26.819  1909  2544 W ResourceLoader: 	at java.util.concurrent.ThreadPoolExecutor.runWorker(ThreadPoolExecutor.java:1167)
07-08 18:53:26.819  1909  2544 W ResourceLoader: 	at java.util.concurrent.ThreadPoolExecutor$Worker.run(ThreadPoolExecutor.java:641)
07-08 18:53:26.819  1909  2544 W ResourceLoader: 	at com.bumptech.glide.load.engine.executor.GlideExecutor$DefaultThreadFactory$1.run(GlideExecutor.java:421)
07-08 18:53:26.819  1909  2544 W ResourceLoader: 	at java.lang.Thread.run(Thread.java:919)
07-08 18:53:26.819  1909  2544 W ResourceLoader: 	at com.bumptech.glide.load.engine.executor.GlideExecutor$DefaultPriorityThreadFactory$1.run(GlideExecutor.java:380)
07-08 18:53:26.820  1909  2544 E oud.ui.launche: No package ID ff found for ID 0xffffffff.
07-08 18:53:26.820  1909  2544 W ResourceLoader: Received invalid resource id: -1
07-08 18:53:26.820  1909  2544 W ResourceLoader: android.content.res.Resources$NotFoundException: Unable to find resource ID #0xffffffff
07-08 18:53:26.820  1909  2544 W ResourceLoader: 	at android.content.res.ResourcesImpl.getResourcePackageName(ResourcesImpl.java:289)
07-08 18:53:26.820  1909  2544 W ResourceLoader: 	at android.content.res.Resources.getResourcePackageName(Resources.java:2080)
07-08 18:53:26.820  1909  2544 W ResourceLoader: 	at com.bumptech.glide.load.model.ResourceLoader.getResourceUri(ResourceLoader.java:45)
07-08 18:53:26.820  1909  2544 W ResourceLoader: 	at com.bumptech.glide.load.model.ResourceLoader.buildLoadData(ResourceLoader.java:35)
07-08 18:53:26.820  1909  2544 W ResourceLoader: 	at com.bumptech.glide.load.model.ResourceLoader.buildLoadData(ResourceLoader.java:20)
07-08 18:53:26.820  1909  2544 W ResourceLoader: 	at com.bumptech.glide.load.engine.DecodeHelper.getLoadData(DecodeHelper.java:216)
07-08 18:53:26.820  1909  2544 W ResourceLoader: 	at com.bumptech.glide.load.engine.DecodeHelper.getCacheKeys(DecodeHelper.java:229)
07-08 18:53:26.820  1909  2544 W ResourceLoader: 	at com.bumptech.glide.load.engine.ResourceCacheGenerator.startNext(ResourceCacheGenerator.java:47)
07-08 18:53:26.820  1909  2544 W ResourceLoader: 	at com.bumptech.glide.load.engine.DecodeJob.runGenerators(DecodeJob.java:311)
07-08 18:53:26.820  1909  2544 W ResourceLoader: 	at com.bumptech.glide.load.engine.DecodeJob.runWrapped(DecodeJob.java:277)
07-08 18:53:26.820  1909  2544 W ResourceLoader: 	at com.bumptech.glide.load.engine.DecodeJob.run(DecodeJob.java:235)
07-08 18:53:26.820  1909  2544 W ResourceLoader: 	at java.util.concurrent.ThreadPoolExecutor.runWorker(ThreadPoolExecutor.java:1167)
07-08 18:53:26.820  1909  2544 W ResourceLoader: 	at java.util.concurrent.ThreadPoolExecutor$Worker.run(ThreadPoolExecutor.java:641)
07-08 18:53:26.820  1909  2544 W ResourceLoader: 	at com.bumptech.glide.load.engine.executor.GlideExecutor$DefaultThreadFactory$1.run(GlideExecutor.java:421)
07-08 18:53:26.820  1909  2544 W ResourceLoader: 	at java.lang.Thread.run(Thread.java:919)
07-08 18:53:26.820  1909  2544 W ResourceLoader: 	at com.bumptech.glide.load.engine.executor.GlideExecutor$DefaultPriorityThreadFactory$1.run(GlideExecutor.java:380)
07-08 18:53:26.820  1909  2544 E oud.ui.launche: No package ID ff found for ID 0xffffffff.
07-08 18:53:26.820  1909  2307 D Surface : Surface::connect(this=0x7aaeebb000,api=1)
07-08 18:53:26.821   930   947 E NotificationManager: notify   lock = 1
07-08 18:53:26.821   930   947 E NotificationManager: notify  ALLOW
07-08 18:53:26.821   930   947 E NotificationManager: notifyAsUser   lock = 1
07-08 18:53:26.821   930   947 E NotificationManager: notifyAsUser  ALLOW
07-08 18:53:26.821  1909  2544 W ResourceLoader: Received invalid resource id: -1
07-08 18:53:26.821  1909  2544 W ResourceLoader: android.content.res.Resources$NotFoundException: Unable to find resource ID #0xffffffff
07-08 18:53:26.821  1909  2544 W ResourceLoader: 	at android.content.res.ResourcesImpl.getResourcePackageName(ResourcesImpl.java:289)
07-08 18:53:26.821  1909  2544 W ResourceLoader: 	at android.content.res.Resources.getResourcePackageName(Resources.java:2080)
07-08 18:53:26.821  1909  2544 W ResourceLoader: 	at com.bumptech.glide.load.model.ResourceLoader.getResourceUri(ResourceLoader.java:45)
07-08 18:53:26.821  1909  2544 W ResourceLoader: 	at com.bumptech.glide.load.model.ResourceLoader.buildLoadData(ResourceLoader.java:35)
07-08 18:53:26.821  1909  2544 W ResourceLoader: 	at com.bumptech.glide.load.model.ResourceLoader.buildLoadData(ResourceLoader.java:20)
07-08 18:53:26.821  1909  2544 W ResourceLoader: 	at com.bumptech.glide.load.engine.DecodeHelper.getLoadData(DecodeHelper.java:216)
07-08 18:53:26.821  1909  2544 W ResourceLoader: 	at com.bumptech.glide.load.engine.DecodeHelper.getCacheKeys(DecodeHelper.java:229)
07-08 18:53:26.821  1909  2544 W ResourceLoader: 	at com.bumptech.glide.load.engine.ResourceCacheGenerator.startNext(ResourceCacheGenerator.java:47)
07-08 18:53:26.821  1909  2544 W ResourceLoader: 	at com.bumptech.glide.load.engine.DecodeJob.runGenerators(DecodeJob.java:311)
07-08 18:53:26.821  1909  2544 W ResourceLoader: 	at com.bumptech.glide.load.engine.DecodeJob.runWrapped(DecodeJob.java:277)
07-08 18:53:26.821  1909  2544 W ResourceLoader: 	at com.bumptech.glide.load.engine.DecodeJob.run(DecodeJob.java:235)
07-08 18:53:26.821  1909  2544 W ResourceLoader: 	at java.util.concurrent.ThreadPoolExecutor.runWorker(ThreadPoolExecutor.java:1167)
07-08 18:53:26.821  1909  2544 W ResourceLoader: 	at java.util.concurrent.ThreadPoolExecutor$Worker.run(ThreadPoolExecutor.java:641)
07-08 18:53:26.821  1909  2544 W ResourceLoader: 	at com.bumptech.glide.load.engine.executor.GlideExecutor$DefaultThreadFactory$1.run(GlideExecutor.java:421)
07-08 18:53:26.821  1909  2544 W ResourceLoader: 	at java.lang.Thread.run(Thread.java:919)
07-08 18:53:26.821  1909  2544 W ResourceLoader: 	at com.bumptech.glide.load.engine.executor.GlideExecutor$DefaultPriorityThreadFactory$1.run(GlideExecutor.java:380)
07-08 18:53:26.821  1909  2544 E oud.ui.launche: No package ID ff found for ID 0xffffffff.
07-08 18:53:26.821   930   947 D HraManager: hra getallowSystemAppsManagerNotification
07-08 18:53:26.822   930   946 I commit_sys_config_file: [notification-policy,4]
07-08 18:53:26.822   930   947 D NotificationService: current pckname --> In <-- SystemAppNotificationPckNameListWlist
07-08 18:53:26.822  3259  3259 I InputTransport: Destroy ARC handle: 0x7ad137ca40
07-08 18:53:26.822   930   947 D HraManager: hra getAllowNotificationPackageName
07-08 18:53:26.822   930   947 D NotificationService: current pckname --> Not <-- in NotificationPckNameListWlist
07-08 18:53:26.822   930   947 D HraManager: hra getallowNotificationPackageNameAndChannelId
07-08 18:53:26.822   930   947 D NotificationService: current PckNamechannelId --> Not <-- in NotificationChennalIDWlist
07-08 18:53:26.822   930  9987 D wujq-f  :  filte 59 60  :10069 : 88 - true
07-08 18:53:26.822  1909  2544 W ResourceLoader: Received invalid resource id: -1
07-08 18:53:26.822  1909  2544 W ResourceLoader: android.content.res.Resources$NotFoundException: Unable to find resource ID #0xffffffff
07-08 18:53:26.822  1909  2544 W ResourceLoader: 	at android.content.res.ResourcesImpl.getResourcePackageName(ResourcesImpl.java:289)
07-08 18:53:26.822  1909  2544 W ResourceLoader: 	at android.content.res.Resources.getResourcePackageName(Resources.java:2080)
07-08 18:53:26.822  1909  2544 W ResourceLoader: 	at com.bumptech.glide.load.model.ResourceLoader.getResourceUri(ResourceLoader.java:45)
07-08 18:53:26.822  1909  2544 W ResourceLoader: 	at com.bumptech.glide.load.model.ResourceLoader.buildLoadData(ResourceLoader.java:35)
07-08 18:53:26.822  1909  2544 W ResourceLoader: 	at com.bumptech.glide.load.model.ResourceLoader.buildLoadData(ResourceLoader.java:20)
07-08 18:53:26.822  1909  2544 W ResourceLoader: 	at com.bumptech.glide.load.engine.DecodeHelper.getLoadData(DecodeHelper.java:216)
07-08 18:53:26.822  1909  2544 W ResourceLoader: 	at com.bumptech.glide.load.engine.DecodeHelper.getCacheKeys(DecodeHelper.java:229)
07-08 18:53:26.822  1909  2544 W ResourceLoader: 	at com.bumptech.glide.load.engine.ResourceCacheGenerator.startNext(ResourceCacheGenerator.java:47)
07-08 18:53:26.822  1909  2544 W ResourceLoader: 	at com.bumptech.glide.load.engine.DecodeJob.runGenerators(DecodeJob.java:311)
07-08 18:53:26.822  1909  2544 W ResourceLoader: 	at com.bumptech.glide.load.engine.DecodeJob.runWrapped(DecodeJob.java:277)
07-08 18:53:26.822  1909  2544 W ResourceLoader: 	at com.bumptech.glide.load.engine.DecodeJob.run(DecodeJob.java:235)
07-08 18:53:26.822  1909  2544 W ResourceLoader: 	at java.util.concurrent.ThreadPoolExecutor.runWorker(ThreadPoolExecutor.java:1167)
07-08 18:53:26.822  1909  2544 W ResourceLoader: 	at java.util.concurrent.ThreadPoolExecutor$Worker.run(ThreadPoolExecutor.java:641)
07-08 18:53:26.822  1909  2544 W ResourceLoader: 	at com.bumptech.glide.load.engine.executor.GlideExecutor$DefaultThreadFactory$1.run(GlideExecutor.java:421)
07-08 18:53:26.822  1909  2544 W ResourceLoader: 	at java.lang.Thread.run(Thread.java:919)
07-08 18:53:26.822  1909  2544 W ResourceLoader: 	at com.bumptech.glide.load.engine.executor.GlideExecutor$DefaultPriorityThreadFactory$1.run(GlideExecutor.java:380)
07-08 18:53:26.822   930  9987 D wujq    : enter :10069 : 88
07-08 18:53:26.824   490  2401 I BufferQueueProducer: [com.yangcong345.cloud.ui.launcher/com.yangcong345.padmodule.new_home.PadHomeActivity#0](this:0x728526c000,id:725,api:1,p:1909,c:490) connect(P): api=1 producer=(1909:com.yangcong345.cloud.ui.launcher) producerControlledByApp=false
07-08 18:53:26.826  1909  2307 D mali_winsys: EGLint new_window_surface(egl_winsys_display *, void *, EGLSurface, EGLConfig, egl_winsys_surface **, EGLBoolean) returns 0x3000
07-08 18:53:26.826  1909  2307 D Surface : Surface::setBufferCount(this=0x7aaeebb000,bufferCount=3)
07-08 18:53:26.827  1909  2307 D Surface : Surface::allocateBuffers(this=0x7aaeebb000)
07-08 18:53:26.830   930  9987 D wujq-f  :  filte 59 60  :10069 : 88 - true
07-08 18:53:26.830   930  9987 D wujq    : enter :10069 : 88
07-08 18:53:26.832   930   930 I notification_cancel_all: [1000,930,android,0,0,0,17,NULL]
07-08 18:53:26.832   930   947 I sysui_multi_action: [757,856,758,2,806,android,857,com.android.server.wm.AlertWindowNotification - com.yangcong345.eye.protection,858,1]
07-08 18:53:26.837   445 16730 E ResolverController: No valid NAT64 prefix (100, <unspecified>/0)
07-08 18:53:26.837   445 16731 E ResolverController: No valid NAT64 prefix (100, <unspecified>/0)
07-08 18:53:26.841  3259  3259 D ViewRootImpl[]: hardware acceleration = true , fakeHwAccelerated = false, sRendererDisabled = false, forceHwAccelerated = false, sSystemRendererDisabled = false
07-08 18:53:26.842   445 16732 E ResolverController: No valid NAT64 prefix (100, <unspecified>/0)
07-08 18:53:26.842   490   490 I BufferQueue: [#0](this:0x7285333800,id:728,api:1,p:-1,c:-1) ~BufferQueueCore
07-08 18:53:26.842   490  2401 I BufferQueueProducer: [StatusBar#0](this:0x726933d800,id:5,api:1,p:1261,c:490) queueBuffer: fps=4.83 dur=3107.94 max=2542.57 min=13.92
07-08 18:53:26.844   930  9987 D wujq-f  :  filte 59 60  :10114 : 24 - true
07-08 18:53:26.844   930  9987 D wujq    : enter :10114 : 24
07-08 18:53:26.847   930   946 I commit_sys_config_file: [notification-policy,14]
07-08 18:53:26.848   930  9987 D wujq-f  :  filte 59 60  :10114 : 24 - true
07-08 18:53:26.848   930  9987 D wujq    : enter :10114 : 24
07-08 18:53:26.850  3259  3259 I InputTransport: Create ARC handle: 0x7ad137cc60
07-08 18:53:26.851   930  2928 D lwdebug : onWindowsDrawn com.yangcong345.cloud.ui.launcher/com.yangcong345.padmodule.new_home.PadHomeActivity
07-08 18:53:26.855   930  9987 I ActivityTaskManager: Activity reported stop, but no longer stopping: ActivityRecord{51602ef u0 com.yangcong345.cloud.ui.launcher/com.yangcong345.padmodule.new_home.PadHomeActivity t3}
07-08 18:53:26.857   490   531 I BufferQueue: [unnamed-490-729](this:0x7285332000,id:729,api:0,p:-1,c:-1) BufferQueue core=(490:/system/bin/surfaceflinger)
07-08 18:53:26.857   490   531 I BufferQueueConsumer: [unnamed-490-729](this:0x7285332000,id:729,api:0,p:-1,c:490) connect(C): consumer=(490:/system/bin/surfaceflinger) controlledByApp=false
07-08 18:53:26.857   490   531 I BufferQueueConsumer: [unnamed-490-729](this:0x7285332000,id:729,api:0,p:-1,c:490) setConsumerName: unnamed-490-729
07-08 18:53:26.857   490   531 I BufferQueueConsumer: [#0](this:0x7285332000,id:729,api:0,p:-1,c:490) setConsumerName: #0
07-08 18:53:26.858   490   531 I BufferQueueConsumer: [#0](this:0x7285332000,id:729,api:0,p:-1,c:490) setDefaultBufferSize: width=1152 height=216
07-08 18:53:26.862  3259  3489 D Surface : Surface::connect(this=0x7bc2336000,api=1)
07-08 18:53:26.863   490   531 I BufferQueueProducer: [#0](this:0x7285332000,id:729,api:1,p:3259,c:490) connect(P): api=1 producer=(3259:com.yangcong345.eye.protection) producerControlledByApp=false
07-08 18:53:26.863  3259  3489 D mali_winsys: EGLint new_window_surface(egl_winsys_display *, void *, EGLSurface, EGLConfig, egl_winsys_surface **, EGLBoolean) returns 0x3000
07-08 18:53:26.864  3259  3489 D Surface : Surface::setBufferCount(this=0x7bc2336000,bufferCount=3)
07-08 18:53:26.864  3259  3489 D Surface : Surface::allocateBuffers(this=0x7bc2336000)
07-08 18:53:26.865   595   638 I Proximity: distance = 2
07-08 18:53:26.867   930  5109 V SettingsProvider: name : hide_rotation_lock_toggle_for_accessibility appId : 10100
07-08 18:53:26.867   930  5109 V SettingsProvider: Package name : com.android.systemui privateFlags : 207097960
07-08 18:53:26.868   930  2928 D wujq-f  :  filte 59 60  :10069 : 88 - true
07-08 18:53:26.868   930  2928 D wujq    : enter :10069 : 88
07-08 18:53:26.869   930  5109 V SettingsProvider: name : accelerometer_rotation appId : 1000
07-08 18:53:26.869   930  5109 V SettingsProvider: name : user_rotation appId : 1000
07-08 18:53:26.870   930  5109 V WindowManager: updateRotationUnchecked mRotation=1, mLastOrientation=0
07-08 18:53:26.875  1261  1261 V NavigationBarView: home = true
07-08 18:53:26.875  1261  1261 V NavigationBarView: recent = true
07-08 18:53:26.875  1261  1261 V NavigationBarView: back = true
07-08 18:53:26.881  1909  1909 W Glide   : Load failed for [-1] with dimensions [139x139]
07-08 18:53:26.881  1909  1909 W Glide   : class com.bumptech.glide.load.engine.GlideException: Failed to load resource
07-08 18:53:26.882   930  5109 D wujq-f  :  filte 59 60  :10069 : 88 - true
07-08 18:53:26.882   930  5109 D wujq    : enter :10069 : 88
07-08 18:53:26.882  1909 15541 D SyncTypeTopicDataSubVM: addItemEnterData 2-1-1-13 prepare, homework, diagnosis, highFreqWP, textbook, ladder, exercise, reviewPackage, newQuestionCourse, examination, newZKTotalReview, specialBreakthrough
07-08 18:53:26.883  1261  1261 I InputTransport: Destroy ARC handle: 0x7ab062a440
07-08 18:53:26.883  1909 15541 D SyncTypeTopicDataSubVM: addItemEnterData 2-2-1-15 prepare, homework, diagnosis, highFreqWP, textbook, ladder, exercise, reviewPackage, newQuestionCourse, examination, newZKTotalReview, specialBreakthrough
07-08 18:53:26.883  1909  1909 D SyncTypeTopicDataSubVM: addItemEnterData 2-1-1-13 prepare, homework, diagnosis, highFreqWP, textbook, ladder, exercise, reviewPackage, newQuestionCourse, examination, newZKTotalReview, specialBreakthrough
07-08 18:53:26.883  1909 15541 D SyncTypeTopicDataSubVM: addItemEnterData 2-3-25-13 prepare, textbook, ladder, exercise, specialBtClassical, specialBtReading, specialBtWriting, reviewPackage, newQuestionCourse, examination, newZKTotalReview, specialBtPoetry, specialBreakthrough
07-08 18:53:26.883  1909 15541 D SyncTypeTopicDataSubVM: addItemEnterData 2-4-30-17 prepare, textbook, ladder, exercise, reviewPackage, examination, newZKTotalReview, specialBreakthrough
07-08 18:53:26.884  1909 15541 D SyncTypeTopicDataSubVM: addItemEnterData 2-5-1-15 prepare, vocabularyTrain, textbook, ladder, exercise, specialBtWriting, reviewPackage, newQuestionCourse, examination, specialBtChoiceWB, newZKTotalReview, specialBtReadingCps, specialBreakthrough, wordsSearch, specialBtGrammarBk
07-08 18:53:26.884  1909 15541 D SyncTypeTopicDataSubVM: addItemEnterData 2-6-1-13 prepare, textbook, ladder, exercise, reviewPackage, examination, newZKTotalReview, specialBreakthrough
07-08 18:53:26.885  1909 15541 D SyncTypeTopicDataSubVM: addItemEnterData 2-7-1-13 prepare, textbook, reviewPackage, geographyMemorize, examination, newZKTotalReview, specialBreakthrough
07-08 18:53:26.888   930  8054 D PowerHalWrapper: amsBoostStop AMS_BOOST_PACK_SWITCH:true, AMS_BOOST_ACT_SWITCH:false, AMS_BOOST_PROCESS_CREATE:false
07-08 18:53:26.892  1261  1261 V NavigationBarView: home = true
07-08 18:53:26.894  1261  1261 V NavigationBarView: recent = true
07-08 18:53:26.894  1261  1261 V NavigationBarView: back = true
07-08 18:53:26.901  1261  1261 I InputTransport: Destroy ARC handle: 0x7ab062a6c0
07-08 18:53:26.901   606   700 D agps    : [agps] WARNING: [CP] cp2_fd_1_reconnect_timeout
07-08 18:53:26.901   606   658 E agps    : [agps] ERR: [CP] get_ccci_uart  open failed node=[/dev/ttyC2] reason=[No such file or directory]
07-08 18:53:26.902   606   658 E agps    : [agps] ERR: [CP] get_eemcs_uart  open failed node=[/dev/eemcs_ipc_uart] reason=[No such file or directory]
07-08 18:53:26.902   606   658 E agps    : [agps] ERR: [CP] ccci_uart_1  open failed
07-08 18:53:26.908   930   947 I sysui_multi_action: [757,856,758,1,806,android,857,com.android.server.wm.AlertWindowNotification - com.yangcong345.eye.protection,858,1]
07-08 18:53:26.913   930   947 E NotificationManager: notify   lock = 1
07-08 18:53:26.913   930   947 E NotificationManager: notify  ALLOW
07-08 18:53:26.913   930   947 E NotificationManager: notifyAsUser   lock = 1
07-08 18:53:26.913   930   947 E NotificationManager: notifyAsUser  ALLOW
07-08 18:53:26.914   930   947 D HraManager: hra getallowSystemAppsManagerNotification
07-08 18:53:26.914   930   947 D NotificationService: current pckname --> In <-- SystemAppNotificationPckNameListWlist
07-08 18:53:26.915   930   947 D HraManager: hra getAllowNotificationPackageName
07-08 18:53:26.915   930   947 D NotificationService: current pckname --> Not <-- in NotificationPckNameListWlist
07-08 18:53:26.915   930   947 D HraManager: hra getallowNotificationPackageNameAndChannelId
07-08 18:53:26.915   930   947 D NotificationService: current PckNamechannelId --> Not <-- in NotificationChennalIDWlist
07-08 18:53:26.916   930   948 I WindowManager: Screen frozen for +344ms due to Window{571c439 u0 com.yangcong345.eye.protection}
07-08 18:53:26.919  1909 16536 D SyncTypeTopicDataSubVM: addItemEnterData 2-1-1-13 homework, highFreqWP, prepare, ladder, exercise, textbook, diagnosis, newZKTotalReview, specialBreakthrough, examination, newQuestionCourse, reviewPackage
07-08 18:53:26.919  1909 16536 D SyncTypeTopicDataSubVM: addItemEnterData 2-2-1-15 homework, highFreqWP, prepare, ladder, exercise, textbook, diagnosis, newZKTotalReview, specialBreakthrough, examination, newQuestionCourse, reviewPackage
07-08 18:53:26.919  1909 16536 D SyncTypeTopicDataSubVM: addItemEnterData 2-3-25-13 prepare, ladder, exercise, textbook, newZKTotalReview, specialBreakthrough, specialBtPoetry, specialBtWriting, specialBtReading, specialBtClassical, examination, newQuestionCourse, reviewPackage
07-08 18:53:26.919  1909 16536 D SyncTypeTopicDataSubVM: addItemEnterData 2-4-30-17 prepare, ladder, exercise, textbook, newZKTotalReview, specialBreakthrough, examination, reviewPackage
07-08 18:53:26.920  1909 16536 D SyncTypeTopicDataSubVM: addItemEnterData 2-5-1-15 vocabularyTrain, prepare, ladder, exercise, textbook, newZKTotalReview, specialBtGrammarBk, specialBreakthrough, specialBtWriting, specialBtReadingCps, wordsSearch, examination, specialBtChoiceWB, newQuestionCourse, reviewPackage
07-08 18:53:26.920  1909 16536 D SyncTypeTopicDataSubVM: addItemEnterData 2-6-1-13 prepare, ladder, exercise, textbook, newZKTotalReview, specialBreakthrough, examination, reviewPackage
07-08 18:53:26.920  1909 16536 D SyncTypeTopicDataSubVM: addItemEnterData 2-7-1-13 prepare, textbook, newZKTotalReview, specialBreakthrough, geographyMemorize, examination, reviewPackage
07-08 18:53:26.921   930   946 I commit_sys_config_file: [notification-policy,12]
07-08 18:53:26.935   930  8054 D wujq-f  :  filte 59 60  :10069 : 88 - true
07-08 18:53:26.935   930  8054 D wujq    : enter :10069 : 88
07-08 18:53:26.936  1261  1573 D Surface : Surface::disconnect(this=0x7b2c219000,api=1)
07-08 18:53:26.936   490   532 I BufferQueueProducer: [NavigationBar0#0](this:0x7269379800,id:720,api:1,p:1261,c:490) disconnect(P): api 1
07-08 18:53:26.937  1261  1573 D Surface : Surface::connect(this=0x7b2c219000,api=1)
07-08 18:53:26.937   490   532 I BufferQueueProducer: [NavigationBar0#0](this:0x7269379800,id:720,api:1,p:1261,c:490) connect(P): api=1 producer=(1261:com.android.systemui) producerControlledByApp=false
07-08 18:53:26.937  1261  1573 D mali_winsys: EGLint new_window_surface(egl_winsys_display *, void *, EGLSurface, EGLConfig, egl_winsys_surface **, EGLBoolean) returns 0x3000
07-08 18:53:26.938  1261  1573 D Surface : Surface::setBufferCount(this=0x7b2c219000,bufferCount=3)
07-08 18:53:26.961  1261  1573 D Surface : Surface::disconnect(this=0x7aaf4c7000,api=1)
07-08 18:53:26.961   490  2401 I BufferQueueProducer: [StatusBar#0](this:0x726933d800,id:5,api:1,p:1261,c:490) disconnect(P): api 1
07-08 18:53:26.963  1261  1573 D Surface : Surface::connect(this=0x7aaf4c7000,api=1)
07-08 18:53:26.963   490   531 I BufferQueueProducer: [StatusBar#0](this:0x726933d800,id:5,api:1,p:1261,c:490) connect(P): api=1 producer=(1261:com.android.systemui) producerControlledByApp=false
07-08 18:53:26.964  1261  1573 D mali_winsys: EGLint new_window_surface(egl_winsys_display *, void *, EGLSurface, EGLConfig, egl_winsys_surface **, EGLBoolean) returns 0x3000
07-08 18:53:26.965  1261  1573 D Surface : Surface::setBufferCount(this=0x7aaf4c7000,bufferCount=3)
07-08 18:53:26.969   463   713 I hwcomposer: [OVL] (0) Overlay input(0) was used with queue previously
07-08 18:53:26.969   463   713 I hwcomposer: [DBQ] (q2:0x76c0c85000) Buffer queue is destroyed
07-08 18:53:26.969   463   713 I hwcomposer: [DBQ] (q2:0x76c0c85000) Free Slot(0), handle=0x76c289bc40, 13926400 -> 0
07-08 18:53:26.994  1261  1261 D View    : [Warning] assignParent to null: this = com.android.systemui.assist.AssistOrbContainer{ee2f725 G.E...... ......ID 0,0-1600,500}
07-08 18:53:26.999  1261  1261 D ViewRootImpl[AssistPreviewPanel]: hardware acceleration = true , fakeHwAccelerated = false, sRendererDisabled = false, forceHwAccelerated = false, sSystemRendererDisabled = false
07-08 18:53:27.007  1261  1261 I InputTransport: Create ARC handle: 0x7ab02bece0
07-08 18:53:27.009  1261  1261 D StatusBar: disable<e i a s b h r c s > disable2<q i n >
07-08 18:53:27.011  1909 16548 D CacheInterceptor: requestRemoteFirst
07-08 18:53:27.012  1909 16548 D CacheInterceptor: request local cache success
07-08 18:53:27.016  1909 15537 D SyncTypeTopicDataSubVM: addItemEnterData 2-1-1-13 homework, highFreqWP, prepare, ladder, exercise, textbook, diagnosis, newZKTotalReview, specialBreakthrough, examination, newQuestionCourse, reviewPackage
07-08 18:53:27.017  1909 15537 D SyncTypeTopicDataSubVM: addItemEnterData 2-2-1-15 homework, highFreqWP, prepare, ladder, exercise, textbook, diagnosis, newZKTotalReview, specialBreakthrough, examination, newQuestionCourse, reviewPackage
07-08 18:53:27.017  1909 15537 D SyncTypeTopicDataSubVM: addItemEnterData 2-3-25-13 prepare, ladder, exercise, textbook, newZKTotalReview, specialBreakthrough, specialBtPoetry, specialBtWriting, specialBtReading, specialBtClassical, examination, newQuestionCourse, reviewPackage
07-08 18:53:27.017  1909 15537 D SyncTypeTopicDataSubVM: addItemEnterData 2-4-30-17 prepare, ladder, exercise, textbook, newZKTotalReview, specialBreakthrough, examination, reviewPackage
07-08 18:53:27.017  1909 15537 D SyncTypeTopicDataSubVM: addItemEnterData 2-5-1-15 vocabularyTrain, prepare, ladder, exercise, textbook, newZKTotalReview, specialBtGrammarBk, specialBreakthrough, specialBtWriting, specialBtReadingCps, wordsSearch, examination, specialBtChoiceWB, newQuestionCourse, reviewPackage
07-08 18:53:27.017  1909 15537 D SyncTypeTopicDataSubVM: addItemEnterData 2-6-1-13 prepare, ladder, exercise, textbook, newZKTotalReview, specialBreakthrough, examination, reviewPackage
07-08 18:53:27.018  1909 15537 D SyncTypeTopicDataSubVM: addItemEnterData 2-7-1-13 prepare, textbook, newZKTotalReview, specialBreakthrough, geographyMemorize, examination, reviewPackage
07-08 18:53:27.026  1261  1261 D View    : [Warning] assignParent to null: this = com.android.systemui.stackdivider.DividerView{80d1108 I.E...... ......ID 0,0-0,96}
07-08 18:53:27.037   930  2928 D wujq-f  :  filte 59 60  :10069 : 88 - true
07-08 18:53:27.037   930  2928 D wujq    : enter :10069 : 88
07-08 18:53:27.038  1261  1261 D ViewRootImpl[DockedStackDivider]: hardware acceleration = true , fakeHwAccelerated = false, sRendererDisabled = false, forceHwAccelerated = false, sSystemRendererDisabled = false
07-08 18:53:27.045  1261  1261 I InputTransport: Create ARC handle: 0x7ab057aca0
07-08 18:53:27.046   930   948 I PowerHalWrapper: <setRotation> do boost with 0ms
07-08 18:53:27.049   480   496 I libPowerHal: 35: cpu_ctrl set freq: -1 -1 -1 -1
07-08 18:53:27.051   930   948 V WindowManager: updateRotationUnchecked mRotation=1, mLastOrientation=0
07-08 18:53:27.052  1909  1927 I oud.ui.launche: Background concurrent copying GC freed 128031(7953KB) AllocSpace objects, 185(10212KB) LOS objects, 19% free, 24MB/30MB, paused 219us total 182.214ms
07-08 18:53:27.056   930  2928 D wujq-f  :  filte 59 60  :10069 : 88 - true
07-08 18:53:27.056   930  2928 D wujq    : enter :10069 : 88
07-08 18:53:27.058   490   490 I BufferQueue: [ScreenshotSurface#0](this:0x72852a2000,id:727,api:2,p:-1,c:-1) ~BufferQueueCore
07-08 18:53:27.066  1909  1909 D SyncTypeTopicDataSubVM: addItemEnterData 2-1-1-13 homework, highFreqWP, prepare, ladder, exercise, textbook, diagnosis, newZKTotalReview, specialBreakthrough, examination, newQuestionCourse, reviewPackage
07-08 18:53:27.071   595   638 I Proximity: distance = 2
07-08 18:53:27.072  1261  1573 D Surface : Surface::disconnect(this=0x7aaf4c7000,api=1)
07-08 18:53:27.072   490   531 I BufferQueueProducer: [StatusBar#0](this:0x726933d800,id:5,api:1,p:1261,c:490) disconnect(P): api 1
07-08 18:53:27.073  1261  1573 D Surface : Surface::connect(this=0x7aaf4c7000,api=1)
07-08 18:53:27.073   490   531 I BufferQueueProducer: [StatusBar#0](this:0x726933d800,id:5,api:1,p:1261,c:490) connect(P): api=1 producer=(1261:com.android.systemui) producerControlledByApp=false
07-08 18:53:27.074  1261  1573 D mali_winsys: EGLint new_window_surface(egl_winsys_display *, void *, EGLSurface, EGLConfig, egl_winsys_surface **, EGLBoolean) returns 0x3000
07-08 18:53:27.074  1261  1573 D Surface : Surface::setBufferCount(this=0x7aaf4c7000,bufferCount=3)
07-08 18:53:27.095  1261  1573 D Surface : Surface::disconnect(this=0x7b2c219000,api=1)
07-08 18:53:27.095   490  2401 I BufferQueueProducer: [NavigationBar0#0](this:0x7269379800,id:720,api:1,p:1261,c:490) disconnect(P): api 1
07-08 18:53:27.095  1261  1573 D Surface : Surface::connect(this=0x7b2c219000,api=1)
07-08 18:53:27.095   490  2401 I BufferQueueProducer: [NavigationBar0#0](this:0x7269379800,id:720,api:1,p:1261,c:490) connect(P): api=1 producer=(1261:com.android.systemui) producerControlledByApp=false
07-08 18:53:27.097  1261  1573 D mali_winsys: EGLint new_window_surface(egl_winsys_display *, void *, EGLSurface, EGLConfig, egl_winsys_surface **, EGLBoolean) returns 0x3000
07-08 18:53:27.097  1261  1573 D Surface : Surface::setBufferCount(this=0x7b2c219000,bufferCount=3)
07-08 18:53:27.104  1261  1261 I InputTransport: Destroy ARC handle: 0x7ac6a2a5c0
07-08 18:53:27.107  1261  1261 V NavigationBarView: home = true
07-08 18:53:27.107  1261  1261 V NavigationBarView: recent = true
07-08 18:53:27.107  1261  1261 V NavigationBarView: back = true
07-08 18:53:27.110  1261  1261 I InputTransport: Destroy ARC handle: 0x7ab02be160
07-08 18:53:27.137   930  2928 D wujq-f  :  filte 59 60  :10069 : 88 - true
07-08 18:53:27.137   930  2928 D wujq    : enter :10069 : 88
07-08 18:53:27.156   930  2928 D wujq-f  :  filte 59 60  :10069 : 88 - true
07-08 18:53:27.156   930  2928 D wujq    : enter :10069 : 88
07-08 18:53:27.276   595   638 I Proximity: distance = 2
07-08 18:53:27.293  1742  1742 I ADB_SERVICES: service_to_fd shell,v2,raw:dumpsys activity
07-08 18:53:27.316   477   878 E VT HIDL : [IVT] [VT THREAD] [VT_Bind] des = volte_imsvt1 Fail to connect . retry count: 36362
07-08 18:53:27.317   477   878 D VT HIDL : [IVT] isIMCBrun : True
07-08 18:53:27.330   930  2928 D HraManager: hra getBlackIntentActionList
07-08 18:53:27.338  1742 16734 I ADB_SERVICES: post waitpid (pid=16733) status=0000
07-08 18:53:27.338  1742  1742 I ADB_SERVICES: for fd 32, revents = 2011
07-08 18:53:27.338  1742  1742 I ADB_SERVICES: for fd 32, revents = 2011
07-08 18:53:27.359  1742  1742 I ADB_SERVICES: service_to_fd shell,v2,raw:dumpsys gfxinfo com.yangcong345.cloud.ui.launcher framestats
07-08 18:53:27.364  1742  1742 I ADB_SERVICES: service_to_fd shell,v2,raw:date +%s
07-08 18:53:27.386  1742 16739 I ADB_SERVICES: post waitpid (pid=16738) status=0000
07-08 18:53:27.386  1742  1742 I ADB_SERVICES: for fd 36, revents = 2010
07-08 18:53:27.386  1742  1742 I ADB_SERVICES: for fd 36, revents = 2011
07-08 18:53:27.390  1742 16737 I ADB_SERVICES: post waitpid (pid=16736) status=0000
07-08 18:53:27.390  1742  1742 I ADB_SERVICES: for fd 32, revents = 2011
07-08 18:53:27.391  1742  1742 I ADB_SERVICES: for fd 32, revents = 2011
07-08 18:53:27.480   595   638 I Proximity: distance = 2
07-08 18:53:27.571 16661 16661 I Monkey  : :Sending Touch (ACTION_DOWN): 0:(1590.0,401.0)
07-08 18:53:27.574 16661 16661 I Monkey  : :Sending Touch (ACTION_UP): 0:(1577.0553,406.20135)
07-08 18:53:27.576 16661 16661 I Monkey  : Sleeping for 1000 milliseconds
07-08 18:53:27.577   930  1209 D AudioTrack: setVolume(24): 0x7ab8efd000, left = 0.501187, right = 0.501187
07-08 18:53:27.577   930  1209 D AudioTrack: start(24): 0x7ab8efd000, prior state:STATE_STOPPED
07-08 18:53:27.577   484   596 D APM_AudioPolicyManager: startOutput() output 29, stream 1, session 25
07-08 18:53:27.577  1354  1354 D MtkTelephonyAssist: AssistRIL: resetProxyAndRequestList
07-08 18:53:27.578   345   345 I hwservicemanager: getTransport: Cannot find entry vendor.mediatek.hardware.mtkradioex@1.0::IMtkRadioEx/mtkAssist1 in either framework or device manifest.
07-08 18:53:27.578  1354  1354 E MtkTelephonyAssist: AssistRIL: MtkRadioProxy getService/setResponseFunctions: java.util.NoSuchElementException
07-08 18:53:27.581  1354  1354 D CapRIL  : resetProxyAndRequestList
07-08 18:53:27.582   345   345 I hwservicemanager: getTransport: Cannot find entry vendor.mediatek.hardware.mtkradioex@1.0::IMtkRadioEx/mtkCap1 in either framework or device manifest.
07-08 18:53:27.582  1354  1354 D CapRIL  : MtkRadioProxy getService/setResponseFunctions: java.util.NoSuchElementException
07-08 18:53:27.640   930  1832 E TaskPersister: File error accessing recents directory (directory doesn't exist?).
07-08 18:53:27.681   930  1287 D AudioTrack: setVolume(24): 0x7ab8efd000, left = 0.000000, right = 0.000000
07-08 18:53:27.685   595   638 I Proximity: distance = 2
07-08 18:53:27.701   930  1287 D AudioTrack: stop(24): 0x7ab8efd000, prior state:STATE_ACTIVE
07-08 18:53:27.701   930  1287 D AudioTrack: stop(24): 0x7ab8efd000 stop done
07-08 18:53:27.726   484   563 D APM_AudioPolicyManager: stopOutput portId 24
07-08 18:53:27.727   484   563 D APM_AudioPolicyManager: stopOutput() output 29, stream 1, session 25
07-08 18:53:27.727   930  9987 D wujq-f  :  filte 59 60  :1041 : 40 - true
07-08 18:53:27.802  2488 16742 I MMKV    : <MMKV.cpp:226::initializeMMKV> root dir: /data/user/0/com.yangcong345.android.phone/files/mmkv
07-08 18:53:27.802  2488 16608 D CacheInterceptor: requestRemoteOnly
07-08 18:53:27.808  2488 16598 D CacheInterceptor: requestRemoteOnly
07-08 18:53:27.810   445 16743 E ResolverController: No valid NAT64 prefix (100, <unspecified>/0)
07-08 18:53:27.817   477   878 E VT HIDL : [IVT] [VT THREAD] [VT_Bind] des = volte_imsvt1 Fail to connect . retry count: 36363
07-08 18:53:27.818   477   878 D VT HIDL : [IVT] isIMCBrun : True
07-08 18:53:27.888   595   638 I Proximity: distance = 2
07-08 18:53:27.932  2488  2488 I MMKV    : <MMKV.cpp:1180::sync> MMKV::sync, SyncFlag = 0
07-08 18:53:27.932  2488  2488 I MMKV    : <MMKV_IO.cpp:512::writeActualSize> [hot_user_prefs_me] increase sequence to 4, crc 1047077604, actualSize 471
07-08 18:53:27.932  2488  2488 I MMKV    : <MMKV.cpp:1180::sync> MMKV::sync, SyncFlag = 1
07-08 18:53:27.938  2488  2488 I MMKV    : <MMKV.cpp:1180::sync> MMKV::sync, SyncFlag = 0
07-08 18:53:27.985  2488 16607 W System.err: java.text.ParseException: Unparseable date: "2024-07-08T18:53:27.992668045+08:00"
07-08 18:53:27.986  2488 16607 W System.err: 	at java.text.DateFormat.parse(DateFormat.java:362)
07-08 18:53:27.986  2488 16607 W System.err: 	at com.yangcong345.platform.utils.time.DateUtil.str2Date(TbsSdkJava:6)
07-08 18:53:27.986  2488 16607 W System.err: 	at com.yangcong345.platform.utils.time.DateUtil.str2Date$default(Unknown Source:12)
07-08 18:53:27.986  2488 16607 W System.err: 	at com.yangcong345.learn.feature.video.cache.CacheAuthorizationHelper.saveLastOpenCacheTime(TbsSdkJava:7)
07-08 18:53:27.986  2488 16607 W System.err: 	at com.yangcong345.learn.feature.video.cache.CacheAuthorizationHelper.access$saveLastOpenCacheTime(Unknown Source:0)
07-08 18:53:27.986  2488 16607 W System.err: 	at com.yangcong345.learn.feature.video.cache.CacheAuthorizationHelper$refreshUserVideoAuth$dispose$2.invoke(TbsSdkJava:4)
07-08 18:53:27.986  2488 16607 W System.err: 	at com.yangcong345.learn.feature.video.cache.CacheAuthorizationHelper$refreshUserVideoAuth$dispose$2.invoke(TbsSdkJava:1)
07-08 18:53:27.986  2488 16607 W System.err: 	at com.yangcong345.learn.feature.video.cache.CacheAuthorizationHelper.refreshUserVideoAuth$lambda$1(Unknown Source:5)
07-08 18:53:27.986  2488 16607 W System.err: 	at com.yangcong345.learn.feature.video.cache.CacheAuthorizationHelper.a(Unknown Source:0)
07-08 18:53:27.986  2488 16607 W System.err: 	at com.yangcong345.learn.feature.video.cache.a.accept(Unknown Source:2)
