07-08 18:53:43.725   490   531 I BufferQueue: [unnamed-490-733](this:0x72852bb000,id:733,api:0,p:-1,c:-1) BufferQueue core=(490:/system/bin/surfaceflinger)
07-08 18:53:43.725   490   531 I BufferQueueConsumer: [unnamed-490-733](this:0x72852bb000,id:733,api:0,p:-1,c:490) connect(C): consumer=(490:/system/bin/surfaceflinger) controlledByApp=false
07-08 18:53:43.725   490   531 I BufferQueueConsumer: [unnamed-490-733](this:0x72852bb000,id:733,api:0,p:-1,c:490) setConsumerName: unnamed-490-733
07-08 18:53:43.725   490   531 I BufferQueueConsumer: [ScreenshotSurface#0](this:0x72852bb000,id:733,api:0,p:-1,c:490) setConsumerName: ScreenshotSurface#0
07-08 18:53:43.725   490   531 I BufferQueueConsumer: [ScreenshotSurface#0](this:0x72852bb000,id:733,api:0,p:-1,c:490) setDefaultBufferSize: width=1600 height=2176
07-08 18:53:43.742   490   490 I SurfaceFlinger: screenshot (com.yangcong345.android.phone/com.yangcong345.webpage.container.WebHorizontalActivity#0)
07-08 18:53:43.742   490   490 I SurfaceFlinger: screenshot (#0)
07-08 18:53:43.742   490   490 I SurfaceFlinger: screenshot (NavigationBar0#0)
07-08 18:53:43.751   930  2928 D Surface : Surface::connect(this=0x7ad02e9000,api=2)
07-08 18:53:43.751   490   531 I BufferQueueProducer: [ScreenshotSurface#0](this:0x72852bb000,id:733,api:2,p:930,c:490) connect(P): api=2 producer=(930:system_server) producerControlledByApp=false
07-08 18:53:43.753   930  2928 D Surface : Surface::disconnect(this=0x7ad02e9000,api=2)
07-08 18:53:43.753   490   531 I BufferQueueProducer: [ScreenshotSurface#0](this:0x72852bb000,id:733,api:2,p:930,c:490) disconnect(P): api 2
07-08 18:53:43.755   930  2928 I am_add_to_stopping: [0,38839661,com.yangcong345.android.phone/com.yangcong345.webpage.container.WebHorizontalActivity,makeInvisible]
07-08 18:53:43.755   930  2928 I configuration_changed: 536872064
07-08 18:53:43.759   463   713 W hwcomposer: [OVL] (0) No overlay input queue(0)
07-08 18:53:43.759   463   713 I hwcomposer: [DBQ] (q2:0x76c0c85000) Buffer queue is created with size(3)
07-08 18:53:43.759   463   713 I hwcomposer: [DBQ] (q2:0x76c0c85000) setConsumerListener
07-08 18:53:43.759   463   713 I hwcomposer: [DBQ] (q2:0x76c0c85000) Reallocate Slot(0), pool(0 -> 0) size(0 -> 13926400)
07-08 18:53:43.760   930  2928 I ActivityTaskManager: Config changes=20000480 {1.04 ?mcc?mnc [zh_CN] ldltr sw800dp w800dp h1016dp 320dpi xlrg port finger -keyb/v/h -nav/h winConfig={ mBounds=Rect(0, 0 - 1600, 2176) mAppBounds=Rect(0, 0 - 1600, 2080) mWindowingMode=fullscreen mDisplayWindowingMode=fullscreen mActivityType=undefined mAlwaysOnTop=undefined mRotation=ROTATION_0} s.8249}
07-08 18:53:43.770   930  2928 I ActivityTaskManager: Override config changes=20000480 {1.04 ?mcc?mnc [zh_CN] ldltr sw800dp w800dp h1016dp 320dpi xlrg port finger -keyb/v/h -nav/h winConfig={ mBounds=Rect(0, 0 - 1600, 2176) mAppBounds=Rect(0, 0 - 1600, 2080) mWindowingMode=fullscreen mDisplayWindowingMode=fullscreen mActivityType=undefined mAlwaysOnTop=undefined mRotation=ROTATION_0} s.8249} for displayId=0
07-08 18:53:43.770  1870  1870 I Matrix.ActivityThreadHacker: [handleMessage] msg.what:159 begin:18596099 isLaunchActivity:false SDK_INT=29
07-08 18:53:43.772   930  2928 I sysui_multi_action: [757,1659,758,4,759,1,1660,0]
07-08 18:53:43.773   930  2928 V WindowManager: updateRotationUnchecked mRotation=0, mLastOrientation=1
07-08 18:53:43.774   930  2928 I am_restart_activity: [0,92425332,149,com.yangcong345.android.phone/com.yangcong345.main.phone.splash.SplashActivity]
07-08 18:53:43.775   930  2928 I am_set_resumed_activity: [0,com.yangcong345.android.phone/com.yangcong345.main.phone.splash.SplashActivity,minimalResumeActivityLocked]
07-08 18:53:43.770  1870  1870 I Matrix.ActivityThreadHacker: [handleMessage] msg.what:159 begin:18596099 isLaunchActivity:false SDK_INT=29
07-08 18:53:43.776   930  2928 D PowerHalWrapper: amsBoostNotify pid:2488,activity:com.yangcong345.main.phone.splash.SplashActivity, package:com.yangcong345.android.phone, mProcessCreatePackcom.yangcong345.pad.systemsetting
07-08 18:53:43.777   930  2928 D PowerHalWrapper: amsBoostNotify AMS_BOOST_PROCESS_CREATE_BOOST:false
07-08 18:53:43.785   930   947 I am_stop_activity: [0,38839661,com.yangcong345.android.phone/com.yangcong345.webpage.container.WebHorizontalActivity]
07-08 18:53:43.786   930   947 I InputManager-JNI: Viewport [0] to add: local:0
07-08 18:53:43.787   930  1068 I InputReader: Reconfiguring input devices.  changes=0x00000004
07-08 18:53:43.788   345   345 I hwservicemanager: getTransport: Cannot find entry vendor.mediatek.hardware.nwk_opt@1.0::INwkOpt/default in either framework or device manifest.
07-08 18:53:43.788   930  1068 I         : Couldn't load Nwk Opt HAL service
07-08 18:53:43.788  1261  1261 D View    : [Warning] assignParent to null: this = com.android.systemui.assist.AssistOrbContainer{d9cb7f G.E...... ......ID 0,0-2176,500}
07-08 18:53:43.788   930  1068 I InputReader: Device reconfigured: id=3, name='himax-touchscreen', size 1600x2176, orientation 0, mode 1, display id 0
07-08 18:53:43.789   345   345 I hwservicemanager: getTransport: Cannot find entry vendor.mediatek.hardware.nwk_opt@1.0::INwkOpt/default in either framework or device manifest.
07-08 18:53:43.789  1354  1354 D MtkSubscriptionInfoUpdater: onReceive, Action: android.intent.action.CONFIGURATION_CHANGED
07-08 18:53:43.789   930  1068 I         : Couldn't load Nwk Opt HAL service
07-08 18:53:43.789   930  1068 I InputReader: Device reconfigured: id=4, name='mtk-tpd', size 1600x2176, orientation 0, mode 1, display id 0
07-08 18:53:43.790   930   947 I sysui_multi_action: [757,803,799,window_time_0,802,7]
07-08 18:53:43.791   345   345 I hwservicemanager: getTransport: Cannot find entry vendor.mediatek.hardware.nwk_opt@1.0::INwkOpt/default in either framework or device manifest.
07-08 18:53:43.791   930  1068 I         : Couldn't load Nwk Opt HAL service
07-08 18:53:43.792   930  1068 I InputReader: Device reconfigured: id=5, name='himax-stylus', size 1600x2176, orientation 0, mode 1, display id 0
07-08 18:53:43.793  1261  1261 D ViewRootImpl[AssistPreviewPanel]: hardware acceleration = true , fakeHwAccelerated = false, sRendererDisabled = false, forceHwAccelerated = false, sSystemRendererDisabled = false
07-08 18:53:43.796  3259  3489 D Surface : Surface::disconnect(this=0x7bc2336000,api=1)
07-08 18:53:43.796   490  1489 I BufferQueueProducer: [#0](this:0x7285332000,id:729,api:1,p:3259,c:490) disconnect(P): api 1
07-08 18:53:43.798  1261  1261 I InputTransport: Create ARC handle: 0x7aaf609c80
07-08 18:53:43.798  3259  3489 D Surface : Surface::connect(this=0x7bc2336000,api=1)
07-08 18:53:43.799   490   531 I BufferQueueProducer: [#0](this:0x7285332000,id:729,api:1,p:3259,c:490) connect(P): api=1 producer=(3259:com.yangcong345.eye.protection) producerControlledByApp=false
07-08 18:53:43.799  1261  1261 D StatusBar: disable<e i a s b h r c s > disable2<q i n >
07-08 18:53:43.799  3259  3489 D mali_winsys: EGLint new_window_surface(egl_winsys_display *, void *, EGLSurface, EGLConfig, egl_winsys_surface **, EGLBoolean) returns 0x3000
07-08 18:53:43.799  3259  3489 D Surface : Surface::setBufferCount(this=0x7bc2336000,bufferCount=3)
07-08 18:53:43.802  3271  3301 W webview_servic: Reducing the number of considered missed Gc histogram windows from 1013 to 100
07-08 18:53:43.807  1261  1261 D View    : [Warning] assignParent to null: this = com.android.systemui.stackdivider.DividerView{f754caa I.E...... ......ID 0,0-96,0}
07-08 18:53:43.813  1261  1261 D ViewRootImpl[DockedStackDivider]: hardware acceleration = true , fakeHwAccelerated = false, sRendererDisabled = false, forceHwAccelerated = false, sSystemRendererDisabled = false
07-08 18:53:43.815   490  1489 I BufferQueueProducer: [#0](this:0x7285332000,id:729,api:1,p:3259,c:490) queueBuffer: fps=0.12 dur=16932.02 max=16902.03 min=29.99
07-08 18:53:43.816   930   948 D skia_mt : canRunInCoworker = true
07-08 18:53:43.819  1261  1261 I InputTransport: Create ARC handle: 0x7aaf631360
07-08 18:53:43.820  3259  3489 D Surface : Surface::disconnect(this=0x7bc2336000,api=1)
07-08 18:53:43.820   490  1489 I BufferQueueProducer: [#0](this:0x7285332000,id:729,api:1,p:3259,c:490) disconnect(P): api 1
07-08 18:53:43.820  3259  3259 D View    : [Warning] assignParent to null: this = com.hjq.shape.layout.ShapeConstraintLayout{cf21160 V.E...... ........ 0,0-1152,216}
07-08 18:53:43.822  3259  3259 I InputTransport: Destroy ARC handle: 0x7ad137cc60
07-08 18:53:43.823   930   930 I notification_cancel_all: [1000,930,android,0,0,0,17,NULL]
07-08 18:53:43.823   930   947 I sysui_multi_action: [757,856,758,2,806,android,857,com.android.server.wm.AlertWindowNotification - com.yangcong345.eye.protection,858,1]
07-08 18:53:43.823   490   490 I BufferQueue: [#0](this:0x7285332000,id:729,api:1,p:-1,c:-1) ~BufferQueueCore
07-08 18:53:43.825   930   948 E system_server: Invalid ID 0x00000000.
07-08 18:53:43.826   463   463 I hwcomposer: [HWCDisplay] [Display_0 (type:1)] fps:58.992229,dur:1000.13,max:32.48,min:14.34
07-08 18:53:43.828   930   948 D ViewRootImpl[phone]: hardware acceleration = false , fakeHwAccelerated = true, sRendererDisabled = false, forceHwAccelerated = false, sSystemRendererDisabled = false
07-08 18:53:43.829   930   946 I commit_sys_config_file: [notification-policy,5]
07-08 18:53:43.830   930  2928 D wujq-f  :  filte 59 60  :10069 : 88 - true
07-08 18:53:43.830   930  2928 D wujq    : enter :10069 : 88
07-08 18:53:43.831   930   948 I InputTransport: Create ARC handle: 0x7b30af6d00
07-08 18:53:43.832  1261  1261 V NavigationBarView: home = true
07-08 18:53:43.832  1261  1261 V NavigationBarView: recent = true
07-08 18:53:43.832  1261  1261 V NavigationBarView: back = true
07-08 18:53:43.834  3259  3259 D ViewRootImpl[]: hardware acceleration = true , fakeHwAccelerated = false, sRendererDisabled = false, forceHwAccelerated = false, sSystemRendererDisabled = false
07-08 18:53:43.835   930  7986 D wujq-f  :  filte 59 60  :10114 : 24 - true
07-08 18:53:43.835   930  7986 D wujq    : enter :10114 : 24
07-08 18:53:43.836   930  7986 D wujq-f  :  filte 59 60  :10114 : 24 - true
07-08 18:53:43.836   930  7986 D wujq    : enter :10114 : 24
07-08 18:53:43.838  3259  3259 I InputTransport: Create ARC handle: 0x7ad137ccc0
07-08 18:53:43.839   930  7986 D HraManager: hra getBlackIntentActionList
07-08 18:53:43.841   477   878 E VT HIDL : [IVT] [VT THREAD] [VT_Bind] des = volte_imsvt1 Fail to connect . retry count: 36395
07-08 18:53:43.842   930   948 D wujq-f  :  filte 59 60  :10069 : 88 - true
07-08 18:53:43.842   930   948 D wujq    : enter :10069 : 88
07-08 18:53:43.842   477   878 D VT HIDL : [IVT] isIMCBrun : True
07-08 18:53:43.844   595   638 I Proximity: distance = 2
07-08 18:53:43.844  1493 16920 E AndroidIME: amn: Error reading file: /data/user_de/0/com.google.android.inputmethod.pinyin/files/keyboard_def_cache_c2a8f61e5d975d7d7159bba13174341d
07-08 18:53:43.844  1493 16920 E AndroidIME: java.nio.channels.ClosedByInterruptException
07-08 18:53:43.844  1493 16920 E AndroidIME: 	at java.nio.channels.spi.AbstractInterruptibleChannel.end(AbstractInterruptibleChannel.java:203)
07-08 18:53:43.844  1493 16920 E AndroidIME: 	at sun.nio.ch.FileChannelImpl.size(FileChannelImpl.java:364)
07-08 18:53:43.844  1493 16920 E AndroidIME: 	at amn.a(PG:8)
07-08 18:53:43.844  1493 16920 E AndroidIME: 	at amn.a(PG:74)
07-08 18:53:43.844  1493 16920 E AndroidIME: 	at agy.a(PG:9)
07-08 18:53:43.844  1493 16920 E AndroidIME: 	at com.google.android.apps.inputmethod.libs.framework.core.KeyboardDefManager.a(PG:46)
07-08 18:53:43.844  1493 16920 E AndroidIME: 	at akg.doInBackground(PG:28)
07-08 18:53:43.844  1493 16920 E AndroidIME: 	at android.os.AsyncTask$3.call(AsyncTask.java:378)
07-08 18:53:43.844  1493 16920 E AndroidIME: 	at java.util.concurrent.FutureTask.run(FutureTask.java:266)
07-08 18:53:43.844  1493 16920 E AndroidIME: 	at java.util.concurrent.Executors$RunnableAdapter.call(Executors.java:462)
07-08 18:53:43.844  1493 16920 E AndroidIME: 	at java.util.concurrent.FutureTask.run(FutureTask.java:266)
07-08 18:53:43.844  1493 16920 E AndroidIME: 	at agu.run(PG:15)
07-08 18:53:43.844  1493 16920 E AndroidIME: 	at java.util.concurrent.ThreadPoolExecutor.runWorker(ThreadPoolExecutor.java:1167)
07-08 18:53:43.844  1493 16920 E AndroidIME: 	at java.util.concurrent.ThreadPoolExecutor$Worker.run(ThreadPoolExecutor.java:641)
07-08 18:53:43.844  1493 16920 E AndroidIME: 	at java.lang.Thread.run(Thread.java:919)
07-08 18:53:43.844  1493 16920 E AndroidIME: 	at agp.run(PG:8)
07-08 18:53:43.845   490   531 I BufferQueue: [unnamed-490-734](this:0x72852bc800,id:734,api:0,p:-1,c:-1) BufferQueue core=(490:/system/bin/surfaceflinger)
07-08 18:53:43.845   490   531 I BufferQueueConsumer: [unnamed-490-734](this:0x72852bc800,id:734,api:0,p:-1,c:490) connect(C): consumer=(490:/system/bin/surfaceflinger) controlledByApp=false
07-08 18:53:43.845   490   531 I BufferQueueConsumer: [unnamed-490-734](this:0x72852bc800,id:734,api:0,p:-1,c:490) setConsumerName: unnamed-490-734
07-08 18:53:43.845   490   531 I BufferQueueConsumer: [Splash Screen com.yangcong345.android.phone#0](this:0x72852bc800,id:734,api:0,p:-1,c:490) setConsumerName: Splash Screen com.yangcong345.android.phone#0
07-08 18:53:43.845   490   531 I BufferQueueConsumer: [Splash Screen com.yangcong345.android.phone#0](this:0x72852bc800,id:734,api:0,p:-1,c:490) setDefaultBufferSize: width=1600 height=2176
07-08 18:53:43.846   930  7986 D wujq-f  :  filte 59 60  :10100 : 0 - true
07-08 18:53:43.846   930  7986 D wujq    : enter :10100 : 0
07-08 18:53:43.848  1261  1261 I EmergencyButton: ss.getState()=1 ss.isEmergencyOnly()=false for simId=0
07-08 18:53:43.848  1261  1261 D KeyguardSecurityModel: isPinPukOrMeRequiredOfSubId() - phoneId = 0, simState = UNKNOWN
07-08 18:53:43.848  1261  1261 D AntiTheftManager: getCurrentAntiTheftMode() is called.
07-08 18:53:43.849   490   531 I BufferQueue: [unnamed-490-735](this:0x7285333800,id:735,api:0,p:-1,c:-1) BufferQueue core=(490:/system/bin/surfaceflinger)
07-08 18:53:43.849   490   531 I BufferQueueConsumer: [unnamed-490-735](this:0x7285333800,id:735,api:0,p:-1,c:490) connect(C): consumer=(490:/system/bin/surfaceflinger) controlledByApp=false
07-08 18:53:43.849   490   531 I BufferQueueConsumer: [unnamed-490-735](this:0x7285333800,id:735,api:0,p:-1,c:490) setConsumerName: unnamed-490-735
07-08 18:53:43.849   490   531 I BufferQueueConsumer: [#0](this:0x7285333800,id:735,api:0,p:-1,c:490) setConsumerName: #0
07-08 18:53:43.849   490   531 I BufferQueueConsumer: [#0](this:0x7285333800,id:735,api:0,p:-1,c:490) setDefaultBufferSize: width=1152 height=216
07-08 18:53:43.851   930   948 D wujq-f  :  filte 59 60  :10069 : 88 - true
07-08 18:53:43.851   930   948 D wujq    : enter :10069 : 88
07-08 18:53:43.851   930   948 D wujq-f  :  filte 59 60  :10069 : 88 - true
07-08 18:53:43.851   930   948 D wujq    : enter :10069 : 88
07-08 18:53:43.852   930   948 D Surface : lockCanvas
07-08 18:53:43.852   930   948 D Surface : Surface::connect(this=0x7b30a97000,api=2)
07-08 18:53:43.852   490   531 I BufferQueueProducer: [Splash Screen com.yangcong345.android.phone#0](this:0x72852bc800,id:734,api:2,p:930,c:490) connect(P): api=2 producer=(930:system_server) producerControlledByApp=false
07-08 18:53:43.854  1261  1261 I InputTransport: Destroy ARC handle: 0x7ab02bece0
07-08 18:53:43.857  3259  3489 D Surface : Surface::connect(this=0x7bc2336000,api=1)
07-08 18:53:43.858   490   531 I BufferQueueProducer: [#0](this:0x7285333800,id:735,api:1,p:3259,c:490) connect(P): api=1 producer=(3259:com.yangcong345.eye.protection) producerControlledByApp=false
07-08 18:53:43.859  3259  3489 D mali_winsys: EGLint new_window_surface(egl_winsys_display *, void *, EGLSurface, EGLConfig, egl_winsys_surface **, EGLBoolean) returns 0x3000
07-08 18:53:43.860  3259  3489 D Surface : Surface::setBufferCount(this=0x7bc2336000,bufferCount=3)
07-08 18:53:43.860  3259  3489 D Surface : Surface::allocateBuffers(this=0x7bc2336000)
07-08 18:53:43.866   930  2928 D wujq-f  :  filte 59 60  :10069 : 88 - true
07-08 18:53:43.866   930  2928 D wujq    : enter :10069 : 88
07-08 18:53:43.879   490  1489 I BufferQueueConsumer: [StatusBar#0](this:0x726933d800,id:5,api:1,p:1261,c:490) setDefaultBufferSize: width=1600 height=48
07-08 18:53:43.886  1261  1573 D Surface : Surface::disconnect(this=0x7aaf4c7000,api=1)
07-08 18:53:43.887   490  1489 I BufferQueueProducer: [StatusBar#0](this:0x726933d800,id:5,api:1,p:1261,c:490) disconnect(P): api 1
07-08 18:53:43.888   930   947 I sysui_multi_action: [757,856,758,1,806,android,857,com.android.server.wm.AlertWindowNotification - com.yangcong345.eye.protection,858,1]
07-08 18:53:43.891  1261  1573 D Surface : Surface::connect(this=0x7aaf4c7000,api=1)
07-08 18:53:43.893   490   966 I BufferQueueProducer: [StatusBar#0](this:0x726933d800,id:5,api:1,p:1261,c:490) connect(P): api=1 producer=(1261:com.android.systemui) producerControlledByApp=false
07-08 18:53:43.893   930   947 E NotificationManager: notify   lock = 1
07-08 18:53:43.893   930   947 E NotificationManager: notify  ALLOW
07-08 18:53:43.893   930   947 E NotificationManager: notifyAsUser   lock = 1
07-08 18:53:43.893   930   947 E NotificationManager: notifyAsUser  ALLOW
07-08 18:53:43.893   930   946 I commit_sys_config_file: [notification-policy,5]
07-08 18:53:43.894   930   947 D HraManager: hra getallowSystemAppsManagerNotification
07-08 18:53:43.894   930   947 D NotificationService: current pckname --> In <-- SystemAppNotificationPckNameListWlist
07-08 18:53:43.894   930   947 D HraManager: hra getAllowNotificationPackageName
07-08 18:53:43.894   930   947 D NotificationService: current pckname --> Not <-- in NotificationPckNameListWlist
07-08 18:53:43.894   930   947 D HraManager: hra getallowNotificationPackageNameAndChannelId
07-08 18:53:43.894   930   947 D NotificationService: current PckNamechannelId --> Not <-- in NotificationChennalIDWlist
07-08 18:53:43.894  1261  1573 D mali_winsys: EGLint new_window_surface(egl_winsys_display *, void *, EGLSurface, EGLConfig, egl_winsys_surface **, EGLBoolean) returns 0x3000
07-08 18:53:43.895  1261  1573 D Surface : Surface::setBufferCount(this=0x7aaf4c7000,bufferCount=3)
07-08 18:53:43.895   930   948 D skia_mt : canRunInCoworker = true
07-08 18:53:43.909   490   531 I BufferQueueProducer: [StatusBar#0](this:0x726933d800,id:5,api:1,p:1261,c:490) queueBuffer: fps=0.54 dur=3692.20 max=3678.58 min=13.62
07-08 18:53:43.911   930   948 D Surface : lockCanvas
07-08 18:53:43.922   930   938 I system_server: NativeAlloc concurrent copying GC freed 85506(5492KB) AllocSpace objects, 24(544KB) LOS objects, 31% free, 13MB/19MB, paused 180us total 128.427ms
07-08 18:53:43.926   490   966 I BufferQueueConsumer: [NavigationBar0#0](this:0x7269379800,id:720,api:1,p:1261,c:490) setDefaultBufferSize: width=1600 height=96
07-08 18:53:43.927  2488  2488 D skia_mt : canRunInCoworker = true
07-08 18:53:43.931   930  2928 D wujq-f  :  filte 59 60  :10069 : 88 - true
07-08 18:53:43.931   930  2928 D wujq    : enter :10069 : 88
07-08 18:53:43.932  1261  1573 D Surface : Surface::disconnect(this=0x7b2c219000,api=1)
07-08 18:53:43.932   490   966 I BufferQueueProducer: [NavigationBar0#0](this:0x7269379800,id:720,api:1,p:1261,c:490) disconnect(P): api 1
07-08 18:53:43.934  1261  1573 D Surface : Surface::connect(this=0x7b2c219000,api=1)
07-08 18:53:43.934   490   966 I BufferQueueProducer: [NavigationBar0#0](this:0x7269379800,id:720,api:1,p:1261,c:490) connect(P): api=1 producer=(1261:com.android.systemui) producerControlledByApp=false
07-08 18:53:43.935  1261  1573 D mali_winsys: EGLint new_window_surface(egl_winsys_display *, void *, EGLSurface, EGLConfig, egl_winsys_surface **, EGLBoolean) returns 0x3000
07-08 18:53:43.935  1261  1573 D Surface : Surface::setBufferCount(this=0x7b2c219000,bufferCount=3)
07-08 18:53:43.936   930   948 D skia_mt : canRunInCoworker = true
07-08 18:53:43.943   490   966 I BufferQueueProducer: [NavigationBar0#0](this:0x7269379800,id:720,api:1,p:1261,c:490) queueBuffer: fps=0.29 dur=17177.47 max=16806.43 min=5.46
07-08 18:53:43.945  2488  2488 E ActivityThread: Failed to find provider info for com.example.edcationcloud
07-08 18:53:43.946  2488  2488 D test_act: com.yangcong345.android.phone
07-08 18:53:43.946   930  2558 D wujq-f  :  filte 59 60  :10069 : 88 - true
07-08 18:53:43.947   930  2558 D wujq    : enter :10069 : 88
07-08 18:53:43.948  1261  1261 V NavigationBarView: home = true
07-08 18:53:43.948  1261  1261 V NavigationBarView: recent = true
07-08 18:53:43.948  1261  1261 V NavigationBarView: back = true
07-08 18:53:43.948   930  6364 D HraManager: hra getBlackIntentActionList
07-08 18:53:43.946  2488  2488 E ActivityThread: Failed to find provider info for com.example.edcationcloud
07-08 18:53:43.949   930  6364 I ActivityTaskManager: START u0 {act=android.intent.action.VIEW dat=ycmath://padlauncher.com/homePage?position=-1 cmp=com.yangcong345.cloud.ui.launcher/com.yangcong345.support.common.LauncherSchemeActivity} from uid 10086
07-08 18:53:43.950 16661 16696 I Monkey  :     // Rejecting start of Intent { act=android.intent.action.VIEW dat=ycmath://padlauncher.com/homePage?position=-1 cmp=com.yangcong345.cloud.ui.launcher/com.yangcong345.support.common.LauncherSchemeActivity } in package com.yangcong345.cloud.ui.launcher
07-08 18:53:43.950  1261  1261 I InputTransport: Destroy ARC handle: 0x7ab057aca0
07-08 18:53:43.950   930  7986 I am_finish_activity: [0,92425332,149,com.yangcong345.android.phone/com.yangcong345.main.phone.splash.SplashActivity,app-request]
07-08 18:53:43.950   930  7986 I am_focused_stack: [0,0,0,147,finishActivity adjustFocus]
07-08 18:53:43.951   930  7986 I wm_task_moved: [3,0,2147483647]
07-08 18:53:43.951   930  7986 I am_set_resumed_activity: [0,com.yangcong345.android.phone/com.yangcong345.webpage.container.WebHorizontalActivity,finishActivity adjustFocus]
07-08 18:53:43.951   930  7986 I am_set_resumed_activity: [0,com.yangcong345.android.phone/com.yangcong345.webpage.container.WebHorizontalActivity,finishActivity]
07-08 18:53:43.953   490   490 I SurfaceFlinger: screenshot (Splash Screen com.yangcong345.android.phone#0)
07-08 18:53:43.960   930  7986 I am_pause_activity: [0,92425332,com.yangcong345.android.phone/com.yangcong345.main.phone.splash.SplashActivity,userLeaving=false]
07-08 18:53:43.961   930  7986 D PowerHalWrapper: <amsBoostResume> last:com.yangcong345.android.phone, next:com.yangcong345.android.phone
07-08 18:53:43.963  2488  2488 I am_on_create_called: [0,com.yangcong345.main.phone.splash.SplashActivity,performCreate]
07-08 18:53:43.964   930   947 I sysui_multi_action: [757,803,799,window_time_0,802,1]
07-08 18:53:43.968   930   948 I WindowManager: Screen frozen for +245ms due to Window{2a8fe64 u0 StatusBar}
07-08 18:53:43.971   930   948 V WindowManager: updateRotationUnchecked mRotation=0, mLastOrientation=-1
07-08 18:53:43.977   930  5360 I GED     : ged_boost_gpu_freq, level 100, eOrigin 2, final_idx 15, oppidx_max 15, oppidx_min 0
07-08 18:53:43.979  2488  5655 D Surface : Surface::disconnect(this=0x7b2c289000,api=1)
07-08 18:53:43.980   490   531 I BufferQueueProducer: [com.yangcong345.android.phone/com.yangcong345.webpage.container.WebHorizontalActivity#0](this:0x7269286000,id:732,api:1,p:2488,c:490) disconnect(P): api 1
07-08 18:53:43.990  2488  2488 E ActivityThread: Failed to find provider info for com.example.edcationcloud
07-08 18:53:43.993  2488  2488 I am_on_stop_called: [0,com.yangcong345.webpage.container.WebHorizontalActivity,STOP_ACTIVITY_ITEM]
07-08 18:53:43.995  2488  2488 V PhoneWindow: DecorView setVisiblity: visibility = 4, Parent = android.view.ViewRootImpl@66c7427, this = DecorView@2f60dc5[WebHorizontalActivity]
07-08 18:53:44.005  2488  3115 D DataSailMapper: get instance by url: onion-event.cn-hangzhou.log.aliyuncs.com/logstores/native-frontend-event/shards/lb
07-08 18:53:44.005  2488  3115 I System.out: [okhttp]:check permission begin!
07-08 18:53:44.005  2488  3115 I System.out: [okhttp]:not MMS!
07-08 18:53:44.005  2488  3115 I System.out: [okhttp]:not Email!
07-08 18:53:44.007  2488  3115 I System.out: [OkHttp] sendRequest>>
07-08 18:53:44.008  2488  3115 I System.out: [OkHttp] sendRequest<<
07-08 18:53:44.008   930  7986 I am_add_to_stopping: [0,92425332,com.yangcong345.android.phone/com.yangcong345.main.phone.splash.SplashActivity,finishCurrentActivityLocked]
07-08 18:53:44.009   930   948 D View    : [Warning] assignParent to null: this = DecorView@ca8aa40[phone]
07-08 18:53:44.009   930   948 D Surface : Surface::disconnect(this=0x7b30a97000,api=2)
07-08 18:53:44.009   930  7986 V WindowManager: updateRotationUnchecked mRotation=0, mLastOrientation=0
07-08 18:53:44.009   490   531 I BufferQueueProducer: [Splash Screen com.yangcong345.android.phone#0](this:0x72852bc800,id:734,api:2,p:930,c:490) disconnect(P): api 2
07-08 18:53:44.009   930  7986 I am_set_resumed_activity: [0,com.yangcong345.android.phone/com.yangcong345.webpage.container.WebHorizontalActivity,resumeTopActivityInnerLocked]
07-08 18:53:44.010   930  7986 D PowerHalWrapper: amsBoostNotify pid:2488,activity:com.yangcong345.webpage.container.WebHorizontalActivity, package:com.yangcong345.android.phone, mProcessCreatePackcom.yangcong345.pad.systemsetting
07-08 18:53:44.010   930   948 I InputTransport: Destroy ARC handle: 0x7b30af6d00
07-08 18:53:44.010   930  7986 D PowerHalWrapper: amsBoostNotify AMS_BOOST_PROCESS_CREATE_BOOST:false
07-08 18:53:44.010   930  7986 D wujq-f  :  filte 59 60  :1000 : 40 - true
07-08 18:53:44.013   930  7986 I PowerHalWrapper: <setRotation> do boost with 0ms
07-08 18:53:44.013   930  7986 I PowerHalWrapper: <setRotation> do boost with 2000ms
07-08 18:53:44.014   490   966 I BufferQueue: [unnamed-490-736](this:0x726933c000,id:736,api:0,p:-1,c:-1) BufferQueue core=(490:/system/bin/surfaceflinger)
07-08 18:53:44.017   490   966 I BufferQueueConsumer: [unnamed-490-736](this:0x726933c000,id:736,api:0,p:-1,c:490) connect(C): consumer=(490:/system/bin/surfaceflinger) controlledByApp=false
07-08 18:53:44.017   490   966 I BufferQueueConsumer: [unnamed-490-736](this:0x726933c000,id:736,api:0,p:-1,c:490) setConsumerName: unnamed-490-736
07-08 18:53:44.017   490   966 I BufferQueueConsumer: [ScreenshotSurface#0](this:0x726933c000,id:736,api:0,p:-1,c:490) setConsumerName: ScreenshotSurface#0
07-08 18:53:44.017   490   966 I BufferQueueConsumer: [ScreenshotSurface#0](this:0x726933c000,id:736,api:0,p:-1,c:490) setDefaultBufferSize: width=1600 height=2176
07-08 18:53:44.019   490   490 I BufferQueueProducer: [FramebufferSurface](this:0x726d5f3800,id:0,api:1,p:490,c:490) queueBuffer: fps=1.23 dur=8114.40 max=7965.66 min=6.84
07-08 18:53:44.021   463   713 I hwcomposer: [OVL] (0) Overlay input(0) was used with queue previously
07-08 18:53:44.021   463   713 I hwcomposer: [DBQ] (q2:0x76c0c85000) Buffer queue is destroyed
07-08 18:53:44.022   463   713 I hwcomposer: [DBQ] (q2:0x76c0c85000) Free Slot(0), handle=0x76c289bc40, 13926400 -> 0
07-08 18:53:44.025   490   490 I BufferQueue: [ScreenshotSurface#0](this:0x72852bb000,id:733,api:2,p:-1,c:-1) ~BufferQueueCore
07-08 18:53:44.032   930  1231 D skia_mt : canRunInCoworker = 1
07-08 18:53:44.034   490   490 I SurfaceFlinger: screenshot (#0)
07-08 18:53:44.034   490   490 I SurfaceFlinger: screenshot (StatusBar#0)
07-08 18:53:44.034   490   490 I SurfaceFlinger: screenshot (NavigationBar0#0)
07-08 18:53:44.042   930  7986 D Surface : Surface::connect(this=0x7ad02e9000,api=2)
07-08 18:53:44.042   490   531 I BufferQueueProducer: [ScreenshotSurface#0](this:0x726933c000,id:736,api:2,p:930,c:490) connect(P): api=2 producer=(930:system_server) producerControlledByApp=false
07-08 18:53:44.046   930  7986 D Surface : Surface::disconnect(this=0x7ad02e9000,api=2)
07-08 18:53:44.046   490   531 I BufferQueueProducer: [ScreenshotSurface#0](this:0x726933c000,id:736,api:2,p:930,c:490) disconnect(P): api 2
07-08 18:53:44.047   930  7986 I configuration_changed: 536872064
07-08 18:53:44.010   930  7986 V WindowManager: updateRotationUnchecked mRotation=0, mLastOrientation=0
07-08 18:53:44.048   930  7986 I ActivityTaskManager: Config changes=20000480 {1.04 ?mcc?mnc [zh_CN] ldltr sw800dp w1088dp h728dp 320dpi xlrg land finger -keyb/v/h -nav/h winConfig={ mBounds=Rect(0, 0 - 2176, 1600) mAppBounds=Rect(0, 0 - 2176, 1504) mWindowingMode=fullscreen mDisplayWindowingMode=fullscreen mActivityType=undefined mAlwaysOnTop=undefined mRotation=ROTATION_90} s.8278}
07-08 18:53:44.053   595   638 I Proximity: distance = 2
07-08 18:53:44.061   930  7986 I ActivityTaskManager: Override config changes=20000480 {1.04 ?mcc?mnc [zh_CN] ldltr sw800dp w1088dp h728dp 320dpi xlrg land finger -keyb/v/h -nav/h winConfig={ mBounds=Rect(0, 0 - 2176, 1600) mAppBounds=Rect(0, 0 - 2176, 1504) mWindowingMode=fullscreen mDisplayWindowingMode=fullscreen mActivityType=undefined mAlwaysOnTop=undefined mRotation=ROTATION_90} s.8278} for displayId=0
07-08 18:53:44.062  1870  1870 I Matrix.ActivityThreadHacker: [handleMessage] msg.what:159 begin:18596391 isLaunchActivity:false SDK_INT=29
07-08 18:53:44.064   930  7986 I sysui_multi_action: [757,1659,758,4,759,2,1660,0]
07-08 18:53:44.065   930  7986 I am_resume_activity: [0,38839661,3,com.yangcong345.android.phone/com.yangcong345.webpage.container.WebHorizontalActivity]
07-08 18:53:44.070   930   947 I am_destroy_activity: [0,92425332,149,com.yangcong345.android.phone/com.yangcong345.main.phone.splash.SplashActivity,finish-imm:activityIdleInternalLocked]
07-08 18:53:44.063  1870  1870 I Matrix.ActivityThreadHacker: [handleMessage] msg.what:159 begin:18596391 isLaunchActivity:false SDK_INT=29
07-08 18:53:44.073   930  5360 I GED     : ged_boost_gpu_freq, level 100, eOrigin 2, final_idx 15, oppidx_max 15, oppidx_min 0
07-08 18:53:44.077   480   497 I power@1.3-impl: powerHintInternal hint:8, data:0
07-08 18:53:44.081   490   490 I BufferQueue: [Splash Screen com.yangcong345.android.phone#0](this:0x72852bc800,id:734,api:2,p:-1,c:-1) ~BufferQueueCore
07-08 18:53:44.084   930  7986 V SettingsProvider: name : hide_rotation_lock_toggle_for_accessibility appId : 10100
07-08 18:53:44.085   930  7986 V SettingsProvider: Package name : com.android.systemui privateFlags : 207097960
07-08 18:53:44.085   930   947 I InputManager-JNI: Viewport [0] to add: local:0
07-08 18:53:44.086   930  8082 D wujq-f  :  filte 59 60  :10069 : 88 - true
07-08 18:53:44.086   930  8082 D wujq    : enter :10069 : 88
07-08 18:53:44.092  1261  1261 V NavigationBarView: home = true
07-08 18:53:44.092  1261  1261 V NavigationBarView: recent = true
07-08 18:53:44.092  1261  1261 V NavigationBarView: back = true
07-08 18:53:44.095   930  1068 I InputReader: Reconfiguring input devices.  changes=0x00000004
07-08 18:53:44.096   930  8082 V SettingsProvider: name : accelerometer_rotation appId : 1000
07-08 18:53:44.096   345   345 I hwservicemanager: getTransport: Cannot find entry vendor.mediatek.hardware.nwk_opt@1.0::INwkOpt/default in either framework or device manifest.
07-08 18:53:44.096   930  1068 I         : Couldn't load Nwk Opt HAL service
07-08 18:53:44.096   930  1068 I InputReader: Device reconfigured: id=3, name='himax-touchscreen', size 1600x2176, orientation 1, mode 1, display id 0
07-08 18:53:44.096   930  8082 V SettingsProvider: name : user_rotation appId : 1000
07-08 18:53:44.096   930  8054 I ActivityTaskManager: Activity reported stop, but no longer stopping: ActivityRecord{250a56d u0 com.yangcong345.android.phone/com.yangcong345.webpage.container.WebHorizontalActivity t3}
07-08 18:53:44.097   345   345 I hwservicemanager: getTransport: Cannot find entry vendor.mediatek.hardware.nwk_opt@1.0::INwkOpt/default in either framework or device manifest.
07-08 18:53:44.097   930  1068 I         : Couldn't load Nwk Opt HAL service
07-08 18:53:44.097   930  1068 I InputReader: Device reconfigured: id=4, name='mtk-tpd', size 1600x2176, orientation 1, mode 1, display id 0
07-08 18:53:44.098   345   345 I hwservicemanager: getTransport: Cannot find entry vendor.mediatek.hardware.nwk_opt@1.0::INwkOpt/default in either framework or device manifest.
07-08 18:53:44.098   930  1068 I         : Couldn't load Nwk Opt HAL service
07-08 18:53:44.098   930  1068 I InputReader: Device reconfigured: id=5, name='himax-stylus', size 1600x2176, orientation 1, mode 1, display id 0
07-08 18:53:44.101   930  8082 V WindowManager: updateRotationUnchecked mRotation=1, mLastOrientation=0
07-08 18:53:44.106   490  2401 I BufferQueueConsumer: [NavigationBar0#0](this:0x7269379800,id:720,api:1,p:1261,c:490) setDefaultBufferSize: width=2176 height=96
07-08 18:53:44.113   930   947 I sysui_multi_action: [757,803,799,window_time_0,802,0]
07-08 18:53:44.114  3259  3489 D Surface : Surface::disconnect(this=0x7bc2336000,api=1)
07-08 18:53:44.114   490  1489 I BufferQueueProducer: [#0](this:0x7285333800,id:735,api:1,p:3259,c:490) disconnect(P): api 1
07-08 18:53:44.116  3259  3489 D Surface : Surface::connect(this=0x7bc2336000,api=1)
07-08 18:53:44.117   490  1489 I BufferQueueProducer: [#0](this:0x7285333800,id:735,api:1,p:3259,c:490) connect(P): api=1 producer=(3259:com.yangcong345.eye.protection) producerControlledByApp=false
07-08 18:53:44.118  3259  3489 D mali_winsys: EGLint new_window_surface(egl_winsys_display *, void *, EGLSurface, EGLConfig, egl_winsys_surface **, EGLBoolean) returns 0x3000
07-08 18:53:44.118  3259  3489 D Surface : Surface::setBufferCount(this=0x7bc2336000,bufferCount=3)
07-08 18:53:44.121   445 16922 E ResolverController: No valid NAT64 prefix (100, <unspecified>/0)
07-08 18:53:44.121  1261  1573 D Surface : Surface::disconnect(this=0x7b2c219000,api=1)
07-08 18:53:44.122   490  1489 I BufferQueueProducer: [NavigationBar0#0](this:0x7269379800,id:720,api:1,p:1261,c:490) disconnect(P): api 1
07-08 18:53:44.123  1261  1573 D Surface : Surface::connect(this=0x7b2c219000,api=1)
07-08 18:53:44.124   490  2401 I BufferQueueProducer: [NavigationBar0#0](this:0x7269379800,id:720,api:1,p:1261,c:490) connect(P): api=1 producer=(1261:com.android.systemui) producerControlledByApp=false
07-08 18:53:44.125  1261  1573 D mali_winsys: EGLint new_window_surface(egl_winsys_display *, void *, EGLSurface, EGLConfig, egl_winsys_surface **, EGLBoolean) returns 0x3000
07-08 18:53:44.125  1261  1573 D Surface : Surface::setBufferCount(this=0x7b2c219000,bufferCount=3)
07-08 18:53:44.126  2488  2488 I am_on_restart_called: [0,com.yangcong345.webpage.container.WebHorizontalActivity,performRestartActivity]
07-08 18:53:44.128  2488  2488 E ActivityThread: Failed to find provider info for com.example.edcationcloud
07-08 18:53:44.130  2488  2488 I am_on_start_called: [0,com.yangcong345.webpage.container.WebHorizontalActivity,handleStartActivity]
07-08 18:53:44.133  2488  2488 I am_on_resume_called: [0,com.yangcong345.webpage.container.WebHorizontalActivity,RESUME_ACTIVITY]
07-08 18:53:44.138  2488  2488 I am_on_top_resumed_gained_called: [0,com.yangcong345.webpage.container.WebHorizontalActivity,topWhenResuming]
07-08 18:53:44.138  2488  2488 V PhoneWindow: DecorView setVisiblity: visibility = 0, Parent = android.view.ViewRootImpl@66c7427, this = DecorView@2f60dc5[WebHorizontalActivity]
07-08 18:53:44.144   930   938 I system_server: NativeAlloc concurrent copying GC freed 4957(533KB) AllocSpace objects, 3(124KB) LOS objects, 31% free, 13MB/19MB, paused 172us total 121.003ms
07-08 18:53:44.146  1261  1261 D View    : [Warning] assignParent to null: this = com.android.systemui.assist.AssistOrbContainer{cb22eca G.E...... ......ID 0,0-1600,500}
07-08 18:53:44.148  3259  3489 D Surface : Surface::disconnect(this=0x7bc2336000,api=1)
07-08 18:53:44.148   490  2401 I BufferQueueProducer: [#0](this:0x7285333800,id:735,api:1,p:3259,c:490) disconnect(P): api 1
07-08 18:53:44.149  3259  3259 D View    : [Warning] assignParent to null: this = com.hjq.shape.layout.ShapeConstraintLayout{50efcb V.E...... ........ 0,0-1152,216}
07-08 18:53:44.149  2488  2488 I am_on_destroy_called: [0,com.yangcong345.main.phone.splash.SplashActivity,performDestroy]
07-08 18:53:44.150  2488  3118 D DataSailMapper: get instance by url: onion-event.cn-hangzhou.log.aliyuncs.com/logstores/native-frontend-event/shards/lb
07-08 18:53:44.150  2488  3118 I System.out: [okhttp]:check permission begin!
07-08 18:53:44.150  2488  3118 I System.out: [okhttp]:not MMS!
07-08 18:53:44.150  2488  3118 I System.out: [okhttp]:not Email!
07-08 18:53:44.150   930  8054 I wm_task_removed: [149,removeAppToken: last token]
07-08 18:53:44.150   930  8054 I am_remove_task: [149,147]
07-08 18:53:44.150   930  8054 I wm_task_removed: [149,removeTask]
07-08 18:53:44.151  3259  3259 I InputTransport: Destroy ARC handle: 0x7ad137ccc0
07-08 18:53:44.151  1261  1261 D ViewRootImpl[AssistPreviewPanel]: hardware acceleration = true , fakeHwAccelerated = false, sRendererDisabled = false, forceHwAccelerated = false, sSystemRendererDisabled = false
07-08 18:53:44.152  2488  3118 I System.out: [OkHttp] sendRequest>>
07-08 18:53:44.152  2488  3118 I System.out: [OkHttp] sendRequest<<
07-08 18:53:44.153   930  6364 D wujq-f  :  filte 59 60  :10069 : 88 - true
07-08 18:53:44.153   930  6364 D wujq    : enter :10069 : 88
07-08 18:53:44.154   930  8054 I wm_stack_removed: 147
07-08 18:53:44.157   490   490 I BufferQueue: [#0](this:0x7285333800,id:735,api:1,p:-1,c:-1) ~BufferQueueCore
07-08 18:53:44.162   930  6364 I WindowManager: Relayout Window{bb61525 u0 com.yangcong345.android.phone/com.yangcong345.webpage.container.WebHorizontalActivity}: oldVis=8 newVis=0 focusMayChange = true
07-08 18:53:44.163  1261  1261 I InputTransport: Create ARC handle: 0x7b2c2225e0
07-08 18:53:44.165   930   930 I notification_cancel_all: [1000,930,android,0,0,0,17,NULL]
07-08 18:53:44.165   930   947 I sysui_multi_action: [757,856,758,2,806,android,857,com.android.server.wm.AlertWindowNotification - com.yangcong345.eye.protection,858,1]
07-08 18:53:44.167  2488  5655 D Surface : Surface::connect(this=0x7b2c289000,api=1)
07-08 18:53:44.168   490  1489 I BufferQueueProducer: [com.yangcong345.android.phone/com.yangcong345.webpage.container.WebHorizontalActivity#0](this:0x7269286000,id:732,api:1,p:2488,c:490) connect(P): api=1 producer=(2488:com.yangcong345.android.phone) producerControlledByApp=false
07-08 18:53:44.168  2488  5655 D mali_winsys: EGLint new_window_surface(egl_winsys_display *, void *, EGLSurface, EGLConfig, egl_winsys_surface **, EGLBoolean) returns 0x3000
07-08 18:53:44.168  2488  5655 D Surface : Surface::setBufferCount(this=0x7b2c289000,bufferCount=3)
07-08 18:53:44.169  2488  5655 D Surface : Surface::allocateBuffers(this=0x7b2c289000)
07-08 18:53:44.169  2488  2488 D KeyboardUtils: getContentViewInvisibleHeight: 0
07-08 18:53:44.169  1261  1261 D StatusBar: disable<e i a s b h r c s > disable2<q i n >
07-08 18:53:44.170   930  7986 D wujq-f  :  filte 59 60  :10069 : 88 - true
07-08 18:53:44.171   930  7986 D wujq    : enter :10069 : 88
07-08 18:53:44.171   930   946 I commit_sys_config_file: [notification-policy,6]
07-08 18:53:44.178  1261  1261 D View    : [Warning] assignParent to null: this = com.android.systemui.stackdivider.DividerView{3fd94b1 I.E...... ......ID 0,0-0,96}
07-08 18:53:44.179  3259  3259 D ViewRootImpl[]: hardware acceleration = true , fakeHwAccelerated = false, sRendererDisabled = false, forceHwAccelerated = false, sSystemRendererDisabled = false
07-08 18:53:44.180   490  2401 I BufferQueueProducer: [com.yangcong345.android.phone/com.yangcong345.webpage.container.WebHorizontalActivity#0](this:0x7269286000,id:732,api:1,p:2488,c:490) queueBuffer: fps=38.05 dur=1208.83 max=462.99 min=8.43
07-08 18:53:44.180   930  1383 D wujq-f  :  filte 59 60  :10114 : 24 - true
07-08 18:53:44.180   930  1383 D wujq    : enter :10114 : 24
07-08 18:53:44.183   930  1383 D wujq-f  :  filte 59 60  :10114 : 24 - true
07-08 18:53:44.183   930  1383 D wujq    : enter :10114 : 24
07-08 18:53:44.189  3259  3259 I InputTransport: Create ARC handle: 0x7ad137cea0
07-08 18:53:44.195  1261  1261 D ViewRootImpl[DockedStackDivider]: hardware acceleration = true , fakeHwAccelerated = false, sRendererDisabled = false, forceHwAccelerated = false, sSystemRendererDisabled = false
07-08 18:53:44.200  1261  1261 I InputTransport: Create ARC handle: 0x7b2c3f01e0
07-08 18:53:44.202   490   531 I BufferQueue: [unnamed-490-737](this:0x7285254000,id:737,api:0,p:-1,c:-1) BufferQueue core=(490:/system/bin/surfaceflinger)
07-08 18:53:44.202   490   531 I BufferQueueConsumer: [unnamed-490-737](this:0x7285254000,id:737,api:0,p:-1,c:490) connect(C): consumer=(490:/system/bin/surfaceflinger) controlledByApp=false
07-08 18:53:44.202   490   531 I BufferQueueConsumer: [unnamed-490-737](this:0x7285254000,id:737,api:0,p:-1,c:490) setConsumerName: unnamed-490-737
07-08 18:53:44.202   490   531 I BufferQueueConsumer: [#0](this:0x7285254000,id:737,api:0,p:-1,c:490) setConsumerName: #0
07-08 18:53:44.202   490   531 I BufferQueueConsumer: [#0](this:0x7285254000,id:737,api:0,p:-1,c:490) setDefaultBufferSize: width=1152 height=216
07-08 18:53:44.206  3259  3489 D Surface : Surface::connect(this=0x7bc2336000,api=1)
07-08 18:53:44.206   490   531 I BufferQueueProducer: [#0](this:0x7285254000,id:737,api:1,p:3259,c:490) connect(P): api=1 producer=(3259:com.yangcong345.eye.protection) producerControlledByApp=false
07-08 18:53:44.208  3259  3489 D mali_winsys: EGLint new_window_surface(egl_winsys_display *, void *, EGLSurface, EGLConfig, egl_winsys_surface **, EGLBoolean) returns 0x3000
07-08 18:53:44.208  3259  3489 D Surface : Surface::setBufferCount(this=0x7bc2336000,bufferCount=3)
07-08 18:53:44.209  3259  3489 D Surface : Surface::allocateBuffers(this=0x7bc2336000)
07-08 18:53:44.212  2488  2488 D KeyboardUtils: getContentViewInvisibleHeight: 0
07-08 18:53:44.213  2488  5655 D Surface : Surface::disconnect(this=0x7b2c289000,api=1)
07-08 18:53:44.213   930  5654 D wujq-f  :  filte 59 60  :10069 : 88 - true
07-08 18:53:44.213   930  5654 D wujq    : enter :10069 : 88
07-08 18:53:44.214   490   531 I BufferQueueProducer: [com.yangcong345.android.phone/com.yangcong345.webpage.container.WebHorizontalActivity#0](this:0x7269286000,id:732,api:1,p:2488,c:490) disconnect(P): api 1
07-08 18:53:44.215   930  5654 D wujq-f  :  filte 59 60  :10069 : 88 - true
07-08 18:53:44.215   930  5654 D wujq    : enter :10069 : 88
07-08 18:53:44.216  2488  5655 D Surface : Surface::connect(this=0x7b2c289000,api=1)
07-08 18:53:44.217   490   531 I BufferQueueProducer: [com.yangcong345.android.phone/com.yangcong345.webpage.container.WebHorizontalActivity#0](this:0x7269286000,id:732,api:1,p:2488,c:490) connect(P): api=1 producer=(2488:com.yangcong345.android.phone) producerControlledByApp=false
07-08 18:53:44.218  2488  5655 D mali_winsys: EGLint new_window_surface(egl_winsys_display *, void *, EGLSurface, EGLConfig, egl_winsys_surface **, EGLBoolean) returns 0x3000
07-08 18:53:44.218  2488  5655 D Surface : Surface::setBufferCount(this=0x7b2c289000,bufferCount=3)
07-08 18:53:44.221   930  7986 D HraManager: hra getBlackIntentActionList
07-08 18:53:44.233   930   948 D lwdebug : onWindowsDrawn com.yangcong345.android.phone/com.yangcong345.webpage.container.WebHorizontalActivity
07-08 18:53:44.235   930  7986 D wujq-f  :  filte 59 60  :10100 : 0 - true
07-08 18:53:44.235   930  7986 D wujq    : enter :10100 : 0
07-08 18:53:44.236  1261  1261 I EmergencyButton: ss.getState()=1 ss.isEmergencyOnly()=false for simId=0
07-08 18:53:44.236  1261  1261 D KeyguardSecurityModel: isPinPukOrMeRequiredOfSubId() - phoneId = 0, simState = UNKNOWN
07-08 18:53:44.236  1261  1261 D AntiTheftManager: getCurrentAntiTheftMode() is called.
07-08 18:53:44.238   930   947 I sysui_multi_action: [757,856,758,1,806,android,857,com.android.server.wm.AlertWindowNotification - com.yangcong345.eye.protection,858,1]
07-08 18:53:44.241  1261  1573 D Surface : Surface::disconnect(this=0x7b2c219000,api=1)
07-08 18:53:44.241   490   966 I BufferQueueProducer: [NavigationBar0#0](this:0x7269379800,id:720,api:1,p:1261,c:490) disconnect(P): api 1
07-08 18:53:44.242  1261  1573 D Surface : Surface::connect(this=0x7b2c219000,api=1)
07-08 18:53:44.242   930   947 E NotificationManager: notify   lock = 1
07-08 18:53:44.242   930   947 E NotificationManager: notify  ALLOW
07-08 18:53:44.242   930   947 E NotificationManager: notifyAsUser   lock = 1
07-08 18:53:44.242   930   947 E NotificationManager: notifyAsUser  ALLOW
07-08 18:53:44.243   930   947 D HraManager: hra getallowSystemAppsManagerNotification
07-08 18:53:44.243   930   947 D NotificationService: current pckname --> In <-- SystemAppNotificationPckNameListWlist
07-08 18:53:44.243   930   947 D HraManager: hra getAllowNotificationPackageName
07-08 18:53:44.243   490   966 I BufferQueueProducer: [NavigationBar0#0](this:0x7269379800,id:720,api:1,p:1261,c:490) connect(P): api=1 producer=(1261:com.android.systemui) producerControlledByApp=false
07-08 18:53:44.243   930   947 D NotificationService: current pckname --> Not <-- in NotificationPckNameListWlist
07-08 18:53:44.243   930   947 D HraManager: hra getallowNotificationPackageNameAndChannelId
07-08 18:53:44.243   930   947 D NotificationService: current PckNamechannelId --> Not <-- in NotificationChennalIDWlist
07-08 18:53:44.244  1261  1573 D mali_winsys: EGLint new_window_surface(egl_winsys_display *, void *, EGLSurface, EGLConfig, egl_winsys_surface **, EGLBoolean) returns 0x3000
07-08 18:53:44.244   930   946 I commit_sys_config_file: [notification-policy,6]
07-08 18:53:44.245  1261  1573 D Surface : Surface::setBufferCount(this=0x7b2c219000,bufferCount=3)
07-08 18:53:44.245   930   948 I WindowManager: Screen frozen for +234ms due to Window{bb61525 u0 com.yangcong345.android.phone/com.yangcong345.webpage.container.WebHorizontalActivity}
07-08 18:53:44.253  2488  2488 D KeyboardUtils: getContentViewInvisibleHeight: 0
07-08 18:53:44.256   595   638 I Proximity: distance = 2
07-08 18:53:44.256   930  7986 D PowerHalWrapper: amsBoostStop AMS_BOOST_PACK_SWITCH:false, AMS_BOOST_ACT_SWITCH:true, AMS_BOOST_PROCESS_CREATE:false
07-08 18:53:44.260   490   531 I BufferQueueConsumer: [StatusBar#0](this:0x726933d800,id:5,api:1,p:1261,c:490) setDefaultBufferSize: width=2176 height=48
07-08 18:53:44.267  1261  1573 D Surface : Surface::disconnect(this=0x7aaf4c7000,api=1)
07-08 18:53:44.267   490   531 I BufferQueueProducer: [StatusBar#0](this:0x726933d800,id:5,api:1,p:1261,c:490) disconnect(P): api 1
07-08 18:53:44.267  1261  1573 D Surface : Surface::connect(this=0x7aaf4c7000,api=1)
07-08 18:53:44.268   490   531 I BufferQueueProducer: [StatusBar#0](this:0x726933d800,id:5,api:1,p:1261,c:490) connect(P): api=1 producer=(1261:com.android.systemui) producerControlledByApp=false
07-08 18:53:44.268  1261  1573 D mali_winsys: EGLint new_window_surface(egl_winsys_display *, void *, EGLSurface, EGLConfig, egl_winsys_surface **, EGLBoolean) returns 0x3000
07-08 18:53:44.268  1261  1573 D Surface : Surface::setBufferCount(this=0x7aaf4c7000,bufferCount=3)
07-08 18:53:44.314  1261  1261 I InputTransport: Destroy ARC handle: 0x7aaf609c80
07-08 18:53:44.317   930  7986 D wujq-f  :  filte 59 60  :10069 : 88 - true
07-08 18:53:44.317   930  7986 D wujq    : enter :10069 : 88
07-08 18:53:44.322   930  6364 D wujq-f  :  filte 59 60  :10069 : 88 - true
07-08 18:53:44.322   930  6364 D wujq    : enter :10069 : 88
07-08 18:53:44.325  1261  1261 V NavigationBarView: home = true
07-08 18:53:44.326  1261  1261 V NavigationBarView: recent = true
07-08 18:53:44.326  1261  1261 V NavigationBarView: back = true
07-08 18:53:44.329  1261  1261 I InputTransport: Destroy ARC handle: 0x7aaf631360
07-08 18:53:44.342   477   878 E VT HIDL : [IVT] [VT THREAD] [VT_Bind] des = volte_imsvt1 Fail to connect . retry count: 36396
07-08 18:53:44.342   477   878 D VT HIDL : [IVT] isIMCBrun : True
07-08 18:53:44.422   930  6364 D wujq-f  :  filte 59 60  :10069 : 88 - true
07-08 18:53:44.422   930  6364 D wujq    : enter :10069 : 88
07-08 18:53:44.445   463   713 W hwcomposer: [OVL] (0) No overlay input queue(0)
07-08 18:53:44.445   463   713 I hwcomposer: [DBQ] (q2:0x76c0c85000) Buffer queue is created with size(3)
07-08 18:53:44.445   463   713 I hwcomposer: [DBQ] (q2:0x76c0c85000) setConsumerListener
07-08 18:53:44.445   463   713 I hwcomposer: [DBQ] (q2:0x76c0c85000) Reallocate Slot(0), pool(0 -> 0) size(0 -> 13926400)
07-08 18:53:44.461   595   638 I Proximity: distance = 2
07-08 18:53:44.465   463   713 I hwcomposer: [DBQ] (q2:0x76c0c85000) Reallocate Slot(1), pool(0 -> 0) size(0 -> 13926400)
07-08 18:53:44.476   930   948 I PowerHalWrapper: <setRotation> do boost with 0ms
07-08 18:53:44.480   930   948 V WindowManager: updateRotationUnchecked mRotation=1, mLastOrientation=0
07-08 18:53:44.481   480   496 I libPowerHal: 35: cpu_ctrl set freq: -1 -1 -1 -1
07-08 18:53:44.481   463   713 I hwcomposer: [DBQ] (q2:0x76c0c85000) Reallocate Slot(2), pool(0 -> 0) size(0 -> 13926400)
07-08 18:53:44.491   490   490 I BufferQueue: [ScreenshotSurface#0](this:0x726933c000,id:736,api:2,p:-1,c:-1) ~BufferQueueCore
07-08 18:53:44.497   463   713 I hwcomposer: [OVL] (0) Overlay input(0) was used with queue previously
07-08 18:53:44.497   463   713 I hwcomposer: [DBQ] (q2:0x76c0c85000) Buffer queue is destroyed
07-08 18:53:44.497   463   713 I hwcomposer: [DBQ] (q2:0x76c0c85000) Free Slot(0), handle=0x76c289bc40, 13926400 -> 0
07-08 18:53:44.497   463   713 I hwcomposer: [DBQ] (q2:0x76c0c85000) Free Slot(1), handle=0x76c29308c0, 13926400 -> 0
07-08 18:53:44.498   463   713 I hwcomposer: [DBQ] (q2:0x76c0c85000) Free Slot(2), handle=0x76c2930b40, 13926400 -> 0
07-08 18:53:44.608   930  6364 D wujq-f  :  filte 59 60  :10069 : 88 - true
07-08 18:53:44.608   930  6364 D wujq    : enter :10069 : 88
07-08 18:53:44.609   930  6364 D wujq-f  :  filte 59 60  :10069 : 88 - true
07-08 18:53:44.609   930  6364 D wujq    : enter :10069 : 88
