07-08 18:53:47.206   930  8082 D wujq    : enter :10069 : 88
07-08 18:53:47.207   930   938 I system_server: NativeAlloc concurrent copying GC freed 10182(849KB) AllocSpace objects, 9(308KB) LOS objects, 31% free, 13MB/19MB, paused 178us total 147.319ms
07-08 18:53:47.207  2488  5655 D Surface : Surface::disconnect(this=0x7b2c289000,api=1)
07-08 18:53:47.208   490  1489 I BufferQueueProducer: [com.yangcong345.android.phone/com.yangcong345.webpage.container.WebHorizontalActivity#0](this:0x7269286000,id:732,api:1,p:2488,c:490) disconnect(P): api 1
07-08 18:53:47.211  1261  1261 I InputTransport: Create ARC handle: 0x7ab057a960
07-08 18:53:47.213  2488  2488 D KeyboardUtils: getContentViewInvisibleHeight: 0
07-08 18:53:47.213  2488  5655 D Surface : Surface::connect(this=0x7b2c289000,api=1)
07-08 18:53:47.214   490  1489 I BufferQueueProducer: [com.yangcong345.android.phone/com.yangcong345.webpage.container.WebHorizontalActivity#0](this:0x7269286000,id:732,api:1,p:2488,c:490) connect(P): api=1 producer=(2488:com.yangcong345.android.phone) producerControlledByApp=false
07-08 18:53:47.215  2488  5655 D mali_winsys: EGLint new_window_surface(egl_winsys_display *, void *, EGLSurface, EGLConfig, egl_winsys_surface **, EGLBoolean) returns 0x3000
07-08 18:53:47.215  2488  5655 D Surface : Surface::setBufferCount(this=0x7b2c289000,bufferCount=3)
07-08 18:53:47.215  1261  1261 D StatusBar: disable<e i a s b h r c s > disable2<q i n >
07-08 18:53:47.219   930  2558 D wujq-f  :  filte 59 60  :10069 : 88 - true
07-08 18:53:47.219   930  2558 D wujq    : enter :10069 : 88
07-08 18:53:47.226   930   947 I sysui_multi_action: [757,856,758,1,806,android,857,com.android.server.wm.AlertWindowNotification - com.yangcong345.eye.protection,858,1]
07-08 18:53:47.230   490  1489 I BufferQueueProducer: [com.yangcong345.android.phone/com.yangcong345.webpage.container.WebHorizontalActivity#0](this:0x7269286000,id:732,api:1,p:2488,c:490) queueBuffer: fps=34.35 dur=1019.01 max=384.93 min=11.62
07-08 18:53:47.235   930   947 E NotificationManager: notify   lock = 1
07-08 18:53:47.235   930   947 E NotificationManager: notify  ALLOW
07-08 18:53:47.235   930   947 E NotificationManager: notifyAsUser   lock = 1
07-08 18:53:47.235   930   947 E NotificationManager: notifyAsUser  ALLOW
07-08 18:53:47.236   930   947 D HraManager: hra getallowSystemAppsManagerNotification
07-08 18:53:47.236   930   947 D NotificationService: current pckname --> In <-- SystemAppNotificationPckNameListWlist
07-08 18:53:47.236   930   948 D lwdebug : onWindowsDrawn com.yangcong345.android.phone/com.yangcong345.webpage.container.WebHorizontalActivity
07-08 18:53:47.236   930   947 D HraManager: hra getAllowNotificationPackageName
07-08 18:53:47.236   930   947 D NotificationService: current pckname --> Not <-- in NotificationPckNameListWlist
07-08 18:53:47.236   930   947 D HraManager: hra getallowNotificationPackageNameAndChannelId
07-08 18:53:47.236   930   947 D NotificationService: current PckNamechannelId --> Not <-- in NotificationChennalIDWlist
07-08 18:53:47.243  1493 16940 E AndroidIME: amn: Error reading file: /data/user_de/0/com.google.android.inputmethod.pinyin/files/keyboard_def_cache_97156d4782f028833d97ced489d9dcd7
07-08 18:53:47.243  1493 16940 E AndroidIME: java.nio.channels.ClosedByInterruptException
07-08 18:53:47.243  1493 16940 E AndroidIME: 	at java.nio.channels.spi.AbstractInterruptibleChannel.end(AbstractInterruptibleChannel.java:203)
07-08 18:53:47.243  1493 16940 E AndroidIME: 	at sun.nio.ch.FileChannelImpl.size(FileChannelImpl.java:364)
07-08 18:53:47.243  1493 16940 E AndroidIME: 	at amn.a(PG:8)
07-08 18:53:47.243  1493 16940 E AndroidIME: 	at amn.a(PG:74)
07-08 18:53:47.243  1493 16940 E AndroidIME: 	at agy.a(PG:9)
07-08 18:53:47.243  1493 16940 E AndroidIME: 	at com.google.android.apps.inputmethod.libs.framework.core.KeyboardDefManager.a(PG:46)
07-08 18:53:47.243  1493 16940 E AndroidIME: 	at akg.doInBackground(PG:28)
07-08 18:53:47.243  1493 16940 E AndroidIME: 	at android.os.AsyncTask$3.call(AsyncTask.java:378)
07-08 18:53:47.243  1493 16940 E AndroidIME: 	at java.util.concurrent.FutureTask.run(FutureTask.java:266)
07-08 18:53:47.243  1493 16940 E AndroidIME: 	at java.util.concurrent.Executors$RunnableAdapter.call(Executors.java:462)
07-08 18:53:47.243  1493 16940 E AndroidIME: 	at java.util.concurrent.FutureTask.run(FutureTask.java:266)
07-08 18:53:47.243  1493 16940 E AndroidIME: 	at agu.run(PG:15)
07-08 18:53:47.243  1493 16940 E AndroidIME: 	at java.util.concurrent.ThreadPoolExecutor.runWorker(ThreadPoolExecutor.java:1167)
07-08 18:53:47.243  1493 16940 E AndroidIME: 	at java.util.concurrent.ThreadPoolExecutor$Worker.run(ThreadPoolExecutor.java:641)
07-08 18:53:47.243  1493 16940 E AndroidIME: 	at java.lang.Thread.run(Thread.java:919)
07-08 18:53:47.243  1493 16940 E AndroidIME: 	at agp.run(PG:8)
07-08 18:53:47.243   930   948 I WindowManager: Screen frozen for +455ms due to Window{bb61525 u0 com.yangcong345.android.phone/com.yangcong345.webpage.container.WebHorizontalActivity}
07-08 18:53:47.246  1261  1261 D View    : [Warning] assignParent to null: this = com.android.systemui.stackdivider.DividerView{e126ef6 I.E...... ......ID 0,0-0,96}
07-08 18:53:47.246   930   946 I commit_sys_config_file: [notification-policy,20]
07-08 18:53:47.260  2488  2488 D KeyboardUtils: getContentViewInvisibleHeight: 0
07-08 18:53:47.261  1261  1261 D ViewRootImpl[DockedStackDivider]: hardware acceleration = true , fakeHwAccelerated = false, sRendererDisabled = false, forceHwAccelerated = false, sSystemRendererDisabled = false
07-08 18:53:47.266  1261  1261 I InputTransport: Create ARC handle: 0x7ab057afe0
07-08 18:53:47.266   930  2558 D PowerHalWrapper: amsBoostStop AMS_BOOST_PACK_SWITCH:false, AMS_BOOST_ACT_SWITCH:true, AMS_BOOST_PROCESS_CREATE:false
07-08 18:53:47.277  1261  1275 I ndroid.systemu: NativeAlloc concurrent copying GC freed 19659(978KB) AllocSpace objects, 0(0B) LOS objects, 49% free, 5539KB/10MB, paused 125us total 100.894ms
07-08 18:53:47.278   930  8082 D HraManager: hra getBlackIntentActionList
07-08 18:53:47.285   930  8082 D wujq-f  :  filte 59 60  :10100 : 0 - true
07-08 18:53:47.285   930  8082 D wujq    : enter :10100 : 0
07-08 18:53:47.287  1261  1261 I EmergencyButton: ss.getState()=1 ss.isEmergencyOnly()=false for simId=0
07-08 18:53:47.287  1261  1261 D KeyguardSecurityModel: isPinPukOrMeRequiredOfSubId() - phoneId = 0, simState = UNKNOWN
07-08 18:53:47.287  1261  1261 D AntiTheftManager: getCurrentAntiTheftMode() is called.
07-08 18:53:47.292   490   490 I BufferQueueProducer: [FramebufferSurface](this:0x726d5f3800,id:0,api:1,p:490,c:490) queueBuffer: fps=4.28 dur=3273.13 max=2812.35 min=11.47
07-08 18:53:47.294   463   713 I hwcomposer: [OVL] (0) Overlay input(0) was used with queue previously
07-08 18:53:47.294   463   713 I hwcomposer: [DBQ] (q2:0x76c0c85000) Buffer queue is destroyed
07-08 18:53:47.294   463   713 I hwcomposer: [DBQ] (q2:0x76c0c85000) Free Slot(0), handle=0x76c2930b40, 13926400 -> 0
07-08 18:53:47.298  1261  1573 D Surface : Surface::disconnect(this=0x7b2c219000,api=1)
07-08 18:53:47.298   490  1489 I BufferQueueProducer: [NavigationBar0#0](this:0x7269379800,id:720,api:1,p:1261,c:490) disconnect(P): api 1
07-08 18:53:47.298  1261  1573 D Surface : Surface::connect(this=0x7b2c219000,api=1)
07-08 18:53:47.299   490  1489 I BufferQueueProducer: [NavigationBar0#0](this:0x7269379800,id:720,api:1,p:1261,c:490) connect(P): api=1 producer=(1261:com.android.systemui) producerControlledByApp=false
07-08 18:53:47.300  1261  1573 D mali_winsys: EGLint new_window_surface(egl_winsys_display *, void *, EGLSurface, EGLConfig, egl_winsys_surface **, EGLBoolean) returns 0x3000
07-08 18:53:47.300  1261  1573 D Surface : Surface::setBufferCount(this=0x7b2c219000,bufferCount=3)
07-08 18:53:47.318   490   531 I BufferQueueConsumer: [StatusBar#0](this:0x726933d800,id:5,api:1,p:1261,c:490) setDefaultBufferSize: width=2176 height=48
07-08 18:53:47.320   595   638 I Proximity: distance = 2
07-08 18:53:47.325  1261  1573 D Surface : Surface::disconnect(this=0x7aaf4c7000,api=1)
07-08 18:53:47.325   490  1489 I BufferQueueProducer: [StatusBar#0](this:0x726933d800,id:5,api:1,p:1261,c:490) disconnect(P): api 1
07-08 18:53:47.326  1261  1573 D Surface : Surface::connect(this=0x7aaf4c7000,api=1)
07-08 18:53:47.328   490  1489 I BufferQueueProducer: [StatusBar#0](this:0x726933d800,id:5,api:1,p:1261,c:490) connect(P): api=1 producer=(1261:com.android.systemui) producerControlledByApp=false
07-08 18:53:47.329  1742  1742 I ADB_SERVICES: service_to_fd shell,v2,raw:dumpsys activity
07-08 18:53:47.329  1261  1573 D mali_winsys: EGLint new_window_surface(egl_winsys_display *, void *, EGLSurface, EGLConfig, egl_winsys_surface **, EGLBoolean) returns 0x3000
07-08 18:53:47.329  1261  1573 D Surface : Surface::setBufferCount(this=0x7aaf4c7000,bufferCount=3)
07-08 18:53:47.346   477   878 E VT HIDL : [IVT] [VT THREAD] [VT_Bind] des = volte_imsvt1 Fail to connect . retry count: 36402
07-08 18:53:47.347   477   878 D VT HIDL : [IVT] isIMCBrun : True
07-08 18:53:47.360  1261  1261 I InputTransport: Destroy ARC handle: 0x7ab0286f00
07-08 18:53:47.368   930  2558 D wujq-f  :  filte 59 60  :10069 : 88 - true
07-08 18:53:47.368   930  2558 D wujq    : enter :10069 : 88
07-08 18:53:47.371   930  8082 D HraManager: hra getBlackIntentActionList
07-08 18:53:47.374   930   948 I PowerHalWrapper: <setRotation> do boost with 0ms
07-08 18:53:47.378   480   496 I libPowerHal: 35: cpu_ctrl set freq: -1 -1 -1 -1
07-08 18:53:47.377  1261  1261 V NavigationBarView: home = true
07-08 18:53:47.378  1261  1261 V NavigationBarView: recent = true
07-08 18:53:47.378  1261  1261 V NavigationBarView: back = true
07-08 18:53:47.380   930   948 V WindowManager: updateRotationUnchecked mRotation=1, mLastOrientation=0
07-08 18:53:47.386   490   490 I BufferQueue: [ScreenshotSurface#0](this:0x7266c56800,id:738,api:2,p:-1,c:-1) ~BufferQueueCore
07-08 18:53:47.387  1261  1261 I InputTransport: Destroy ARC handle: 0x7ab02be320
07-08 18:53:47.394  1742 16944 I ADB_SERVICES: post waitpid (pid=16943) status=0000
07-08 18:53:47.394  1742  1742 I ADB_SERVICES: for fd 32, revents = 2011
07-08 18:53:47.395  1742  1742 I ADB_SERVICES: for fd 32, revents = 2011
07-08 18:53:47.416  1742  1742 I ADB_SERVICES: service_to_fd shell,v2,raw:dumpsys gfxinfo com.yangcong345.android.phone framestats
07-08 18:53:47.424  1742  1742 I ADB_SERVICES: service_to_fd shell,v2,raw:date +%s
07-08 18:53:47.450  1742 16949 I ADB_SERVICES: post waitpid (pid=16948) status=0000
07-08 18:53:47.450  1742  1742 I ADB_SERVICES: for fd 36, revents = 2011
07-08 18:53:47.450  1742  1742 I ADB_SERVICES: for fd 36, revents = 2011
07-08 18:53:47.468   930   942 D wujq-f  :  filte 59 60  :10069 : 88 - true
07-08 18:53:47.469   930   942 D wujq    : enter :10069 : 88
07-08 18:53:47.496  1742 16947 I ADB_SERVICES: post waitpid (pid=16946) status=0000
07-08 18:53:47.496  1742  1742 I ADB_SERVICES: for fd 32, revents = 2011
07-08 18:53:47.497  1742  1742 I ADB_SERVICES: for fd 32, revents = 2011
07-08 18:53:47.524   595   638 I Proximity: distance = 2
07-08 18:53:46.852  1354  1354 I chatty  : uid=1001(radio) com.android.phone identical 2 lines
07-08 18:53:47.092  1354  1354 D MtkSubscriptionInfoUpdater: onReceive, Action: android.intent.action.CONFIGURATION_CHANGED
07-08 18:53:47.594  1354  1354 D MtkTelephonyAssist: AssistRIL: resetProxyAndRequestList
07-08 18:53:47.595   345   345 I hwservicemanager: getTransport: Cannot find entry vendor.mediatek.hardware.mtkradioex@1.0::IMtkRadioEx/mtkAssist1 in either framework or device manifest.
07-08 18:53:47.596  1354  1354 E MtkTelephonyAssist: AssistRIL: MtkRadioProxy getService/setResponseFunctions: java.util.NoSuchElementException
07-08 18:53:47.596  1354  1354 D CapRIL  : resetProxyAndRequestList
07-08 18:53:47.596   345   345 I hwservicemanager: getTransport: Cannot find entry vendor.mediatek.hardware.mtkradioex@1.0::IMtkRadioEx/mtkCap1 in either framework or device manifest.
07-08 18:53:47.597  1354  1354 D CapRIL  : MtkRadioProxy getService/setResponseFunctions: java.util.NoSuchElementException
07-08 18:53:47.641  2488  2488 I MMKV    : <MMKV_IO.cpp:512::writeActualSize> [6392af102cbab800014677cb] increase sequence to 10, crc 1749366975, actualSize 5050
07-08 18:53:47.641  2488  2488 I MMKV    : <MMKV.cpp:1180::sync> MMKV::sync, SyncFlag = 1
07-08 18:53:47.728   595   638 I Proximity: distance = 2
07-08 18:53:47.782 16661 16661 I Monkey  : :Sending Touch (ACTION_DOWN): 0:(1184.0,281.0)
07-08 18:53:47.786 16661 16661 I Monkey  : :Sending Touch (ACTION_UP): 0:(1177.0952,299.17447)
07-08 18:53:47.789 16661 16661 I Monkey  : Sleeping for 1000 milliseconds
07-08 18:53:47.824   930  1832 E TaskPersister: File error accessing recents directory (directory doesn't exist?).
07-08 18:53:47.847   477   878 E VT HIDL : [IVT] [VT THREAD] [VT_Bind] des = volte_imsvt1 Fail to connect . retry count: 36403
07-08 18:53:47.848   477   878 D VT HIDL : [IVT] isIMCBrun : True
07-08 18:53:47.886   463   463 I hwcomposer: [HWCDisplay] [Display_0 (type:1)] fps:59.087643,dur:1015.44,max:34.82,min:11.93
07-08 18:53:47.921   930  1118 E WifiVendorHal: getWifiLinkLayerStats_1_3_Internal(l.927) failed {.code = ERROR_NOT_SUPPORTED, .description = }
07-08 18:53:47.932   595   638 I Proximity: distance = 2
07-08 18:53:48.115  1742  1742 I ADB_SERVICES: service_to_fd shell,v2,raw:cat /proc/net/dev
07-08 18:53:48.120  1742  1742 I ADB_SERVICES: service_to_fd shell,v2,raw:top -b -n 1 -d 5
07-08 18:53:48.124  1742  1742 I ADB_SERVICES: service_to_fd shell,v2,raw:ps -A
07-08 18:53:48.140  1742 16953 I ADB_SERVICES: post waitpid (pid=16952) status=0000
07-08 18:53:48.140  1742  1742 I ADB_SERVICES: for fd 32, revents = 2010
07-08 18:53:48.140   595   638 I Proximity: distance = 2
07-08 18:53:48.141  1742  1742 I ADB_SERVICES: for fd 32, revents = 2011
07-08 18:53:48.159  1742  1742 I ADB_SERVICES: service_to_fd shell,v2,raw:ps -A
07-08 18:53:48.194  1742 16957 I ADB_SERVICES: post waitpid (pid=16956) status=0000
07-08 18:53:48.194  1742  1742 I ADB_SERVICES: for fd 40, revents = 2010
07-08 18:53:48.194  1742  1742 I ADB_SERVICES: for fd 40, revents = 2011
07-08 18:53:48.213  1742  1742 I ADB_SERVICES: service_to_fd shell,v2,raw:ls -lt /proc/2488/task
07-08 18:53:48.223  1742 16959 I ADB_SERVICES: post waitpid (pid=16958) status=0000
07-08 18:53:48.223  1742  1742 I ADB_SERVICES: for fd 39, revents = 2011
07-08 18:53:48.223  1742  1742 I ADB_SERVICES: for fd 39, revents = 2011
07-08 18:53:48.239  1742  1742 I ADB_SERVICES: service_to_fd shell,v2,raw:cat /proc/2488/net/dev
07-08 18:53:48.241  1742 16961 I ADB_SERVICES: post waitpid (pid=16960) status=0000
07-08 18:53:48.243  1742  1742 I ADB_SERVICES: for fd 40, revents = 2011
07-08 18:53:48.243  1742  1742 I ADB_SERVICES: for fd 40, revents = 2011
07-08 18:53:48.245   490   531 I BufferQueueProducer: [com.yangcong345.android.phone/com.yangcong345.webpage.container.WebHorizontalActivity#0](this:0x7269286000,id:732,api:1,p:2488,c:490) queueBuffer: fps=56.11 dur=1015.78 max=90.74 min=9.66
07-08 18:53:48.264  1742 16963 I ADB_SERVICES: post waitpid (pid=16962) status=0000
07-08 18:53:48.264  1742  1742 I ADB_SERVICES: for fd 30, revents = 2010
07-08 18:53:48.264  1742  1742 I ADB_SERVICES: for fd 30, revents = 2011
07-08 18:53:48.344   595   638 I Proximity: distance = 2
07-08 18:53:48.348   477   878 E VT HIDL : [IVT] [VT THREAD] [VT_Bind] des = volte_imsvt1 Fail to connect . retry count: 36404
07-08 18:53:48.349   477   878 D VT HIDL : [IVT] isIMCBrun : True
07-08 18:53:48.491  1742 16955 I ADB_SERVICES: post waitpid (pid=16954) status=0000
07-08 18:53:48.491  1742  1742 I ADB_SERVICES: for fd 36, revents = 2011
07-08 18:53:48.491  1742  1742 I ADB_SERVICES: for fd 36, revents = 2011
07-08 18:53:48.549   595   638 I Proximity: distance = 2
07-08 18:53:48.752   595   638 I Proximity: distance = 2
07-08 18:53:48.791 16661 16661 I Monkey  : :Sending Touch (ACTION_DOWN): 0:(1121.0,232.0)
07-08 18:53:48.794 16661 16661 I Monkey  : :Sending Touch (ACTION_UP): 0:(1123.9686,234.8418)
07-08 18:53:48.796 16661 16661 I Monkey  : Sleeping for 1000 milliseconds
07-08 18:53:48.849   477   878 E VT HIDL : [IVT] [VT THREAD] [VT_Bind] des = volte_imsvt1 Fail to connect . retry count: 36405
07-08 18:53:48.849   477   878 D VT HIDL : [IVT] isIMCBrun : True
07-08 18:53:48.902   463   463 I hwcomposer: [HWCDisplay] [Display_0 (type:1)] fps:60.077133,dur:1015.36,max:17.65,min:15.70
07-08 18:53:48.906   606   700 D agps    : [agps] WARNING: [CP] cp2_fd_1_reconnect_timeout
07-08 18:53:48.907   606   658 E agps    : [agps] ERR: [CP] get_ccci_uart  open failed node=[/dev/ttyC2] reason=[No such file or directory]
07-08 18:53:48.907   606   658 E agps    : [agps] ERR: [CP] get_eemcs_uart  open failed node=[/dev/eemcs_ipc_uart] reason=[No such file or directory]
07-08 18:53:48.907   606   658 E agps    : [agps] ERR: [CP] ccci_uart_1  open failed
07-08 18:53:48.956   595   638 I Proximity: distance = 2
07-08 18:53:49.160   595   638 I Proximity: distance = 2
07-08 18:53:49.262   490   531 I BufferQueueProducer: [com.yangcong345.android.phone/com.yangcong345.webpage.container.WebHorizontalActivity#0](this:0x7269286000,id:732,api:1,p:2488,c:490) queueBuffer: fps=60.00 dur=1016.71 max=19.25 min=13.78
07-08 18:53:49.333  1742  1742 I ADB_SERVICES: service_to_fd shell,v2,raw:dumpsys activity
07-08 18:53:49.349   477   878 E VT HIDL : [IVT] [VT THREAD] [VT_Bind] des = volte_imsvt1 Fail to connect . retry count: 36406
07-08 18:53:49.350   477   878 D VT HIDL : [IVT] isIMCBrun : True
07-08 18:53:49.364   595   638 I Proximity: distance = 2
07-08 18:53:49.365   930   947 I system_server: Explicit concurrent copying GC freed 12200(981KB) AllocSpace objects, 7(268KB) LOS objects, 31% free, 12MB/18MB, paused 182us total 115.032ms
07-08 18:53:49.372   930  8082 D HraManager: hra getBlackIntentActionList
07-08 18:53:49.381  1742 16965 I ADB_SERVICES: post waitpid (pid=16964) status=0000
07-08 18:53:49.381  1742  1742 I ADB_SERVICES: for fd 32, revents = 2010
07-08 18:53:49.381  1742  1742 I ADB_SERVICES: for fd 32, revents = 2011
07-08 18:53:49.405  1742  1742 I ADB_SERVICES: service_to_fd shell,v2,raw:dumpsys gfxinfo com.yangcong345.android.phone framestats
07-08 18:53:49.409  1742  1742 I ADB_SERVICES: service_to_fd shell,v2,raw:date +%s
