--------- beginning of main
07-08 18:53:24.125  1742 16716 I ADB_SERVICES: post waitpid (pid=16715) status=0000
07-08 18:53:24.125  1742  1742 I ADB_SERVICES: for fd 28, revents = 2011
07-08 18:53:24.126  1742  1742 I ADB_SERVICES: for fd 28, revents = 2011
07-08 18:53:24.134   490   490 I BufferQueueProducer: [FramebufferSurface](this:0x726d5f3800,id:0,api:1,p:490,c:490) queueBuffer: fps=0.00 dur=8942326.23 max=8942244.17 min=15.50
07-08 18:53:24.136   463   713 I hwcomposer: [OVL] (0) Overlay input(0) was used with queue previously
07-08 18:53:24.136   463   713 I hwcomposer: [DBQ] (q2:0x76c0c85000) Buffer queue is destroyed
07-08 18:53:24.136   463   713 I hwcomposer: [DBQ] (q2:0x76c0c85000) Free Slot(0), handle=0x76c289bc40, 13926400 -> 0
07-08 18:53:24.180   930  9987 D wujq-f  :  filte 59 60  :10069 : 88 - true
07-08 18:53:24.181   930  9987 D wujq    : enter :10069 : 88
07-08 18:53:24.182   930  9987 D wujq-f  :  filte 59 60  :10069 : 88 - true
07-08 18:53:24.182   930  9987 D wujq    : enter :10069 : 88
07-08 18:53:24.209   595   638 I Proximity: distance = 2
07-08 18:53:24.215  1909 16527 D CacheInterceptor: requestRemoteFirst
07-08 18:53:24.218   930   948 I PowerHalWrapper: <setRotation> do boost with 0ms
07-08 18:53:24.220  1909 16527 D CacheInterceptor: request local cache success
07-08 18:53:24.222   480   496 I libPowerHal: 35: cpu_ctrl set freq: -1 -1 -1 -1
--------- beginning of system
07-08 18:53:24.224   930   948 V WindowManager: updateRotationUnchecked mRotation=1, mLastOrientation=0
07-08 18:53:24.225  1909 16526 D SyncTypeTopicDataSubVM: addItemEnterData 2-1-1-13 prepare, homework, diagnosis, highFreqWP, textbook, ladder, exercise, reviewPackage, newQuestionCourse, examination, newZKTotalReview, specialBreakthrough
07-08 18:53:24.226  1909 16526 D SyncTypeTopicDataSubVM: addItemEnterData 2-2-1-15 prepare, homework, diagnosis, highFreqWP, textbook, ladder, exercise, reviewPackage, newQuestionCourse, examination, newZKTotalReview, specialBreakthrough
07-08 18:53:24.226  1909 16526 D SyncTypeTopicDataSubVM: addItemEnterData 2-3-25-13 prepare, textbook, ladder, exercise, specialBtClassical, specialBtReading, specialBtWriting, reviewPackage, newQuestionCourse, examination, newZKTotalReview, specialBtPoetry, specialBreakthrough
07-08 18:53:24.226  1909 16526 D SyncTypeTopicDataSubVM: addItemEnterData 2-4-30-17 prepare, textbook, ladder, exercise, reviewPackage, examination, newZKTotalReview, specialBreakthrough
07-08 18:53:24.227  1909 16526 D SyncTypeTopicDataSubVM: addItemEnterData 2-5-1-15 prepare, vocabularyTrain, textbook, ladder, exercise, specialBtWriting, reviewPackage, newQuestionCourse, examination, specialBtChoiceWB, newZKTotalReview, specialBtReadingCps, specialBreakthrough, wordsSearch, specialBtGrammarBk
07-08 18:53:24.227  1909 16526 D SyncTypeTopicDataSubVM: addItemEnterData 2-6-1-13 prepare, textbook, ladder, exercise, reviewPackage, examination, newZKTotalReview, specialBreakthrough
07-08 18:53:24.227  1909 16526 D SyncTypeTopicDataSubVM: addItemEnterData 2-7-1-13 prepare, textbook, reviewPackage, geographyMemorize, examination, newZKTotalReview, specialBreakthrough
07-08 18:53:24.228   490   490 I BufferQueue: [ScreenshotSurface#0](this:0x7269353800,id:722,api:2,p:-1,c:-1) ~BufferQueueCore
07-08 18:53:24.282   930  5654 D wujq-f  :  filte 59 60  :10069 : 88 - true
07-08 18:53:24.282   930  5654 D wujq    : enter :10069 : 88
07-08 18:53:24.310   477   878 E VT HIDL : [IVT] [VT THREAD] [VT_Bind] des = volte_imsvt1 Fail to connect . retry count: 36356
07-08 18:53:24.311   477   878 D VT HIDL : [IVT] isIMCBrun : True
07-08 18:53:24.413   595   638 I Proximity: distance = 2
07-08 18:53:24.521 16661 16661 I Monkey  : :Sending Touch (ACTION_DOWN): 0:(348.0,740.0)
07-08 18:53:24.524 16661 16661 I Monkey  : :Sending Touch (ACTION_UP): 0:(348.87958,719.9431)
07-08 18:53:24.526 16661 16661 I Monkey  : Sleeping for 1000 milliseconds
07-08 18:53:24.527   930  1209 D AudioTrack: setVolume(24): 0x7ab8efd000, left = 0.501187, right = 0.501187
07-08 18:53:24.527   930  1209 D AudioTrack: start(24): 0x7ab8efd000, prior state:STATE_STOPPED
07-08 18:53:24.527   484   596 D APM_AudioPolicyManager: startOutput() output 29, stream 1, session 25
07-08 18:53:24.530   930  5654 D wujq-f  :  filte 59 60  :1041 : 40 - true
07-08 18:53:24.530   450  2860 D AudioALSAStreamManager: +syncSharedOutDevice(), routingSharedOutDevice: 2
07-08 18:53:24.530   450  2860 D AudioALSAStreamManager: -syncSharedOutDevice()
07-08 18:53:24.530   450  2860 D AudioMTKGainController: setNormalVolume(), mSceneIndex = 0, stream 1, devices 0x2, index 12, mode 0x0
07-08 18:53:24.530   450  2860 D AudioMTKGainController: setSpeakerGain(), gain = 8, spkAnaType = 1, spkLMixerName = Headset_PGAL_GAIN, spkRMixerName = Headset_PGAR_GAIN
07-08 18:53:24.530   450  2860 D AudioALSAStreamOut: open(), flags 4
07-08 18:53:24.530   450  2860 D AudioALSAStreamManager: +createPlaybackHandler(), mAudioMode = 0, output_devices = 0x2, isMixerOut = 0x0, flag = 4
07-08 18:53:24.530   450  2860 D AudioALSAStreamManager: needEnableVoip(), output_devices = 0x2, flags: 0x4, mAvailableOutputFlags: 0x1000e
07-08 18:53:24.530   450  2860 D AudioSpeechEnhanceInfo: IsAPDMNRTuningEnable(), 0
07-08 18:53:24.530   450  2860 D AudioALSAPlaybackHandlerFast: AudioALSAPlaybackHandlerFast()
07-08 18:53:24.530   450  2860 D AudioALSAPlaybackHandlerFast: +open(), mDevice = 0x2
07-08 18:53:24.530   450  2860 D AudioALSADeviceParser: compare pcm success = 23, stringpair = MultiMedia2_PLayback
07-08 18:53:24.530   450  2860 D AudioALSAPlaybackHandlerBase: transferAudioFormatToPcmFormat(), audio_format(0x4) => pcm_format(0x1)
07-08 18:53:24.530   450  2860 D AudioALSAPlaybackHandlerFast: open(), mConfig: channels = 2, rate = 48000, period_size = 256, period_count = 2, format = 1, buffer size 4096 2048
07-08 18:53:24.530   450  2860 D AudioALSAPlaybackHandlerBase: CreateAurisysLibManager, voip: 0, mAurisysScenario: 1
07-08 18:53:24.530   450  2860 D aurisys_utility: input dev: 0x80000004, fmt = 0x3, fs: 48000, max fs: 48000, ch: 2, max ch: 2, ch maks: 0x3, hw_info_mask: 0x0; output dev: 0x2, fmt = 0x3, fs: 48000, max fs: 48000, ch: 2, max ch: 2, ch maks: 0x3, hw_info_mask: 0x0; task_scene: 2, audio_mode: 0, stream_type: -1, output_flags: 0x4, input_source: 0, input_flags: 0x0; network_info: 0, enhancement_feature_mask: 0x0
07-08 18:53:24.530   450  2860 D aurisys_utility: lib, working fs: 48000, fmt: 0x3, frame = 0, b_interleave = 1, num_ul_ref_buf_array = 0, num_dl_ref_buf_array = 0
07-08 18:53:24.530   450  2860 D aurisys_utility: dl in[type:2], ch: 2, ch_mask: 0x3, buf fs: 48000, buf content fs: 48000, fmt: 0x3; dl out[type:3], ch: 2, ch_mask: 0x3, buf fs: 48000, buf content fs: 48000, fmt: 0x3
07-08 18:53:24.530   450  2860 E aurisys_lib_handler: AUD_ASSERT(the_component != ((void*)0)) fail: "vendor/mediatek/proprietary/hardware/audio/common/aurisys/framework/aurisys_lib_handler.c", 2014L
07-08 18:53:24.530   450  2860 E aurisys_lib_manager: new_aurisys_lib_manager(), DL lib smartpa_aw88xxx not created in manager!!
07-08 18:53:24.530   450  2860 E aurisys_lib_manager: AUD_ASSERT(the_handler != ((void*)0)) fail: "vendor/mediatek/proprietary/hardware/audio/common/aurisys/framework/aurisys_lib_manager.c", 157L
07-08 18:53:24.530   450  2860 D AudioCompFltCustParam: audioHierarchicalParamEnable [1]
07-08 18:53:24.531   450  2860 D AudioCompFltCustParam: getPlaybackPostProcessParameterFromXML Type/Name [5]/[PlaybackDRC]
07-08 18:53:24.531   450  2860 D AudioCompFltCustParam: Load from scene Scene,Default,Volume type,Music
07-08 18:53:24.531   450  2860 D AudioCompFltCustParam: audioHierarchicalParamEnable [1]
07-08 18:53:24.531   450  2860 D AudioCompFltCustParam: getPlaybackPostProcessParameterFromXML Type/Name [0]/[PlaybackACF]
07-08 18:53:24.531   450  2860 D AudioCompFltCustParam: Load from scene Scene,Default,Volume type,Music,Profile,Speaker
07-08 18:53:24.531   450  2860 D AudioCompFltCustParam: audioHierarchicalParamEnable [1]
07-08 18:53:24.531   450  2860 D AudioCompFltCustParam: getPlaybackPostProcessParameterFromXML Type/Name [6]/[PlaybackDRC]
07-08 18:53:24.531   450  2860 D AudioCompFltCustParam: Load from scene Scene,Default,Volume type,Ring
07-08 18:53:24.531   450  2860 D AudioCompFltCustParam: audioHierarchicalParamEnable [1]
07-08 18:53:24.531   450  2860 D AudioCompFltCustParam: getPlaybackPostProcessParameterFromXML Type/Name [8]/[PlaybackACF]
07-08 18:53:24.531   450  2860 D AudioCompFltCustParam: Load from scene Scene,Default,Volume type,Music,Profile,Speaker
07-08 18:53:24.531   450  2860 D aurisys_lib_handler: aurisys_arsi_parsing_param_file(), gProductInfo "platform=MT6771,device=tb8788p1_64_bsp,model=XP11G-G", file_path "/vendor/etc/audio_param", enhancement_mode 0, param_buf_size 2528, data_size 2528, custom_info SetAudioCustomScene=
07-08 18:53:24.531   450  2860 D aurisys_lib_handler: aurisys_arsi_create_handler(), lib_name mtk_bessound, 0xe896d800, memory_size 72624, arsi_handler 0xe6641c00, retval 0x0
07-08 18:53:24.531   450  2860 D aurisys_lib_handler: aurisys_arsi_create_handler(), arsi_query_process_unit_bytes, ul 0, dl 2048, retval 0
07-08 18:53:24.531   450  2860 D aurisys_lib_manager: DL Lib, lib_name mtk_bessound, 0xe896d800, sample_rate: 48000 => 48000, num_channels: 2 => 2, audio_format: 0x3 => 0x3, interleave: 1 => 1, frame: 0 => 0
07-08 18:53:24.531   450  2860 D aurisys_lib_manager: DL out, sample_rate: 48000 => 48000, num_channels: 2 => 2, audio_format: 0x3 => 0x4, interleave: 1 => 1, frame: 0 => 0
07-08 18:53:24.531   450  2860 D AudioALSAPlaybackHandlerFast: SetLowJitterMode(), bypass low jitter mode, bEnable = 1, SampleRate = 48000
07-08 18:53:24.533   450  2860 D AudioALSAPlaybackHandlerBase: openPcmDriverWithFlag(), pcm device = 23 flag = 0x8 mPcm = 0xe898cfc0
07-08 18:53:24.533   450  2860 D AudioALSAHardwareResourceManager: +startOutputDevice(), new_devices = 0x2, mOutputDevices = 0x0, mStartOutputDevicesCount = 0 SampleRate = 48000
07-08 18:53:24.533   450  2860 D AudioALSADeviceConfigManager: ApplyDeviceTurnonSequenceByName() DeviceName = headphone_output descriptor->DeviceStatusCounte = 0
07-08 18:53:24.561   450  2860 D AudioALSADeviceConfigManager: ApplyDeviceTurnonSequenceByName() DeviceName = ext_speaker_output descriptor->DeviceStatusCounte = 0
07-08 18:53:24.616   595   638 I Proximity: distance = 2
07-08 18:53:24.715   450  2860 D AudioALSAPlaybackHandlerFast: -open()
07-08 18:53:24.812   477   878 E VT HIDL : [IVT] [VT THREAD] [VT_Bind] des = volte_imsvt1 Fail to connect . retry count: 36357
07-08 18:53:24.813   477   878 D VT HIDL : [IVT] isIMCBrun : True
07-08 18:53:24.822   595   638 I Proximity: distance = 2
07-08 18:53:24.822   930  1287 D AudioTrack: setVolume(24): 0x7ab8efd000, left = 0.000000, right = 0.000000
07-08 18:53:24.830  2488 16609 D CacheInterceptor: requestRemoteOnly
07-08 18:53:24.831  2488 16720 I MMKV    : <MMKV.cpp:226::initializeMMKV> root dir: /data/user/0/com.yangcong345.android.phone/files/mmkv
07-08 18:53:24.833  2488 16610 D CacheInterceptor: requestRemoteOnly
07-08 18:53:24.842   484   563 D APM_AudioPolicyManager: stopOutput portId 24
07-08 18:53:24.842   930  1287 D AudioTrack: stop(24): 0x7ab8efd000, prior state:STATE_ACTIVE
07-08 18:53:24.842   445 16721 E ResolverController: No valid NAT64 prefix (100, <unspecified>/0)
07-08 18:53:24.842   484   563 D APM_AudioPolicyManager: stopOutput() output 29, stream 1, session 25
07-08 18:53:24.843   930  9987 D wujq-f  :  filte 59 60  :1041 : 40 - true
07-08 18:53:24.844   930  1287 D AudioTrack: stop(24): 0x7ab8efd000 stop done
07-08 18:53:24.901   606   700 D agps    : [agps] WARNING: [CP] cp2_fd_1_reconnect_timeout
07-08 18:53:24.901   606   658 E agps    : [agps] ERR: [CP] get_ccci_uart  open failed node=[/dev/ttyC2] reason=[No such file or directory]
07-08 18:53:24.901   606   658 E agps    : [agps] ERR: [CP] get_eemcs_uart  open failed node=[/dev/eemcs_ipc_uart] reason=[No such file or directory]
07-08 18:53:24.901   606   658 E agps    : [agps] ERR: [CP] ccci_uart_1  open failed
07-08 18:53:24.953  2488  2488 I MMKV    : <MMKV.cpp:1180::sync> MMKV::sync, SyncFlag = 0
07-08 18:53:24.953  2488  2488 I MMKV    : <MMKV.cpp:1180::sync> MMKV::sync, SyncFlag = 0
07-08 18:53:24.992  2488 16596 W System.err: java.text.ParseException: Unparseable date: "2024-07-08T18:53:25.00114506+08:00"
07-08 18:53:24.993  2488 16596 W System.err: 	at java.text.DateFormat.parse(DateFormat.java:362)
07-08 18:53:24.993  2488 16596 W System.err: 	at com.yangcong345.platform.utils.time.DateUtil.str2Date(TbsSdkJava:6)
07-08 18:53:24.993  2488 16596 W System.err: 	at com.yangcong345.platform.utils.time.DateUtil.str2Date$default(Unknown Source:12)
07-08 18:53:24.993  2488 16596 W System.err: 	at com.yangcong345.learn.feature.video.cache.CacheAuthorizationHelper.saveLastOpenCacheTime(TbsSdkJava:7)
07-08 18:53:24.993  2488 16596 W System.err: 	at com.yangcong345.learn.feature.video.cache.CacheAuthorizationHelper.access$saveLastOpenCacheTime(Unknown Source:0)
07-08 18:53:24.993  2488 16596 W System.err: 	at com.yangcong345.learn.feature.video.cache.CacheAuthorizationHelper$refreshUserVideoAuth$dispose$2.invoke(TbsSdkJava:4)
07-08 18:53:24.993  2488 16596 W System.err: 	at com.yangcong345.learn.feature.video.cache.CacheAuthorizationHelper$refreshUserVideoAuth$dispose$2.invoke(TbsSdkJava:1)
07-08 18:53:24.993  2488 16596 W System.err: 	at com.yangcong345.learn.feature.video.cache.CacheAuthorizationHelper.refreshUserVideoAuth$lambda$1(Unknown Source:5)
07-08 18:53:24.993  2488 16596 W System.err: 	at com.yangcong345.learn.feature.video.cache.CacheAuthorizationHelper.a(Unknown Source:0)
07-08 18:53:24.993  2488 16596 W System.err: 	at com.yangcong345.learn.feature.video.cache.a.accept(Unknown Source:2)
07-08 18:53:24.993  2488 16596 W System.err: 	at io.reactivex.internal.observers.LambdaObserver.onNext(TbsSdkJava:2)
07-08 18:53:24.993  2488 16596 W System.err: 	at io.reactivex.internal.operators.observable.ObservableSubscribeOn$SubscribeOnObserver.onNext(Unknown Source:2)
07-08 18:53:24.993  2488 16596 W System.err: 	at io.reactivex.internal.operators.observable.c1$a.onNext(Unknown Source:2)
07-08 18:53:24.993  2488 16596 W System.err: 	at io.reactivex.internal.operators.observable.x0$a.onNext(TbsSdkJava:5)
07-08 18:53:24.993  2488 16596 W System.err: 	at retrofit2.adapter.rxjava2.BodyObservable$BodyObserver.onNext(TbsSdkJava:3)
07-08 18:53:24.993  2488 16596 W System.err: 	at retrofit2.adapter.rxjava2.BodyObservable$BodyObserver.onNext(TbsSdkJava:1)
07-08 18:53:24.993  2488 16596 W System.err: 	at retrofit2.adapter.rxjava2.CallExecuteObservable.subscribeActual(TbsSdkJava:7)
07-08 18:53:24.993  2488 16596 W System.err: 	at io.reactivex.z.subscribe(TbsSdkJava:14)
07-08 18:53:24.994  2488 16596 W System.err: 	at retrofit2.adapter.rxjava2.BodyObservable.subscribeActual(Unknown Source:7)
07-08 18:53:24.994  2488 16596 W System.err: 	at io.reactivex.z.subscribe(TbsSdkJava:14)
07-08 18:53:24.994  2488 16596 W System.err: 	at io.reactivex.internal.operators.observable.x0.subscribeActual(Unknown Source:9)
07-08 18:53:24.994  2488 16596 W System.err: 	at io.reactivex.z.subscribe(TbsSdkJava:14)
07-08 18:53:24.994  2488 16596 W System.err: 	at io.reactivex.internal.operators.observable.c1.subscribeActual(Unknown Source:9)
07-08 18:53:24.994  2488 16596 W System.err: 	at io.reactivex.z.subscribe(TbsSdkJava:14)
07-08 18:53:24.994  2488 16596 W System.err: 	at io.reactivex.internal.operators.observable.ObservableSubscribeOn$a.run(Unknown Source:6)
07-08 18:53:24.994  2488 16596 W System.err: 	at io.reactivex.h0$a.run(TbsSdkJava:2)
07-08 18:53:24.994  2488 16596 W System.err: 	at io.reactivex.internal.schedulers.ScheduledRunnable.run(TbsSdkJava:2)
07-08 18:53:24.994  2488 16596 W System.err: 	at io.reactivex.internal.schedulers.ScheduledRunnable.call(Unknown Source:0)
07-08 18:53:24.994  2488 16596 W System.err: 	at java.util.concurrent.FutureTask.run(FutureTask.java:266)
07-08 18:53:24.994  2488 16596 W System.err: 	at java.util.concurrent.ScheduledThreadPoolExecutor$ScheduledFutureTask.run(ScheduledThreadPoolExecutor.java:301)
07-08 18:53:24.994  2488 16596 W System.err: 	at java.util.concurrent.ThreadPoolExecutor.runWorker(ThreadPoolExecutor.java:1167)
07-08 18:53:24.994  2488 16596 W System.err: 	at java.util.concurrent.ThreadPoolExecutor$Worker.run(ThreadPoolExecutor.java:641)
07-08 18:53:24.994  2488 16596 W System.err: 	at java.lang.Thread.run(Thread.java:919)
07-08 18:53:25.005  2488  3187 D DataSailMapper: get instance by url: onion-app-diagnosis.cn-beijing.log.aliyuncs.com/logstores/diagnosis-error/shards/lb
07-08 18:53:25.005  2488 16610 I MMKV    : <MMKV.cpp:226::initializeMMKV> root dir: /data/user/0/com.yangcong345.android.phone/files/mmkv
07-08 18:53:25.005  2488  3187 I System.out: [okhttp]:check permission begin!
07-08 18:53:25.005  2488  3187 I System.out: [okhttp]:not MMS!
07-08 18:53:25.005  2488  3187 I System.out: [okhttp]:not Email!
07-08 18:53:25.006  2488 16610 I MMKV    : <MMKV.cpp:1180::sync> MMKV::sync, SyncFlag = 0
07-08 18:53:25.008  2488  3187 I System.out: [OkHttp] sendRequest>>
07-08 18:53:25.008  2488  3187 I System.out: [OkHttp] sendRequest<<
07-08 18:53:25.024   595   638 I Proximity: distance = 2
07-08 18:53:25.230   595   638 I Proximity: distance = 2
07-08 18:53:25.313   477   878 E VT HIDL : [IVT] [VT THREAD] [VT_Bind] des = volte_imsvt1 Fail to connect . retry count: 36358
07-08 18:53:25.314   477   878 D VT HIDL : [IVT] isIMCBrun : True
07-08 18:53:25.432   595   638 I Proximity: distance = 2
07-08 18:53:25.528 16661 16661 I Monkey  : :Sending Touch (ACTION_DOWN): 0:(1586.0,603.0)
07-08 18:53:25.532 16661 16661 I Monkey  : :Sending Touch (ACTION_MOVE): 0:(1573.4377,605.58826)
07-08 18:53:25.533   463   527 I hwcomposer: [HWC] (0) displayGetActiveConfig config:0
07-08 18:53:25.534 16661 16661 I Monkey  : :Sending Touch (ACTION_MOVE): 0:(1558.4176,605.63165)
07-08 18:53:25.535 16661 16661 I Monkey  : :Sending Touch (ACTION_MOVE): 0:(1536.1748,607.4142)
07-08 18:53:25.536 16661 16661 I Monkey  : :Sending Touch (ACTION_UP): 0:(1521.7933,611.2006)
07-08 18:53:25.539 16661 16661 I Monkey  : Sleeping for 1000 milliseconds
07-08 18:53:25.555   490   966 I BufferQueueProducer: [com.yangcong345.cloud.ui.launcher/com.yangcong345.padmodule.new_home.PadHomeActivity#0](this:0x728526c000,id:725,api:1,p:1909,c:490) queueBuffer: fps=7.93 dur=1638.96 max=1283.76 min=9.42
07-08 18:53:25.562   490   490 I BufferQueueProducer: [FramebufferSurface](this:0x726d5f3800,id:0,api:1,p:490,c:490) queueBuffer: fps=8.40 dur=1428.26 max=1246.72 min=15.63
07-08 18:53:25.564   463   463 I hwcomposer: [HWCDisplay] [Display_0 (type:1)] fps:23.998814,dur:2083.44,max:1246.56,min:12.52
07-08 18:53:25.638   595   638 I Proximity: distance = 2
07-08 18:53:25.814   477   878 E VT HIDL : [IVT] [VT THREAD] [VT_Bind] des = volte_imsvt1 Fail to connect . retry count: 36359
07-08 18:53:25.814   477   878 D VT HIDL : [IVT] isIMCBrun : True
07-08 18:53:25.841   595   638 I Proximity: distance = 2
07-08 18:53:26.046   595   638 I chatty  : uid=1000(system) sensors@2.0-ser identical 1 line
07-08 18:53:26.248   595   638 I Proximity: distance = 2
07-08 18:53:26.314   477   878 E VT HIDL : [IVT] [VT THREAD] [VT_Bind] des = volte_imsvt1 Fail to connect . retry count: 36360
07-08 18:53:26.315   477   878 D VT HIDL : [IVT] isIMCBrun : True
07-08 18:53:26.389   930   947 I system_server: Explicit concurrent copying GC freed 15162(982KB) AllocSpace objects, 5(228KB) LOS objects, 32% free, 12MB/18MB, paused 306us total 299.026ms
07-08 18:53:26.453   595   638 I Proximity: distance = 2
07-08 18:53:26.540 16661 16661 I Monkey  : :Switch: #Intent;action=android.intent.action.MAIN;category=android.intent.category.LAUNCHER;launchFlags=0x10200000;component=com.yangcong345.android.phone/com.yangcong345.main.phone.splash.SplashActivity;end
07-08 18:53:26.542   930  9987 D HraManager: hra getBlackActivityList
07-08 18:53:26.542   930  9987 D HraManagerService:  getBlackActivityList
07-08 18:53:26.543   930  9987 D HraManager: hra getBlackIntentActionList
07-08 18:53:26.543   930  9987 I ActivityTaskManager: START u0 {act=android.intent.action.MAIN cat=[android.intent.category.LAUNCHER] flg=0x10200000 cmp=com.yangcong345.android.phone/com.yangcong345.main.phone.splash.SplashActivity} from uid 2000
07-08 18:53:26.544 16661 16661 I Monkey  :     // Allowing start of Intent { act=android.intent.action.MAIN cat=[android.intent.category.LAUNCHER] cmp=com.yangcong345.android.phone/com.yangcong345.main.phone.splash.SplashActivity } in package com.yangcong345.android.phone
--------- beginning of events
07-08 18:53:26.555   930  9987 I wm_stack_created: 146
07-08 18:53:26.556   463   463 I hwcomposer: [HWC] (0) displayGetActiveConfig config:0
07-08 18:53:26.559   930  9987 I wm_task_created: [148,146]
07-08 18:53:26.561   930  9987 I wm_task_moved: [148,0,2147483647]
07-08 18:53:26.561   930  9987 I am_focused_stack: [0,0,146,0,reuseOrNewTask]
07-08 18:53:26.562   930  9987 I am_create_task: [0,148]
07-08 18:53:26.562  1909  1909 I am_on_top_resumed_lost_called: [0,com.yangcong345.padmodule.new_home.PadHomeActivity,topStateChangedWhenResumed]
07-08 18:53:26.562   930  9987 I am_create_activity: [0,6408044,148,com.yangcong345.android.phone/com.yangcong345.main.phone.splash.SplashActivity,android.intent.action.MAIN,NULL,NULL,270532608]
07-08 18:53:26.563   480   497 I power@1.3-impl: powerHintInternal hint:8, data:1
07-08 18:53:26.563   930  9987 I wm_task_moved: [148,0,2147483647]
07-08 18:53:26.564   480   496 I libPowerHal: 8: cpu_ctrl set freq: 1989000 -1 1989000 -1
07-08 18:53:26.565   930  9987 I am_pause_activity: [0,85328623,com.yangcong345.cloud.ui.launcher/com.yangcong345.padmodule.new_home.PadHomeActivity,userLeaving=true]
07-08 18:53:26.565   930  9987 D PowerHalWrapper: <amsBoostResume> last:com.yangcong345.cloud.ui.launcher, next:com.yangcong345.android.phone
07-08 18:53:26.567   490   490 I BufferQueueProducer: [FramebufferSurface](this:0x726d5f3800,id:0,api:1,p:490,c:490) queueBuffer: fps=1.00 dur=1004.42 max=1004.42 min=1004.42
07-08 18:53:26.568   463   463 I hwcomposer: [HWCDisplay] [Display_0 (type:1)] fps:0.995741,dur:1004.28,max:1004.28,min:1004.28
07-08 18:53:26.569 16661 16661 I Monkey  : Sleeping for 1000 milliseconds
07-08 18:53:26.571  1909  1909 I am_on_paused_called: [0,com.yangcong345.padmodule.new_home.PadHomeActivity,performPause]
07-08 18:53:26.572   930  9987 V WindowManager: updateRotationUnchecked mRotation=1, mLastOrientation=1
07-08 18:53:26.572   930  9987 D wujq-f  :  filte 59 60  :1000 : 40 - true
07-08 18:53:26.573   930  9987 I PowerHalWrapper: <setRotation> do boost with 2000ms
07-08 18:53:26.574   490   531 I BufferQueue: [unnamed-490-727](this:0x72852a2000,id:727,api:0,p:-1,c:-1) BufferQueue core=(490:/system/bin/surfaceflinger)
07-08 18:53:26.574   490   531 I BufferQueueConsumer: [unnamed-490-727](this:0x72852a2000,id:727,api:0,p:-1,c:490) connect(C): consumer=(490:/system/bin/surfaceflinger) controlledByApp=false
07-08 18:53:26.574   490   531 I BufferQueueConsumer: [unnamed-490-727](this:0x72852a2000,id:727,api:0,p:-1,c:490) setConsumerName: unnamed-490-727
07-08 18:53:26.574   490   531 I BufferQueueConsumer: [ScreenshotSurface#0](this:0x72852a2000,id:727,api:0,p:-1,c:490) setConsumerName: ScreenshotSurface#0
07-08 18:53:26.574   490   531 I BufferQueueConsumer: [ScreenshotSurface#0](this:0x72852a2000,id:727,api:0,p:-1,c:490) setDefaultBufferSize: width=1600 height=2176
07-08 18:53:26.596   490   490 I SurfaceFlinger: screenshot (com.yangcong345.cloud.ui.launcher/com.yangcong345.padmodule.new_home.PadHomeActivity#0)
07-08 18:53:26.596   490   490 I SurfaceFlinger: screenshot (#0)
07-08 18:53:26.596   490   490 I SurfaceFlinger: screenshot (StatusBar#0)
07-08 18:53:26.596   490   490 I SurfaceFlinger: screenshot (NavigationBar0#0)
07-08 18:53:26.605   930  9987 D Surface : Surface::connect(this=0x7a65da6000,api=2)
07-08 18:53:26.606   490   531 I BufferQueueProducer: [ScreenshotSurface#0](this:0x72852a2000,id:727,api:2,p:930,c:490) connect(P): api=2 producer=(930:system_server) producerControlledByApp=false
07-08 18:53:26.608   930  9987 D Surface : Surface::disconnect(this=0x7a65da6000,api=2)
07-08 18:53:26.608   490   531 I BufferQueueProducer: [ScreenshotSurface#0](this:0x72852a2000,id:727,api:2,p:930,c:490) disconnect(P): api 2
07-08 18:53:26.610   930  9987 I am_add_to_stopping: [0,85328623,com.yangcong345.cloud.ui.launcher/com.yangcong345.padmodule.new_home.PadHomeActivity,makeInvisible]
07-08 18:53:26.610   930  9987 I configuration_changed: 536872064
07-08 18:53:26.616   930  9987 I ActivityTaskManager: Config changes=20000480 {1.04 ?mcc?mnc [zh_CN] ldltr sw800dp w800dp h1016dp 320dpi xlrg port finger -keyb/v/h -nav/h winConfig={ mBounds=Rect(0, 0 - 1600, 2176) mAppBounds=Rect(0, 0 - 1600, 2080) mWindowingMode=fullscreen mDisplayWindowingMode=fullscreen mActivityType=undefined mAlwaysOnTop=undefined mRotation=ROTATION_0} s.8191}
07-08 18:53:26.624   930  9987 I ActivityTaskManager: Override config changes=20000480 {1.04 ?mcc?mnc [zh_CN] ldltr sw800dp w800dp h1016dp 320dpi xlrg port finger -keyb/v/h -nav/h winConfig={ mBounds=Rect(0, 0 - 1600, 2176) mAppBounds=Rect(0, 0 - 1600, 2080) mWindowingMode=fullscreen mDisplayWindowingMode=fullscreen mActivityType=undefined mAlwaysOnTop=undefined mRotation=ROTATION_0} s.8191} for displayId=0
07-08 18:53:26.624  1870  1870 I Matrix.ActivityThreadHacker: [handleMessage] msg.what:159 begin:18578953 isLaunchActivity:false SDK_INT=29
07-08 18:53:26.626   930  9987 I sysui_multi_action: [757,1659,758,4,759,1,1660,0]
07-08 18:53:26.627   930  9987 V WindowManager: updateRotationUnchecked mRotation=0, mLastOrientation=1
07-08 18:53:26.627   930  9987 I am_restart_activity: [0,6408044,148,com.yangcong345.android.phone/com.yangcong345.main.phone.splash.SplashActivity]
07-08 18:53:26.628   930  9987 I am_set_resumed_activity: [0,com.yangcong345.android.phone/com.yangcong345.main.phone.splash.SplashActivity,minimalResumeActivityLocked]
07-08 18:53:26.627  1870  1870 I Matrix.ActivityThreadHacker: [handleMessage] msg.what:159 begin:18578953 isLaunchActivity:false SDK_INT=29
07-08 18:53:26.629   463   713 W hwcomposer: [OVL] (0) No overlay input queue(0)
07-08 18:53:26.629   463   713 I hwcomposer: [DBQ] (q2:0x76c0c85000) Buffer queue is created with size(3)
07-08 18:53:26.629   463   713 I hwcomposer: [DBQ] (q2:0x76c0c85000) setConsumerListener
07-08 18:53:26.629   463   713 I hwcomposer: [DBQ] (q2:0x76c0c85000) Reallocate Slot(0), pool(0 -> 0) size(0 -> 13926400)
07-08 18:53:26.629   930  9987 D PowerHalWrapper: amsBoostNotify pid:2488,activity:com.yangcong345.main.phone.splash.SplashActivity, package:com.yangcong345.android.phone, mProcessCreatePackcom.yangcong345.pad.systemsetting
07-08 18:53:26.629   930  9987 D PowerHalWrapper: amsBoostNotify AMS_BOOST_PROCESS_CREATE_BOOST:false
07-08 18:53:26.632   480   496 I libPowerHal: [perfNotifyAppState] foreground:com.yangcong345.android.phone, pid:2488, uid:10086
07-08 18:53:26.632   480   496 E UxUtility: notifyAppState error = NULL
07-08 18:53:26.632   480   496 I powerd  : [powerd_req] POWER_MSG_NOTIFY_STATE, pc:0, com.yangcong345.cloud.ui.launcher => com.yangcong345.android.phone
07-08 18:53:26.639   930  7986 D wujq-f  :  filte 59 60  :10069 : 88 - true
07-08 18:53:26.639   930  7986 D wujq    : enter :10069 : 88
07-08 18:53:26.639   490   966 I BufferQueueConsumer: [com.yangcong345.cloud.ui.launcher/com.yangcong345.padmodule.new_home.PadHomeActivity#0](this:0x728526c000,id:725,api:1,p:1909,c:490) setDefaultBufferSize: width=1600 height=2176
07-08 18:53:26.642  1261  1261 V NavigationBarView: home = true
07-08 18:53:26.642  1261  1261 V NavigationBarView: recent = true
07-08 18:53:26.642  1261  1261 V NavigationBarView: back = true
07-08 18:53:26.645   930  1118 E WifiVendorHal: getWifiLinkLayerStats_1_3_Internal(l.927) failed {.code = ERROR_NOT_SUPPORTED, .description = }
07-08 18:53:26.646  1909  2307 D Surface : Surface::disconnect(this=0x7aaeebb000,api=1)
07-08 18:53:26.647   930   947 I am_stop_activity: [0,85328623,com.yangcong345.cloud.ui.launcher/com.yangcong345.padmodule.new_home.PadHomeActivity]
07-08 18:53:26.647   930   947 I InputManager-JNI: Viewport [0] to add: local:0
07-08 18:53:26.647   490   966 I BufferQueueProducer: [com.yangcong345.cloud.ui.launcher/com.yangcong345.padmodule.new_home.PadHomeActivity#0](this:0x728526c000,id:725,api:1,p:1909,c:490) disconnect(P): api 1
07-08 18:53:26.649   930  1068 I InputReader: Reconfiguring input devices.  changes=0x00000004
07-08 18:53:26.649   345   345 I hwservicemanager: getTransport: Cannot find entry vendor.mediatek.hardware.nwk_opt@1.0::INwkOpt/default in either framework or device manifest.
07-08 18:53:26.650   930  1068 I         : Couldn't load Nwk Opt HAL service
07-08 18:53:26.650   930  1068 I InputReader: Device reconfigured: id=3, name='himax-touchscreen', size 1600x2176, orientation 0, mode 1, display id 0
07-08 18:53:26.650   930   947 I sysui_multi_action: [757,803,799,window_time_0,802,3]
07-08 18:53:26.650   345   345 I hwservicemanager: getTransport: Cannot find entry vendor.mediatek.hardware.nwk_opt@1.0::INwkOpt/default in either framework or device manifest.
07-08 18:53:26.653   930  1068 I         : Couldn't load Nwk Opt HAL service
07-08 18:53:26.653   930  1068 I InputReader: Device reconfigured: id=4, name='mtk-tpd', size 1600x2176, orientation 0, mode 1, display id 0
07-08 18:53:26.653   345   345 I hwservicemanager: getTransport: Cannot find entry vendor.mediatek.hardware.nwk_opt@1.0::INwkOpt/default in either framework or device manifest.
07-08 18:53:26.653   930  1068 I         : Couldn't load Nwk Opt HAL service
07-08 18:53:26.653   930  1068 I InputReader: Device reconfigured: id=5, name='himax-stylus', size 1600x2176, orientation 0, mode 1, display id 0
07-08 18:53:26.655  1909  2307 D Surface : Surface::connect(this=0x7aaeebb000,api=1)
07-08 18:53:26.656   490   966 I BufferQueueProducer: [com.yangcong345.cloud.ui.launcher/com.yangcong345.padmodule.new_home.PadHomeActivity#0](this:0x728526c000,id:725,api:1,p:1909,c:490) connect(P): api=1 producer=(1909:com.yangcong345.cloud.ui.launcher) producerControlledByApp=false
07-08 18:53:26.657  1909  2307 D mali_winsys: EGLint new_window_surface(egl_winsys_display *, void *, EGLSurface, EGLConfig, egl_winsys_surface **, EGLBoolean) returns 0x3000
07-08 18:53:26.657  1909  2307 D Surface : Surface::setBufferCount(this=0x7aaeebb000,bufferCount=3)
07-08 18:53:26.661   595   638 I Proximity: distance = 2
--------- beginning of radio
07-08 18:53:19.567  1354  1354 I chatty  : uid=1001(radio) com.android.phone expire 2470 lines
07-08 18:53:23.576  1354  1354 E MtkTelephonyAssist: AssistRIL: MtkRadioProxy getService/setResponseFunctions: java.util.NoSuchElementException
07-08 18:53:26.662  1354  1354 D MtkSubscriptionInfoUpdater: onReceive, Action: android.intent.action.CONFIGURATION_CHANGED
07-08 18:53:26.663  1261  1261 D View    : [Warning] assignParent to null: this = com.android.systemui.assist.AssistOrbContainer{14128bb G.E...... ......ID 0,0-2176,500}
07-08 18:53:26.666  1261  1261 D ViewRootImpl[AssistPreviewPanel]: hardware acceleration = true , fakeHwAccelerated = false, sRendererDisabled = false, forceHwAccelerated = false, sSystemRendererDisabled = false
07-08 18:53:26.670  1261  1261 I InputTransport: Create ARC handle: 0x7ac6a2a5c0
07-08 18:53:26.671  1261  1261 D StatusBar: disable<e i a s b h r c s > disable2<q i n >
07-08 18:53:26.676  1261  1261 D View    : [Warning] assignParent to null: this = com.android.systemui.stackdivider.DividerView{74e4816 I.E...... ......ID 0,0-96,0}
07-08 18:53:26.678  2488  2488 E ActivityThread: Failed to find provider info for com.example.edcationcloud
07-08 18:53:26.679  2488  2488 D test_act: com.yangcong345.android.phone
07-08 18:53:26.680   930  9987 D HraManager: hra getBlackIntentActionList
07-08 18:53:26.679  2488  2488 E ActivityThread: Failed to find provider info for com.example.edcationcloud
07-08 18:53:26.680   930  9987 I ActivityTaskManager: START u0 {act=android.intent.action.VIEW dat=ycmath://padlauncher.com/homePage?position=-1 cmp=com.yangcong345.cloud.ui.launcher/com.yangcong345.support.common.LauncherSchemeActivity} from uid 10086
07-08 18:53:26.681  3259  3489 D Surface : Surface::disconnect(this=0x7bc2336000,api=1)
07-08 18:53:26.681 16661 16696 I Monkey  :     // Rejecting start of Intent { act=android.intent.action.VIEW dat=ycmath://padlauncher.com/homePage?position=-1 cmp=com.yangcong345.cloud.ui.launcher/com.yangcong345.support.common.LauncherSchemeActivity } in package com.yangcong345.cloud.ui.launcher
07-08 18:53:26.681   490   966 I BufferQueueProducer: [#0](this:0x7266b64000,id:726,api:1,p:3259,c:490) disconnect(P): api 1
07-08 18:53:26.683   930  9987 I am_finish_activity: [0,6408044,148,com.yangcong345.android.phone/com.yangcong345.main.phone.splash.SplashActivity,app-request]
07-08 18:53:26.683   930  9987 I am_focused_stack: [0,0,0,146,finishActivity adjustFocus]
07-08 18:53:26.683   930  9987 I wm_task_moved: [3,0,2147483647]
07-08 18:53:26.684  3259  3489 D Surface : Surface::connect(this=0x7bc2336000,api=1)
07-08 18:53:26.684   930  9987 I am_set_resumed_activity: [0,com.yangcong345.cloud.ui.launcher/com.yangcong345.padmodule.new_home.PadHomeActivity,finishActivity adjustFocus]
07-08 18:53:26.684   930  9987 I am_set_resumed_activity: [0,com.yangcong345.cloud.ui.launcher/com.yangcong345.padmodule.new_home.PadHomeActivity,finishActivity]
07-08 18:53:26.684   930  9987 I am_pause_activity: [0,6408044,com.yangcong345.android.phone/com.yangcong345.main.phone.splash.SplashActivity,userLeaving=false]
07-08 18:53:26.684   490   966 I BufferQueueProducer: [#0](this:0x7266b64000,id:726,api:1,p:3259,c:490) connect(P): api=1 producer=(3259:com.yangcong345.eye.protection) producerControlledByApp=false
07-08 18:53:26.684  1261  1261 D ViewRootImpl[DockedStackDivider]: hardware acceleration = true , fakeHwAccelerated = false, sRendererDisabled = false, forceHwAccelerated = false, sSystemRendererDisabled = false
07-08 18:53:26.685   930  9987 D PowerHalWrapper: <amsBoostResume> last:com.yangcong345.android.phone, next:com.yangcong345.cloud.ui.launcher
07-08 18:53:26.685  3259  3489 D mali_winsys: EGLint new_window_surface(egl_winsys_display *, void *, EGLSurface, EGLConfig, egl_winsys_surface **, EGLBoolean) returns 0x3000
07-08 18:53:26.685  3259  3489 D Surface : Surface::setBufferCount(this=0x7bc2336000,bufferCount=3)
07-08 18:53:26.686   930   947 I sysui_multi_action: [757,803,799,window_time_0,802,0]
07-08 18:53:26.686  2488  2488 I am_on_create_called: [0,com.yangcong345.main.phone.splash.SplashActivity,performCreate]
07-08 18:53:26.688   930   948 D skia_mt : canRunInCoworker = true
07-08 18:53:26.689   930   947 I sysui_multi_action: [757,1144,758,8,806,com.yangcong345.android.phone,871,com.yangcong345.main.phone.splash.SplashActivity]
07-08 18:53:26.691  1261  1261 I InputTransport: Create ARC handle: 0x7ab02be160
07-08 18:53:26.693   930  6364 I am_add_to_stopping: [0,6408044,com.yangcong345.android.phone/com.yangcong345.main.phone.splash.SplashActivity,finishCurrentActivityLocked]
07-08 18:53:26.695   930  6364 V WindowManager: updateRotationUnchecked mRotation=0, mLastOrientation=0
07-08 18:53:26.696   930  6364 I am_set_resumed_activity: [0,com.yangcong345.cloud.ui.launcher/com.yangcong345.padmodule.new_home.PadHomeActivity,resumeTopActivityInnerLocked]
07-08 18:53:26.696   930  6364 D PowerHalWrapper: amsBoostNotify pid:1909,activity:com.yangcong345.padmodule.new_home.PadHomeActivity, package:com.yangcong345.cloud.ui.launcher, mProcessCreatePackcom.yangcong345.pad.systemsetting
07-08 18:53:26.696   930  6364 D PowerHalWrapper: amsBoostNotify AMS_BOOST_PROCESS_CREATE_BOOST:false
07-08 18:53:26.696   480   496 I libPowerHal: [perfNotifyAppState] foreground:com.yangcong345.cloud.ui.launcher, pid:1909, uid:10092
07-08 18:53:26.697   480   496 E UxUtility: notifyAppState error = NULL
07-08 18:53:26.697   480   496 I powerd  : [powerd_req] POWER_MSG_NOTIFY_STATE, pc:0, com.yangcong345.android.phone => com.yangcong345.cloud.ui.launcher
07-08 18:53:26.697   930  6364 I configuration_changed: 536872064
07-08 18:53:26.696   930  6364 V WindowManager: updateRotationUnchecked mRotation=0, mLastOrientation=0
07-08 18:53:26.698   930  6364 I ActivityTaskManager: Config changes=20000480 {1.04 ?mcc?mnc [zh_CN] ldltr sw800dp w1088dp h728dp 320dpi xlrg land finger -keyb/v/h -nav/h winConfig={ mBounds=Rect(0, 0 - 2176, 1600) mAppBounds=Rect(0, 0 - 2176, 1504) mWindowingMode=fullscreen mDisplayWindowingMode=fullscreen mActivityType=undefined mAlwaysOnTop=undefined mRotation=ROTATION_90} s.8220}
07-08 18:53:26.698   930  2928 D HraManager: hra getBlackIntentActionList
07-08 18:53:26.698   930  9987 D wujq-f  :  filte 59 60  :10069 : 88 - true
07-08 18:53:26.698   930  9987 D wujq    : enter :10069 : 88
07-08 18:53:26.700   490   966 I BufferQueueProducer: [#0](this:0x7266b64000,id:726,api:1,p:3259,c:490) queueBuffer: fps=0.73 dur=2740.21 max=2711.51 min=28.70
07-08 18:53:26.703   930  2928 D wujq-f  :  filte 59 60  :10100 : 0 - true
07-08 18:53:26.703   930  2928 D wujq    : enter :10100 : 0
07-08 18:53:26.703  1261  1261 I EmergencyButton: ss.getState()=1 ss.isEmergencyOnly()=false for simId=0
07-08 18:53:26.703  1261  1261 D KeyguardSecurityModel: isPinPukOrMeRequiredOfSubId() - phoneId = 0, simState = UNKNOWN
07-08 18:53:26.703  1261  1261 D AntiTheftManager: getCurrentAntiTheftMode() is called.
07-08 18:53:26.708  1870  1870 I Matrix.ActivityThreadHacker: [handleMessage] msg.what:159 begin:18579037 isLaunchActivity:false SDK_INT=29
07-08 18:53:26.712   930  6364 I ActivityTaskManager: Override config changes=20000480 {1.04 ?mcc?mnc [zh_CN] ldltr sw800dp w1088dp h728dp 320dpi xlrg land finger -keyb/v/h -nav/h winConfig={ mBounds=Rect(0, 0 - 2176, 1600) mAppBounds=Rect(0, 0 - 2176, 1504) mWindowingMode=fullscreen mDisplayWindowingMode=fullscreen mActivityType=undefined mAlwaysOnTop=undefined mRotation=ROTATION_90} s.8220} for displayId=0
07-08 18:53:26.715   930  6364 I sysui_multi_action: [757,1659,758,4,759,2,1660,0]
07-08 18:53:26.715   930  6364 I am_resume_activity: [0,85328623,3,com.yangcong345.cloud.ui.launcher/com.yangcong345.padmodule.new_home.PadHomeActivity]
07-08 18:53:26.708  1870  1870 I Matrix.ActivityThreadHacker: [handleMessage] msg.what:159 begin:18579037 isLaunchActivity:false SDK_INT=29
07-08 18:53:26.716   480   497 I power@1.3-impl: powerHintInternal hint:8, data:0
07-08 18:53:26.723   930   947 I am_destroy_activity: [0,6408044,148,com.yangcong345.android.phone/com.yangcong345.main.phone.splash.SplashActivity,finish-imm:activityIdleInternalLocked]
07-08 18:53:26.723   930   948 E system_server: Invalid ID 0x00000000.
07-08 18:53:26.724  3259  3489 D Surface : Surface::disconnect(this=0x7bc2336000,api=1)
07-08 18:53:26.726  1934  1948 W id.printspoole: Reducing the number of considered missed Gc histogram windows from 1008 to 100
07-08 18:53:26.726   930   948 D ViewRootImpl[phone]: hardware acceleration = false , fakeHwAccelerated = true, sRendererDisabled = false, forceHwAccelerated = false, sSystemRendererDisabled = false
07-08 18:53:26.726   490   966 I BufferQueueProducer: [#0](this:0x7266b64000,id:726,api:1,p:3259,c:490) disconnect(P): api 1
07-08 18:53:26.727  3259  3259 D View    : [Warning] assignParent to null: this = com.hjq.shape.layout.ShapeConstraintLayout{faf51e7 V.E...... ........ 0,0-1152,216}
07-08 18:53:26.729   930   948 I InputTransport: Create ARC handle: 0x7b30a59f60
07-08 18:53:26.730   930   948 D View    : [Warning] assignParent to null: this = DecorView@4ae052a[phone]
07-08 18:53:26.736   930   947 I InputManager-JNI: Viewport [0] to add: local:0
07-08 18:53:26.738   490  1489 I BufferQueueProducer: [com.yangcong345.cloud.ui.launcher/com.yangcong345.padmodule.new_home.PadHomeActivity#0](this:0x728526c000,id:725,api:1,p:1909,c:490) queueBuffer: fps=0.85 dur=1183.24 max=1183.24 min=1183.24
07-08 18:53:26.740  1909  2307 I GED     : ged_boost_gpu_freq, level 100, eOrigin 2, final_idx 15, oppidx_max 15, oppidx_min 0
07-08 18:53:26.741   930   947 I sysui_multi_action: [757,803,799,window_time_0,802,0]
07-08 18:53:26.741  3571  3583 W ndroid.keychai: Reducing the number of considered missed Gc histogram windows from 1008 to 100
07-08 18:53:26.744   930  1068 I InputReader: Reconfiguring input devices.  changes=0x00000004
07-08 18:53:26.745   345   345 I hwservicemanager: getTransport: Cannot find entry vendor.mediatek.hardware.nwk_opt@1.0::INwkOpt/default in either framework or device manifest.
07-08 18:53:26.745  2488  2488 I am_on_destroy_called: [0,com.yangcong345.main.phone.splash.SplashActivity,performDestroy]
07-08 18:53:26.746   930  1068 I         : Couldn't load Nwk Opt HAL service
07-08 18:53:26.746   930  1068 I InputReader: Device reconfigured: id=3, name='himax-touchscreen', size 1600x2176, orientation 1, mode 1, display id 0
07-08 18:53:26.747   345   345 I hwservicemanager: getTransport: Cannot find entry vendor.mediatek.hardware.nwk_opt@1.0::INwkOpt/default in either framework or device manifest.
07-08 18:53:26.747   930  1068 I         : Couldn't load Nwk Opt HAL service
07-08 18:53:26.747   930  1068 I InputReader: Device reconfigured: id=4, name='mtk-tpd', size 1600x2176, orientation 1, mode 1, display id 0
07-08 18:53:26.747   345   345 I hwservicemanager: getTransport: Cannot find entry vendor.mediatek.hardware.nwk_opt@1.0::INwkOpt/default in either framework or device manifest.
07-08 18:53:26.747   930  1068 I         : Couldn't load Nwk Opt HAL service
07-08 18:53:26.747   930  1068 I InputReader: Device reconfigured: id=5, name='himax-stylus', size 1600x2176, orientation 1, mode 1, display id 0
07-08 18:53:26.748   930   948 I InputTransport: Destroy ARC handle: 0x7b30a59f60
07-08 18:53:26.751   445 16726 E ResolverController: No valid NAT64 prefix (100, <unspecified>/0)
07-08 18:53:26.751  1261  1573 D Surface : Surface::disconnect(this=0x7b2c219000,api=1)
07-08 18:53:26.751   930  6364 I wm_task_removed: [148,removeAppToken: last token]
07-08 18:53:26.752   930  6364 I am_remove_task: [148,146]
07-08 18:53:26.752   930  6364 I wm_task_removed: [148,removeTask]
07-08 18:53:26.752   490   531 I BufferQueueProducer: [NavigationBar0#0](this:0x7269379800,id:720,api:1,p:1261,c:490) disconnect(P): api 1
07-08 18:53:26.753  3259  3259 I InputTransport: Destroy ARC handle: 0x7ad137c8c0
07-08 18:53:26.754  1909  2307 D Surface : Surface::disconnect(this=0x7aaeebb000,api=1)
07-08 18:53:26.754  1261  1573 D Surface : Surface::connect(this=0x7b2c219000,api=1)
07-08 18:53:26.754   490   966 I BufferQueueProducer: [com.yangcong345.cloud.ui.launcher/com.yangcong345.padmodule.new_home.PadHomeActivity#0](this:0x728526c000,id:725,api:1,p:1909,c:490) disconnect(P): api 1
07-08 18:53:26.755   490   531 I BufferQueueProducer: [NavigationBar0#0](this:0x7269379800,id:720,api:1,p:1261,c:490) connect(P): api=1 producer=(1261:com.android.systemui) producerControlledByApp=false
07-08 18:53:26.756   930  6364 I wm_stack_removed: 146
07-08 18:53:26.756  1261  1573 D mali_winsys: EGLint new_window_surface(egl_winsys_display *, void *, EGLSurface, EGLConfig, egl_winsys_surface **, EGLBoolean) returns 0x3000
07-08 18:53:26.756  1261  1573 D Surface : Surface::setBufferCount(this=0x7b2c219000,bufferCount=3)
07-08 18:53:26.756   930   948 W WindowManager: Failed looking up window callers=com.android.server.wm.WindowManagerService.windowForClientLocked:5339 com.android.server.wm.WindowManagerService.removeWindow:1776 com.android.server.wm.Session.remove:176
07-08 18:53:26.758   930   947 I sysui_multi_action: [757,856,758,2,806,android,857,com.android.server.wm.AlertWindowNotification - com.yangcong345.eye.protection,858,1]
07-08 18:53:26.758   930   930 I notification_cancel_all: [1000,930,android,0,0,0,17,NULL]
07-08 18:53:26.761   490   532 I BufferQueueConsumer: [com.yangcong345.cloud.ui.launcher/com.yangcong345.padmodule.new_home.PadHomeActivity#0](this:0x728526c000,id:725,api:1,p:-1,c:490) setDefaultBufferSize: width=2176 height=1600
07-08 18:53:26.765  3259  3259 D ViewRootImpl[]: hardware acceleration = true , fakeHwAccelerated = false, sRendererDisabled = false, forceHwAccelerated = false, sSystemRendererDisabled = false
07-08 18:53:26.765   490   532 I BufferQueueProducer: [NavigationBar0#0](this:0x7269379800,id:720,api:1,p:1261,c:490) queueBuffer: fps=1.91 dur=3134.32 max=2626.46 min=10.72
07-08 18:53:26.766   930  2928 D wujq-f  :  filte 59 60  :10114 : 24 - true
07-08 18:53:26.766   930  2928 D wujq    : enter :10114 : 24
07-08 18:53:26.768   930  2928 D wujq-f  :  filte 59 60  :10114 : 24 - true
07-08 18:53:26.768   930  2928 D wujq    : enter :10114 : 24
07-08 18:53:26.770  3259  3259 I InputTransport: Create ARC handle: 0x7ad137ca40
07-08 18:53:26.771  1493 16725 E AndroidIME: amn: Error reading file: /data/user_de/0/com.google.android.inputmethod.pinyin/files/keyboard_def_cache_1c32228e8f704792f6a09456b66ebd8f
07-08 18:53:26.771  1493 16725 E AndroidIME: java.nio.channels.ClosedByInterruptException
07-08 18:53:26.771  1493 16725 E AndroidIME: 	at java.nio.channels.spi.AbstractInterruptibleChannel.end(AbstractInterruptibleChannel.java:203)
07-08 18:53:26.771  1493 16725 E AndroidIME: 	at sun.nio.ch.FileChannelImpl.size(FileChannelImpl.java:364)
07-08 18:53:26.771  1493 16725 E AndroidIME: 	at amn.a(PG:8)
07-08 18:53:26.771  1493 16725 E AndroidIME: 	at amn.a(PG:74)
07-08 18:53:26.771  1493 16725 E AndroidIME: 	at agy.a(PG:9)
07-08 18:53:26.771  1493 16725 E AndroidIME: 	at com.google.android.apps.inputmethod.libs.framework.core.KeyboardDefManager.a(PG:46)
07-08 18:53:26.771  1493 16725 E AndroidIME: 	at akg.doInBackground(PG:28)
07-08 18:53:26.771  1493 16725 E AndroidIME: 	at android.os.AsyncTask$3.call(AsyncTask.java:378)
07-08 18:53:26.771  1493 16725 E AndroidIME: 	at java.util.concurrent.FutureTask.run(FutureTask.java:266)
07-08 18:53:26.771  1493 16725 E AndroidIME: 	at java.util.concurrent.Executors$RunnableAdapter.call(Executors.java:462)
07-08 18:53:26.771  1493 16725 E AndroidIME: 	at java.util.concurrent.FutureTask.run(FutureTask.java:266)
07-08 18:53:26.771  1493 16725 E AndroidIME: 	at agu.run(PG:15)
07-08 18:53:26.771  1493 16725 E AndroidIME: 	at java.util.concurrent.ThreadPoolExecutor.runWorker(ThreadPoolExecutor.java:1167)
07-08 18:53:26.771  1493 16725 E AndroidIME: 	at java.util.concurrent.ThreadPoolExecutor$Worker.run(ThreadPoolExecutor.java:641)
07-08 18:53:26.771  1493 16725 E AndroidIME: 	at java.lang.Thread.run(Thread.java:919)
07-08 18:53:26.771  1493 16725 E AndroidIME: 	at agp.run(PG:8)
07-08 18:53:26.774   490   532 I BufferQueue: [unnamed-490-728](this:0x7285333800,id:728,api:0,p:-1,c:-1) BufferQueue core=(490:/system/bin/surfaceflinger)
07-08 18:53:26.774   490   532 I BufferQueueConsumer: [unnamed-490-728](this:0x7285333800,id:728,api:0,p:-1,c:490) connect(C): consumer=(490:/system/bin/surfaceflinger) controlledByApp=false
07-08 18:53:26.774   490   532 I BufferQueueConsumer: [unnamed-490-728](this:0x7285333800,id:728,api:0,p:-1,c:490) setConsumerName: unnamed-490-728
07-08 18:53:26.774   490   532 I BufferQueueConsumer: [#0](this:0x7285333800,id:728,api:0,p:-1,c:490) setConsumerName: #0
07-08 18:53:26.774   490   532 I BufferQueueConsumer: [#0](this:0x7285333800,id:728,api:0,p:-1,c:490) setDefaultBufferSize: width=1152 height=216
07-08 18:53:26.776   490   490 I BufferQueue: [#0](this:0x7266b64000,id:726,api:1,p:-1,c:-1) ~BufferQueueCore
07-08 18:53:26.779  3259  3489 D Surface : Surface::connect(this=0x7bc2336000,api=1)
07-08 18:53:26.780   490  2401 I BufferQueueProducer: [#0](this:0x7285333800,id:728,api:1,p:3259,c:490) connect(P): api=1 producer=(3259:com.yangcong345.eye.protection) producerControlledByApp=false
07-08 18:53:26.780  3259  3489 D mali_winsys: EGLint new_window_surface(egl_winsys_display *, void *, EGLSurface, EGLConfig, egl_winsys_surface **, EGLBoolean) returns 0x3000
07-08 18:53:26.780  3259  3489 D Surface : Surface::setBufferCount(this=0x7bc2336000,bufferCount=3)
07-08 18:53:26.781  3259  3489 D Surface : Surface::allocateBuffers(this=0x7bc2336000)
07-08 18:53:26.782   930  6364 D wujq-f  :  filte 59 60  :10069 : 88 - true
07-08 18:53:26.782   930  6364 D wujq    : enter :10069 : 88
07-08 18:53:26.785   930  1171 D MtkConnectivityService: releasing NetworkRequest [ TRACK_DEFAULT id=166, [ Capabilities: INTERNET&NOT_RESTRICTED&TRUSTED Uid: 10092] ] (release request)
07-08 18:53:26.786   930  6364 D HraManager: hra getBlackIntentActionList
07-08 18:53:26.744  1354  1354 D MtkSubscriptionInfoUpdater: onReceive, Action: android.intent.action.CONFIGURATION_CHANGED
07-08 18:53:26.786  1354  1354 D PhoneSwitcher: evaluating due to netReleased
07-08 18:53:26.786  1909  1909 I am_on_stop_called: [0,com.yangcong345.padmodule.new_home.PadHomeActivity,STOP_ACTIVITY_ITEM]
07-08 18:53:26.786  1354  1354 D PhoneSwitcher: notifyPreferredDataSubIdChanged to -1
07-08 18:53:26.788  1909  1909 V PhoneWindow: DecorView setVisiblity: visibility = 4, Parent = android.view.ViewRootImpl@a15f9b, this = DecorView@cb91f38[PadHomeActivity]
07-08 18:53:26.788  1909  1909 I am_on_restart_called: [0,com.yangcong345.padmodule.new_home.PadHomeActivity,performRestartActivity]
07-08 18:53:26.792   930  6364 D MtkConnectivityService: requestNetwork for uid/pid:10092/1909 NetworkRequest [ TRACK_DEFAULT id=167, [ Capabilities: INTERNET&NOT_RESTRICTED&TRUSTED Uid: 10092] ]
07-08 18:53:26.793   930  1230 D Ethernet: got request NetworkRequest [ TRACK_DEFAULT id=167, [ Capabilities: INTERNET&NOT_RESTRICTED&TRUSTED Uid: 10092] ] with score 60 and serial -1
