04-18 11:10:53.174  8006  8038 I Matrix.lifecycle.Logger_Main      : OverlayWindowLifecycleOwner: OFF, hasOverlay = false, hasVisible = false
04-18 11:10:53.177  8006  8006 E Matrix.OverlayWindowLifecycleOwner:   java.lang.NullPointerException: null cannot be cast to non-null type android.view.View
04-18 11:10:53.177  8006  8006 E Matrix.OverlayWindowLifecycleOwner: 	at com.tencent.matrix.lifecycle.owners.OverlayWindowLifecycleOwner$onViewRootChangedListener$2$1$onAdded$1.run(OverlayWindowLifecycleOwner.kt:57)
04-18 11:10:53.177  8006  8006 E Matrix.OverlayWindowLifecycleOwner: 	at android.os.Handler.handleCallback(Handler.java:938)
04-18 11:10:53.177  8006  8006 E Matrix.OverlayWindowLifecycleOwner: 	at android.os.Handler.dispatchMessage(Handler.java:99)
04-18 11:10:53.177  8006  8006 E Matrix.OverlayWindowLifecycleOwner: 	at android.os.Looper.loop(Looper.java:223)
04-18 11:10:53.177  8006  8006 E Matrix.OverlayWindowLifecycleOwner: 	at android.app.ActivityThread.main(ActivityThread.java:7775)
04-18 11:10:53.177  8006  8006 E Matrix.OverlayWindowLifecycleOwner: 	at java.lang.reflect.Method.invoke(Native Method)
04-18 11:10:53.177  8006  8006 E Matrix.OverlayWindowLifecycleOwner: 	at com.android.internal.os.RuntimeInit$MethodAndArgsCaller.run(RuntimeInit.java:612)
04-18 11:10:53.177  8006  8006 E Matrix.OverlayWindowLifecycleOwner: 	at com.android.internal.os.ZygoteInit.main(ZygoteInit.java:997)
04-18 11:10:53.179   901  2935 I InputDispatcher: setInputWindows displayId=0 Window{29299d7 u0 NavigationBar0} Window{643f2bc u0 StatusBar} recents_animation_input_consumer Window{3207dcb u0 com.yangcong345.cloud.ui.launcher/com.yangcong345.padmodule.new_home.PadHomeActivity} Window{c9c2c19 u0 com.android.systemui.ImageWallpaper}
04-18 11:10:53.188   901   949 I WindowManager: Relayout Window{b3c3cbb u0 com.yangcong345.android.phone/com.yangcong345.pad.launcher.SupportSchemeActivity}: oldVis=4 newVis=0 focusMayChange = true
04-18 11:10:53.190   566   622 I BufferQueueConsumer: [](id:2360000007d,api:0,p:-1,c:566) connect(): controlledByApp=false
04-18 11:10:53.190   566   622 I BufferQueue: [unnamed-566-125](this:0xb40000770fe53c88,id:125,api:0,p:-1,c:-1) BufferQueue core=(566:/system/bin/surfaceflinger)
04-18 11:10:53.191  8006  8106 D MobclickAgent: 本次启动会话:{"sessions":[{"id":"5ADE3DB5A8042BD8E9D9D93D81EB72DD","start_time":"1713409853073"}]}
04-18 11:10:53.192  8006  8106 D MobclickAgent: 本次启动基础信息:{"sdk_version":"9.5.6","device_id":"80d20a57a942eee7","device_model":"Q20","version":758000,"appkey":"5461b2d3fd98c54c960025e1","channel":"xuexipadycxq"}
04-18 11:10:53.192   901   949 W WindowManager: Changing focus fromnull to Window{b3c3cbb u0 com.yangcong345.android.phone/com.yangcong345.pad.launcher.SupportSchemeActivity} displayId=0 Callers=com.android.server.wm.RootWindowContainer.updateFocusedWindowLocked:457 com.android.server.wm.WindowManagerService.updateFocusedWindowLocked:5611 com.android.server.wm.WindowManagerService.relayoutWindow:2398 com.android.server.wm.Session.relayout:213
04-18 11:10:53.195   901   949 I InputDispatcher: setInputWindows displayId=0 Window{29299d7 u0 NavigationBar0} Window{643f2bc u0 StatusBar} com.yangcong345.android.phone/com.yangcong345.pad.launcher.SupportSchemeActivity#0 recents_animation_input_consumer Window{3207dcb u0 com.yangcong345.cloud.ui.launcher/com.yangcong345.padmodule.new_home.PadHomeActivity} Window{c9c2c19 u0 com.android.systemui.ImageWallpaper}
04-18 11:10:53.195  9247  9319 D DataSailMapper: get instance by url: intelligent-hardware.cn-beijing.log.aliyuncs.com/logstores/launcher-debug-store/shards/lb
04-18 11:10:53.196  8006  8106 W SQLiteLog: (28) double-quoted string literal: "5ADE3DB5A8042BD8E9D9D93D81EB72DD"
04-18 11:10:53.196  8006  8107 I System.out: [okhttp]:check permission begin!
04-18 11:10:53.196  9247  9319 I System.out: [okhttp]:check permission begin!
04-18 11:10:53.196  9247  9319 I System.out: [okhttp]:not MMS!
04-18 11:10:53.197  9247  9319 I System.out: [okhttp]:not Email!
04-18 11:10:53.197  8006  8107 I System.out: [okhttp]:not MMS!
04-18 11:10:53.197  8006  8107 I System.out: [okhttp]:not Email!
04-18 11:10:53.198  9247  9319 I System.out: [socket]:check permission begin!
04-18 11:10:53.199  9118  9118 I dnsmasq : query[A] ulogs.umeng.com from 192.168.50.192
04-18 11:10:53.200  9118  9118 I dnsmasq : forwarded ulogs.umeng.com to 223.5.5.5
04-18 11:10:53.200  9118  9118 I dnsmasq : forwarded ulogs.umeng.com to 223.6.6.6
04-18 11:10:53.200  9118  9118 I dnsmasq : forwarded ulogs.umeng.com to 119.29.29.29
04-18 11:10:53.200  9118  9118 I dnsmasq : forwarded ulogs.umeng.com to 182.254.116.116
04-18 11:10:53.200  9118  9118 I dnsmasq : forwarded ulogs.umeng.com to 180.76.76.76
04-18 11:10:53.203  9247  9320 I System.out: [OkHttp] sendRequest<<
04-18 11:10:53.208  9118  9118 I dnsmasq : reply ulogs.umeng.com is <CNAME>
04-18 11:10:53.208  9118  9118 I dnsmasq : reply ulogs.umeng.com.gds.alibabadns.com is <CNAME>
04-18 11:10:53.208  9118  9118 I dnsmasq : reply alog-default.umeng.com is 223.109.148.179
04-18 11:10:53.208  9118  9118 I dnsmasq : reply alog-default.umeng.com is 223.109.148.177
04-18 11:10:53.208  9118  9118 I dnsmasq : reply alog-default.umeng.com is 223.109.148.130
04-18 11:10:53.208  9118  9118 I dnsmasq : reply alog-default.umeng.com is 223.109.148.141
04-18 11:10:53.208  9118  9118 I dnsmasq : reply alog-default.umeng.com is 223.109.148.176
04-18 11:10:53.208  9118  9118 I dnsmasq : reply alog-default.umeng.com is 223.109.148.178
04-18 11:10:53.209   398   398 I hwservicemanager: getTransport: Cannot find entry android.hardware.configstore@1.0::ISurfaceFlingerConfigs/default in either framework or device manifest.
04-18 11:10:53.210  8006  8107 I System.out: [socket]:check permission begin!
04-18 11:10:53.212   901  2989 I InputDispatcher: setInputWindows displayId=0 Window{29299d7 u0 NavigationBar0} Window{643f2bc u0 StatusBar} Window{b3c3cbb u0 com.yangcong345.android.phone/com.yangcong345.pad.launcher.SupportSchemeActivity} recents_animation_input_consumer Window{3207dcb u0 com.yangcong345.cloud.ui.launcher/com.yangcong345.padmodule.new_home.PadHomeActivity} Window{c9c2c19 u0 com.android.systemui.ImageWallpaper}
04-18 11:10:53.212  8006  8106 W SQLiteLog: (28) double-quoted string literal: "5ADE3DB5A8042BD8E9D9D93D81EB72DD"
04-18 11:10:53.212  8006  8106 W SQLiteLog: (28) double-quoted string literal: ""
04-18 11:10:53.212   901  2989 I InputDispatcher: Window went away: com.yangcong345.android.phone/com.yangcong345.pad.launcher.SupportSchemeActivity#0
04-18 11:10:53.212  8006  8106 W SQLiteLog: (28) double-quoted string literal: "5ADE3DB5A8042BD8E9D9D93D81EB72DD"
04-18 11:10:53.212  8006  8106 W SQLiteLog: (28) double-quoted string literal: "-1"
04-18 11:10:53.216   566   979 I BufferQueueProducer: [com.yangcong345.android.phone/com.yangcong345.pad.launcher.SupportSchemeActivity#0](id:2360000007d,api:1,p:8006,c:566) connect(): api=1 producerControlledByApp=false
04-18 11:10:53.218  8006  8106 D UMLog   : 当前发送策略为：启动时发送。详见链接 https://developer.umeng.com/docs/66632/detail/66976?um_channel=sdk
04-18 11:10:53.218  8006  8106 D MobclickAgent: 数据发送策略 : ReportAtLaunch
04-18 11:10:53.218  8006  8106 D UMLog   : 当前发送策略为：启动时发送。详见链接 https://developer.umeng.com/docs/66632/detail/66976?um_channel=sdk
04-18 11:10:53.222  8873 16261 D app_statistics_insertNewAppUsageStats: {"data":"{\"appName\":\"洋葱桌面\",\"className\":\"com.yangcong345.padmodule.new_home.PadHomeActivity\",\"duration\":2,\"endRealTime\":65463,\"endTime\":1713409853,\"id\":0,\"packageName\":\"com.yangcong345.cloud.ui.launcher\",\"startRealTime\":65461,\"startTime\":1713409851}"}
04-18 11:10:53.223  8873 16926 D app_statistics_onAccessibilityEvent: {"data":"{\"appName\":\"yc-debug\",\"className\":\"com.yangcong345.pad.launcher.SupportSchemeActivity\",\"duration\":0,\"endRealTime\":0,\"endTime\":0,\"id\":0,\"packageName\":\"com.yangcong345.android.phone\",\"startRealTime\":65463,\"startTime\":1713409853}"}
04-18 11:10:53.225  8006 17085 E ion     : ioctl c0044901 failed with code -1: Invalid argument
04-18 11:10:53.233   566   979 W ServiceManager: Permission failure: android.permission.ACCESS_SURFACE_FLINGER from uid=10076 pid=8006
04-18 11:10:53.233   566   979 D PermissionCache: checking android.permission.ACCESS_SURFACE_FLINGER for uid=10076 => denied (393 us)
04-18 11:10:53.235   901   954 D lwdebug : onWindowsDrawn com.yangcong345.android.phone/com.yangcong345.pad.launcher.SupportSchemeActivity
04-18 11:10:53.237  8006  8106 D MobclickAgent: 创建新会话: 5ADE3DB5A8042BD8E9D9D93D81EB72DD
04-18 11:10:53.244   901  2989 I InputDispatcher: setInputWindows displayId=0 Window{29299d7 u0 NavigationBar0} Window{643f2bc u0 StatusBar} Window{b3c3cbb u0 com.yangcong345.android.phone/com.yangcong345.pad.launcher.SupportSchemeActivity} recents_animation_input_consumer Window{3207dcb u0 com.yangcong345.cloud.ui.launcher/com.yangcong345.padmodule.new_home.PadHomeActivity} Window{c9c2c19 u0 com.android.systemui.ImageWallpaper}
04-18 11:10:53.245  8006  8006 W LOTTIE  : Animation contains merge paths but they are disabled.
04-18 11:10:53.255  8006  8006 I wm_on_top_resumed_lost_called: [138492148,com.yangcong345.pad.launcher.SupportSchemeActivity,topStateChangedWhenResumed]
04-18 11:10:53.258  8006  8006 D ActivityLifecycleShanYanTask: onActivityPaused name**com.yangcong345.pad.launcher.SupportSchemeActivity**
04-18 11:10:53.258  8006  8006 D CrashReport: >>> com.yangcong345.pad.launcher.SupportSchemeActivity onPaused <<<
04-18 11:10:53.260   901  2989 I InputDispatcher: setInputWindows displayId=0 Window{29299d7 u0 NavigationBar0} Window{643f2bc u0 StatusBar} Window{b3c3cbb u0 com.yangcong345.android.phone/com.yangcong345.pad.launcher.SupportSchemeActivity} recents_animation_input_consumer Window{3207dcb u0 com.yangcong345.cloud.ui.launcher/com.yangcong345.padmodule.new_home.PadHomeActivity} Window{c9c2c19 u0 com.android.systemui.ImageWallpaper}
04-18 11:10:53.262  9247  9320 D DataSailMapper: get instance by url: intelligent-hardware.cn-beijing.log.aliyuncs.com/logstores/launcher-debug-store/shards/lb
04-18 11:10:53.262  9247  9320 I System.out: [okhttp]:check permission begin!
04-18 11:10:53.263  9247  9320 I System.out: [okhttp]:not MMS!
04-18 11:10:53.263  9247  9320 I System.out: [okhttp]:not Email!
04-18 11:10:53.264  9247  9320 I System.out: [socket]:check permission begin!
04-18 11:10:53.266  8006  8006 I wm_on_paused_called: [138492148,com.yangcong345.pad.launcher.SupportSchemeActivity,performPause]
04-18 11:10:53.267   901  2989 W ActivityTaskManager: Tried to set launchTime (0) < mLastActivityLaunchTime (65016565)
04-18 11:10:53.268   901  2989 I wm_add_to_stopping: [0,138492148,com.yangcong345.android.phone/com.yangcong345.pad.launcher.SupportSchemeActivity,makeInvisible]
04-18 11:10:53.268   901  2989 I wm_add_to_stopping: [0,88032115,com.yangcong345.cloud.ui.launcher/com.yangcong345.padmodule.new_home.PadHomeActivity,makeInvisible]
04-18 11:10:53.269   901  2989 I wm_restart_activity: [0,209939478,15,com.yangcong345.android.phone/com.yangcong345.video.business.player.HorizontalVideoActivity]
04-18 11:10:53.269  8006  8106 W SQLiteLog: (28) double-quoted string literal: "
04-18 11:10:53.269  8006  8106 W SQLiteLog: (28) double-quoted string literal: "5ADE3DB5A8042BD8E9D9D93D81EB72DD"
04-18 11:10:53.270   544   563 I mtkpower@impl: [notifyAppState] act com.yangcong345.padmodule.new_home.PadHomeActivity => com.yangcong345.video.business.player.HorizontalVideoActivity
04-18 11:10:53.271   901  2989 W WindowManager: Changing focus fromWindow{b3c3cbb u0 com.yangcong345.android.phone/com.yangcong345.pad.launcher.SupportSchemeActivity} to null displayId=0 Callers=com.android.server.wm.RootWindowContainer.updateFocusedWindowLocked:457 com.android.server.wm.WindowManagerService.updateFocusedWindowLocked:5611 com.android.server.wm.DisplayContent.setFocusedApp:5534 com.android.server.wm.ActivityTaskManagerService.setResumedActivityUncheckLocked:5548
04-18 11:10:53.273   901  2989 I wm_set_resumed_activity: [0,com.yangcong345.android.phone/com.yangcong345.video.business.player.HorizontalVideoActivity,minimalResumeActivityLocked]
04-18 11:10:53.276   901   949 I InputDispatcher: setInputWindows displayId=0 Window{29299d7 u0 NavigationBar0} Window{643f2bc u0 StatusBar} Window{b3c3cbb u0 com.yangcong345.android.phone/com.yangcong345.pad.launcher.SupportSchemeActivity} recents_animation_input_consumer Window{3207dcb u0 com.yangcong345.cloud.ui.launcher/com.yangcong345.padmodule.new_home.PadHomeActivity} Window{c9c2c19 u0 com.android.systemui.ImageWallpaper}
04-18 11:10:53.279   901   953 I sysui_multi_action: [757,803,799,window_time_0,802,1]
04-18 11:10:53.292   901  2989 I InputDispatcher: setInputWindows displayId=0 Window{29299d7 u0 NavigationBar0} Window{643f2bc u0 StatusBar} com.yangcong345.android.phone/com.yangcong345.pad.launcher.SupportSchemeActivity#0 recents_animation_input_consumer com.yangcong345.cloud.ui.launcher/com.yangcong345.padmodule.new_home.PadHomeActivity#0 Window{c9c2c19 u0 com.android.systemui.ImageWallpaper}
04-18 11:10:53.292   901  2989 I InputDispatcher: Window went away: Window{b3c3cbb u0 com.yangcong345.android.phone/com.yangcong345.pad.launcher.SupportSchemeActivity}
04-18 11:10:53.292   901  2989 I InputDispatcher: Window went away: Window{3207dcb u0 com.yangcong345.cloud.ui.launcher/com.yangcong345.padmodule.new_home.PadHomeActivity}
04-18 11:10:53.312  9247  9303 I Matrix.lifecycle.Logger_Main      : ON_PROCESS_UI_PAUSED
04-18 11:10:53.315 17150 17150 D AVStageFactory: createInstance(64bit): createVendorAVFactory success!
04-18 11:10:53.315 17150 17150 D AVStageUtils: createInstance(64bit): createVendorAVUtils success!
04-18 11:10:53.315 17150 17150 D AVStageFactory: createInstance(64bit): createVendorAVFactory success!
04-18 11:10:53.318 17150 17150 D AndroidRuntime: >>>>>> START com.android.internal.os.RuntimeInit uid 2000 <<<<<<
04-18 11:10:53.321 17150 17150 I AndroidRuntime: Using default boot image
04-18 11:10:53.321 17150 17150 I AndroidRuntime: Leaving lock profiling enabled
04-18 11:10:53.322   747   777 I Proximity: distance = 2
04-18 11:10:53.325  8006  8006 D ActivityLifecycleShanYanTask: onActivityCreated name**com.yangcong345.video.business.player.HorizontalVideoActivity**
04-18 11:10:53.326  8006  8006 D CrashReport: >>> com.yangcong345.video.business.player.HorizontalVideoActivity onCreated <<<
04-18 11:10:53.347  8006  8006 E ActivityThread: Failed to find provider info for com.example.edcationcloud
04-18 11:10:53.352  8006  8107 I System.out: [OkHttp] sendRequest>>
04-18 11:10:53.352  8006  8107 I System.out: [OkHttp] sendRequest<<
04-18 11:10:53.410  9247  9319 I System.out: [OkHttp] sendRequest<<
04-18 11:10:51.396  3134  3134 D MtkSubscriptionInfoUpdater: onReceive, Action: android.intent.action.CONFIGURATION_CHANGED
04-18 11:10:53.411  3134  6469 D SubscriptionController: [getSlotIndex]- subId invalid
04-18 11:10:53.437 17150 17150 D app_process: Time zone APEX ICU file found: /apex/com.android.tzdata/etc/icu/icu_tzdata.dat
04-18 11:10:53.437 17150 17150 D app_process: I18n APEX ICU file found: /apex/com.android.i18n/etc/icu/icudt66l.dat
04-18 11:10:53.448 17150 17150 I app_process: The ClassLoaderContext is a special shared library.
04-18 11:10:53.463  9247  9319 D DataSailMapper: get instance by url: intelligent-hardware.cn-beijing.log.aliyuncs.com/logstores/launcher-debug-store/shards/lb
04-18 11:10:53.464  9247  9319 I System.out: [okhttp]:check permission begin!
04-18 11:10:53.464  9247  9319 I System.out: [okhttp]:not MMS!
04-18 11:10:53.464  9247  9319 I System.out: [okhttp]:not Email!
04-18 11:10:53.468  9247  9320 I System.out: [OkHttp] sendRequest<<
04-18 11:10:53.468  8006  8107 D MobclickAgent: 本次启动数据: 发送成功!
04-18 11:10:53.469  9247  9319 I System.out: [socket]:check permission begin!
04-18 11:10:53.471 17150 17150 W app_process: JNI RegisterNativeMethods: attempt to register 0 native methods for android.media.AudioAttributes
04-18 11:10:53.479 17150 17150 D AndroidRuntime: Calling main entry com.android.commands.input.Input
04-18 11:10:53.483 17150 17150 I app_process: The ClassLoaderContext is a special shared library.
04-18 11:10:53.483  8006  8006 I ExoPlayerImpl: Init ba7acc4 [AndroidXMedia3/1.2.1] [Q20, Q20, HuaRuiAn, 30]
04-18 11:10:53.413  3134  6469 D SubscriptionController: [getSlotIndex]- subId invalid
04-18 11:10:53.494  3134  3134 D CapRIL  : resetProxyAndRequestList
04-18 11:10:53.494   398   398 I hwservicemanager: getTransport: Cannot find entry vendor.mediatek.hardware.mtkradioex@2.0::IMtkRadioEx/mtkCap1 in either framework or device manifest.
04-18 11:10:53.495  3134  3134 D CapRIL  : MtkRadioProxy getService/setResponseFunctions: java.util.NoSuchElementException
04-18 11:10:53.526   747   777 I Proximity: distance = 2
04-18 11:10:53.548  8006  8006 W 5.android.phon: Accessing hidden method Landroid/media/AudioTrack;->getLatency()I (greylist, reflection, allowed)
04-18 11:10:53.592   901  2989 I system_server: oneway function results will be dropped but finished with status OK and parcel size 4
04-18 11:10:53.594   901  2989 I chatty  : uid=1000(system) Binder:901_A identical 6 lines
04-18 11:10:53.594   901  2989 I system_server: oneway function results will be dropped but finished with status OK and parcel size 4
04-18 11:10:53.600  8006  8006 D YCPlayerLog: &*&52772467 init 1
04-18 11:10:53.631   901  2549 W InputDispatcher: Waiting because no window has focus but ActivityRecord{c836c16 u0 com.yangcong345.android.phone/com.yangcong345.video.business.player.HorizontalVideoActivity t15} may eventually add a window when it finishes starting up. Will wait for 5000ms
04-18 11:10:53.631   901  2549 W InputDispatcher: Still no focused window. Will drop the event in 4999ms
04-18 11:10:53.664  9247  9319 I System.out: [OkHttp] sendRequest<<
04-18 11:10:53.706 16748 16748 I auditd  : type=1400 audit(0.0:24794): avc: denied { getattr } for comm="DetectPable" path="/proc/fb" dev="proc" ino=4026532067 scontext=u:r:shell:s0 tcontext=u:object_r:proc:s0 tclass=file permissive=1
04-18 11:10:53.706 16748 16748 I DetectPable: type=1400 audit(0.0:24794): avc: denied { getattr } for path="/proc/fb" dev="proc" ino=4026532067 scontext=u:r:shell:s0 tcontext=u:object_r:proc:s0 tclass=file permissive=1
04-18 11:10:53.706 16748 16748 I auditd  : type=1400 audit(0.0:24795): avc: denied { getattr } for comm="DetectPable" path="/proc/m4u" dev="proc" ino=4026532076 scontext=u:r:shell:s0 tcontext=u:object_r:proc_m4u:s0 tclass=file permissive=1
04-18 11:10:53.706 16748 16748 I DetectPable: type=1400 audit(0.0:24795): avc: denied { getattr } for path="/proc/m4u" dev="proc" ino=4026532076 scontext=u:r:shell:s0 tcontext=u:object_r:proc_m4u:s0 tclass=file permissive=1
04-18 11:10:53.730   747   777 I Proximity: distance = 2
04-18 11:10:53.758  8006  8038 I Matrix.lifecycle.Logger_Main      : ON_PROCESS_UI_PAUSED
04-18 11:10:53.934   747   777 I Proximity: distance = 2
04-18 11:10:53.991  8006  8022 W System  : A resource failed to call release.
04-18 11:10:53.991  8006  8022 W System  : A resource failed to call release.
04-18 11:10:54.003   901  2935 I InputDispatcher: setInputWindows displayId=0 Window{29299d7 u0 NavigationBar0} Window{643f2bc u0 StatusBar} com.yangcong345.android.phone/com.yangcong345.pad.launcher.SupportSchemeActivity#0 recents_animation_input_consumer com.yangcong345.cloud.ui.launcher/com.yangcong345.padmodule.new_home.PadHomeActivity#0 Window{c9c2c19 u0 com.android.systemui.ImageWallpaper}
04-18 11:10:54.005   529   529 I hwcomposer: [HWCDisplay] [Display_0 (type:1)] fps:31.957726,dur:1533.28,max:712.60,min:12.32
04-18 11:10:54.007   901  2549 E InputDispatcher: Record dispatchKey again after start no focus window countdown -
04-18 11:10:54.007   901  2549 E InputDispatcher:  eventTime=65017210000000, deviceId=-1, source=0x0, displayId=-1, policyFlags=0x6b000000, action=0x0, flags=0x0, keyCode=0x19, scanCode=0x0, metaState=0x0, repeatCount=0, interceptKeyResult=INTERCEPT_KEY_RESULT_CONTINUE, downTime=65017210000000
04-18 11:10:54.007   901  2549 E InputDispatcher: Record dispatchKey again after start no focus window countdown come to find Focus.
04-18 11:10:54.007   901  2549 W InputDispatcher: Still no focused window. Will drop the event in 4623ms
04-18 11:10:54.030  8006 17146 W LOTTIE  : Lottie doesn't support layer effects. If you are using them for  fills, strokes, trim paths etc. then try adding them directly as contents  in your shape. Found: [波纹]
04-18 11:10:54.134 17048 17048 I Monkey  : :Sending Touch (ACTION_DOWN): 0:(1058.0,387.0)
04-18 11:10:54.134   901  2989 W InputDispatcher: Pruning the input queue because ActivityRecord{c836c16 u0 com.yangcong345.android.phone/com.yangcong345.video.business.player.HorizontalVideoActivity t15} is unresponsive, but we have a responsive gesture monitor that may handle the event
04-18 11:10:54.135   901  2549 E InputDispatcher: Record dispatchKey again after start no focus window countdown -
04-18 11:10:54.135   901  2549 E InputDispatcher:  eventTime=65017210000000, deviceId=-1, source=0x0, displayId=-1, policyFlags=0x6b000000, action=0x0, flags=0x0, keyCode=0x19, scanCode=0x0, metaState=0x0, repeatCount=0, interceptKeyResult=INTERCEPT_KEY_RESULT_CONTINUE, downTime=65017210000000
04-18 11:10:54.135   901  2549 I InputDispatcher: Dropped event because the current application is not responding and the user has started interacting with a different application.
04-18 11:10:54.135   901  2549 W InputDispatcher: Still no focused window. Will drop the event in 4495ms
04-18 11:10:54.135   544   587 I libPowerHal: [perfLockAcq] idx:3 hdl:364 hint:25 pid:544 duration:10000 => ret_hdl:364
04-18 11:10:54.135   544   587 I libPowerHal: [PE] scn:3 hdl:364 hint:25 comm:mtkpower@1.0-se pid:544
04-18 11:10:54.135   544   587 I libPowerHal: [PE] MTKPOWER_HINT_APP_TOUCH update cmd:3408600 param:1
04-18 11:10:54.135   901  2549 W InputDispatcher: Still no focused window. Will drop the event in 4495ms
04-18 11:10:54.136   901   949 W InputManager: Input event injection from pid 17150 failed.
04-18 11:10:54.136   901  2549 W InputDispatcher: Still no focused window. Will drop the event in 4495ms
04-18 11:10:54.137 17048 17048 I Monkey  : :Sending Touch (ACTION_UP): 0:(1060.5566,390.03946)
04-18 11:10:54.137   901  2549 E InputDispatcher: Record dispatchKey again after start no focus window countdown -
04-18 11:10:54.137   901  2549 E InputDispatcher:  eventTime=65017210000000, deviceId=-1, source=0x0, displayId=-1, policyFlags=0x6b000000, action=0x1, flags=0x0, keyCode=0x19, scanCode=0x0, metaState=0x0, repeatCount=0, interceptKeyResult=INTERCEPT_KEY_RESULT_UNKNOWN, downTime=65017210000000
04-18 11:10:54.137   901  2549 W InputDispatcher: Still no focused window. Will drop the event in 4493ms
04-18 11:10:54.137   901  2549 E InputDispatcher: Record dispatchKey again after start no focus window countdown -
04-18 11:10:54.137   901  2549 E InputDispatcher:  eventTime=65017210000000, deviceId=-1, source=0x0, displayId=-1, policyFlags=0x6b000000, action=0x1, flags=0x0, keyCode=0x19, scanCode=0x0, metaState=0x0, repeatCount=0, interceptKeyResult=INTERCEPT_KEY_RESULT_CONTINUE, downTime=65017210000000
04-18 11:10:54.137   901  2549 E InputDispatcher: Record dispatchKey again after start no focus window countdown come to find Focus.
04-18 11:10:54.137   901  2549 W InputDispatcher: Still no focused window. Will drop the event in 4493ms
04-18 11:10:54.137   901  2549 E InputDispatcher: Record dispatchKey again after start no focus window countdown -
04-18 11:10:54.137   901  2549 E InputDispatcher:  eventTime=65017210000000, deviceId=-1, source=0x0, displayId=-1, policyFlags=0x6b000000, action=0x1, flags=0x0, keyCode=0x19, scanCode=0x0, metaState=0x0, repeatCount=0, interceptKeyResult=INTERCEPT_KEY_RESULT_CONTINUE, downTime=65017210000000
04-18 11:10:54.137   901  2549 E InputDispatcher: Record dispatchKey again after start no focus window countdown come to find Focus.
04-18 11:10:54.137   901  2549 W InputDispatcher: Still no focused window. Will drop the event in 4493ms
04-18 11:10:54.137   901  2549 E InputDispatcher: Record dispatchKey again after start no focus window countdown -
04-18 11:10:54.137   901  2549 E InputDispatcher:  eventTime=65017210000000, deviceId=-1, source=0x0, displayId=-1, policyFlags=0x6b000000, action=0x1, flags=0x0, keyCode=0x19, scanCode=0x0, metaState=0x0, repeatCount=0, interceptKeyResult=INTERCEPT_KEY_RESULT_CONTINUE, downTime=65017210000000
04-18 11:10:54.138   901  2549 E InputDispatcher: Record dispatchKey again after start no focus window countdown come to find Focus.
04-18 11:10:54.138   901  2549 W InputDispatcher: Still no focused window. Will drop the event in 4493ms
04-18 11:10:54.138   544   587 I libPowerHal: [perfLockRel] hdl:364, idx:3
04-18 11:10:54.138   544   587 I libPowerHal: [PD] scn:3 hdl:364 hint:25 comm:mtkpower@1.0-se pid:544
04-18 11:10:54.138   544   587 I libPowerHal: [PD] MTKPOWER_HINT_APP_TOUCH update cmd:3408600 param:0
04-18 11:10:54.139   747   777 I Proximity: distance = 2
04-18 11:10:54.290  8006 17132 I visitorTracer: initEvent : 接口 :userType :user
04-18 11:10:54.291  8006 17132 I tag     : CommonInterceptor, tokenSwitch=true,ignoreToken=false,tokenIsEmpty=false,url=https://api-test.yangcong345.com/config/signVideo
04-18 11:10:54.342   747   777 I Proximity: distance = 2
04-18 11:10:54.393  8006 17132 D OK-HTTP : 请求链接：https://api-test.yangcong345.com/config/signVideo
04-18 11:10:54.393  8006 17132 D OK-HTTP : 请求方法：POST
04-18 11:10:54.393  8006 17132 D OK-HTTP : 请求头部：
04-18 11:10:54.393  8006 17132 D OK-HTTP : omvd: yangcong345ODBkMjBhNTdhOTQyZWVlNw
04-18 11:10:54.393  8006 17132 D OK-HTTP : omvd-user-agent: Dalvik/2.1.0 (Linux; U; Android 11; Q20 Build/RP1A.200720.011)
04-18 11:10:54.393  8006 17132 D OK-HTTP : Authorization: Bearer eyJhbGciOiJIUzI1NiIsInR5cCI6IkpXVCJ9.eyJpZCI6IjY1NDFmODA4MzUwY2EzMDAwMTAzNjQxZCIsInNuIjoiUTIwMllKVEVTVDAwMDAxMSIsInJvbGUiOiJzdHVkZW50IiwiZXh0cmEiOiIiLCJleHBpcmVzSW4iOiIzMGQiLCJhdWQiOiJ1c2VyIiwiZXhwIjoxNzE2MDAwMjk2LCJqdGkiOiJjNjVkNDU2Ni03YjJhLTQ4MGUtYjFkNi01ZGVlY2IzZjAyMDAiLCJpYXQiOjE3MTM0MDgyOTYsImlzcyI6InRva2VuLXNlcnZlciIsInN1YiI6IjY1NDFmODA4MzUwY2EzMDAwMTAzNjQxZCJ9.YTTpWT1pUvwX5woqErAnj3y-b1Q1EcIRMflPoGs2BvU
04-18 11:10:54.393  8006 17132 D OK-HTTP : client-identity: user
04-18 11:10:54.393  8006 17132 D OK-HTTP : eventTime: 1713409854291
04-18 11:10:54.393  8006 17132 D OK-HTTP : client-type: android-app
04-18 11:10:54.393  8006 17132 D OK-HTTP : client-version: 7.58.0
04-18 11:10:54.393  8006 17132 D OK-HTTP :
04-18 11:10:54.393  8006 17132 D OK-HTTP : 请求体：
04-18 11:10:54.393  8006 17132 D OK-HTTP : {"url":"https://caption-res.yangcong345.com/bbd0be55-9bfa-4579-b8cc-41ef23b0330b.zip"}
04-18 11:10:54.393  8006 17132 D OK-HTTP : 返回头部：
04-18 11:10:54.393  8006 17132 D OK-HTTP : access-control-allow-headers: *
04-18 11:10:54.393  8006 17132 D OK-HTTP : access-control-allow-methods: GET,HEAD,POST,PUT,OPTIONS,DELETE
04-18 11:10:54.393  8006 17132 D OK-HTTP : access-control-allow-origin: *
04-18 11:10:54.393  8006 17132 D OK-HTTP : access-control-expose-headers: Authorization,Content-Range,Date,params-style
04-18 11:10:54.393  8006 17132 D OK-HTTP : access-control-max-age: 3600
04-18 11:10:54.393  8006 17132 D OK-HTTP : check-device: true
04-18 11:10:54.393  8006 17132 D OK-HTTP : content-type: application/json; charset=utf-8
04-18 11:10:54.393  8006 17132 D OK-HTTP : date: Thu, 18 Apr 2024 03:10:54 GMT
04-18 11:10:54.393  8006 17132 D OK-HTTP : jwt: true
04-18 11:10:54.393  8006 17132 D OK-HTTP : params-style: encrypt
04-18 11:10:54.393  8006 17132 D OK-HTTP : route-name: to-customer-end
04-18 11:10:54.393  8006 17132 D OK-HTTP : signature: true
04-18 11:10:54.393  8006 17132 D OK-HTTP : strict-transport-security: max-age=15724800; includeSubDomains
04-18 11:10:54.393  8006 17132 D OK-HTTP : vary: Origin, Accept-Encoding
04-18 11:10:54.393  8006 17132 D OK-HTTP : content-length: 254
04-18 11:10:54.393  8006 17132 D OK-HTTP :
04-18 11:10:54.393  8006 17132 D OK-HTTP : 返回内容：
04-18 11:10:54.393  8006 17132 D OK-HTTP : 状态码：200，
04-18 11:10:54.393  8006 17132 D OK-HTTP : 返回内容：{"url":"https://caption-res.yangcong345.com/bbd0be55-9bfa-4579-b8cc-41ef23b0330b.zip?auth_key=66208f3e-5535-7c39db78d667488fbc99de8df21fb6e1-71720f7e126d670c939348e3f725a97b"}
04-18 11:10:54.393  8006 17132 D OK-HTTP :
04-18 11:10:54.402  8006 16956 I visitorTracer: initEvent : 接口 :userType :user
04-18 11:10:54.403  8006 16956 I tag     : CommonInterceptor, tokenSwitch=true,ignoreToken=false,tokenIsEmpty=false,url=https://api-test.yangcong345.com/config/signVideo
04-18 11:10:54.485  8006  8020 I 5.android.phon: Background concurrent copying GC freed 5981(470KB) AllocSpace objects, 2(2768KB) LOS objects, 15% free, 31MB/37MB, paused 937us total 107.706ms
04-18 11:10:54.506  8006 16956 D OK-HTTP : 请求链接：https://api-test.yangcong345.com/config/signVideo
04-18 11:10:54.506  8006 16956 D OK-HTTP : 请求方法：POST
04-18 11:10:54.506  8006 16956 D OK-HTTP : 请求头部：
04-18 11:10:54.506  8006 16956 D OK-HTTP : omvd: yangcong345ODBkMjBhNTdhOTQyZWVlNw
04-18 11:10:54.506  8006 16956 D OK-HTTP : omvd-user-agent: Dalvik/2.1.0 (Linux; U; Android 11; Q20 Build/RP1A.200720.011)
04-18 11:10:54.506  8006 16956 D OK-HTTP : Authorization: Bearer eyJhbGciOiJIUzI1NiIsInR5cCI6IkpXVCJ9.eyJpZCI6IjY1NDFmODA4MzUwY2EzMDAwMTAzNjQxZCIsInNuIjoiUTIwMllKVEVTVDAwMDAxMSIsInJvbGUiOiJzdHVkZW50IiwiZXh0cmEiOiIiLCJleHBpcmVzSW4iOiIzMGQiLCJhdWQiOiJ1c2VyIiwiZXhwIjoxNzE2MDAwMjk2LCJqdGkiOiJjNjVkNDU2Ni03YjJhLTQ4MGUtYjFkNi01ZGVlY2IzZjAyMDAiLCJpYXQiOjE3MTM0MDgyOTYsImlzcyI6InRva2VuLXNlcnZlciIsInN1YiI6IjY1NDFmODA4MzUwY2EzMDAwMTAzNjQxZCJ9.YTTpWT1pUvwX5woqErAnj3y-b1Q1EcIRMflPoGs2BvU
04-18 11:10:54.506  8006 16956 D OK-HTTP : client-identity: user
04-18 11:10:54.506  8006 16956 D OK-HTTP : eventTime: 1713409854402
04-18 11:10:54.506  8006 16956 D OK-HTTP : client-type: android-app
04-18 11:10:54.506  8006 16956 D OK-HTTP : client-version: 7.58.0
04-18 11:10:54.506  8006 16956 D OK-HTTP :
04-18 11:10:54.506  8006 16956 D OK-HTTP : 请求体：
04-18 11:10:54.506  8006 16956 D OK-HTTP : {"url":"https://video-thumbnail.yangcong345.com/image/02d451e7-fdb0-4535-934a-8be6401b96ea/images.zip"}
04-18 11:10:54.506  8006 16956 D OK-HTTP : 返回头部：
04-18 11:10:54.506  8006 16956 D OK-HTTP : access-control-allow-headers: *
04-18 11:10:54.506  8006 16956 D OK-HTTP : access-control-allow-methods: GET,HEAD,POST,PUT,OPTIONS,DELETE
04-18 11:10:54.506  8006 16956 D OK-HTTP : access-control-allow-origin: *
04-18 11:10:54.506  8006 16956 D OK-HTTP : access-control-expose-headers: Authorization,Content-Range,Date,params-style
04-18 11:10:54.506  8006 16956 D OK-HTTP : access-control-max-age: 3600
04-18 11:10:54.506  8006 16956 D OK-HTTP : check-device: true
04-18 11:10:54.506  8006 16956 D OK-HTTP : content-type: application/json; charset=utf-8
04-18 11:10:54.506  8006 16956 D OK-HTTP : date: Thu, 18 Apr 2024 03:10:54 GMT
04-18 11:10:54.506  8006 16956 D OK-HTTP : jwt: true
04-18 11:10:54.506  8006 16956 D OK-HTTP : params-style: encrypt
04-18 11:10:54.506  8006 16956 D OK-HTTP : route-name: to-customer-end
04-18 11:10:54.506  8006 16956 D OK-HTTP : signature: true
04-18 11:10:54.506  8006 16956 D OK-HTTP : strict-transport-security: max-age=15724800; includeSubDomains
04-18 11:10:54.506  8006 16956 D OK-HTTP : vary: Origin, Accept-Encoding
04-18 11:10:54.506  8006 16956 D OK-HTTP : content-length: 297
04-18 11:10:54.506  8006 16956 D OK-HTTP :
04-18 11:10:54.506  8006 16956 D OK-HTTP : 返回内容：
04-18 11:10:54.506  8006 16956 D OK-HTTP : 状态码：200，
04-18 11:10:54.506  8006 16956 D OK-HTTP : 返回内容：{"url":"https://video-thumbnail.yangcong345.com/image/02d451e7-fdb0-4535-934a-8be6401b96ea/images.zip?auth_key=66208f3e-5535-7c39db78d667488fbc99de8df21fb6e1-b04a90a693f1507f4348d8c2407763e0"}
04-18 11:10:54.506  8006 16956 D OK-HTTP :
04-18 11:10:54.546   747   777 I Proximity: distance = 2
04-18 11:10:54.581  8006  8006 I MMKV    : <MMKV.cpp:226::initializeMMKV> root dir: /data/user/0/com.yangcong345.android.phone/files/mmkv
04-18 11:10:54.652  8006  8006 I wm_on_create_called: [209939478,com.yangcong345.video.business.player.HorizontalVideoActivity,performCreate]
04-18 11:10:54.659  8006  8006 D ActivityLifecycleShanYanTask: onActivityStarted name**com.yangcong345.video.business.player.HorizontalVideoActivity**
04-18 11:10:54.659  8006  8006 D CrashReport: >>> com.yangcong345.video.business.player.HorizontalVideoActivity onStart <<<
04-18 11:10:54.659  8006  8006 D CrashReport: setActivityForeState, hash:35733670 isFore:true
04-18 11:10:54.659  8006  8006 I eup     : jni_setNativeInfo: key is 14
04-18 11:10:54.659  8006  8006 I eup     : Set native info: isAppForeground(true)
04-18 11:10:54.660  8006  8006 I wm_on_start_called: [209939478,com.yangcong345.video.business.player.HorizontalVideoActivity,handleStartActivity]
04-18 11:10:54.666  8006  8006 I MMKV    : <MMKV.cpp:226::initializeMMKV> root dir: /data/user/0/com.yangcong345.android.phone/files/mmkv
04-18 11:10:54.669  8006  8038 I Matrix.lifecycle.Logger_Main      : ON_PROCESS_UI_RESUMED
04-18 11:10:54.670  8006  8006 D tag     : EyeProtectionHandler onActivityResumed isShowEyeProtectionTip = false activity = com.yangcong345.video.business.player.HorizontalVideoActivity@22140a6
04-18 11:10:54.670  8006  8006 D ActivityLifecycleShanYanTask: onActivityResumed name**com.yangcong345.video.business.player.HorizontalVideoActivity**
04-18 11:10:54.670  8006  8006 D CrashReport: >>> com.yangcong345.video.business.player.HorizontalVideoActivity onResumed <<<
04-18 11:10:54.671  8006  8006 I Matrix.FrameTracer: default refresh rate is 60Hz
04-18 11:10:54.671  8006  8006 I Matrix.FrameTracer: onActivityResumed addOnFrameMetricsAvailableListener
04-18 11:10:54.672  8006  8006 I wm_on_resume_called: [209939478,com.yangcong345.video.business.player.HorizontalVideoActivity,RESUME_ACTIVITY]
04-18 11:10:54.673  8006  8006 V PhoneWindow: DecorView setVisiblity: visibility = 4, Parent = null, this = DecorView@107d7ab[]
04-18 11:10:54.673   566   979 I SurfaceFlinger: [SF client] NEW(0xb40000765fc50ff0) for (8006:com.yangcong345.android.phone)
04-18 11:10:54.676  8006  8006 D ViewRootImpl[HorizontalVideoActivity]: hardware acceleration = true , fakeHwAccelerated = false, sRendererDisabled = false, forceHwAccelerated = false, sSystemRendererDisabled = false
04-18 11:10:54.678   901  2549 E InputDispatcher: Record dispatchKey again after start no focus window countdown -
04-18 11:10:54.678   901  2549 E InputDispatcher:  eventTime=65017210000000, deviceId=-1, source=0x0, displayId=-1, policyFlags=0x6b000000, action=0x1, flags=0x0, keyCode=0x19, scanCode=0x0, metaState=0x0, repeatCount=0, interceptKeyResult=INTERCEPT_KEY_RESULT_CONTINUE, downTime=65017210000000
04-18 11:10:54.678   901  2549 E InputDispatcher: Record dispatchKey again after start no focus window countdown come to find Focus.
04-18 11:10:54.678   901  2549 W InputDispatcher: Still no focused window. Will drop the event in 3953ms
04-18 11:10:54.680  8006  8006 I InputTransport: Create ARC handle: 0xb4000079e89571f0
04-18 11:10:54.680   901  2987 I InputDispatcher: setInputWindows displayId=0 Window{29299d7 u0 NavigationBar0} Window{643f2bc u0 StatusBar} com.yangcong345.android.phone/com.yangcong345.pad.launcher.SupportSchemeActivity#0 recents_animation_input_consumer com.yangcong345.cloud.ui.launcher/com.yangcong345.padmodule.new_home.PadHomeActivity#0 Window{c9c2c19 u0 com.android.systemui.ImageWallpaper}
04-18 11:10:54.681   901  2549 E InputDispatcher: Record dispatchKey again after start no focus window countdown -
04-18 11:10:54.681   901  2549 E InputDispatcher:  eventTime=65017210000000, deviceId=-1, source=0x0, displayId=-1, policyFlags=0x6b000000, action=0x1, flags=0x0, keyCode=0x19, scanCode=0x0, metaState=0x0, repeatCount=0, interceptKeyResult=INTERCEPT_KEY_RESULT_CONTINUE, downTime=65017210000000
04-18 11:10:54.681   901  2549 E InputDispatcher: Record dispatchKey again after start no focus window countdown come to find Focus.
04-18 11:10:54.681   901  2549 W InputDispatcher: Still no focused window. Will drop the event in 3950ms
04-18 11:10:54.683  8006  8006 V PhoneWindow: DecorView setVisiblity: visibility = 0, Parent = android.view.ViewRootImpl@cbc12b4, this = DecorView@107d7ab[HorizontalVideoActivity]
04-18 11:10:54.684  8006  8006 I wm_on_top_resumed_gained_called: [209939478,com.yangcong345.video.business.player.HorizontalVideoActivity,topStateChangedWhenResumed]
04-18 11:10:54.687  8006  8106 D MobclickAgent: 延续上一个会话: 5ADE3DB5A8042BD8E9D9D93D81EB72DD
04-18 11:10:54.691  8006  8106 W SQLiteLog: (28) double-quoted string literal: "5ADE3DB5A8042BD8E9D9D93D81EB72DD"
04-18 11:10:54.691  8006  8106 W SQLiteLog: (28) double-quoted string literal: ""
04-18 11:10:54.691  8006  8106 W SQLiteLog: (28) double-quoted string literal: "5ADE3DB5A8042BD8E9D9D93D81EB72DD"
04-18 11:10:54.691  8006  8106 W SQLiteLog: (28) double-quoted string literal: "-1"
04-18 11:10:54.692  8006  8106 D UMLog   : 当前发送策略为：启动时发送。详见链接 https://developer.umeng.com/docs/66632/detail/66976?um_channel=sdk
04-18 11:10:54.694  8006  8006 D YCPlayerLog: &*&135172522 --playbackState-4--playWhenReadyfalse
04-18 11:10:54.697   901  2987 I InputDispatcher: setInputWindows displayId=0 Window{29299d7 u0 NavigationBar0} Window{643f2bc u0 StatusBar} com.yangcong345.android.phone/com.yangcong345.pad.launcher.SupportSchemeActivity#0 recents_animation_input_consumer com.yangcong345.cloud.ui.launcher/com.yangcong345.padmodule.new_home.PadHomeActivity#0 Window{c9c2c19 u0 com.android.systemui.ImageWallpaper}
04-18 11:10:54.697   901  2549 E InputDispatcher: Record dispatchKey again after start no focus window countdown -
04-18 11:10:54.697   901  2549 E InputDispatcher:  eventTime=65017210000000, deviceId=-1, source=0x0, displayId=-1, policyFlags=0x6b000000, action=0x1, flags=0x0, keyCode=0x19, scanCode=0x0, metaState=0x0, repeatCount=0, interceptKeyResult=INTERCEPT_KEY_RESULT_CONTINUE, downTime=65017210000000
04-18 11:10:54.697   901  2549 E InputDispatcher: Record dispatchKey again after start no focus window countdown come to find Focus.
04-18 11:10:54.697   901  2549 W InputDispatcher: Still no focused window. Will drop the event in 3933ms
04-18 11:10:54.703 17048 17081 I Monkey  :     // activityResuming(com.yangcong345.android.phone)
04-18 11:10:54.704   901  2987 I wm_finish_activity: [0,138492148,15,com.yangcong345.android.phone/com.yangcong345.pad.launcher.SupportSchemeActivity,app-request]
04-18 11:10:54.717   901  2987 W ActivityTaskManager: Duplicate finish request for r=ActivityRecord{84138f4 u0 com.yangcong345.android.phone/com.yangcong345.pad.launcher.SupportSchemeActivity t15 f}}
04-18 11:10:54.716 17048 17081 I chatty  : uid=2000(shell) Binder:17048_2 identical 1 line
04-18 11:10:54.718 17048 17081 I Monkey  :     // activityResuming(com.yangcong345.android.phone)
04-18 11:10:54.726  8006 17188 I System.out: [okhttp]:check permission begin!
04-18 11:10:54.726  8006 17188 I System.out: [okhttp]:not MMS!
04-18 11:10:54.726  8006 17188 I System.out: [okhttp]:not Email!
04-18 11:10:54.728  8006 17189 I System.out: [okhttp]:check permission begin!
04-18 11:10:54.728  8006 17189 I System.out: [okhttp]:not MMS!
04-18 11:10:54.728  8006 17189 I System.out: [okhttp]:not Email!
04-18 11:10:54.728  9118  9118 I dnsmasq : query[A] caption-res.yangcong345.com from 192.168.50.192
04-18 11:10:54.728  9118  9118 I dnsmasq : forwarded caption-res.yangcong345.com to 223.5.5.5
04-18 11:10:54.728  9118  9118 I dnsmasq : forwarded caption-res.yangcong345.com to 223.6.6.6
04-18 11:10:54.728  9118  9118 I dnsmasq : forwarded caption-res.yangcong345.com to 119.29.29.29
04-18 11:10:54.728  9118  9118 I dnsmasq : forwarded caption-res.yangcong345.com to 182.254.116.116
04-18 11:10:54.728  9118  9118 I dnsmasq : forwarded caption-res.yangcong345.com to 180.76.76.76
04-18 11:10:54.729  9118  9118 I dnsmasq : query[A] video-thumbnail.yangcong345.com from 192.168.50.192
04-18 11:10:54.730  9118  9118 I dnsmasq : forwarded video-thumbnail.yangcong345.com to 223.5.5.5
04-18 11:10:54.730  9118  9118 I dnsmasq : forwarded video-thumbnail.yangcong345.com to 223.6.6.6
04-18 11:10:54.730  9118  9118 I dnsmasq : forwarded video-thumbnail.yangcong345.com to 119.29.29.29
04-18 11:10:54.730  9118  9118 I dnsmasq : forwarded video-thumbnail.yangcong345.com to 182.254.116.116
04-18 11:10:54.730  9118  9118 I dnsmasq : forwarded video-thumbnail.yangcong345.com to 180.76.76.76
04-18 11:10:54.730   901  2987 I InputDispatcher: setInputWindows displayId=0 Window{29299d7 u0 NavigationBar0} Window{643f2bc u0 StatusBar} com.yangcong345.android.phone/com.yangcong345.pad.launcher.SupportSchemeActivity#0 recents_animation_input_consumer com.yangcong345.cloud.ui.launcher/com.yangcong345.padmodule.new_home.PadHomeActivity#0 Window{c9c2c19 u0 com.android.systemui.ImageWallpaper}
04-18 11:10:54.730   901  2549 E InputDispatcher: Record dispatchKey again after start no focus window countdown -
04-18 11:10:54.730   901  2549 E InputDispatcher:  eventTime=65017210000000, deviceId=-1, source=0x0, displayId=-1, policyFlags=0x6b000000, action=0x1, flags=0x0, keyCode=0x19, scanCode=0x0, metaState=0x0, repeatCount=0, interceptKeyResult=INTERCEPT_KEY_RESULT_CONTINUE, downTime=65017210000000
04-18 11:10:54.731   901  2549 E InputDispatcher: Record dispatchKey again after start no focus window countdown come to find Focus.
04-18 11:10:54.731   901  2549 W InputDispatcher: Still no focused window. Will drop the event in 3900ms
04-18 11:10:54.736  9118  9118 I dnsmasq : reply caption-res.yangcong345.com is <CNAME>
04-18 11:10:54.736  9118  9118 I dnsmasq : reply caption-res.yangcong345.com.a.bdydns.com is <CNAME>
04-18 11:10:54.736  9118  9118 I dnsmasq : ipset add iplist 111.174.9.35 opencdn.jomodns.com
04-18 11:10:54.736  9118  9118 I dnsmasq : reply opencdn.jomodns.com is 111.174.9.35
04-18 11:10:54.738  9118  9118 I dnsmasq : reply video-thumbnail.yangcong345.com is <CNAME>
04-18 11:10:54.738  9118  9118 I dnsmasq : reply video-thumbnail.yangcong345.com.a.bdydns.com is <CNAME>
04-18 11:10:54.738  9118  9118 I dnsmasq : ipset add iplist 111.174.9.35 opencdn.jomodns.com
04-18 11:10:54.738  9118  9118 I dnsmasq : reply opencdn.jomodns.com is 111.174.9.35
04-18 11:10:54.739  8006 17188 I System.out: [socket]:check permission begin!
04-18 11:10:54.739  8006 17189 I System.out: [socket]:check permission begin!
04-18 11:10:54.738 16748 16748 I auditd  : type=1400 audit(0.0:24821): avc: denied { getattr } for comm="DetectPable" path="/proc/swaps" dev="proc" ino=4026532297 scontext=u:r:shell:s0 tcontext=u:object_r:proc_swaps:s0 tclass=file permissive=1
04-18 11:10:54.738 16748 16748 I DetectPable: type=1400 audit(0.0:24821): avc: denied { getattr } for path="/proc/swaps" dev="proc" ino=4026532297 scontext=u:r:shell:s0 tcontext=u:object_r:proc_swaps:s0 tclass=file permissive=1
04-18 11:10:54.742 16748 16748 I auditd  : type=1400 audit(0.0:24824): avc: denied { getattr } for comm="DetectPable" path="/proc/kpageflags" dev="proc" ino=4026532134 scontext=u:r:shell:s0 tcontext=u:object_r:proc_kpageflags:s0 tclass=file permissive=1
04-18 11:10:54.742 16748 16748 I DetectPable: type=1400 audit(0.0:24824): avc: denied { getattr } for path="/proc/kpageflags" dev="proc" ino=4026532134 scontext=u:r:shell:s0 tcontext=u:object_r:proc_kpageflags:s0 tclass=file permissive=1
04-18 11:10:54.750   747   777 I Proximity: distance = 2
04-18 11:10:54.718   901  2987 W ActivityTaskManager: Duplicate finish request for r=ActivityRecord{84138f4 u0 com.yangcong345.android.phone/com.yangcong345.pad.launcher.SupportSchemeActivity t15 f}}
04-18 11:10:54.765   901  2987 W ActivityTaskManager: zzg getRecentTasksImpl res.add: task=Task{8ee1db2 #20 visible=true type=standard mode=fullscreen translucent=false A=10076:com.yangcong345.android.phone U=0 StackId=20 sz=0}
04-18 11:10:54.765   901  2987 W ActivityTaskManager: zzg getRecentTasksImpl res.add: task=Task{bf91373 #18 visible=true type=standard mode=fullscreen translucent=false A=10078:com.yangcong345.pad.systemsetting U=0 StackId=18 sz=1}
04-18 11:10:54.765   901  2987 W ActivityTaskManager: zzg recentTasks final item pkgName=com.yangcong345.android.phone
04-18 11:10:54.765   901  2987 W ActivityTaskManager: zzg recentTasks final item pkgName=com.yangcong345.pad.systemsetting
04-18 11:10:54.804  8006 17189 I System.out: [OkHttp] sendRequest>>
04-18 11:10:54.805  8006 17189 I System.out: [OkHttp] sendRequest<<
04-18 11:10:54.807   901  2987 D HraManager: hra getBlackIntentActionList
04-18 11:10:54.808   901  2935 I WindowManager: Relayout Window{537cb4c u0 com.yangcong345.android.phone/com.yangcong345.video.business.player.HorizontalVideoActivity}: oldVis=4 newVis=0 focusMayChange = true
04-18 11:10:54.810   566   979 I BufferQueueConsumer: [](id:2360000007e,api:0,p:-1,c:566) connect(): controlledByApp=false
04-18 11:10:54.810   566   979 I BufferQueue: [unnamed-566-126](this:0xb40000770fe89fe8,id:126,api:0,p:-1,c:-1) BufferQueue core=(566:/system/bin/surfaceflinger)
04-18 11:10:54.812   901  2935 W WindowManager: Changing focus fromnull to Window{537cb4c u0 com.yangcong345.android.phone/com.yangcong345.video.business.player.HorizontalVideoActivity} displayId=0 Callers=com.android.server.wm.RootWindowContainer.updateFocusedWindowLocked:457 com.android.server.wm.WindowManagerService.updateFocusedWindowLocked:5611 com.android.server.wm.WindowManagerService.relayoutWindow:2398 com.android.server.wm.Session.relayout:213
04-18 11:10:54.814  8006 17188 I System.out: [OkHttp] sendRequest>>
04-18 11:10:54.815  8006 17188 I System.out: [OkHttp] sendRequest<<
04-18 11:10:54.823   566   623 I BufferQueueProducer: [com.yangcong345.android.phone/com.yangcong345.video.business.player.HorizontalVideoActivity#0](id:2360000007e,api:1,p:8006,c:566) connect(): api=1 producerControlledByApp=false
04-18 11:10:54.826   901  7230 I InputDispatcher: setInputWindows displayId=0 Window{29299d7 u0 NavigationBar0} Window{643f2bc u0 StatusBar} Window{537cb4c u0 com.yangcong345.android.phone/com.yangcong345.video.business.player.HorizontalVideoActivity} com.yangcong345.android.phone/com.yangcong345.pad.launcher.SupportSchemeActivity#0 recents_animation_input_consumer com.yangcong345.cloud.ui.launcher/com.yangcong345.padmodule.new_home.PadHomeActivity#0 Window{c9c2c19 u0 com.android.systemui.ImageWallpaper}
04-18 11:10:54.827   901  2549 E InputDispatcher: Record dispatchKey again after start no focus window countdown -
04-18 11:10:54.827   901  2549 E InputDispatcher:  eventTime=65017210000000, deviceId=-1, source=0x0, displayId=-1, policyFlags=0x6b000000, action=0x1, flags=0x0, keyCode=0x19, scanCode=0x0, metaState=0x0, repeatCount=0, interceptKeyResult=INTERCEPT_KEY_RESULT_CONTINUE, downTime=65017210000000
04-18 11:10:54.827   901  2549 E InputDispatcher: Record dispatchKey again after start no focus window countdown come to find Focus.
04-18 11:10:54.827   901  2549 W InputDispatcher: Still no focused window. Will drop the event in 3803ms
04-18 11:10:54.832   566   622 I BpBinder: onLastStrongRef automatically unlinking death recipients: <uncached descriptor>
04-18 11:10:54.842   901 10071 I InputDispatcher: setInputWindows displayId=0 Window{29299d7 u0 NavigationBar0} Window{643f2bc u0 StatusBar} Window{537cb4c u0 com.yangcong345.android.phone/com.yangcong345.video.business.player.HorizontalVideoActivity} com.yangcong345.android.phone/com.yangcong345.pad.launcher.SupportSchemeActivity#0 recents_animation_input_consumer com.yangcong345.cloud.ui.launcher/com.yangcong345.padmodule.new_home.PadHomeActivity#0 Window{c9c2c19 u0 com.android.systemui.ImageWallpaper}
04-18 11:10:54.843   901  2987 I WindowManager: Relayout Window{672f7a6 u0 SecondaryHomeHandle0}: oldVis=8 newVis=0 focusMayChange = true
04-18 11:10:54.843   901  2549 E InputDispatcher: Record dispatchKey again after start no focus window countdown -
04-18 11:10:54.843   901  2549 E InputDispatcher:  eventTime=65017210000000, deviceId=-1, source=0x0, displayId=-1, policyFlags=0x6b000000, action=0x1, flags=0x0, keyCode=0x19, scanCode=0x0, metaState=0x0, repeatCount=0, interceptKeyResult=INTERCEPT_KEY_RESULT_CONTINUE, downTime=65017210000000
04-18 11:10:54.843   901  2549 E InputDispatcher: Record dispatchKey again after start no focus window countdown come to find Focus.
04-18 11:10:54.843   901  2549 W InputDispatcher: Still no focused window. Will drop the event in 3787ms
04-18 11:10:54.846   566   622 I BufferQueueConsumer: [](id:2360000007f,api:0,p:-1,c:566) connect(): controlledByApp=false
04-18 11:10:54.846   566   622 I BufferQueue: [unnamed-566-127](this:0xb40000770fe95098,id:127,api:0,p:-1,c:-1) BufferQueue core=(566:/system/bin/surfaceflinger)
04-18 11:10:54.850   566   622 I BufferQueueProducer: [SecondaryHomeHandle0#0](id:2360000007f,api:1,p:2886,c:566) connect(): api=1 producerControlledByApp=false
04-18 11:10:54.858   901  2987 I InputDispatcher: setInputWindows displayId=0 Window{672f7a6 u0 SecondaryHomeHandle0} Window{29299d7 u0 NavigationBar0} Window{643f2bc u0 StatusBar} Window{537cb4c u0 com.yangcong345.android.phone/com.yangcong345.video.business.player.HorizontalVideoActivity} com.yangcong345.android.phone/com.yangcong345.pad.launcher.SupportSchemeActivity#0 recents_animation_input_consumer com.yangcong345.cloud.ui.launcher/com.yangcong345.padmodule.new_home.PadHomeActivity#0 Window{c9c2c19 u0 com.android.systemui.ImageWallpaper}
04-18 11:10:54.859   901  2549 E InputDispatcher: Record dispatchKey again after start no focus window countdown -
04-18 11:10:54.859   901  2549 E InputDispatcher:  eventTime=65017210000000, deviceId=-1, source=0x0, displayId=-1, policyFlags=0x6b000000, action=0x1, flags=0x0, keyCode=0x19, scanCode=0x0, metaState=0x0, repeatCount=0, interceptKeyResult=INTERCEPT_KEY_RESULT_CONTINUE, downTime=65017210000000
