04-18 11:10:54.859   901  2549 E InputDispatcher: Record dispatchKey again after start no focus window countdown come to find Focus.
04-18 11:10:54.859   901  2549 W InputDispatcher: Still no focused window. Will drop the event in 3772ms
04-18 11:10:54.859  8006 17195 I System.out: [okhttp]:check permission begin!
04-18 11:10:54.859  8006 17195 I System.out: [okhttp]:not MMS!
04-18 11:10:54.859  8006 17195 I System.out: [okhttp]:not Email!
04-18 11:10:54.859  8006 17195 I System.out: [OkHttp] sendRequest>>
04-18 11:10:54.859  8006 17195 I System.out: [OkHttp] sendRequest<<
04-18 11:10:54.864  8873 16926 D app_statistics_insertNewAppUsageStats: {"data":"{\"appName\":\"yc-debug\",\"className\":\"com.yangcong345.pad.launcher.SupportSchemeActivity\",\"duration\":1,\"endRealTime\":65464,\"endTime\":1713409854,\"id\":0,\"packageName\":\"com.yangcong345.android.phone\",\"startRealTime\":65463,\"startTime\":1713409853}"}
04-18 11:10:54.864  8873 16261 D app_statistics_onAccessibilityEvent: {"data":"{\"appName\":\"系统界面\",\"className\":\"android.view.View\",\"duration\":0,\"endRealTime\":0,\"endTime\":0,\"id\":0,\"packageName\":\"com.android.systemui\",\"startRealTime\":65464,\"startTime\":1713409854}"}
04-18 11:10:54.867  8006  8006 D TextureView: getHardwareLayer, createNewSurface:true
04-18 11:10:54.867  8006  8006 I BufferQueueConsumer: [](id:1f4600000000,api:0,p:-1,c:8006) connect(): controlledByApp=true
04-18 11:10:54.870  8006 17168 I BufferQueueProducer: [SurfaceTexture-0-8006-0](id:1f4600000000,api:1,p:8006,c:8006) connect(): api=1 producerControlledByApp=true
04-18 11:10:54.874  8006 17197 I System.out: [okhttp]:check permission begin!
04-18 11:10:54.874  8006 17197 I System.out: [okhttp]:not MMS!
04-18 11:10:54.874  8006 17197 I System.out: [okhttp]:not Email!
04-18 11:10:54.875   901 10071 I InputDispatcher: setInputWindows displayId=0 Window{672f7a6 u0 SecondaryHomeHandle0} Window{29299d7 u0 NavigationBar0} Window{643f2bc u0 StatusBar} Window{537cb4c u0 com.yangcong345.android.phone/com.yangcong345.video.business.player.HorizontalVideoActivity} com.yangcong345.android.phone/com.yangcong345.pad.launcher.SupportSchemeActivity#0 recents_animation_input_consumer com.yangcong345.cloud.ui.launcher/com.yangcong345.padmodule.new_home.PadHomeActivity#0 Window{c9c2c19 u0 com.android.systemui.ImageWallpaper}
04-18 11:10:54.875   901  2549 E InputDispatcher: Record dispatchKey again after start no focus window countdown -
04-18 11:10:54.875   901  2549 E InputDispatcher:  eventTime=65017210000000, deviceId=-1, source=0x0, displayId=-1, policyFlags=0x6b000000, action=0x1, flags=0x0, keyCode=0x19, scanCode=0x0, metaState=0x0, repeatCount=0, interceptKeyResult=INTERCEPT_KEY_RESULT_CONTINUE, downTime=65017210000000
04-18 11:10:54.875   901  2549 E InputDispatcher: Record dispatchKey again after start no focus window countdown come to find Focus.
04-18 11:10:54.875   901  2549 W InputDispatcher: Still no focused window. Will drop the event in 3755ms
04-18 11:10:54.875  8006 17197 I System.out: [OkHttp] sendRequest>>
04-18 11:10:54.876  8006 17197 I System.out: [OkHttp] sendRequest<<
04-18 11:10:54.879  8873 16926 D app_statistics_onAccessibilityEvent: {"data":"{\"appName\":\"yc-debug\",\"className\":\"com.yangcong345.video.business.player.HorizontalVideoActivity\",\"duration\":0,\"endRealTime\":0,\"endTime\":0,\"id\":0,\"packageName\":\"com.yangcong345.android.phone\",\"startRealTime\":65464,\"startTime\":1713409854}"}
04-18 11:10:54.879  8873 16261 D app_statistics_insertNewAppUsageStats: {"data":"{\"appName\":\"系统界面\",\"className\":\"android.view.View\",\"duration\":0,\"endRealTime\":65464,\"endTime\":1713409854,\"id\":0,\"packageName\":\"com.android.systemui\",\"startRealTime\":65464,\"startTime\":1713409854}"}
04-18 11:10:54.883  8006 17168 I SpoRenderer: onSurfaceCreated
04-18 11:10:54.883  8006 17168 I BufferQueueConsumer: [](id:1f4600000001,api:0,p:-1,c:8006) connect(): controlledByApp=true
04-18 11:10:54.920  8006 17168 I SpoRenderer: onSurfaceChanged width = 1920  height = 1200
04-18 11:10:54.955   747   777 I Proximity: distance = 2
04-18 11:10:55.075   901  2473 I commit_sys_config_file: [settings-2-0,5]
04-18 11:10:55.116   901   954 D lwdebug : onWindowsDrawn com.yangcong345.android.phone/com.yangcong345.video.business.player.HorizontalVideoActivity
04-18 11:10:55.119   901  2935 I InputDispatcher: setInputWindows displayId=0 Window{672f7a6 u0 SecondaryHomeHandle0} Window{29299d7 u0 NavigationBar0} Window{643f2bc u0 StatusBar} Window{537cb4c u0 com.yangcong345.android.phone/com.yangcong345.video.business.player.HorizontalVideoActivity} com.yangcong345.android.phone/com.yangcong345.pad.launcher.SupportSchemeActivity#0 recents_animation_input_consumer com.yangcong345.cloud.ui.launcher/com.yangcong345.padmodule.new_home.PadHomeActivity#0 Window{c9c2c19 u0 com.android.systemui.ImageWallpaper}
04-18 11:10:55.119   901  2549 E InputDispatcher: Record dispatchKey again after start no focus window countdown -
04-18 11:10:55.119   901  2549 E InputDispatcher:  eventTime=65017210000000, deviceId=-1, source=0x0, displayId=-1, policyFlags=0x6b000000, action=0x1, flags=0x0, keyCode=0x19, scanCode=0x0, metaState=0x0, repeatCount=0, interceptKeyResult=INTERCEPT_KEY_RESULT_CONTINUE, downTime=65017210000000
04-18 11:10:55.119   901  2549 E InputDispatcher: Record dispatchKey again after start no focus window countdown come to find Focus.
04-18 11:10:55.119   901  2549 W InputDispatcher: Still no focused window. Will drop the event in 3511ms
04-18 11:10:55.122   529   529 I hwcomposer: [HWCDisplay] [Display_0 (type:1)] fps:7.163995,dur:1116.70,max:677.75,min:14.60
04-18 11:10:55.125   901   959 D ArtManagerInternalImpl: /data/misc/iorapd/com.yangcong345.android.phone/758000/com.yangcong345.video.business.player.HorizontalVideoActivity/compiled_traces/compiled_trace.pb doesn't exist
04-18 11:10:55.125   901   959 I sysui_multi_action: [319,2390,322,2389,325,65016,757,761,758,8,759,2,806,com.yangcong345.android.phone,871,com.yangcong345.video.business.player.HorizontalVideoActivity,904,com.yangcong345.android.phone,905,0,1320,5,1321,5]
04-18 11:10:55.127   901   959 I wm_activity_launch_time: [0,209939478,com.yangcong345.android.phone/com.yangcong345.video.business.player.HorizontalVideoActivity,2389]
04-18 11:10:55.127   901   959 I ActivityTaskManager: Displayed com.yangcong345.android.phone/com.yangcong345.video.business.player.HorizontalVideoActivity: +2s389ms
04-18 11:10:55.135   901 10071 I InputDispatcher: setInputWindows displayId=0 Window{672f7a6 u0 SecondaryHomeHandle0} Window{29299d7 u0 NavigationBar0} Window{643f2bc u0 StatusBar} Window{537cb4c u0 com.yangcong345.android.phone/com.yangcong345.video.business.player.HorizontalVideoActivity} recents_animation_input_consumer com.yangcong345.cloud.ui.launcher/com.yangcong345.padmodule.new_home.PadHomeActivity#0 com.yangcong345.android.phone/com.yangcong345.pad.launcher.SupportSchemeActivity#0 Window{c9c2c19 u0 com.android.systemui.ImageWallpaper}
04-18 11:10:55.135   901 10071 I InputDispatcher: Focus entered window: Window{537cb4c u0 com.yangcong345.android.phone/com.yangcong345.video.business.player.HorizontalVideoActivity} in display 0
04-18 11:10:55.136   901  2549 W InputDispatcher: Still no focused window. Will drop the event in 3495ms
04-18 11:10:55.136   901  2549 W InputDispatcher: Still no focused window. Will drop the event in 3495ms
04-18 11:10:55.136   901  2549 E InputDispatcher: Record dispatchKey again after start no focus window countdown -
04-18 11:10:55.136   901  2549 E InputDispatcher:  eventTime=65017210000000, deviceId=-1, source=0x0, displayId=-1, policyFlags=0x6b000000, action=0x1, flags=0x0, keyCode=0x19, scanCode=0x0, metaState=0x0, repeatCount=0, interceptKeyResult=INTERCEPT_KEY_RESULT_CONTINUE, downTime=65017210000000
04-18 11:10:55.136   901  2549 E InputDispatcher: Record dispatchKey again after start no focus window countdown come to find Focus.
04-18 11:10:55.151   901 10071 I InputDispatcher: setInputWindows displayId=0 Window{672f7a6 u0 SecondaryHomeHandle0} Window{29299d7 u0 NavigationBar0} Window{643f2bc u0 StatusBar} Window{537cb4c u0 com.yangcong345.android.phone/com.yangcong345.video.business.player.HorizontalVideoActivity} recents_animation_input_consumer com.yangcong345.cloud.ui.launcher/com.yangcong345.padmodule.new_home.PadHomeActivity#0 com.yangcong345.android.phone/com.yangcong345.pad.launcher.SupportSchemeActivity#0 Window{c9c2c19 u0 com.android.systemui.ImageWallpaper}
04-18 11:10:55.155   566   566 I BufferQueueProducer: [FramebufferSurface](this:0xb4000076ffc5b340,id:-1,api:1,p:566,c:566) queueBuffer: fps=0.36 dur=55153.32 max=54845.14 min=14.45
04-18 11:10:55.158   747   777 I Proximity: distance = 2
04-18 11:10:55.167   901 10071 I InputDispatcher: setInputWindows displayId=0 Window{672f7a6 u0 SecondaryHomeHandle0} Window{29299d7 u0 NavigationBar0} Window{643f2bc u0 StatusBar} Window{537cb4c u0 com.yangcong345.android.phone/com.yangcong345.video.business.player.HorizontalVideoActivity} recents_animation_input_consumer com.yangcong345.cloud.ui.launcher/com.yangcong345.padmodule.new_home.PadHomeActivity#0 com.yangcong345.android.phone/com.yangcong345.pad.launcher.SupportSchemeActivity#0 Window{c9c2c19 u0 com.android.systemui.ImageWallpaper}
04-18 11:10:55.216   901 10071 I chatty  : uid=1000(system) Binder:901_16 identical 3 lines
04-18 11:10:55.233   901 10071 I InputDispatcher: setInputWindows displayId=0 Window{672f7a6 u0 SecondaryHomeHandle0} Window{29299d7 u0 NavigationBar0} Window{643f2bc u0 StatusBar} Window{537cb4c u0 com.yangcong345.android.phone/com.yangcong345.video.business.player.HorizontalVideoActivity} recents_animation_input_consumer com.yangcong345.cloud.ui.launcher/com.yangcong345.padmodule.new_home.PadHomeActivity#0 com.yangcong345.android.phone/com.yangcong345.pad.launcher.SupportSchemeActivity#0 Window{c9c2c19 u0 com.android.systemui.ImageWallpaper}
04-18 11:10:55.235   529   529 I hwcomposer: [DBQ] (q2:0xb400007c09b6f340) Buffer queue is created with size(3), m_id(168)
04-18 11:10:55.236   529   529 I hwcomposer: [DBQ] (q2:0xb400007c09b6f340) Reallocate Slot(0), pool(0 -> 0) size(0 -> 9216000)
04-18 11:10:55.237   529   529 I hwcomposer: [DBQ] (q2:0xb400007c09b6f340) Alloc Slot(0), handle=0xb400007bc9b6f1f0 c=0 w=1200 h=1920 p=1200 ys=1200 vs=1920 f=2
04-18 11:10:55.238   529   696 D MDP     : DpAsyncBlit: in: job (439 71) (1200, 1920, 4800, 0, C2s, P0), sec0, flush 0 Buffer 219: plane=1 bufVA={0x4b,0x0,0x0} bufMVA={0x0,0x0,0x0} bufSize={0x8ca000,0x0,0x0} proxy={0xb400007b49b7c200,0x0,0x0}fence=71
04-18 11:10:55.238   529   696 D MDP     : DpAsyncBlit: out0: (1168, 1868, 4800, 0, C2s, P0), misc: (X:0, Y:0, R:0, F:0, S:0, A:0, D:0), sec0, flush 0 Buffer 219: plane=1 bufVA={0x50,0x0,0x0} bufMVA={0x0,0x0,0x0} bufSize={0x8ca000,0x0,0x0} proxy={0xb400007b49b7c7a0,0x0,0x0}fence=-1
04-18 11:10:55.238   529   696 D MDP     : DpAsyncBlit: crop0: (0, 0, 1200, 1920, 0, 0, 0, 0)
04-18 11:10:55.238   529   696 D MDP     : [PQ][PQRSZAdaptor(0)] SUPPORT_VIDEO_UR
04-18 11:10:55.246   901  2935 I InputDispatcher: setInputWindows displayId=0 Window{672f7a6 u0 SecondaryHomeHandle0} Window{29299d7 u0 NavigationBar0} Window{643f2bc u0 StatusBar} Window{537cb4c u0 com.yangcong345.android.phone/com.yangcong345.video.business.player.HorizontalVideoActivity} recents_animation_input_consumer com.yangcong345.cloud.ui.launcher/com.yangcong345.padmodule.new_home.PadHomeActivity#0 com.yangcong345.android.phone/com.yangcong345.pad.launcher.SupportSchemeActivity#0 Window{c9c2c19 u0 com.android.systemui.ImageWallpaper}
04-18 11:10:55.248  8006 16958 I visitorTracer: initEvent : 接口 :userType :user
04-18 11:10:55.249  8006 16958 I tag     : CommonInterceptor, tokenSwitch=true,ignoreToken=false,tokenIsEmpty=false,url=https://api-test.yangcong345.com/video-support/barrage/open/permissions?topicId=37eaece0-57f7-11e7-9139-d35a41f315a7&stageId=2&subjectId=1&courseId=
04-18 11:10:55.249   529   529 I hwcomposer: [DBQ] (q2:0xb400007c09b6f340) Reallocate Slot(1), pool(0 -> 0) size(0 -> 9216000)
04-18 11:10:55.251   529   529 I hwcomposer: [DBQ] (q2:0xb400007c09b6f340) Alloc Slot(1), handle=0xb400007bc9b73290 c=0 w=1200 h=1920 p=1200 ys=1200 vs=1920 f=2
04-18 11:10:55.251   529   696 D MDP     : Buffer 219: plane=1 bufVA={0x4b,0x0,0x0} bufMVA={0x0,0x0,0x0} bufSize={0x8ca000,0x0,0x0} proxy={0xb400007b49b7c200,0x0,0x0}fence=71
04-18 11:10:55.251   529   696 D MDP     : Buffer 220: plane=1 bufVA={0x5f,0x0,0x0} bufMVA={0x0,0x0,0x0} bufSize={0x8ca000,0x0,0x0} proxy={0xb400007b49b7ca70,0x0,0x0}fence=91
04-18 11:10:55.251   529   696 D MDP     : DpAsyncBlit: in: job (441 91) (1200, 1920, 4800, 0, C2s, P0), sec0, flush 0
04-18 11:10:55.251   529   696 D MDP     : Buffer 219: plane=1 bufVA={0x50,0x0,0x0} bufMVA={0x0,0x0,0x0} bufSize={0x8ca000,0x0,0x0} proxy={0xb400007b49b7c7a0,0x0,0x0}fence=-1
04-18 11:10:55.251   529   696 D MDP     : Buffer 220: plane=1 bufVA={0x64,0x0,0x0} bufMVA={0x0,0x0,0x0} bufSize={0x8ca000,0x0,0x0} proxy={0xb400007b49b7c750,0x0,0x0}fence=-1
04-18 11:10:55.251   529   696 D MDP     : DpAsyncBlit: out0: (1176, 1880, 4800, 0, C2s, P0), misc: (X:0, Y:0, R:0, F:0, S:0, A:0, D:0), sec0, flush 0
04-18 11:10:55.251   529   696 D MDP     : DpAsyncBlit: crop0: (0, 0, 1200, 1920, 0, 0, 0, 0)
04-18 11:10:55.252   529   696 D MDP     : [PQ][PQRSZAdaptor(0)] SUPPORT_VIDEO_UR
04-18 11:10:55.262   901  2935 I InputDispatcher: setInputWindows displayId=0 Window{672f7a6 u0 SecondaryHomeHandle0} Window{29299d7 u0 NavigationBar0} Window{643f2bc u0 StatusBar} Window{537cb4c u0 com.yangcong345.android.phone/com.yangcong345.video.business.player.HorizontalVideoActivity} recents_animation_input_consumer com.yangcong345.cloud.ui.launcher/com.yangcong345.padmodule.new_home.PadHomeActivity#0 com.yangcong345.android.phone/com.yangcong345.pad.launcher.SupportSchemeActivity#0 Window{c9c2c19 u0 com.android.systemui.ImageWallpaper}
04-18 11:10:55.265   529   529 I hwcomposer: [DBQ] (q2:0xb400007c09b6f340) Reallocate Slot(2), pool(0 -> 0) size(0 -> 9216000)
04-18 11:10:55.269   529   529 I hwcomposer: [DBQ] (q2:0xb400007c09b6f340) Alloc Slot(2), handle=0xb400007bc9b6f090 c=0 w=1200 h=1920 p=1200 ys=1200 vs=1920 f=2
04-18 11:10:55.269   529   696 D MDP     : DpAsyncBlit: in: job (443 76) (1200, 1920, 4800, 0, C2s, P0), sec0, flush 0 Buffer 221: plane=1 bufVA={0x56,0x0,0x0} bufMVA={0x0,0x0,0x0} bufSize={0x8ca000,0x0,0x0} proxy={0xb400007b49b7bda0,0x0,0x0}fence=76
04-18 11:10:55.269   529   696 D MDP     : DpAsyncBlit: out0: (1180, 1888, 4800, 0, C2s, P0), misc: (X:0, Y:0, R:0, F:0, S:0, A:0, D:0), sec0, flush 0 Buffer 221: plane=1 bufVA={0x69,0x0,0x0} bufMVA={0x0,0x0,0x0} bufSize={0x8ca000,0x0,0x0} proxy={0xb400007b49b7bf80,0x0,0x0}fence=-1
04-18 11:10:55.269   529   696 D MDP     : DpAsyncBlit: crop0: (0, 0, 1200, 1920, 0, 0, 0, 0)
04-18 11:10:55.270   529   696 D MDP     : [PQ][PQRSZAdaptor(0)] SUPPORT_VIDEO_UR
04-18 11:10:55.278   901  2935 I InputDispatcher: setInputWindows displayId=0 Window{672f7a6 u0 SecondaryHomeHandle0} Window{29299d7 u0 NavigationBar0} Window{643f2bc u0 StatusBar} Window{537cb4c u0 com.yangcong345.android.phone/com.yangcong345.video.business.player.HorizontalVideoActivity} recents_animation_input_consumer com.yangcong345.cloud.ui.launcher/com.yangcong345.padmodule.new_home.PadHomeActivity#0 com.yangcong345.android.phone/com.yangcong345.pad.launcher.SupportSchemeActivity#0 Window{c9c2c19 u0 com.android.systemui.ImageWallpaper}
04-18 11:10:55.281   529   696 D MDP     : DpAsyncBlit: in: job (445 75) (1200, 1920, 4800, 0, C2s, P0), sec0, flush 0 Buffer 222: plane=1 bufVA={0x56,0x0,0x0} bufMVA={0x0,0x0,0x0} bufSize={0x8ca000,0x0,0x0} proxy={0xb400007b49b7cac0,0x0,0x0}fence=75
04-18 11:10:55.281   529   696 D MDP     : DpAsyncBlit: out0: (1184, 1894, 4800, 0, C2s, P0), misc: (X:0, Y:0, R:0, F:0, S:0, A:0, D:0), sec0, flush 0 Buffer 222: plane=1 bufVA={0x50,0x0,0x0} bufMVA={0x0,0x0,0x0} bufSize={0x8ca000,0x0,0x0} proxy={0xb400007b49b7b990,0x0,0x0}fence=102
04-18 11:10:55.281   529   696 D MDP     : DpAsyncBlit: crop0: (0, 0, 1200, 1920, 0, 0, 0, 0)
04-18 11:10:55.282   529   696 D MDP     : [PQ][PQRSZAdaptor(0)] SUPPORT_VIDEO_UR
04-18 11:10:55.294   901  2935 I InputDispatcher: setInputWindows displayId=0 Window{672f7a6 u0 SecondaryHomeHandle0} Window{29299d7 u0 NavigationBar0} Window{643f2bc u0 StatusBar} Window{537cb4c u0 com.yangcong345.android.phone/com.yangcong345.video.business.player.HorizontalVideoActivity} recents_animation_input_consumer com.yangcong345.cloud.ui.launcher/com.yangcong345.padmodule.new_home.PadHomeActivity#0 com.yangcong345.android.phone/com.yangcong345.pad.launcher.SupportSchemeActivity#0 Window{c9c2c19 u0 com.android.systemui.ImageWallpaper}
04-18 11:10:55.295  8006 17132 I visitorTracer: initEvent : 接口 :userType :user
04-18 11:10:55.295  8006 17132 I tag     : CommonInterceptor, tokenSwitch=true,ignoreToken=false,tokenIsEmpty=false,url=https://api-test.yangcong345.com/comment/review/switch?topicId=37eaece0-57f7-11e7-9139-d35a41f315a7&stageId=2&subjectId=1&publisherId=1&semesterId=13
04-18 11:10:55.298   529   696 D MDP     : DpAsyncBlit: in: job (447 74) (1200, 1920, 4800, 0, C2s, P0), sec0, flush 0 Buffer 223: plane=1 bufVA={0x54,0x0,0x0} bufMVA={0x0,0x0,0x0} bufSize={0x8ca000,0x0,0x0} proxy={0xb400007b49b7c9d0,0x0,0x0}fence=74
04-18 11:10:55.298   529   696 D MDP     : DpAsyncBlit: out0: (1188, 1900, 4800, 0, C2s, P0), misc: (X:0, Y:0, R:0, F:0, S:0, A:0, D:0), sec0, flush 0 Buffer 223: plane=1 bufVA={0x64,0x0,0x0} bufMVA={0x0,0x0,0x0} bufSize={0x8ca000,0x0,0x0} proxy={0xb400007b49b7c390,0x0,0x0}fence=102
04-18 11:10:55.298   529   696 D MDP     : DpAsyncBlit: crop0: (0, 0, 1200, 1920, 0, 0, 0, 0)
04-18 11:10:55.298   529   696 D MDP     : [PQ][PQRSZAdaptor(0)] SUPPORT_VIDEO_UR
04-18 11:10:55.299  8006  8006 D YCPlayerLog: &*&52772467 pause
04-18 11:10:55.308  8006 16960 I visitorTracer: initEvent : 接口 :userType :user
04-18 11:10:55.308  8006 16960 I tag     : CommonInterceptor, tokenSwitch=true,ignoreToken=false,tokenIsEmpty=false,url=https://api-test.yangcong345.com/study-flow/course-notes/info?videoId=685678a4-555e-11e7-8520-3ba17491e27f&topicId=37eaece0-57f7-11e7-9139-d35a41f315a7
04-18 11:10:55.311   901  2935 I InputDispatcher: setInputWindows displayId=0 Window{672f7a6 u0 SecondaryHomeHandle0} Window{29299d7 u0 NavigationBar0} Window{643f2bc u0 StatusBar} Window{537cb4c u0 com.yangcong345.android.phone/com.yangcong345.video.business.player.HorizontalVideoActivity} recents_animation_input_consumer com.yangcong345.cloud.ui.launcher/com.yangcong345.padmodule.new_home.PadHomeActivity#0 com.yangcong345.android.phone/com.yangcong345.pad.launcher.SupportSchemeActivity#0 Window{c9c2c19 u0 com.android.systemui.ImageWallpaper}
04-18 11:10:55.314   529   696 D MDP     : DpAsyncBlit: in: job (449 72) (1200, 1920, 4800, 0, C2s, P0), sec0, flush 0 Buffer 224: plane=1 bufVA={0x4b,0x0,0x0} bufMVA={0x0,0x0,0x0} bufSize={0x8ca000,0x0,0x0} proxy={0xb400007b49b7ba80,0x0,0x0}fence=72
04-18 11:10:55.315   529   696 D MDP     : DpAsyncBlit: out0: (1190, 1904, 4800, 0, C2s, P0), misc: (X:0, Y:0, R:0, F:0, S:0, A:0, D:0), sec0, flush 0 Buffer 224: plane=1 bufVA={0x69,0x0,0x0} bufMVA={0x0,0x0,0x0} bufSize={0x8ca000,0x0,0x0} proxy={0xb400007b49b7bcb0,0x0,0x0}fence=102
04-18 11:10:55.315   529   696 D MDP     : DpAsyncBlit: crop0: (0, 0, 1200, 1920, 0, 0, 0, 0)
04-18 11:10:55.315   529   696 D MDP     : [PQ][PQRSZAdaptor(0)] SUPPORT_VIDEO_UR
04-18 11:10:55.326  8006 16956 I visitorTracer: initEvent : 接口 :userType :user
04-18 11:10:55.326  8006 16956 I tag     : CommonInterceptor, tokenSwitch=true,ignoreToken=false,tokenIsEmpty=false,url=https://api-test.yangcong345.com/study/course/fc96aa6c-6c28-11e7-92b1-7f399bce3897/subsection-with-topics
04-18 11:10:55.328   901  2935 I InputDispatcher: setInputWindows displayId=0 Window{672f7a6 u0 SecondaryHomeHandle0} Window{29299d7 u0 NavigationBar0} Window{643f2bc u0 StatusBar} Window{537cb4c u0 com.yangcong345.android.phone/com.yangcong345.video.business.player.HorizontalVideoActivity} recents_animation_input_consumer com.yangcong345.cloud.ui.launcher/com.yangcong345.padmodule.new_home.PadHomeActivity#0 com.yangcong345.android.phone/com.yangcong345.pad.launcher.SupportSchemeActivity#0 Window{c9c2c19 u0 com.android.systemui.ImageWallpaper}
04-18 11:10:55.328  8006 16956 D CacheInterceptor: requestRemoteFirst
04-18 11:10:55.328  8006 16956 D CacheInterceptor: request local cache fail
04-18 11:10:55.331   529   696 D MDP     : DpAsyncBlit: in: job (451 72) (1200, 1920, 4800, 0, C2s, P0), sec0, flush 0 Buffer 225: plane=1 bufVA={0x4d,0x0,0x0} bufMVA={0x0,0x0,0x0} bufSize={0x8ca000,0x0,0x0} proxy={0xb400007b49b7ab80,0x0,0x0}fence=72
04-18 11:10:55.331   529   696 D MDP     : DpAsyncBlit: out0: (1192, 1908, 4800, 0, C2s, P0), misc: (X:0, Y:0, R:0, F:0, S:0, A:0, D:0), sec0, flush 0 Buffer 225: plane=1 bufVA={0x50,0x0,0x0} bufMVA={0x0,0x0,0x0} bufSize={0x8ca000,0x0,0x0} proxy={0xb400007b49b7c7a0,0x0,0x0}fence=102
04-18 11:10:55.331   529   696 D MDP     : DpAsyncBlit: crop0: (0, 0, 1200, 1920, 0, 0, 0, 0)
04-18 11:10:55.331   529   696 D MDP     : [PQ][PQRSZAdaptor(0)] SUPPORT_VIDEO_UR
04-18 11:10:55.339  8006  8006 D YCPlayerLog: &*&52772467,setUrl https://video-demo.yangcong345.com/mobileM/mobileM_a973d79d-ad6b-4fd0-8111-2c702d1672d5.m3u8
04-18 11:10:55.339  8006 17214 I visitorTracer: initEvent : 接口 :userType :user
04-18 11:10:55.340  8006 17214 I tag     : CommonInterceptor, tokenSwitch=true,ignoreToken=false,tokenIsEmpty=false,url=https://api-test.yangcong345.com/config/signVideo
04-18 11:10:55.343  8006  8006 D YCPlayerLog: &*&isHlsVideo: lps:mobileM_a973d79d-ad6b-4fd0-8111-2c702d1672d5.m3u8
04-18 11:10:55.344   901  2935 I InputDispatcher: setInputWindows displayId=0 Window{672f7a6 u0 SecondaryHomeHandle0} Window{29299d7 u0 NavigationBar0} Window{643f2bc u0 StatusBar} Window{537cb4c u0 com.yangcong345.android.phone/com.yangcong345.video.business.player.HorizontalVideoActivity} recents_animation_input_consumer com.yangcong345.cloud.ui.launcher/com.yangcong345.padmodule.new_home.PadHomeActivity#0 com.yangcong345.android.phone/com.yangcong345.pad.launcher.SupportSchemeActivity#0 Window{c9c2c19 u0 com.android.systemui.ImageWallpaper}
04-18 11:10:55.344  8006  8006 I MMKV    : <MMKV.cpp:226::initializeMMKV> root dir: /data/user/0/com.yangcong345.android.phone/files/mmkv
04-18 11:10:55.345  8006  8006 D CacheProxy: buildKey: decryptSalt:yangcong
04-18 11:10:55.345  8006  8006 D CacheProxy: buildAuthKey: vid:,salt:eWFuZ2Nvbmc=，xKey:dj0yJnNNZXRob2Q9bWQ1JnZJZD0mdGltZXN0YW1wPTE3MTM0MDk4NTUzNDUmc2lnbmF0dXJlPWE4YzNjZTNlZDg5ODJjZDVkMTc4ZTllNTU0YmZlMzAx
04-18 11:10:55.347   529   696 D MDP     : DpAsyncBlit: in: job (453 72) (1200, 1920, 4800, 0, C2s, P0), sec0, flush 0 Buffer 226: plane=1 bufVA={0x4e,0x0,0x0} bufMVA={0x0,0x0,0x0} bufSize={0x8ca000,0x0,0x0} proxy={0xb400007b49b7c020,0x0,0x0}fence=72
04-18 11:10:55.347   529   696 D MDP     : DpAsyncBlit: out0: (1194, 1910, 4800, 0, C2s, P0), misc: (X:0, Y:0, R:0, F:0, S:0, A:0, D:0), sec0, flush 0 Buffer 226: plane=1 bufVA={0x64,0x0,0x0} bufMVA={0x0,0x0,0x0} bufSize={0x8ca000,0x0,0x0} proxy={0xb400007b49b7c840,0x0,0x0}fence=102
04-18 11:10:55.347   529   696 D MDP     : DpAsyncBlit: crop0: (0, 0, 1200, 1920, 0, 0, 0, 0)
04-18 11:10:55.348   529   696 D MDP     : [PQ][PQRSZAdaptor(0)] SUPPORT_VIDEO_UR
04-18 11:10:55.360   901  2935 I InputDispatcher: setInputWindows displayId=0 Window{672f7a6 u0 SecondaryHomeHandle0} Window{29299d7 u0 NavigationBar0} Window{643f2bc u0 StatusBar} Window{537cb4c u0 com.yangcong345.android.phone/com.yangcong345.video.business.player.HorizontalVideoActivity} recents_animation_input_consumer com.yangcong345.cloud.ui.launcher/com.yangcong345.padmodule.new_home.PadHomeActivity#0 com.yangcong345.android.phone/com.yangcong345.pad.launcher.SupportSchemeActivity#0 Window{c9c2c19 u0 com.android.systemui.ImageWallpaper}
04-18 11:10:55.362   747   777 I Proximity: distance = 2
04-18 11:10:55.363   529   696 D MDP     : DpAsyncBlit: in: job (455 72) (1200, 1920, 4800, 0, C2s, P0), sec0, flush 0 Buffer 227: plane=1 bufVA={0x4c,0x0,0x0} bufMVA={0x0,0x0,0x0} bufSize={0x8ca000,0x0,0x0} proxy={0xb400007b49b7bbc0,0x0,0x0}fence=72
04-18 11:10:55.363   529   696 D MDP     : DpAsyncBlit: out0: (1196, 1912, 4800, 0, C2s, P0), misc: (X:0, Y:0, R:0, F:0, S:0, A:0, D:0), sec0, flush 0 Buffer 227: plane=1 bufVA={0x69,0x0,0x0} bufMVA={0x0,0x0,0x0} bufSize={0x8ca000,0x0,0x0} proxy={0xb400007b49b7bfd0,0x0,0x0}fence=102
04-18 11:10:55.363   529   696 D MDP     : DpAsyncBlit: crop0: (0, 0, 1200, 1920, 0, 0, 0, 0)
04-18 11:10:55.364   529   696 D MDP     : [PQ][PQRSZAdaptor(0)] SUPPORT_VIDEO_UR
04-18 11:10:55.365  8006  8006 D YCPlayerLog: &*&135172522 --playbackState-2--playWhenReadyfalse
04-18 11:10:55.376   901  2935 I InputDispatcher: setInputWindows displayId=0 Window{672f7a6 u0 SecondaryHomeHandle0} Window{29299d7 u0 NavigationBar0} Window{643f2bc u0 StatusBar} Window{537cb4c u0 com.yangcong345.android.phone/com.yangcong345.video.business.player.HorizontalVideoActivity} recents_animation_input_consumer com.yangcong345.cloud.ui.launcher/com.yangcong345.padmodule.new_home.PadHomeActivity#0 com.yangcong345.android.phone/com.yangcong345.pad.launcher.SupportSchemeActivity#0 Window{c9c2c19 u0 com.android.systemui.ImageWallpaper}
04-18 11:10:55.380   529   696 D MDP     : DpAsyncBlit: in: job (457 72) (1200, 1920, 4800, 0, C2s, P0), sec0, flush 0 Buffer 228: plane=1 bufVA={0x4d,0x0,0x0} bufMVA={0x0,0x0,0x0} bufSize={0x8ca000,0x0,0x0} proxy={0xb400007b49b7c5c0,0x0,0x0}fence=72
04-18 11:10:55.380   529   696 D MDP     : DpAsyncBlit: out0: (1196, 1914, 4800, 0, C2s, P0), misc: (X:0, Y:0, R:0, F:0, S:0, A:0, D:0), sec0, flush 0 Buffer 228: plane=1 bufVA={0x50,0x0,0x0} bufMVA={0x0,0x0,0x0} bufSize={0x8ca000,0x0,0x0} proxy={0xb400007b49b7c610,0x0,0x0}fence=102
04-18 11:10:55.380   529   696 D MDP     : DpAsyncBlit: crop0: (0, 0, 1200, 1920, 0, 0, 0, 0)
04-18 11:10:55.380   529   696 D MDP     : [PQ][PQRSZAdaptor(0)] SUPPORT_VIDEO_UR
04-18 11:10:55.392   901 10071 I InputDispatcher: setInputWindows displayId=0 Window{672f7a6 u0 SecondaryHomeHandle0} Window{29299d7 u0 NavigationBar0} Window{643f2bc u0 StatusBar} Window{537cb4c u0 com.yangcong345.android.phone/com.yangcong345.video.business.player.HorizontalVideoActivity} recents_animation_input_consumer com.yangcong345.cloud.ui.launcher/com.yangcong345.padmodule.new_home.PadHomeActivity#0 com.yangcong345.android.phone/com.yangcong345.pad.launcher.SupportSchemeActivity#0 Window{c9c2c19 u0 com.android.systemui.ImageWallpaper}
04-18 11:10:55.396   529   696 D MDP     : DpAsyncBlit: in: job (459 72) (1200, 1920, 4800, 0, C2s, P0), sec0, flush 0 Buffer 229: plane=1 bufVA={0x4e,0x0,0x0} bufMVA={0x0,0x0,0x0} bufSize={0x8ca000,0x0,0x0} proxy={0xb400007b49b7c2f0,0x0,0x0}fence=72
04-18 11:10:55.396   529   696 D MDP     : DpAsyncBlit: out0: (1198, 1916, 4800, 0, C2s, P0), misc: (X:0, Y:0, R:0, F:0, S:0, A:0, D:0), sec0, flush 0 Buffer 229: plane=1 bufVA={0x64,0x0,0x0} bufMVA={0x0,0x0,0x0} bufSize={0x8ca000,0x0,0x0} proxy={0xb400007b49b7b670,0x0,0x0}fence=102
04-18 11:10:55.396   529   696 D MDP     : DpAsyncBlit: crop0: (0, 0, 1200, 1920, 0, 0, 0, 0)
04-18 11:10:55.397   529   696 D MDP     : [PQ][PQRSZAdaptor(0)] SUPPORT_VIDEO_UR
04-18 11:10:55.398  8006 16958 D OK-HTTP : 请求链接：https://api-test.yangcong345.com/video-support/barrage/open/permissions?topicId=37eaece0-57f7-11e7-9139-d35a41f315a7&stageId=2&subjectId=1&courseId=
04-18 11:10:55.398  8006 16958 D OK-HTTP : 请求方法：GET
04-18 11:10:55.398  8006 16958 D OK-HTTP : 请求头部：
04-18 11:10:55.398  8006 16958 D OK-HTTP : omvd: yangcong345ODBkMjBhNTdhOTQyZWVlNw
04-18 11:10:55.398  8006 16958 D OK-HTTP : omvd-user-agent: Dalvik/2.1.0 (Linux; U; Android 11; Q20 Build/RP1A.200720.011)
04-18 11:10:55.398  8006 16958 D OK-HTTP : Authorization: Bearer eyJhbGciOiJIUzI1NiIsInR5cCI6IkpXVCJ9.eyJpZCI6IjY1NDFmODA4MzUwY2EzMDAwMTAzNjQxZCIsInNuIjoiUTIwMllKVEVTVDAwMDAxMSIsInJvbGUiOiJzdHVkZW50IiwiZXh0cmEiOiIiLCJleHBpcmVzSW4iOiIzMGQiLCJhdWQiOiJ1c2VyIiwiZXhwIjoxNzE2MDAwMjk2LCJqdGkiOiJjNjVkNDU2Ni03YjJhLTQ4MGUtYjFkNi01ZGVlY2IzZjAyMDAiLCJpYXQiOjE3MTM0MDgyOTYsImlzcyI6InRva2VuLXNlcnZlciIsInN1YiI6IjY1NDFmODA4MzUwY2EzMDAwMTAzNjQxZCJ9.YTTpWT1pUvwX5woqErAnj3y-b1Q1EcIRMflPoGs2BvU
04-18 11:10:55.398  8006 16958 D OK-HTTP : client-identity: user
04-18 11:10:55.398  8006 16958 D OK-HTTP : eventTime: 1713409855248
04-18 11:10:55.398  8006 16958 D OK-HTTP : client-type: android-app
04-18 11:10:55.398  8006 16958 D OK-HTTP : client-version: 7.58.0
04-18 11:10:55.398  8006 16958 D OK-HTTP :
04-18 11:10:55.398  8006 16958 D OK-HTTP : 返回头部：
04-18 11:10:55.398  8006 16958 D OK-HTTP : access-control-allow-headers: *
04-18 11:10:55.398  8006 16958 D OK-HTTP : access-control-allow-methods: GET,HEAD,POST,PUT,OPTIONS,DELETE
04-18 11:10:55.398  8006 16958 D OK-HTTP : access-control-allow-origin: *
04-18 11:10:55.398  8006 16958 D OK-HTTP : access-control-expose-headers: Authorization,Content-Range,Date,params-style
04-18 11:10:55.398  8006 16958 D OK-HTTP : access-control-max-age: 3600
04-18 11:10:55.398  8006 16958 D OK-HTTP : check-device: true
04-18 11:10:55.398  8006 16958 D OK-HTTP : content-type: application/json; charset=utf-8
04-18 11:10:55.398  8006 16958 D OK-HTTP : date: Thu, 18 Apr 2024 03:10:55 GMT
04-18 11:10:55.398  8006 16958 D OK-HTTP : jwt: true
04-18 11:10:55.398  8006 16958 D OK-HTTP : params-style: encrypt
04-18 11:10:55.398  8006 16958 D OK-HTTP : route-name: to-customer-end
04-18 11:10:55.398  8006 16958 D OK-HTTP : signature: true
04-18 11:10:55.398  8006 16958 D OK-HTTP : strict-transport-security: max-age=15724800; includeSubDomains
04-18 11:10:55.398  8006 16958 D OK-HTTP : vary: Origin
04-18 11:10:55.398  8006 16958 D OK-HTTP : x-content-type-options: nosniff
04-18 11:10:55.398  8006 16958 D OK-HTTP : x-download-options: noopen
04-18 11:10:55.398  8006 16958 D OK-HTTP : x-frame-options: SAMEORIGIN
04-18 11:10:55.398  8006 16958 D OK-HTTP : x-readtime: 12
04-18 11:10:55.398  8006 16958 D OK-HTTP : x-xss-protection: 1; mode=block
04-18 11:10:55.398  8006 16958 D OK-HTTP : content-length: 83
04-18 11:10:55.398  8006 16958 D OK-HTTP :
04-18 11:10:55.398  8006 16958 D OK-HTTP : 返回内容：
04-18 11:10:55.398  8006 16958 D OK-HTTP : 状态码：200，
04-18 11:10:55.398  8006 16958 D OK-HTTP : 返回内容：{"code":0,"data":{"barrageIsOpen":true}}
04-18 11:10:55.398  8006 16958 D OK-HTTP :
04-18 11:10:55.409   901 10071 I InputDispatcher: setInputWindows displayId=0 Window{672f7a6 u0 SecondaryHomeHandle0} Window{29299d7 u0 NavigationBar0} Window{643f2bc u0 StatusBar} Window{537cb4c u0 com.yangcong345.android.phone/com.yangcong345.video.business.player.HorizontalVideoActivity} recents_animation_input_consumer com.yangcong345.cloud.ui.launcher/com.yangcong345.padmodule.new_home.PadHomeActivity#0 com.yangcong345.android.phone/com.yangcong345.pad.launcher.SupportSchemeActivity#0 Window{c9c2c19 u0 com.android.systemui.ImageWallpaper}
04-18 11:10:55.423  8006 17216 I System.out: [okhttp]:check permission begin!
04-18 11:10:55.424  8006 17216 I System.out: [okhttp]:not MMS!
04-18 11:10:55.424  8006 17216 I System.out: [okhttp]:not Email!
04-18 11:10:55.425   901 10071 I InputDispatcher: setInputWindows displayId=0 Window{672f7a6 u0 SecondaryHomeHandle0} Window{29299d7 u0 NavigationBar0} Window{643f2bc u0 StatusBar} Window{537cb4c u0 com.yangcong345.android.phone/com.yangcong345.video.business.player.HorizontalVideoActivity} recents_animation_input_consumer com.yangcong345.cloud.ui.launcher/com.yangcong345.padmodule.new_home.PadHomeActivity#0 com.yangcong345.android.phone/com.yangcong345.pad.launcher.SupportSchemeActivity#0 Window{c9c2c19 u0 com.android.systemui.ImageWallpaper}
04-18 11:10:55.428  9118  9118 I dnsmasq : query[A] video-demo.yangcong345.com from 192.168.50.192
04-18 11:10:55.428  9118  9118 I dnsmasq : forwarded video-demo.yangcong345.com to 223.5.5.5
04-18 11:10:55.428  9118  9118 I dnsmasq : forwarded video-demo.yangcong345.com to 223.6.6.6
04-18 11:10:55.429  9118  9118 I dnsmasq : forwarded video-demo.yangcong345.com to 119.29.29.29
04-18 11:10:55.429  9118  9118 I dnsmasq : forwarded video-demo.yangcong345.com to 182.254.116.116
04-18 11:10:55.429  9118  9118 I dnsmasq : forwarded video-demo.yangcong345.com to 180.76.76.76
04-18 11:10:55.429   529   696 D MDP     : DpAsyncBlit: in: job (461 73) (1200, 1920, 4800, 0, C2s, P0), sec0, flush 0 Buffer 230: plane=1 bufVA={0x4e,0x0,0x0} bufMVA={0x0,0x0,0x0} bufSize={0x8ca000,0x0,0x0} proxy={0xb400007b49b7c250,0x0,0x0}fence=73
04-18 11:10:55.429   529   696 D MDP     : DpAsyncBlit: out0: (1198, 1918, 4800, 0, C2s, P0), misc: (X:0, Y:0, R:0, F:0, S:0, A:0, D:0), sec0, flush 0 Buffer 230: plane=1 bufVA={0x69,0x0,0x0} bufMVA={0x0,0x0,0x0} bufSize={0x8ca000,0x0,0x0} proxy={0xb400007b49b7bc10,0x0,0x0}fence=98
04-18 11:10:55.429   529   696 D MDP     : DpAsyncBlit: crop0: (0, 0, 1200, 1920, 0, 0, 0, 0)
04-18 11:10:55.429   529   696 D MDP     : [PQ][PQRSZAdaptor(0)] SUPPORT_VIDEO_UR
04-18 11:10:55.437  9118  9118 I dnsmasq : reply video-demo.yangcong345.com is <CNAME>
04-18 11:10:55.438  9118  9118 I dnsmasq : reply video-demo.yangcong345.com.a.bdydns.com is <CNAME>
04-18 11:10:55.438  9118  9118 I dnsmasq : ipset add iplist 111.174.9.35 opencdn.jomodns.com
04-18 11:10:55.438  9118  9118 I dnsmasq : reply opencdn.jomodns.com is 111.174.9.35
04-18 11:10:55.439  8006 17216 I System.out: [socket]:check permission begin!
04-18 11:10:55.441   901 10071 I InputDispatcher: setInputWindows displayId=0 Window{672f7a6 u0 SecondaryHomeHandle0} Window{29299d7 u0 NavigationBar0} Window{643f2bc u0 StatusBar} Window{537cb4c u0 com.yangcong345.android.phone/com.yangcong345.video.business.player.HorizontalVideoActivity} recents_animation_input_consumer com.yangcong345.cloud.ui.launcher/com.yangcong345.padmodule.new_home.PadHomeActivity#0 com.yangcong345.android.phone/com.yangcong345.pad.launcher.SupportSchemeActivity#0 Window{c9c2c19 u0 com.android.systemui.ImageWallpaper}
04-18 11:10:55.450  8006 16960 D OK-HTTP : 请求链接：https://api-test.yangcong345.com/study-flow/course-notes/info?videoId=685678a4-555e-11e7-8520-3ba17491e27f&topicId=37eaece0-57f7-11e7-9139-d35a41f315a7
04-18 11:10:55.450  8006 16960 D OK-HTTP : 请求方法：GET
04-18 11:10:55.450  8006 16960 D OK-HTTP : 请求头部：
04-18 11:10:55.450  8006 16960 D OK-HTTP : omvd: yangcong345ODBkMjBhNTdhOTQyZWVlNw
04-18 11:10:55.450  8006 16960 D OK-HTTP : omvd-user-agent: Dalvik/2.1.0 (Linux; U; Android 11; Q20 Build/RP1A.200720.011)
04-18 11:10:55.450  8006 16960 D OK-HTTP : Authorization: Bearer eyJhbGciOiJIUzI1NiIsInR5cCI6IkpXVCJ9.eyJpZCI6IjY1NDFmODA4MzUwY2EzMDAwMTAzNjQxZCIsInNuIjoiUTIwMllKVEVTVDAwMDAxMSIsInJvbGUiOiJzdHVkZW50IiwiZXh0cmEiOiIiLCJleHBpcmVzSW4iOiIzMGQiLCJhdWQiOiJ1c2VyIiwiZXhwIjoxNzE2MDAwMjk2LCJqdGkiOiJjNjVkNDU2Ni03YjJhLTQ4MGUtYjFkNi01ZGVlY2IzZjAyMDAiLCJpYXQiOjE3MTM0MDgyOTYsImlzcyI6InRva2VuLXNlcnZlciIsInN1YiI6IjY1NDFmODA4MzUwY2EzMDAwMTAzNjQxZCJ9.YTTpWT1pUvwX5woqErAnj3y-b1Q1EcIRMflPoGs2BvU
04-18 11:10:55.450  8006 16960 D OK-HTTP : client-identity: user
04-18 11:10:55.450  8006 16960 D OK-HTTP : eventTime: 1713409855308
04-18 11:10:55.450  8006 16960 D OK-HTTP : client-type: android-app
04-18 11:10:55.450  8006 16960 D OK-HTTP : client-version: 7.58.0
04-18 11:10:55.450  8006 16960 D OK-HTTP :
04-18 11:10:55.450  8006 16960 D OK-HTTP : 返回头部：
04-18 11:10:55.450  8006 16960 D OK-HTTP : access-control-allow-headers: *
04-18 11:10:55.450  8006 16960 D OK-HTTP : access-control-allow-methods: GET,HEAD,POST,PUT,OPTIONS,DELETE
04-18 11:10:55.450  8006 16960 D OK-HTTP : access-control-allow-origin: *
04-18 11:10:55.450  8006 16960 D OK-HTTP : access-control-expose-headers: Authorization,Content-Range,Date,params-style
04-18 11:10:55.450  8006 16960 D OK-HTTP : access-control-max-age: 3600
04-18 11:10:55.450  8006 16960 D OK-HTTP : check-device: true
04-18 11:10:55.450  8006 16960 D OK-HTTP : content-type: application/json; charset=utf-8
04-18 11:10:55.450  8006 16960 D OK-HTTP : date: Thu, 18 Apr 2024 03:10:55 GMT
04-18 11:10:55.450  8006 16960 D OK-HTTP : jwt: true
04-18 11:10:55.450  8006 16960 D OK-HTTP : params-style: encrypt
04-18 11:10:55.450  8006 16960 D OK-HTTP : route-name: to-customer-end
04-18 11:10:55.450  8006 16960 D OK-HTTP : signature: true
04-18 11:10:55.450  8006 16960 D OK-HTTP : strict-transport-security: max-age=15724800; includeSubDomains
04-18 11:10:55.450  8006 16960 D OK-HTTP : token-verify: true
04-18 11:10:55.450  8006 16960 D OK-HTTP : vary: Origin, Accept-Encoding
04-18 11:10:55.450  8006 16960 D OK-HTTP : content-length: 339
04-18 11:10:55.450  8006 16960 D OK-HTTP :
04-18 11:10:55.450  8006 16960 D OK-HTTP : 返回内容：
04-18 11:10:55.450  8006 16960 D OK-HTTP : 状态码：200，
04-18 11:10:55.450  8006 16960 D OK-HTTP : 返回内容：{"code":0,"data":{"abTest":true,"abTestLab":"a","targetList":[],"excellentVideoId":"","excellentVideoUrl":"","excellentVideoAddress":[],"notesList":[],"topicVideoId":"685678a4-555e-11e7-8520-3ba17491e27f","unReadNotesNum":0},"msg":""}
04-18 11:10:55.450  8006 16960 D OK-HTTP :
04-18 11:10:55.456  8006 17132 D OK-HTTP : 请求链接：https://api-test.yangcong345.com/comment/review/switch?topicId=37eaece0-57f7-11e7-9139-d35a41f315a7&stageId=2&subjectId=1&publisherId=1&semesterId=13
04-18 11:10:55.456  8006 17132 D OK-HTTP : 请求方法：GET
04-18 11:10:55.456  8006 17132 D OK-HTTP : 请求头部：
04-18 11:10:55.456  8006 17132 D OK-HTTP : omvd: yangcong345ODBkMjBhNTdhOTQyZWVlNw
04-18 11:10:55.456  8006 17132 D OK-HTTP : omvd-user-agent: Dalvik/2.1.0 (Linux; U; Android 11; Q20 Build/RP1A.200720.011)
04-18 11:10:55.456  8006 17132 D OK-HTTP : Authorization: Bearer eyJhbGciOiJIUzI1NiIsInR5cCI6IkpXVCJ9.eyJpZCI6IjY1NDFmODA4MzUwY2EzMDAwMTAzNjQxZCIsInNuIjoiUTIwMllKVEVTVDAwMDAxMSIsInJvbGUiOiJzdHVkZW50IiwiZXh0cmEiOiIiLCJleHBpcmVzSW4iOiIzMGQiLCJhdWQiOiJ1c2VyIiwiZXhwIjoxNzE2MDAwMjk2LCJqdGkiOiJjNjVkNDU2Ni03YjJhLTQ4MGUtYjFkNi01ZGVlY2IzZjAyMDAiLCJpYXQiOjE3MTM0MDgyOTYsImlzcyI6InRva2VuLXNlcnZlciIsInN1YiI6IjY1NDFmODA4MzUwY2EzMDAwMTAzNjQxZCJ9.YTTpWT1pUvwX5woqErAnj3y-b1Q1EcIRMflPoGs2BvU
04-18 11:10:55.456  8006 17132 D OK-HTTP : client-identity: user
04-18 11:10:55.456  8006 17132 D OK-HTTP : eventTime: 1713409855295
04-18 11:10:55.456  8006 17132 D OK-HTTP : client-type: android-app
04-18 11:10:55.456  8006 17132 D OK-HTTP : client-version: 7.58.0
04-18 11:10:55.456  8006 17132 D OK-HTTP :
04-18 11:10:55.456  8006 17132 D OK-HTTP : 返回头部：
04-18 11:10:55.456  8006 17132 D OK-HTTP : access-control-allow-headers: *
04-18 11:10:55.456  8006 17132 D OK-HTTP : access-control-allow-methods: GET,HEAD,POST,PUT,OPTIONS,DELETE
04-18 11:10:55.456  8006 17132 D OK-HTTP : access-control-allow-origin: *
04-18 11:10:55.456  8006 17132 D OK-HTTP : access-control-expose-headers: Authorization,Content-Range,Date,params-style
04-18 11:10:55.456  8006 17132 D OK-HTTP : access-control-max-age: 3600
04-18 11:10:55.456  8006 17132 D OK-HTTP : check-device: true
04-18 11:10:55.456  8006 17132 D OK-HTTP : content-type: application/json; charset=utf-8
04-18 11:10:55.456  8006 17132 D OK-HTTP : date: Thu, 18 Apr 2024 03:10:55 GMT
04-18 11:10:55.456  8006 17132 D OK-HTTP : jwt: true
04-18 11:10:55.456  8006 17132 D OK-HTTP : params-style: encrypt
04-18 11:10:55.456  8006 17132 D OK-HTTP : route-name: to-customer-end
04-18 11:10:55.456  8006 17132 D OK-HTTP : signature: true
04-18 11:10:55.456  8006 17132 D OK-HTTP : strict-transport-security: max-age=15724800; includeSubDomains
04-18 11:10:55.456  8006 17132 D OK-HTTP : token-verify: true
04-18 11:10:55.456  8006 17132 D OK-HTTP : vary: Origin, Accept-Encoding
04-18 11:10:55.456  8006 17132 D OK-HTTP : content-length: 41
04-18 11:10:55.456  8006 17132 D OK-HTTP :
04-18 11:10:55.456  8006 17132 D OK-HTTP : 返回内容：
04-18 11:10:55.456  8006 17132 D OK-HTTP : 状态码：200，
04-18 11:10:55.456  8006 17132 D OK-HTTP : 返回内容：{"show":true}
04-18 11:10:55.456  8006 17132 D OK-HTTP :
04-18 11:10:55.457   901 10071 I InputDispatcher: setInputWindows displayId=0 Window{672f7a6 u0 SecondaryHomeHandle0} Window{29299d7 u0 NavigationBar0} Window{643f2bc u0 StatusBar} Window{537cb4c u0 com.yangcong345.android.phone/com.yangcong345.video.business.player.HorizontalVideoActivity} recents_animation_input_consumer com.yangcong345.cloud.ui.launcher/com.yangcong345.padmodule.new_home.PadHomeActivity#0 com.yangcong345.android.phone/com.yangcong345.pad.launcher.SupportSchemeActivity#0 Window{c9c2c19 u0 com.android.systemui.ImageWallpaper}
04-18 11:10:55.460   529   529 I hwcomposer: [HWCLayer] setHwlayerType(), id:168, release queue sp, type 3 -> 2
04-18 11:10:55.461   529   529 I hwcomposer: [DBQ] (q2:0xb400007c09b6f340) Buffer queue is destroyed, m_id(168)
04-18 11:10:55.461   529   529 I hwcomposer: [DBQ] (q2:0xb400007c09b6f340) ~DisplayBufferQueue(), m_id(168), release buf
04-18 11:10:55.461   529   529 I hwcomposer: [DBQ] (q2:0xb400007c09b6f340) Free Slot(0), handle=0xb400007bc9b6f1f0, 9216000 -> 0
04-18 11:10:55.461   529   529 I hwcomposer: [DBQ] (q2:0xb400007c09b6f340) Free Slot(1), handle=0xb400007bc9b73290, 9216000 -> 0
04-18 11:10:55.461   529   529 I hwcomposer: [DBQ] (q2:0xb400007c09b6f340) Free Slot(2), handle=0xb400007bc9b6f090, 9216000 -> 0
04-18 11:10:55.473   901 10071 I InputDispatcher: setInputWindows displayId=0 Window{672f7a6 u0 SecondaryHomeHandle0} Window{29299d7 u0 NavigationBar0} Window{643f2bc u0 StatusBar} Window{537cb4c u0 com.yangcong345.android.phone/com.yangcong345.video.business.player.HorizontalVideoActivity} recents_animation_input_consumer com.yangcong345.cloud.ui.launcher/com.yangcong345.padmodule.new_home.PadHomeActivity#0 com.yangcong345.android.phone/com.yangcong345.pad.launcher.SupportSchemeActivity#0 Window{c9c2c19 u0 com.android.systemui.ImageWallpaper}
04-18 11:10:55.483  8006 17214 D OK-HTTP : 请求链接：https://api-test.yangcong345.com/config/signVideo
04-18 11:10:55.483  8006 17214 D OK-HTTP : 请求方法：POST
04-18 11:10:55.483  8006 17214 D OK-HTTP : 请求头部：
04-18 11:10:55.483  8006 17214 D OK-HTTP : omvd: yangcong345ODBkMjBhNTdhOTQyZWVlNw
04-18 11:10:55.483  8006 17214 D OK-HTTP : omvd-user-agent: Dalvik/2.1.0 (Linux; U; Android 11; Q20 Build/RP1A.200720.011)
04-18 11:10:55.483  8006 17214 D OK-HTTP : Authorization: Bearer eyJhbGciOiJIUzI1NiIsInR5cCI6IkpXVCJ9.eyJpZCI6IjY1NDFmODA4MzUwY2EzMDAwMTAzNjQxZCIsInNuIjoiUTIwMllKVEVTVDAwMDAxMSIsInJvbGUiOiJzdHVkZW50IiwiZXh0cmEiOiIiLCJleHBpcmVzSW4iOiIzMGQiLCJhdWQiOiJ1c2VyIiwiZXhwIjoxNzE2MDAwMjk2LCJqdGkiOiJjNjVkNDU2Ni03YjJhLTQ4MGUtYjFkNi01ZGVlY2IzZjAyMDAiLCJpYXQiOjE3MTM0MDgyOTYsImlzcyI6InRva2VuLXNlcnZlciIsInN1YiI6IjY1NDFmODA4MzUwY2EzMDAwMTAzNjQxZCJ9.YTTpWT1pUvwX5woqErAnj3y-b1Q1EcIRMflPoGs2BvU
04-18 11:10:55.483  8006 17214 D OK-HTTP : client-identity: user
04-18 11:10:55.483  8006 17214 D OK-HTTP : eventTime: 1713409855339
04-18 11:10:55.483  8006 17214 D OK-HTTP : client-type: android-app
04-18 11:10:55.483  8006 17214 D OK-HTTP : client-version: 7.58.0
04-18 11:10:55.483  8006 17214 D OK-HTTP :
04-18 11:10:55.483  8006 17214 D OK-HTTP : 请求体：
04-18 11:10:55.483  8006 17214 D OK-HTTP : {"url":"https://video-demo.yangcong345.com/mobileM/mobileM_a973d79d-ad6b-4fd0-8111-2c702d1672d5.mp4"}
04-18 11:10:55.483  8006 17214 D OK-HTTP : 返回头部：
04-18 11:10:55.483  8006 17214 D OK-HTTP : access-control-allow-headers: *
04-18 11:10:55.483  8006 17214 D OK-HTTP : access-control-allow-methods: GET,HEAD,POST,PUT,OPTIONS,DELETE
04-18 11:10:55.483  8006 17214 D OK-HTTP : access-control-allow-origin: *
04-18 11:10:55.483  8006 17214 D OK-HTTP : access-control-expose-headers: Authorization,Content-Range,Date,params-style
04-18 11:10:55.483  8006 17214 D OK-HTTP : access-control-max-age: 3600
04-18 11:10:55.483  8006 17214 D OK-HTTP : check-device: true
04-18 11:10:55.483  8006 17214 D OK-HTTP : content-type: application/json; charset=utf-8
04-18 11:10:55.483  8006 17214 D OK-HTTP : date: Thu, 18 Apr 2024 03:10:55 GMT
04-18 11:10:55.483  8006 17214 D OK-HTTP : jwt: true
04-18 11:10:55.483  8006 17214 D OK-HTTP : params-style: encrypt
04-18 11:10:55.483  8006 17214 D OK-HTTP : route-name: to-customer-end
04-18 11:10:55.483  8006 17214 D OK-HTTP : signature: true
04-18 11:10:55.483  8006 17214 D OK-HTTP : strict-transport-security: max-age=15724800; includeSubDomains
04-18 11:10:55.483  8006 17214 D OK-HTTP : vary: Origin, Accept-Encoding
04-18 11:10:55.483  8006 17214 D OK-HTTP : content-length: 169
04-18 11:10:55.483  8006 17214 D OK-HTTP :
04-18 11:10:55.483  8006 17214 D OK-HTTP : 返回内容：
04-18 11:10:55.483  8006 17214 D OK-HTTP : 状态码：200，
04-18 11:10:55.483  8006 17214 D OK-HTTP : 返回内容：{"url":"https://video-demo.yangcong345.com/mobileM/mobileM_a973d79d-ad6b-4fd0-8111-2c702d1672d5.mp4"}
04-18 11:10:55.483  8006 17214 D OK-HTTP :
04-18 11:10:55.489   901 10071 I InputDispatcher: setInputWindows displayId=0 Window{672f7a6 u0 SecondaryHomeHandle0} Window{29299d7 u0 NavigationBar0} Window{643f2bc u0 StatusBar} Window{537cb4c u0 com.yangcong345.android.phone/com.yangcong345.video.business.player.HorizontalVideoActivity} recents_animation_input_consumer com.yangcong345.cloud.ui.launcher/com.yangcong345.padmodule.new_home.PadHomeActivity#0 com.yangcong345.android.phone/com.yangcong345.pad.launcher.SupportSchemeActivity#0 Window{c9c2c19 u0 com.android.systemui.ImageWallpaper}
04-18 11:10:55.506   901 10071 I InputDispatcher: setInputWindows displayId=0 Window{672f7a6 u0 SecondaryHomeHandle0} Window{29299d7 u0 NavigationBar0} Window{643f2bc u0 StatusBar} Window{537cb4c u0 com.yangcong345.android.phone/com.yangcong345.video.business.player.HorizontalVideoActivity} recents_animation_input_consumer com.yangcong345.cloud.ui.launcher/com.yangcong345.padmodule.new_home.PadHomeActivity#0 com.yangcong345.android.phone/com.yangcong345.pad.launcher.SupportSchemeActivity#0 Window{c9c2c19 u0 com.android.systemui.ImageWallpaper}
04-18 11:10:55.510  8006 17216 I System.out: [OkHttp] sendRequest>>
04-18 11:10:55.510  8006 17216 I System.out: [OkHttp] sendRequest<<
04-18 11:10:55.517   901   953 I wm_stop_activity: [0,88032115,com.yangcong345.cloud.ui.launcher/com.yangcong345.padmodule.new_home.PadHomeActivity]
04-18 11:10:55.517   901   953 I wm_destroy_activity: [0,138492148,15,com.yangcong345.android.phone/com.yangcong345.pad.launcher.SupportSchemeActivity,finish-imm:transit]
04-18 11:10:55.522   901 10071 I InputDispatcher: setInputWindows displayId=0 Window{672f7a6 u0 SecondaryHomeHandle0} Window{29299d7 u0 NavigationBar0} Window{643f2bc u0 StatusBar} Window{537cb4c u0 com.yangcong345.android.phone/com.yangcong345.video.business.player.HorizontalVideoActivity} com.yangcong345.android.phone/com.yangcong345.pad.launcher.SupportSchemeActivity#0 recents_animation_input_consumer com.yangcong345.cloud.ui.launcher/com.yangcong345.padmodule.new_home.PadHomeActivity#0 Window{c9c2c19 u0 com.android.systemui.ImageWallpaper}
04-18 11:10:55.525   566   622 I BufferQueueProducer: [com.yangcong345.cloud.ui.launcher/com.yangcong345.padmodule.new_home.PadHomeActivity#0](id:23600000075,api:1,p:9247,c:566) disconnect(): api=1
04-18 11:10:55.536  9247  9247 I Matrix.ActivityThreadHacker: [handleMessage] msg.what:159 begin:65019265 isLaunchActivity:false SDK_INT=30
04-18 11:10:55.536  9247  9247 I Matrix.ActivityThreadHacker: [handleMessage] msg.what:159 begin:65019266 isLaunchActivity:false SDK_INT=30
04-18 11:10:55.538   901 10071 I InputDispatcher: setInputWindows displayId=0 Window{672f7a6 u0 SecondaryHomeHandle0} Window{29299d7 u0 NavigationBar0} Window{643f2bc u0 StatusBar} Window{537cb4c u0 com.yangcong345.android.phone/com.yangcong345.video.business.player.HorizontalVideoActivity} com.yangcong345.android.phone/com.yangcong345.pad.launcher.SupportSchemeActivity#0 recents_animation_input_consumer com.yangcong345.cloud.ui.launcher/com.yangcong345.padmodule.new_home.PadHomeActivity#0 Window{c9c2c19 u0 com.android.systemui.ImageWallpaper}
04-18 11:10:55.539  9247  9303 I Matrix.lifecycle.Logger_Main      : ON_PROCESS_UI_STOPPED scene: com.yangcong345.padmodule.new_home.PadHomeActivity
04-18 11:10:55.539  9247  9303 I Matrix.ProcessLifecycle: onBackground... visibleScene[com.yangcong345.padmodule.new_home.PadHomeActivity@com.yangcong345.cloud.ui.launcher]
04-18 11:10:55.539  9247  9303 I Matrix.background.Explicit: post check: 34
04-18 11:10:55.540  9247  9247 D CrashReport: >>> com.yangcong345.padmodule.new_home.PadHomeActivity onStop <<<
04-18 11:10:55.540  9247  9247 D CrashReport: setActivityForeState, hash:170158835 isFore:false
04-18 11:10:55.540  9247  9247 I eup     : jni_setNativeInfo: key is 14
04-18 11:10:55.540  9247  9247 I eup     : Set native info: isAppForeground(false)
04-18 11:10:55.544  9247  9247 I wm_on_stop_called: [88032115,com.yangcong345.padmodule.new_home.PadHomeActivity,STOP_ACTIVITY_ITEM]
04-18 11:10:55.544  9247  9319 D DataSailMapper: get instance by url: intelligent-hardware.cn-beijing.log.aliyuncs.com/logstores/launcher-debug-store/shards/lb
04-18 11:10:55.545  9247  9319 I System.out: [okhttp]:check permission begin!
04-18 11:10:55.545  9247  9319 I System.out: [okhttp]:not MMS!
04-18 11:10:55.545  9247  9319 I System.out: [okhttp]:not Email!
04-18 11:10:55.548  3134  3134 D DcRequest: Cellular request confirmed: NetworkRequest [ TRACK_DEFAULT id=41, [ Capabilities: INTERNET&NOT_RESTRICTED&TRUSTED Uid: 10089 AdministratorUids: [] RequestorUid: 10089 RequestorPackageName: com.yangcong345.cloud.ui.launcher] ]
04-18 11:10:55.548  3134  3134 D PhoneSwitcher: No phones: unable to reset preferred phone for emergency
04-18 11:10:55.549  3134  3134 D PhoneSwitcher: evaluating due to netReleased
04-18 11:10:55.549  9247  9319 I System.out: [socket]:check permission begin!
04-18 11:10:55.549  3134  3134 D MtkPhoneSwitcher: newActivePhones is empty
04-18 11:10:55.549  3134  3134 D DcHelper: isSimInserted:phoneId =0
04-18 11:10:55.549  3134  3134 D MtkUiccCtrl: getIccid: slotId = 0
