--------- beginning of main
04-18 11:10:47.655   901  7230 I InputDispatcher: setInputWindows displayId=0 Window{672f7a6 u0 SecondaryHomeHandle0} Window{29299d7 u0 NavigationBar0} Window{643f2bc u0 StatusBar} Splash Screen com.yangcong345.android.phone#0 com.yangcong345.cloud.ui.launcher/com.yangcong345.padmodule.new_home.PadHomeActivity#0 Window{c9c2c19 u0 com.android.systemui.ImageWallpaper}
04-18 11:10:47.670   901  7230 I InputDispatcher: setInputWindows displayId=0 Window{672f7a6 u0 SecondaryHomeHandle0} Window{29299d7 u0 NavigationBar0} Window{643f2bc u0 StatusBar} Splash Screen com.yangcong345.android.phone#0 com.yangcong345.cloud.ui.launcher/com.yangcong345.padmodule.new_home.PadHomeActivity#0 Window{c9c2c19 u0 com.android.systemui.ImageWallpaper}
04-18 11:10:47.686   901  4483 I InputDispatcher: setInputWindows displayId=0 Window{672f7a6 u0 SecondaryHomeHandle0} Window{29299d7 u0 NavigationBar0} Window{643f2bc u0 StatusBar} Splash Screen com.yangcong345.android.phone#0 com.yangcong345.cloud.ui.launcher/com.yangcong345.padmodule.new_home.PadHomeActivity#0 Window{c9c2c19 u0 com.android.systemui.ImageWallpaper}
04-18 11:10:47.703   901  4483 I InputDispatcher: setInputWindows displayId=0 Window{672f7a6 u0 SecondaryHomeHandle0} Window{29299d7 u0 NavigationBar0} Window{643f2bc u0 StatusBar} Splash Screen com.yangcong345.android.phone#0 com.yangcong345.cloud.ui.launcher/com.yangcong345.padmodule.new_home.PadHomeActivity#0 Window{c9c2c19 u0 com.android.systemui.ImageWallpaper}
04-18 11:10:47.714   901   910 I system_server: NativeAlloc concurrent copying GC freed 14658(1019KB) AllocSpace objects, 6(120KB) LOS objects, 32% free, 12MB/18MB, paused 198us total 132.881ms
04-18 11:10:47.715   901   912 W System  : A resource failed to call release.
04-18 11:10:47.719   901  4483 I InputDispatcher: setInputWindows displayId=0 Window{672f7a6 u0 SecondaryHomeHandle0} Window{29299d7 u0 NavigationBar0} Window{643f2bc u0 StatusBar} Splash Screen com.yangcong345.android.phone#0 com.yangcong345.cloud.ui.launcher/com.yangcong345.padmodule.new_home.PadHomeActivity#0 Window{c9c2c19 u0 com.android.systemui.ImageWallpaper}
04-18 11:10:47.735   901  4483 I chatty  : uid=1000(system) Binder:901_B identical 1 line
04-18 11:10:47.751   901  4483 I InputDispatcher: setInputWindows displayId=0 Window{672f7a6 u0 SecondaryHomeHandle0} Window{29299d7 u0 NavigationBar0} Window{643f2bc u0 StatusBar} Splash Screen com.yangcong345.android.phone#0 com.yangcong345.cloud.ui.launcher/com.yangcong345.padmodule.new_home.PadHomeActivity#0 Window{c9c2c19 u0 com.android.systemui.ImageWallpaper}
04-18 11:10:47.753   566   566 I SurfaceFlinger: operator()(), mtkRenderCntDebug 473, screenshot (Splash Screen com.yangcong345.android.phone#0)
04-18 11:10:47.767   901  4483 I InputDispatcher: setInputWindows displayId=0 Window{672f7a6 u0 SecondaryHomeHandle0} Window{29299d7 u0 NavigationBar0} Window{643f2bc u0 StatusBar} Splash Screen com.yangcong345.android.phone#0 com.yangcong345.cloud.ui.launcher/com.yangcong345.padmodule.new_home.PadHomeActivity#0 Window{c9c2c19 u0 com.android.systemui.ImageWallpaper}
04-18 11:10:47.783   901  4483 I InputDispatcher: setInputWindows displayId=0 Window{672f7a6 u0 SecondaryHomeHandle0} Window{29299d7 u0 NavigationBar0} Window{643f2bc u0 StatusBar} Splash Screen com.yangcong345.android.phone#0 com.yangcong345.cloud.ui.launcher/com.yangcong345.padmodule.new_home.PadHomeActivity#0 Window{c9c2c19 u0 com.android.systemui.ImageWallpaper}
04-18 11:10:47.799   901  2987 I InputDispatcher: setInputWindows displayId=0 Window{672f7a6 u0 SecondaryHomeHandle0} Window{29299d7 u0 NavigationBar0} Window{643f2bc u0 StatusBar} Splash Screen com.yangcong345.android.phone#0 com.yangcong345.cloud.ui.launcher/com.yangcong345.padmodule.new_home.PadHomeActivity#0 Window{c9c2c19 u0 com.android.systemui.ImageWallpaper}
04-18 11:10:47.810   747   777 I Proximity: distance = 2
04-18 11:10:47.816   901  4483 I InputDispatcher: setInputWindows displayId=0 Window{672f7a6 u0 SecondaryHomeHandle0} Window{29299d7 u0 NavigationBar0} Window{643f2bc u0 StatusBar} Splash Screen com.yangcong345.android.phone#0 com.yangcong345.cloud.ui.launcher/com.yangcong345.padmodule.new_home.PadHomeActivity#0 Window{c9c2c19 u0 com.android.systemui.ImageWallpaper}
04-18 11:10:47.848   901  4483 I chatty  : uid=1000(system) Binder:901_B identical 2 lines
04-18 11:10:47.864   901  4483 I InputDispatcher: setInputWindows displayId=0 Window{672f7a6 u0 SecondaryHomeHandle0} Window{29299d7 u0 NavigationBar0} Window{643f2bc u0 StatusBar} Splash Screen com.yangcong345.android.phone#0 com.yangcong345.cloud.ui.launcher/com.yangcong345.padmodule.new_home.PadHomeActivity#0 Window{c9c2c19 u0 com.android.systemui.ImageWallpaper}
04-18 11:10:47.866   566   566 I SurfaceFlinger: operator()(), mtkRenderCntDebug 474, screenshot (Splash Screen com.yangcong345.android.phone#0)
04-18 11:10:47.880   901  4483 I InputDispatcher: setInputWindows displayId=0 Window{672f7a6 u0 SecondaryHomeHandle0} Window{29299d7 u0 NavigationBar0} Window{643f2bc u0 StatusBar} Splash Screen com.yangcong345.android.phone#0 com.yangcong345.cloud.ui.launcher/com.yangcong345.padmodule.new_home.PadHomeActivity#0 Window{c9c2c19 u0 com.android.systemui.ImageWallpaper}
04-18 11:10:47.961   901  4483 I chatty  : uid=1000(system) Binder:901_B identical 5 lines
04-18 11:10:47.977   901  4483 I InputDispatcher: setInputWindows displayId=0 Window{672f7a6 u0 SecondaryHomeHandle0} Window{29299d7 u0 NavigationBar0} Window{643f2bc u0 StatusBar} Splash Screen com.yangcong345.android.phone#0 com.yangcong345.cloud.ui.launcher/com.yangcong345.padmodule.new_home.PadHomeActivity#0 Window{c9c2c19 u0 com.android.systemui.ImageWallpaper}
04-18 11:10:47.979   566   566 I SurfaceFlinger: operator()(), mtkRenderCntDebug 475, screenshot (Splash Screen com.yangcong345.android.phone#0)
04-18 11:10:48.014   747   777 I Proximity: distance = 2
--------- beginning of system
04-18 11:10:48.018   901   953 W ActivityTaskManager: Activity top resumed state loss timeout for ActivityRecord{d5dd8f7 u0 com.yangcong345.android.phone/com.yangcong345.main.phone.splash.SplashActivity t19 f}}
04-18 11:10:48.030   901   953 W ActivityTaskManager: Activity pause timeout for ActivityRecord{d5dd8f7 u0 com.yangcong345.android.phone/com.yangcong345.main.phone.splash.SplashActivity t19 f}}
--------- beginning of events
04-18 11:10:48.030   901   953 I wm_add_to_stopping: [0,224254199,com.yangcong345.android.phone/com.yangcong345.main.phone.splash.SplashActivity,completeFinishing]
04-18 11:10:48.031   901   954 D View    : [Warning] assignParent to null: this = DecorView@3492e56[phone]
04-18 11:10:48.032   901   953 I wm_set_resumed_activity: [0,com.yangcong345.cloud.ui.launcher/com.yangcong345.padmodule.new_home.PadHomeActivity,resumeTopActivityInnerLocked]
04-18 11:10:48.033  9247  9247 I Matrix.ActivityThreadHacker: [handleMessage] msg.what:159 begin:65011763 isLaunchActivity:false SDK_INT=30
04-18 11:10:48.033  9247  9247 I Matrix.ActivityThreadHacker: [handleMessage] msg.what:159 begin:65011763 isLaunchActivity:false SDK_INT=30
04-18 11:10:48.033   544   587 I libPowerHal: [perfNotifyAppState] foreground:com.yangcong345.cloud.ui.launcher, pid:9247, uid:10089
04-18 11:10:48.034   544   587 E UxUtility: notifyAppState error = NULL
04-18 11:10:48.034   544   587 I TouchUtility: notifyAppState error = NULL
04-18 11:10:48.034   544   563 I mtkpower@impl: [notifyAppState] pc:0, com.yangcong345.android.phone => com.yangcong345.cloud.ui.launcher
04-18 11:10:48.036   901   953 I wm_resume_activity: [0,88032115,15,com.yangcong345.cloud.ui.launcher/com.yangcong345.padmodule.new_home.PadHomeActivity]
04-18 11:10:48.041   566   622 I BufferQueueProducer: [Splash Screen com.yangcong345.android.phone#0](id:23600000076,api:2,p:901,c:566) disconnect(): api=2
04-18 11:10:48.041   901   953 I sysui_multi_action: [757,803,799,window_time_0,802,1]
04-18 11:10:48.042   901  4483 I InputDispatcher: setInputWindows displayId=0 Window{672f7a6 u0 SecondaryHomeHandle0} Window{29299d7 u0 NavigationBar0} Window{643f2bc u0 StatusBar} Splash Screen com.yangcong345.android.phone#0 com.yangcong345.cloud.ui.launcher/com.yangcong345.padmodule.new_home.PadHomeActivity#0 Window{c9c2c19 u0 com.android.systemui.ImageWallpaper}
04-18 11:10:48.044   901   954 I InputTransport: Destroy ARC handle: 0xb4000079e86711a0
04-18 11:10:48.044   901  4483 I WindowManager: Relayout Window{3207dcb u0 com.yangcong345.cloud.ui.launcher/com.yangcong345.padmodule.new_home.PadHomeActivity}: oldVis=8 newVis=0 focusMayChange = true
04-18 11:10:48.045   901  5261 I GED     : ged_boost_gpu_freq, level 100, eOrigin 2, final_idx 15, oppidx_max 15, oppidx_min 0
04-18 11:10:48.047   901  4483 W WindowManager: Changing focus fromnull to Window{3207dcb u0 com.yangcong345.cloud.ui.launcher/com.yangcong345.padmodule.new_home.PadHomeActivity} displayId=0 Callers=com.android.server.wm.RootWindowContainer.updateFocusedWindowLocked:457 com.android.server.wm.WindowManagerService.updateFocusedWindowLocked:5611 com.android.server.wm.WindowManagerService.relayoutWindow:2398 com.android.server.wm.Session.relayout:213
04-18 11:10:48.053   566   622 I BufferQueueProducer: [com.yangcong345.cloud.ui.launcher/com.yangcong345.padmodule.new_home.PadHomeActivity#0](id:23600000075,api:1,p:9247,c:566) connect(): api=1 producerControlledByApp=false
04-18 11:10:48.059   566   566 I BufferQueueConsumer: [Splash Screen com.yangcong345.android.phone#0](id:23600000076,api:0,p:-1,c:566) disconnect()
04-18 11:10:48.059   566   566 I BufferQueue: [Splash Screen com.yangcong345.android.phone#0](this:0xb40000770fe79ee8,id:118,api:2,p:-1,c:-1) onDestructor()
04-18 11:10:48.062   529   529 I hwcomposer: [HWCDisplay] [Display_0 (type:1)] fps:59.435211,dur:1009.50,max:64.33,min:3.08
04-18 11:10:48.063 17048 17048 I Monkey  : :Sending Touch (ACTION_DOWN): 0:(876.0,964.0)
04-18 11:10:48.064   901  2935 I InputDispatcher: setInputWindows displayId=0 Window{672f7a6 u0 SecondaryHomeHandle0} Window{29299d7 u0 NavigationBar0} Window{643f2bc u0 StatusBar} com.yangcong345.cloud.ui.launcher/com.yangcong345.padmodule.new_home.PadHomeActivity#0 Window{c9c2c19 u0 com.android.systemui.ImageWallpaper}
04-18 11:10:48.064   901  2935 I InputDispatcher: Window went away: Splash Screen com.yangcong345.android.phone#0
04-18 11:10:48.073   544   587 I libPowerHal: [perfLockAcq] idx:2 hdl:351 hint:25 pid:544 duration:10000 => ret_hdl:351
04-18 11:10:48.073   544   587 I libPowerHal: [PE] scn:2 hdl:351 hint:25 comm:mtkpower@1.0-se pid:544
04-18 11:10:48.073 17048 17048 I Monkey  : :Sending Touch (ACTION_UP): 0:(876.8796,943.9431)
04-18 11:10:48.073   544   587 I libPowerHal: [PE] MTKPOWER_HINT_APP_TOUCH update cmd:3408600 param:1
04-18 11:10:48.074   901  7230 I InputDispatcher: setInputWindows displayId=0 Window{672f7a6 u0 SecondaryHomeHandle0} Window{29299d7 u0 NavigationBar0} Window{643f2bc u0 StatusBar} Window{3207dcb u0 com.yangcong345.cloud.ui.launcher/com.yangcong345.padmodule.new_home.PadHomeActivity} Window{c9c2c19 u0 com.android.systemui.ImageWallpaper}
04-18 11:10:48.074   901  7230 I InputDispatcher: Window went away: com.yangcong345.cloud.ui.launcher/com.yangcong345.padmodule.new_home.PadHomeActivity#0
04-18 11:10:48.076   544   587 I libPowerHal: [perfLockRel] hdl:351, idx:2
04-18 11:10:48.076   544   587 I libPowerHal: [PD] scn:2 hdl:351 hint:25 comm:mtkpower@1.0-se pid:544
04-18 11:10:48.076   544   587 I libPowerHal: [PD] MTKPOWER_HINT_APP_TOUCH update cmd:3408600 param:0
04-18 11:10:48.076 17048 17048 I Monkey  : Sleeping for 1000 milliseconds
04-18 11:10:48.077   566   622 I BufferQueueProducer: [com.yangcong345.cloud.ui.launcher/com.yangcong345.padmodule.new_home.PadHomeActivity#0](this:0xb40000770fe9b0f8,id:117,api:1,p:9247,c:566) queueBuffer: fps=2.27 dur=2205.02 max=1920.27 min=36.99
04-18 11:10:48.080  9247  9247 I Matrix.ActivityThreadHacker: [handleMessage] msg.what:159 begin:65011809 isLaunchActivity:false SDK_INT=30
04-18 11:10:48.080  9247  9247 I Matrix.ActivityThreadHacker: [handleMessage] msg.what:159 begin:65011810 isLaunchActivity:false SDK_INT=30
04-18 11:10:48.081  9247  9247 I Matrix.ActivityThreadHacker: [handleMessage] msg.what:159 begin:65011811 isLaunchActivity:false SDK_INT=30
04-18 11:10:48.081  9247  9247 I Matrix.ActivityThreadHacker: [handleMessage] msg.what:159 begin:65011811 isLaunchActivity:false SDK_INT=30
04-18 11:10:48.086   901   954 D lwdebug : onWindowsDrawn com.yangcong345.cloud.ui.launcher/com.yangcong345.padmodule.new_home.PadHomeActivity
04-18 11:10:48.087  9247  9247 I Matrix.ActivityThreadHacker: [handleMessage] msg.what:159 begin:65011817 isLaunchActivity:false SDK_INT=30
04-18 11:10:48.087  3316  3316 V PhoneWindow: DecorView setVisiblity: visibility = 8, Parent = android.view.ViewRootImpl@4cf2925, this = DecorView@25bfafa[InputMethod]
04-18 11:10:48.087  9247  9247 I Matrix.ActivityThreadHacker: [handleMessage] msg.what:159 begin:65011817 isLaunchActivity:false SDK_INT=30
04-18 11:10:48.088  9247  9247 D CrashReport: >>> com.yangcong345.padmodule.new_home.PadHomeActivity onResumed <<<
04-18 11:10:48.088  9247  9303 I Matrix.lifecycle.Logger_Main      : ON_PROCESS_UI_RESUMED
04-18 11:10:48.089  8873 16261 D app_statistics_onAccessibilityEvent: {"data":"{\"appName\":\"洋葱桌面\",\"className\":\"com.yangcong345.padmodule.new_home.PadHomeActivity\",\"duration\":0,\"endRealTime\":0,\"endTime\":0,\"id\":0,\"packageName\":\"com.yangcong345.cloud.ui.launcher\",\"startRealTime\":65458,\"startTime\":1713409848}"}
04-18 11:10:48.090  8873 16919 D app_statistics_insertNewAppUsageStats: {"data":"{\"appName\":\"系统界面\",\"className\":\"android.view.View\",\"duration\":1,\"endRealTime\":65458,\"endTime\":1713409848,\"id\":0,\"packageName\":\"com.android.systemui\",\"startRealTime\":65457,\"startTime\":1713409847}"}
04-18 11:10:48.090   901   953 I configuration_changed: 536872064
04-18 11:10:48.091   901   949 I InputDispatcher: setInputWindows displayId=0 Window{672f7a6 u0 SecondaryHomeHandle0} Window{29299d7 u0 NavigationBar0} Window{643f2bc u0 StatusBar} Window{3207dcb u0 com.yangcong345.cloud.ui.launcher/com.yangcong345.padmodule.new_home.PadHomeActivity} Window{c9c2c19 u0 com.android.systemui.ImageWallpaper}
04-18 11:10:48.091  9247  9427 E oud.ui.launche: No package ID ff found for ID 0xffffffff.
04-18 11:10:48.092  9247  9247 I wm_on_resume_called: [88032115,com.yangcong345.padmodule.new_home.PadHomeActivity,RESUME_ACTIVITY]
04-18 11:10:48.095   901   953 I ActivityTaskManager: Config changes=20000480 {1.02 ?mcc?mnc [zh_CN] ldltr sw600dp w960dp h576dp 320dpi lrg land finger -keyb/v/h -nav/h winConfig={ mBounds=Rect(0, 0 - 1920, 1200) mAppBounds=Rect(0, 0 - 1920, 1200) mWindowingMode=fullscreen mDisplayWindowingMode=fullscreen mActivityType=undefined mAlwaysOnTop=undefined mRotation=ROTATION_90} s.40}
04-18 11:10:48.097  9247  9427 W ResourceLoader: Received invalid resource id: -1
04-18 11:10:48.097  9247  9427 W ResourceLoader: android.content.res.Resources$NotFoundException: Unable to find resource ID #0xffffffff
04-18 11:10:48.097  9247  9427 W ResourceLoader: 	at android.content.res.ResourcesImpl.getResourcePackageName(ResourcesImpl.java:295)
04-18 11:10:48.097  9247  9427 W ResourceLoader: 	at android.content.res.Resources.getResourcePackageName(Resources.java:2199)
04-18 11:10:48.097  9247  9427 W ResourceLoader: 	at com.bumptech.glide.load.model.ResourceLoader.getResourceUri(ResourceLoader.java:45)
04-18 11:10:48.097  9247  9427 W ResourceLoader: 	at com.bumptech.glide.load.model.ResourceLoader.buildLoadData(ResourceLoader.java:35)
04-18 11:10:48.097  9247  9427 W ResourceLoader: 	at com.bumptech.glide.load.model.ResourceLoader.buildLoadData(ResourceLoader.java:20)
04-18 11:10:48.097  9247  9427 W ResourceLoader: 	at com.bumptech.glide.load.engine.DecodeHelper.getLoadData(DecodeHelper.java:216)
04-18 11:10:48.097  9247  9427 W ResourceLoader: 	at com.bumptech.glide.load.engine.DecodeHelper.getCacheKeys(DecodeHelper.java:229)
04-18 11:10:48.097  9247  9427 W ResourceLoader: 	at com.bumptech.glide.load.engine.ResourceCacheGenerator.startNext(ResourceCacheGenerator.java:47)
04-18 11:10:48.097  9247  9427 W ResourceLoader: 	at com.bumptech.glide.load.engine.DecodeJob.runGenerators(DecodeJob.java:311)
04-18 11:10:48.097  9247  9427 W ResourceLoader: 	at com.bumptech.glide.load.engine.DecodeJob.runWrapped(DecodeJob.java:277)
04-18 11:10:48.097  9247  9427 W ResourceLoader: 	at com.bumptech.glide.load.engine.DecodeJob.run(DecodeJob.java:235)
04-18 11:10:48.097  9247  9427 W ResourceLoader: 	at java.util.concurrent.ThreadPoolExecutor.runWorker(ThreadPoolExecutor.java:1167)
04-18 11:10:48.097  9247  9427 W ResourceLoader: 	at java.util.concurrent.ThreadPoolExecutor$Worker.run(ThreadPoolExecutor.java:641)
04-18 11:10:48.097  9247  9427 W ResourceLoader: 	at com.bumptech.glide.load.engine.executor.GlideExecutor$DefaultThreadFactory$1.run(GlideExecutor.java:421)
04-18 11:10:48.097  9247  9427 W ResourceLoader: 	at java.lang.Thread.run(Thread.java:923)
04-18 11:10:48.097  9247  9427 W ResourceLoader: 	at com.bumptech.glide.load.engine.executor.GlideExecutor$DefaultPriorityThreadFactory$1.run(GlideExecutor.java:380)
04-18 11:10:48.099  9247  9247 I wm_on_top_resumed_gained_called: [88032115,com.yangcong345.padmodule.new_home.PadHomeActivity,topWhenResuming]
04-18 11:10:48.103  9247  9247 V PhoneWindow: DecorView setVisiblity: visibility = 0, Parent = android.view.ViewRootImpl@66f96f8, this = DecorView@2da24bd[PadHomeActivity]
04-18 11:10:48.103  9247 17100 D CacheInterceptor: requestRemoteOnly
04-18 11:10:48.105  9247  9427 E oud.ui.launche: No package ID ff found for ID 0xffffffff.
04-18 11:10:48.107  9247  9427 W ResourceLoader: Received invalid resource id: -1
04-18 11:10:48.107  9247  9427 W ResourceLoader: android.content.res.Resources$NotFoundException: Unable to find resource ID #0xffffffff
04-18 11:10:48.107  9247  9427 W ResourceLoader: 	at android.content.res.ResourcesImpl.getResourcePackageName(ResourcesImpl.java:295)
04-18 11:10:48.107  9247  9427 W ResourceLoader: 	at android.content.res.Resources.getResourcePackageName(Resources.java:2199)
04-18 11:10:48.107  9247  9427 W ResourceLoader: 	at com.bumptech.glide.load.model.ResourceLoader.getResourceUri(ResourceLoader.java:45)
04-18 11:10:48.107  9247  9427 W ResourceLoader: 	at com.bumptech.glide.load.model.ResourceLoader.buildLoadData(ResourceLoader.java:35)
04-18 11:10:48.107  9247  9427 W ResourceLoader: 	at com.bumptech.glide.load.model.ResourceLoader.buildLoadData(ResourceLoader.java:20)
04-18 11:10:48.107  9247  9427 W ResourceLoader: 	at com.bumptech.glide.load.engine.DecodeHelper.getLoadData(DecodeHelper.java:216)
04-18 11:10:48.107  9247  9427 W ResourceLoader: 	at com.bumptech.glide.load.engine.DecodeHelper.getCacheKeys(DecodeHelper.java:229)
04-18 11:10:48.107  9247  9427 W ResourceLoader: 	at com.bumptech.glide.load.engine.ResourceCacheGenerator.startNext(ResourceCacheGenerator.java:47)
04-18 11:10:48.107  9247  9427 W ResourceLoader: 	at com.bumptech.glide.load.engine.DecodeJob.runGenerators(DecodeJob.java:311)
04-18 11:10:48.107  9247  9427 W ResourceLoader: 	at com.bumptech.glide.load.engine.DecodeJob.runWrapped(DecodeJob.java:277)
04-18 11:10:48.107  9247  9427 W ResourceLoader: 	at com.bumptech.glide.load.engine.DecodeJob.run(DecodeJob.java:235)
04-18 11:10:48.107  9247  9427 W ResourceLoader: 	at java.util.concurrent.ThreadPoolExecutor.runWorker(ThreadPoolExecutor.java:1167)
04-18 11:10:48.107  9247  9427 W ResourceLoader: 	at java.util.concurrent.ThreadPoolExecutor$Worker.run(ThreadPoolExecutor.java:641)
04-18 11:10:48.107  9247  9427 W ResourceLoader: 	at com.bumptech.glide.load.engine.executor.GlideExecutor$DefaultThreadFactory$1.run(GlideExecutor.java:421)
04-18 11:10:48.107  9247  9427 W ResourceLoader: 	at java.lang.Thread.run(Thread.java:923)
04-18 11:10:48.107  9247  9427 W ResourceLoader: 	at com.bumptech.glide.load.engine.executor.GlideExecutor$DefaultPriorityThreadFactory$1.run(GlideExecutor.java:380)
04-18 11:10:48.107  9247  9427 E oud.ui.launche: No package ID ff found for ID 0xffffffff.
04-18 11:10:48.107   901   949 I InputDispatcher: setInputWindows displayId=0 Window{672f7a6 u0 SecondaryHomeHandle0} Window{29299d7 u0 NavigationBar0} Window{643f2bc u0 StatusBar} Window{3207dcb u0 com.yangcong345.cloud.ui.launcher/com.yangcong345.padmodule.new_home.PadHomeActivity} Window{c9c2c19 u0 com.android.systemui.ImageWallpaper}
04-18 11:10:48.111  8873  8873 I Matrix.ActivityThreadHacker: [handleMessage] msg.what:159 begin:65011841 isLaunchActivity:false SDK_INT=30
04-18 11:10:48.111  8873  8873 I Matrix.ActivityThreadHacker: [handleMessage] msg.what:159 begin:65011841 isLaunchActivity:false SDK_INT=30
04-18 11:10:48.114  9247  9427 W ResourceLoader: Received invalid resource id: -1
04-18 11:10:48.114  9247  9427 W ResourceLoader: android.content.res.Resources$NotFoundException: Unable to find resource ID #0xffffffff
04-18 11:10:48.114  9247  9427 W ResourceLoader: 	at android.content.res.ResourcesImpl.getResourcePackageName(ResourcesImpl.java:295)
04-18 11:10:48.114  9247  9427 W ResourceLoader: 	at android.content.res.Resources.getResourcePackageName(Resources.java:2199)
04-18 11:10:48.114  9247  9427 W ResourceLoader: 	at com.bumptech.glide.load.model.ResourceLoader.getResourceUri(ResourceLoader.java:45)
04-18 11:10:48.114  9247  9427 W ResourceLoader: 	at com.bumptech.glide.load.model.ResourceLoader.buildLoadData(ResourceLoader.java:35)
04-18 11:10:48.114  9247  9427 W ResourceLoader: 	at com.bumptech.glide.load.model.ResourceLoader.buildLoadData(ResourceLoader.java:20)
04-18 11:10:48.114  9247  9427 W ResourceLoader: 	at com.bumptech.glide.load.engine.DecodeHelper.getLoadData(DecodeHelper.java:216)
04-18 11:10:48.114  9247  9427 W ResourceLoader: 	at com.bumptech.glide.load.engine.DecodeHelper.getCacheKeys(DecodeHelper.java:229)
04-18 11:10:48.114  9247  9427 W ResourceLoader: 	at com.bumptech.glide.load.engine.ResourceCacheGenerator.startNext(ResourceCacheGenerator.java:47)
04-18 11:10:48.114  9247  9427 W ResourceLoader: 	at com.bumptech.glide.load.engine.DecodeJob.runGenerators(DecodeJob.java:311)
04-18 11:10:48.114  9247  9427 W ResourceLoader: 	at com.bumptech.glide.load.engine.DecodeJob.runWrapped(DecodeJob.java:277)
04-18 11:10:48.114  9247  9427 W ResourceLoader: 	at com.bumptech.glide.load.engine.DecodeJob.run(DecodeJob.java:235)
04-18 11:10:48.114  9247  9427 W ResourceLoader: 	at java.util.concurrent.ThreadPoolExecutor.runWorker(ThreadPoolExecutor.java:1167)
04-18 11:10:48.114  9247  9427 W ResourceLoader: 	at java.util.concurrent.ThreadPoolExecutor$Worker.run(ThreadPoolExecutor.java:641)
04-18 11:10:48.114  9247  9427 W ResourceLoader: 	at com.bumptech.glide.load.engine.executor.GlideExecutor$DefaultThreadFactory$1.run(GlideExecutor.java:421)
04-18 11:10:48.114  9247  9427 W ResourceLoader: 	at java.lang.Thread.run(Thread.java:923)
04-18 11:10:48.114  9247  9427 W ResourceLoader: 	at com.bumptech.glide.load.engine.executor.GlideExecutor$DefaultPriorityThreadFactory$1.run(GlideExecutor.java:380)
04-18 11:10:48.114  9247  9427 E oud.ui.launche: No package ID ff found for ID 0xffffffff.
04-18 11:10:48.116   901   953 I WindowManager: Override config changes=20000480 {1.02 ?mcc?mnc [zh_CN] ldltr sw600dp w960dp h576dp 320dpi lrg land finger -keyb/v/h -nav/h winConfig={ mBounds=Rect(0, 0 - 1920, 1200) mAppBounds=Rect(0, 0 - 1920, 1200) mWindowingMode=fullscreen mDisplayWindowingMode=fullscreen mActivityType=undefined mAlwaysOnTop=undefined mRotation=ROTATION_90} s.40} for displayId=0
04-18 11:10:48.117  9247  9427 W ResourceLoader: Received invalid resource id: -1
04-18 11:10:48.117  9247  9427 W ResourceLoader: android.content.res.Resources$NotFoundException: Unable to find resource ID #0xffffffff
04-18 11:10:48.117  9247  9427 W ResourceLoader: 	at android.content.res.ResourcesImpl.getResourcePackageName(ResourcesImpl.java:295)
04-18 11:10:48.117  9247  9427 W ResourceLoader: 	at android.content.res.Resources.getResourcePackageName(Resources.java:2199)
04-18 11:10:48.117  9247  9427 W ResourceLoader: 	at com.bumptech.glide.load.model.ResourceLoader.getResourceUri(ResourceLoader.java:45)
04-18 11:10:48.117  9247  9427 W ResourceLoader: 	at com.bumptech.glide.load.model.ResourceLoader.buildLoadData(ResourceLoader.java:35)
04-18 11:10:48.117  9247  9427 W ResourceLoader: 	at com.bumptech.glide.load.model.ResourceLoader.buildLoadData(ResourceLoader.java:20)
04-18 11:10:48.117  9247  9427 W ResourceLoader: 	at com.bumptech.glide.load.engine.DecodeHelper.getLoadData(DecodeHelper.java:216)
04-18 11:10:48.117  9247  9427 W ResourceLoader: 	at com.bumptech.glide.load.engine.DecodeHelper.getCacheKeys(DecodeHelper.java:229)
04-18 11:10:48.117  9247  9427 W ResourceLoader: 	at com.bumptech.glide.load.engine.ResourceCacheGenerator.startNext(ResourceCacheGenerator.java:47)
04-18 11:10:48.117  9247  9427 W ResourceLoader: 	at com.bumptech.glide.load.engine.DecodeJob.runGenerators(DecodeJob.java:311)
04-18 11:10:48.117  9247  9427 W ResourceLoader: 	at com.bumptech.glide.load.engine.DecodeJob.runWrapped(DecodeJob.java:277)
04-18 11:10:48.117  9247  9427 W ResourceLoader: 	at com.bumptech.glide.load.engine.DecodeJob.run(DecodeJob.java:235)
04-18 11:10:48.117  9247  9427 W ResourceLoader: 	at java.util.concurrent.ThreadPoolExecutor.runWorker(ThreadPoolExecutor.java:1167)
04-18 11:10:48.117  9247  9427 W ResourceLoader: 	at java.util.concurrent.ThreadPoolExecutor$Worker.run(ThreadPoolExecutor.java:641)
04-18 11:10:48.117  9247  9427 W ResourceLoader: 	at com.bumptech.glide.load.engine.executor.GlideExecutor$DefaultThreadFactory$1.run(GlideExecutor.java:421)
04-18 11:10:48.117  9247  9427 W ResourceLoader: 	at java.lang.Thread.run(Thread.java:923)
04-18 11:10:48.117  9247  9427 W ResourceLoader: 	at com.bumptech.glide.load.engine.executor.GlideExecutor$DefaultPriorityThreadFactory$1.run(GlideExecutor.java:380)
04-18 11:10:48.119   901   949 V SettingsProvider: name : hide_rotation_lock_toggle_for_accessibility appId : 10114
04-18 11:10:48.119   901   949 V SettingsProvider: Package name : com.android.systemui privateFlags : -1938812824
04-18 11:10:48.120   901   953 I sysui_multi_action: [757,1659,758,4,759,2,1660,0]
04-18 11:10:48.123   901  5206 I InputDispatcher: setInputWindows displayId=0 Window{672f7a6 u0 SecondaryHomeHandle0} Window{29299d7 u0 NavigationBar0} Window{643f2bc u0 StatusBar} Window{3207dcb u0 com.yangcong345.cloud.ui.launcher/com.yangcong345.padmodule.new_home.PadHomeActivity} Window{c9c2c19 u0 com.android.systemui.ImageWallpaper}
04-18 11:10:48.134   901   953 I InputManager-JNI: Viewport [0] to add: local:0, isActive: true
--------- beginning of radio
04-18 11:10:45.776  3134  3134 I chatty  : uid=1001(radio) com.android.phone expire 27 lines
04-18 11:10:45.776  3134  3134 E MtkPhoneSwitcher: isAllowEims, NetworkRequest not include EIMS capability
04-18 11:10:48.135  3134  3134 D MtkSubscriptionInfoUpdater: onReceive, Action: android.intent.action.CONFIGURATION_CHANGED
04-18 11:10:48.139   901   949 V SettingsProvider: name : accelerometer_rotation appId : 1000
04-18 11:10:48.139   901   949 V SettingsProvider: name : user_rotation appId : 1000
04-18 11:10:48.139   901  5206 I InputDispatcher: setInputWindows displayId=0 Window{672f7a6 u0 SecondaryHomeHandle0} Window{29299d7 u0 NavigationBar0} Window{643f2bc u0 StatusBar} Window{3207dcb u0 com.yangcong345.cloud.ui.launcher/com.yangcong345.padmodule.new_home.PadHomeActivity} Window{c9c2c19 u0 com.android.systemui.ImageWallpaper}
04-18 11:10:48.139   901  5206 I InputDispatcher: Focus entered window: Window{3207dcb u0 com.yangcong345.cloud.ui.launcher/com.yangcong345.padmodule.new_home.PadHomeActivity} in display 0
04-18 11:10:48.140  2886  2886 V NavigationBarView: home = true
04-18 11:10:48.140  2886  2886 V NavigationBarView: recent = true
04-18 11:10:48.140  2886  2886 V NavigationBarView: back = true
04-18 11:10:48.145   566   622 I BufferQueueProducer: [com.yangcong345.cloud.ui.launcher/com.yangcong345.padmodule.new_home.PadHomeActivity#0](id:23600000075,api:1,p:9247,c:566) disconnect(): api=1
04-18 11:10:48.146   566   622 I BufferQueueProducer: [com.yangcong345.cloud.ui.launcher/com.yangcong345.padmodule.new_home.PadHomeActivity#0](id:23600000075,api:1,p:9247,c:566) connect(): api=1 producerControlledByApp=false
04-18 11:10:48.146   901  2550 I InputReader: Reconfiguring input devices, changes=DISPLAY_INFO |
04-18 11:10:48.147   901  2550 I InputReader: Device reconfigured: id=5, name='mtk-tpd', size 1200x1920, orientation 1, mode 1, display id 0
04-18 11:10:48.147   901  2550 I InputReader: Device reconfigured: id=4, name='mtk-common', size 1200x1920, orientation 1, mode 1, display id 0
04-18 11:10:48.155   901  7230 I InputDispatcher: setInputWindows displayId=0 Window{672f7a6 u0 SecondaryHomeHandle0} Window{29299d7 u0 NavigationBar0} Window{643f2bc u0 StatusBar} Window{3207dcb u0 com.yangcong345.cloud.ui.launcher/com.yangcong345.padmodule.new_home.PadHomeActivity} Window{c9c2c19 u0 com.android.systemui.ImageWallpaper}
04-18 11:10:48.156  2886  2886 D StatusBar: disable<e i a s b h r c s > disable2<q i n >
04-18 11:10:48.157  2886  2886 D View    : [Warning] assignParent to null: this = com.android.systemui.assist.AssistOrbContainer{ae04b2b G.E...... ......ID 0,0-1200,500}
04-18 11:10:48.160   566   981 I SurfaceFlinger: [SF client] NEW(0xb40000765fc50030) for (2886:com.android.systemui)
04-18 11:10:48.161  2886  2886 D ViewRootImpl[AssistPreviewPanel]: hardware acceleration = true , fakeHwAccelerated = false, sRendererDisabled = false, forceHwAccelerated = false, sSystemRendererDisabled = false
04-18 11:10:48.166  2886  2886 I InputTransport: Create ARC handle: 0xb4000079e86229f0
04-18 11:10:48.170  9247  9247 I Matrix.ActivityThreadHacker: [handleMessage] msg.what:149 begin:65011900 isLaunchActivity:false SDK_INT=30
04-18 11:10:48.170  9247  9247 I Matrix.ActivityThreadHacker: [handleMessage] msg.what:149 begin:65011900 isLaunchActivity:false SDK_INT=30
04-18 11:10:48.171  9247  9247 I Matrix.ActivityThreadHacker: [handleMessage] msg.what:149 begin:65011901 isLaunchActivity:false SDK_INT=30
04-18 11:10:48.171  9247  9247 I Matrix.ActivityThreadHacker: [handleMessage] msg.what:149 begin:65011901 isLaunchActivity:false SDK_INT=30
04-18 11:10:48.171   901  2935 I InputDispatcher: setInputWindows displayId=0 Window{672f7a6 u0 SecondaryHomeHandle0} Window{29299d7 u0 NavigationBar0} Window{643f2bc u0 StatusBar} Window{3207dcb u0 com.yangcong345.cloud.ui.launcher/com.yangcong345.padmodule.new_home.PadHomeActivity} Window{c9c2c19 u0 com.android.systemui.ImageWallpaper}
04-18 11:10:48.174  9247  9247 W Glide   : Load failed for [-1] with dimensions [116x116]
04-18 11:10:48.174  9247  9247 W Glide   : class com.bumptech.glide.load.engine.GlideException: Failed to load resource
04-18 11:10:48.174  9247  9247 I Matrix.ActivityThreadHacker: [handleMessage] msg.what:159 begin:65011904 isLaunchActivity:false SDK_INT=30
04-18 11:10:48.174  9247  9247 I Matrix.ActivityThreadHacker: [handleMessage] msg.what:159 begin:65011904 isLaunchActivity:false SDK_INT=30
04-18 11:10:48.182   566   980 I BufferQueueProducer: [com.yangcong345.cloud.ui.launcher/com.yangcong345.padmodule.new_home.PadHomeActivity#0](id:23600000075,api:1,p:9247,c:566) disconnect(): api=1
04-18 11:10:48.183   566   981 I BufferQueueProducer: [com.yangcong345.cloud.ui.launcher/com.yangcong345.padmodule.new_home.PadHomeActivity#0](id:23600000075,api:1,p:9247,c:566) connect(): api=1 producerControlledByApp=false
04-18 11:10:48.187  9247  9247 I Matrix.AppMethodBeat: [at] visibleScene[com.yangcong345.padmodule.new_home.PadHomeActivity] has attach focus!
04-18 11:10:48.187   901  2935 I InputDispatcher: setInputWindows displayId=0 Window{672f7a6 u0 SecondaryHomeHandle0} Window{29299d7 u0 NavigationBar0} Window{643f2bc u0 StatusBar} Window{3207dcb u0 com.yangcong345.cloud.ui.launcher/com.yangcong345.padmodule.new_home.PadHomeActivity} Window{c9c2c19 u0 com.android.systemui.ImageWallpaper}
04-18 11:10:48.197   566   981 I BufferQueueProducer: [NavigationBar0#0](id:23600000004,api:1,p:2886,c:566) disconnect(): api=1
04-18 11:10:48.198   566   981 I BufferQueueProducer: [NavigationBar0#0](id:23600000004,api:1,p:2886,c:566) connect(): api=1 producerControlledByApp=false
04-18 11:10:48.199   544   564 I mtkpower@impl: [setMode] type:5, enabled:0
04-18 11:10:48.200   544   587 I libPowerHal: [perfLockRel] hdl:348, idx:0
04-18 11:10:48.200   544   587 I libPowerHal: [PD] scn:0 hdl:348 hint:11 comm:mtkpower@1.0-se pid:544
04-18 11:10:48.200   901  5206 I wm_destroy_activity: [0,224254199,19,com.yangcong345.android.phone/com.yangcong345.main.phone.splash.SplashActivity,finish-imm:idle]
04-18 11:10:48.201   544   587 I libPowerHal: [perfLockRel] hdl:350, idx:1
04-18 11:10:48.201   544   587 I libPowerHal: [PD] scn:1 hdl:350 hint:22 comm:mtkpower@1.0-se pid:544
04-18 11:10:48.202   544   587 I libPowerHal: MTKPOWER_HINT_PACK_SWITCH: cpu_ctrl set cpu freq: -1 -1 -1 -1
04-18 11:10:48.202   544   587 I libPowerHal: [PD] MTKPOWER_HINT_PACK_SWITCH update cmd:1000000, param:-1
04-18 11:10:48.202   544   587 I libPowerHal: [PD] MTKPOWER_HINT_PACK_SWITCH update cmd:1408300 param:0
04-18 11:10:48.202   544   587 I libPowerHal: [PD] MTKPOWER_HINT_PACK_SWITCH update cmd:1000000 param:-1
04-18 11:10:48.204   901   949 I InputDispatcher: setInputWindows displayId=0 Window{672f7a6 u0 SecondaryHomeHandle0} Window{29299d7 u0 NavigationBar0} Window{643f2bc u0 StatusBar} Window{3207dcb u0 com.yangcong345.cloud.ui.launcher/com.yangcong345.padmodule.new_home.PadHomeActivity} Window{c9c2c19 u0 com.android.systemui.ImageWallpaper}
04-18 11:10:48.204  9247  9320 D DataSailMapper: get instance by url: intelligent-hardware.cn-beijing.log.aliyuncs.com/logstores/launcher-debug-store/shards/lb
04-18 11:10:48.205  9247 17101 D CacheInterceptor: requestRemoteFirst
04-18 11:10:48.205  9247  9320 I System.out: [okhttp]:check permission begin!
04-18 11:10:48.205  9247  9320 I System.out: [okhttp]:not MMS!
04-18 11:10:48.205  9247  9320 I System.out: [okhttp]:not Email!
04-18 11:10:48.207  9247 17101 D CacheInterceptor: request local cache success
04-18 11:10:48.215  9118  9118 I dnsmasq : query[A] intelligent-hardware.cn-beijing.log.aliyuncs.com from 192.168.50.192
04-18 11:10:48.215  9118  9118 I dnsmasq : cached intelligent-hardware.cn-beijing.log.aliyuncs.com is <CNAME>
04-18 11:10:48.215  9118  9118 I dnsmasq : cached intelligent-hardware.cn-beijing-b.log.aliyuncs.com is 59.110.73.151
04-18 11:10:48.215  9118  9118 I dnsmasq : cached intelligent-hardware.cn-beijing-b.log.aliyuncs.com is 59.110.101.150
04-18 11:10:48.215  9118  9118 I dnsmasq : cached intelligent-hardware.cn-beijing-b.log.aliyuncs.com is 123.56.37.131
04-18 11:10:48.215  9118  9118 I dnsmasq : cached intelligent-hardware.cn-beijing-b.log.aliyuncs.com is 123.56.37.132
04-18 11:10:48.215  9118  9118 I dnsmasq : cached intelligent-hardware.cn-beijing-b.log.aliyuncs.com is 123.56.37.133
04-18 11:10:48.215  9118  9118 I dnsmasq : cached intelligent-hardware.cn-beijing-b.log.aliyuncs.com is 39.97.141.111
04-18 11:10:48.215  9118  9118 I dnsmasq : cached intelligent-hardware.cn-beijing-b.log.aliyuncs.com is 39.106.236.99
04-18 11:10:48.215  9118  9118 I dnsmasq : cached intelligent-hardware.cn-beijing-b.log.aliyuncs.com is 59.110.73.142
04-18 11:10:48.217  9247  9320 I System.out: [socket]:check permission begin!
04-18 11:10:48.218   747   777 I Proximity: distance = 2
04-18 11:10:48.220   901  2935 I InputDispatcher: setInputWindows displayId=0 Window{672f7a6 u0 SecondaryHomeHandle0} Window{29299d7 u0 NavigationBar0} Window{643f2bc u0 StatusBar} Window{3207dcb u0 com.yangcong345.cloud.ui.launcher/com.yangcong345.padmodule.new_home.PadHomeActivity} Window{c9c2c19 u0 com.android.systemui.ImageWallpaper}
04-18 11:10:48.222   566   566 I SurfaceFlinger: operator()(), mtkRenderCntDebug 477, screenshot (com.yangcong345.cloud.ui.launcher/com.yangcong345.padmodule.new_home.PadHomeActivity#0)
04-18 11:10:48.223   566   566 I SurfaceFlinger: operator()(), mtkRenderCntDebug 477, screenshot (StatusBar#0)
04-18 11:10:48.239   901  5206 I InputDispatcher: setInputWindows displayId=0 Window{672f7a6 u0 SecondaryHomeHandle0} Window{29299d7 u0 NavigationBar0} Window{643f2bc u0 StatusBar} Window{3207dcb u0 com.yangcong345.cloud.ui.launcher/com.yangcong345.padmodule.new_home.PadHomeActivity} Window{c9c2c19 u0 com.android.systemui.ImageWallpaper}
04-18 11:10:48.241  9247  9319 D DataSailMapper: get instance by url: intelligent-hardware.cn-beijing.log.aliyuncs.com/logstores/launcher-debug-store/shards/lb
04-18 11:10:48.242  9247  9319 I System.out: [okhttp]:check permission begin!
04-18 11:10:48.242  9247  9319 I System.out: [okhttp]:not MMS!
04-18 11:10:48.242  9247  9319 I System.out: [okhttp]:not Email!
04-18 11:10:48.245   566   622 I BpBinder: onLastStrongRef automatically unlinking death recipients: <uncached descriptor>
04-18 11:10:48.251  2886  2886 V NavigationBarView: home = true
04-18 11:10:48.251  2886  2886 V NavigationBarView: recent = true
04-18 11:10:48.251  2886  2886 V NavigationBarView: back = true
04-18 11:10:48.251  9247  9319 I System.out: [socket]:check permission begin!
04-18 11:10:48.253   901  5206 I InputDispatcher: setInputWindows displayId=0 Window{672f7a6 u0 SecondaryHomeHandle0} Window{29299d7 u0 NavigationBar0} Window{643f2bc u0 StatusBar} Window{3207dcb u0 com.yangcong345.cloud.ui.launcher/com.yangcong345.padmodule.new_home.PadHomeActivity} Window{c9c2c19 u0 com.android.systemui.ImageWallpaper}
04-18 11:10:48.267  2886  2886 I InputTransport: Destroy ARC handle: 0xb4000079e861c270
04-18 11:10:48.268   901   949 I InputDispatcher: setInputWindows displayId=0 Window{672f7a6 u0 SecondaryHomeHandle0} Window{29299d7 u0 NavigationBar0} Window{643f2bc u0 StatusBar} Window{3207dcb u0 com.yangcong345.cloud.ui.launcher/com.yangcong345.padmodule.new_home.PadHomeActivity} Window{c9c2c19 u0 com.android.systemui.ImageWallpaper}
04-18 11:10:48.278   566   622 I BufferQueueProducer: [NavigationBar0#0](id:23600000004,api:1,p:2886,c:566) disconnect(): api=1
04-18 11:10:48.279   566   980 I BufferQueueProducer: [NavigationBar0#0](id:23600000004,api:1,p:2886,c:566) connect(): api=1 producerControlledByApp=false
04-18 11:10:48.282  9247 17100 I MMKV    : <MMKV.cpp:226::initializeMMKV> root dir: /data/user/0/com.yangcong345.cloud.ui.launcher/files/mmkv
04-18 11:10:48.283  9247 17100 I MMKV    : <MMKV.cpp:1180::sync> MMKV::sync, SyncFlag = 0
04-18 11:10:48.284   901  5206 I InputDispatcher: setInputWindows displayId=0 Window{672f7a6 u0 SecondaryHomeHandle0} Window{29299d7 u0 NavigationBar0} Window{643f2bc u0 StatusBar} Window{3207dcb u0 com.yangcong345.cloud.ui.launcher/com.yangcong345.padmodule.new_home.PadHomeActivity} Window{c9c2c19 u0 com.android.systemui.ImageWallpaper}
04-18 11:10:48.301   901  5206 I InputDispatcher: setInputWindows displayId=0 Window{672f7a6 u0 SecondaryHomeHandle0} Window{29299d7 u0 NavigationBar0} Window{643f2bc u0 StatusBar} Window{3207dcb u0 com.yangcong345.cloud.ui.launcher/com.yangcong345.padmodule.new_home.PadHomeActivity} Window{c9c2c19 u0 com.android.systemui.ImageWallpaper}
04-18 11:10:48.308   566   981 I BufferQueueProducer: [StatusBar#0](id:23600000005,api:1,p:2886,c:566) disconnect(): api=1
04-18 11:10:48.309   566   980 I BufferQueueProducer: [StatusBar#0](id:23600000005,api:1,p:2886,c:566) connect(): api=1 producerControlledByApp=false
04-18 11:10:48.312  9247 16949 I oud.ui.launche: IncrementDisableThreadFlip blocked for 5.868ms
04-18 11:10:48.315  9247  9247 E PadHomeActivity: setNewData: 1713409848315
04-18 11:10:48.317   901   949 I InputDispatcher: setInputWindows displayId=0 Window{672f7a6 u0 SecondaryHomeHandle0} Window{29299d7 u0 NavigationBar0} Window{643f2bc u0 StatusBar} Window{3207dcb u0 com.yangcong345.cloud.ui.launcher/com.yangcong345.padmodule.new_home.PadHomeActivity} Window{c9c2c19 u0 com.android.systemui.ImageWallpaper}
04-18 11:10:48.321   566   980 I BufferQueueProducer: [SecondaryHomeHandle0#0](id:23600000077,api:1,p:2886,c:566) disconnect(): api=1
04-18 11:10:48.332   566   566 I BufferQueueConsumer: [SecondaryHomeHandle0#0](id:23600000077,api:0,p:-1,c:566) disconnect()
04-18 11:10:48.333   566   566 I BufferQueue: [unnamed-566-119](this:0xb40000770fe7ff48,id:119,api:0,p:-1,c:-1) onDestructor()
04-18 11:10:48.333   901   949 I InputDispatcher: setInputWindows displayId=0 Window{29299d7 u0 NavigationBar0} Window{643f2bc u0 StatusBar} Window{3207dcb u0 com.yangcong345.cloud.ui.launcher/com.yangcong345.padmodule.new_home.PadHomeActivity} Window{c9c2c19 u0 com.android.systemui.ImageWallpaper}
04-18 11:10:48.334   901   949 I InputDispatcher: Window went away: Window{672f7a6 u0 SecondaryHomeHandle0}
04-18 11:10:48.335  9247  9247 E +++++++++: onDetachedFromWindow0
04-18 11:10:48.339  9247  9247 E muzi    : topicScore:50
04-18 11:10:48.349   901   949 I InputDispatcher: setInputWindows displayId=0 Window{29299d7 u0 NavigationBar0} Window{643f2bc u0 StatusBar} Window{3207dcb u0 com.yangcong345.cloud.ui.launcher/com.yangcong345.padmodule.new_home.PadHomeActivity} Window{c9c2c19 u0 com.android.systemui.ImageWallpaper}
04-18 11:10:48.363  9247  9247 E PadHomeActivity: setNewDataPost: 1713409848362
04-18 11:10:48.371   901  2473 I commit_sys_config_file: [settings-1-0,9]
04-18 11:10:48.397   901   949 I InputDispatcher: setInputWindows displayId=0 Window{29299d7 u0 NavigationBar0} Window{643f2bc u0 StatusBar} Window{3207dcb u0 com.yangcong345.cloud.ui.launcher/com.yangcong345.padmodule.new_home.PadHomeActivity} Window{c9c2c19 u0 com.android.systemui.ImageWallpaper}
04-18 11:10:48.401  9247  9263 I oud.ui.launche: Background concurrent copying GC freed 88994(3473KB) AllocSpace objects, 97(8332KB) LOS objects, 16% free, 30MB/36MB, paused 5.764ms total 141.090ms
04-18 11:10:48.413   901   949 I InputDispatcher: setInputWindows displayId=0 Window{29299d7 u0 NavigationBar0} Window{643f2bc u0 StatusBar} Window{3207dcb u0 com.yangcong345.cloud.ui.launcher/com.yangcong345.padmodule.new_home.PadHomeActivity} Window{c9c2c19 u0 com.android.systemui.ImageWallpaper}
04-18 11:10:48.422   747   777 I Proximity: distance = 2
04-18 11:10:48.424  9247  9320 I System.out: [OkHttp] sendRequest<<
04-18 11:10:48.429   901   949 I InputDispatcher: setInputWindows displayId=0 Window{29299d7 u0 NavigationBar0} Window{643f2bc u0 StatusBar} Window{3207dcb u0 com.yangcong345.cloud.ui.launcher/com.yangcong345.padmodule.new_home.PadHomeActivity} Window{c9c2c19 u0 com.android.systemui.ImageWallpaper}
04-18 11:10:48.443  9247  9319 I System.out: [OkHttp] sendRequest<<
04-18 11:10:48.446   901   949 I InputDispatcher: setInputWindows displayId=0 Window{29299d7 u0 NavigationBar0} Window{643f2bc u0 StatusBar} Window{3207dcb u0 com.yangcong345.cloud.ui.launcher/com.yangcong345.padmodule.new_home.PadHomeActivity} Window{c9c2c19 u0 com.android.systemui.ImageWallpaper}
04-18 11:10:48.462   901   949 I InputDispatcher: setInputWindows displayId=0 Window{29299d7 u0 NavigationBar0} Window{643f2bc u0 StatusBar} Window{3207dcb u0 com.yangcong345.cloud.ui.launcher/com.yangcong345.padmodule.new_home.PadHomeActivity} Window{c9c2c19 u0 com.android.systemui.ImageWallpaper}
04-18 11:10:48.474  9247  9320 D DataSailMapper: get instance by url: intelligent-hardware.cn-beijing.log.aliyuncs.com/logstores/launcher-debug-store/shards/lb
04-18 11:10:48.475  9247  9320 I System.out: [okhttp]:check permission begin!
04-18 11:10:48.475  9247  9320 I System.out: [okhttp]:not MMS!
04-18 11:10:48.475  9247  9320 I System.out: [okhttp]:not Email!
04-18 11:10:48.476  9247  9320 I System.out: [socket]:check permission begin!
04-18 11:10:48.478   901   949 I InputDispatcher: setInputWindows displayId=0 Window{29299d7 u0 NavigationBar0} Window{643f2bc u0 StatusBar} Window{3207dcb u0 com.yangcong345.cloud.ui.launcher/com.yangcong345.padmodule.new_home.PadHomeActivity} Window{c9c2c19 u0 com.android.systemui.ImageWallpaper}
04-18 11:10:48.492  9247  9319 D DataSailMapper: get instance by url: intelligent-hardware.cn-beijing.log.aliyuncs.com/logstores/launcher-debug-store/shards/lb
04-18 11:10:48.492  9247  9319 I System.out: [okhttp]:check permission begin!
04-18 11:10:48.492  9247  9319 I System.out: [okhttp]:not MMS!
04-18 11:10:48.492  9247  9319 I System.out: [okhttp]:not Email!
04-18 11:10:48.493  9247  9319 I System.out: [socket]:check permission begin!
04-18 11:10:48.494   901  5206 I InputDispatcher: setInputWindows displayId=0 Window{29299d7 u0 NavigationBar0} Window{643f2bc u0 StatusBar} Window{3207dcb u0 com.yangcong345.cloud.ui.launcher/com.yangcong345.padmodule.new_home.PadHomeActivity} Window{c9c2c19 u0 com.android.systemui.ImageWallpaper}
04-18 11:10:48.507  3316  3316 V PhoneWindow: DecorView setVisiblity: visibility = 8, Parent = android.view.ViewRootImpl@4cf2925, this = DecorView@25bfafa[InputMethod]
04-18 11:10:48.509  3316  3316 I chatty  : uid=10051(com.google.android.inputmethod.pinyin) identical 3 lines
04-18 11:10:48.509  3316  3316 V PhoneWindow: DecorView setVisiblity: visibility = 8, Parent = android.view.ViewRootImpl@4cf2925, this = DecorView@25bfafa[InputMethod]
04-18 11:10:48.510   901  7230 I InputDispatcher: setInputWindows displayId=0 Window{29299d7 u0 NavigationBar0} Window{643f2bc u0 StatusBar} Window{3207dcb u0 com.yangcong345.cloud.ui.launcher/com.yangcong345.padmodule.new_home.PadHomeActivity} Window{c9c2c19 u0 com.android.systemui.ImageWallpaper}
04-18 11:10:48.506 16748 16748 I auditd  : type=1400 audit(0.0:24677): avc: denied { getattr } for comm="DetectPable" path="/proc/m4u" dev="proc" ino=4026532076 scontext=u:r:shell:s0 tcontext=u:object_r:proc_m4u:s0 tclass=file permissive=1
04-18 11:10:48.506 16748 16748 I DetectPable: type=1400 audit(0.0:24677): avc: denied { getattr } for path="/proc/m4u" dev="proc" ino=4026532076 scontext=u:r:shell:s0 tcontext=u:object_r:proc_m4u:s0 tclass=file permissive=1
04-18 11:10:48.510 16748 16748 I auditd  : type=1400 audit(0.0:24681): avc: denied { getattr } for comm="DetectPable" path="/proc/iomem" dev="proc" ino=4026532286 scontext=u:r:shell:s0 tcontext=u:object_r:proc_iomem:s0 tclass=file permissive=1
04-18 11:10:48.510 16748 16748 I DetectPable: type=1400 audit(0.0:24681): avc: denied { getattr } for path="/proc/iomem" dev="proc" ino=4026532286 scontext=u:r:shell:s0 tcontext=u:object_r:proc_iomem:s0 tclass=file permissive=1
04-18 11:10:48.526   901   949 I InputDispatcher: setInputWindows displayId=0 Window{29299d7 u0 NavigationBar0} Window{643f2bc u0 StatusBar} Window{3207dcb u0 com.yangcong345.cloud.ui.launcher/com.yangcong345.padmodule.new_home.PadHomeActivity} Window{c9c2c19 u0 com.android.systemui.ImageWallpaper}
04-18 11:10:48.607   901   949 I chatty  : uid=1000(system) Binder:901_2 identical 5 lines
04-18 11:10:48.623   901   949 I InputDispatcher: setInputWindows displayId=0 Window{29299d7 u0 NavigationBar0} Window{643f2bc u0 StatusBar} Window{3207dcb u0 com.yangcong345.cloud.ui.launcher/com.yangcong345.padmodule.new_home.PadHomeActivity} Window{c9c2c19 u0 com.android.systemui.ImageWallpaper}
04-18 11:10:48.626   747   777 I Proximity: distance = 2
04-18 11:10:48.640   901   949 I InputDispatcher: setInputWindows displayId=0 Window{29299d7 u0 NavigationBar0} Window{643f2bc u0 StatusBar} Window{3207dcb u0 com.yangcong345.cloud.ui.launcher/com.yangcong345.padmodule.new_home.PadHomeActivity} Window{c9c2c19 u0 com.android.systemui.ImageWallpaper}
04-18 11:10:48.656   901   949 I chatty  : uid=1000(system) Binder:901_2 identical 1 line
04-18 11:10:48.672   901   949 I InputDispatcher: setInputWindows displayId=0 Window{29299d7 u0 NavigationBar0} Window{643f2bc u0 StatusBar} Window{3207dcb u0 com.yangcong345.cloud.ui.launcher/com.yangcong345.padmodule.new_home.PadHomeActivity} Window{c9c2c19 u0 com.android.systemui.ImageWallpaper}
04-18 11:10:48.686  9247  9320 I System.out: [OkHttp] sendRequest<<
04-18 11:10:48.688   901   949 I InputDispatcher: setInputWindows displayId=0 Window{29299d7 u0 NavigationBar0} Window{643f2bc u0 StatusBar} Window{3207dcb u0 com.yangcong345.cloud.ui.launcher/com.yangcong345.padmodule.new_home.PadHomeActivity} Window{c9c2c19 u0 com.android.systemui.ImageWallpaper}
04-18 11:10:48.705   901   949 I InputDispatcher: setInputWindows displayId=0 Window{29299d7 u0 NavigationBar0} Window{643f2bc u0 StatusBar} Window{3207dcb u0 com.yangcong345.cloud.ui.launcher/com.yangcong345.padmodule.new_home.PadHomeActivity} Window{c9c2c19 u0 com.android.systemui.ImageWallpaper}
04-18 11:10:48.707  9247  9319 I System.out: [OkHttp] sendRequest<<
04-18 11:10:48.721   901   949 I InputDispatcher: setInputWindows displayId=0 Window{29299d7 u0 NavigationBar0} Window{643f2bc u0 StatusBar} Window{3207dcb u0 com.yangcong345.cloud.ui.launcher/com.yangcong345.padmodule.new_home.PadHomeActivity} Window{c9c2c19 u0 com.android.systemui.ImageWallpaper}
04-18 11:10:48.737   901   949 I InputDispatcher: setInputWindows displayId=0 Window{29299d7 u0 NavigationBar0} Window{643f2bc u0 StatusBar} Window{3207dcb u0 com.yangcong345.cloud.ui.launcher/com.yangcong345.padmodule.new_home.PadHomeActivity} Window{c9c2c19 u0 com.android.systemui.ImageWallpaper}
04-18 11:10:48.738  9247  9320 D DataSailMapper: get instance by url: intelligent-hardware.cn-beijing.log.aliyuncs.com/logstores/launcher-debug-store/shards/lb
04-18 11:10:48.739  9247  9320 I System.out: [okhttp]:check permission begin!
04-18 11:10:48.739  9247  9320 I System.out: [okhttp]:not MMS!
04-18 11:10:48.739  9247  9320 I System.out: [okhttp]:not Email!
04-18 11:10:48.740  9247  9320 I System.out: [socket]:check permission begin!
04-18 11:10:48.753   901   949 I InputDispatcher: setInputWindows displayId=0 Window{29299d7 u0 NavigationBar0} Window{643f2bc u0 StatusBar} Window{3207dcb u0 com.yangcong345.cloud.ui.launcher/com.yangcong345.padmodule.new_home.PadHomeActivity} Window{c9c2c19 u0 com.android.systemui.ImageWallpaper}
