04-18 11:10:48.761  9247  9319 D DataSailMapper: get instance by url: intelligent-hardware.cn-beijing.log.aliyuncs.com/logstores/launcher-debug-store/shards/lb
04-18 11:10:48.763  9247  9319 I System.out: [okhttp]:check permission begin!
04-18 11:10:48.763  9247  9319 I System.out: [okhttp]:not MMS!
04-18 11:10:48.763  9247  9319 I System.out: [okhttp]:not Email!
04-18 11:10:48.765  9247  9319 I System.out: [socket]:check permission begin!
04-18 11:10:48.769   901   949 I InputDispatcher: setInputWindows displayId=0 Window{29299d7 u0 NavigationBar0} Window{643f2bc u0 StatusBar} Window{3207dcb u0 com.yangcong345.cloud.ui.launcher/com.yangcong345.padmodule.new_home.PadHomeActivity} Window{c9c2c19 u0 com.android.systemui.ImageWallpaper}
04-18 11:10:48.785   901  7230 I InputDispatcher: setInputWindows displayId=0 Window{29299d7 u0 NavigationBar0} Window{643f2bc u0 StatusBar} Window{3207dcb u0 com.yangcong345.cloud.ui.launcher/com.yangcong345.padmodule.new_home.PadHomeActivity} Window{c9c2c19 u0 com.android.systemui.ImageWallpaper}
04-18 11:10:48.802   901  5206 I InputDispatcher: setInputWindows displayId=0 Window{29299d7 u0 NavigationBar0} Window{643f2bc u0 StatusBar} Window{3207dcb u0 com.yangcong345.cloud.ui.launcher/com.yangcong345.padmodule.new_home.PadHomeActivity} Window{c9c2c19 u0 com.android.systemui.ImageWallpaper}
04-18 11:10:48.818   901   949 I InputDispatcher: setInputWindows displayId=0 Window{29299d7 u0 NavigationBar0} Window{643f2bc u0 StatusBar} Window{3207dcb u0 com.yangcong345.cloud.ui.launcher/com.yangcong345.padmodule.new_home.PadHomeActivity} Window{c9c2c19 u0 com.android.systemui.ImageWallpaper}
04-18 11:10:48.830   747   777 I Proximity: distance = 2
04-18 11:10:48.834   901   949 I InputDispatcher: setInputWindows displayId=0 Window{29299d7 u0 NavigationBar0} Window{643f2bc u0 StatusBar} Window{3207dcb u0 com.yangcong345.cloud.ui.launcher/com.yangcong345.padmodule.new_home.PadHomeActivity} Window{c9c2c19 u0 com.android.systemui.ImageWallpaper}
04-18 11:10:48.882   901   949 I chatty  : uid=1000(system) Binder:901_2 identical 3 lines
04-18 11:10:48.898   901   949 I InputDispatcher: setInputWindows displayId=0 Window{29299d7 u0 NavigationBar0} Window{643f2bc u0 StatusBar} Window{3207dcb u0 com.yangcong345.cloud.ui.launcher/com.yangcong345.padmodule.new_home.PadHomeActivity} Window{c9c2c19 u0 com.android.systemui.ImageWallpaper}
04-18 11:10:48.923  9247  9320 I System.out: [OkHttp] sendRequest<<
04-18 11:10:48.971  9247  9320 D DataSailMapper: get instance by url: intelligent-hardware.cn-beijing.log.aliyuncs.com/logstores/launcher-debug-store/shards/lb
04-18 11:10:48.971  9247  9320 I System.out: [okhttp]:check permission begin!
04-18 11:10:48.971  9247  9320 I System.out: [okhttp]:not MMS!
04-18 11:10:48.972  9247  9320 I System.out: [okhttp]:not Email!
04-18 11:10:48.972  9247  9320 I System.out: [socket]:check permission begin!
04-18 11:10:48.990  9247  9319 I System.out: [OkHttp] sendRequest<<
04-18 11:10:49.034   747   777 I Proximity: distance = 2
04-18 11:10:49.045  9247  9319 D DataSailMapper: get instance by url: intelligent-hardware.cn-beijing.log.aliyuncs.com/logstores/launcher-debug-store/shards/lb
04-18 11:10:49.047  9247  9319 I System.out: [okhttp]:check permission begin!
04-18 11:10:49.047  9247  9319 I System.out: [okhttp]:not MMS!
04-18 11:10:49.047  9247  9319 I System.out: [okhttp]:not Email!
04-18 11:10:49.049  9247  9319 I System.out: [socket]:check permission begin!
04-18 11:10:49.077 17048 17048 I Monkey  : :Sending Touch (ACTION_DOWN): 0:(690.0,1179.0)
04-18 11:10:49.078   544   587 I libPowerHal: [perfLockAcq] idx:0 hdl:352 hint:25 pid:544 duration:10000 => ret_hdl:352
04-18 11:10:49.079   544   587 I libPowerHal: [PE] scn:0 hdl:352 hint:25 comm:mtkpower@1.0-se pid:544
04-18 11:10:49.079   544   587 I libPowerHal: [PE] MTKPOWER_HINT_APP_TOUCH update cmd:3408600 param:1
04-18 11:10:49.080 17048 17048 I Monkey  : :Sending Touch (ACTION_MOVE): 0:(677.43774,1181.5883)
04-18 11:10:49.081 17048 17048 I Monkey  : :Sending Touch (ACTION_MOVE): 0:(662.41766,1181.6316)
04-18 11:10:49.083 17048 17048 I Monkey  : :Sending Touch (ACTION_MOVE): 0:(640.1749,1183.4142)
04-18 11:10:49.084 17048 17048 I Monkey  : :Sending Touch (ACTION_UP): 0:(625.79346,1187.2007)
04-18 11:10:49.084   544   587 I libPowerHal: [perfLockRel] hdl:352, idx:0
04-18 11:10:49.084   544   587 I libPowerHal: [PD] scn:0 hdl:352 hint:25 comm:mtkpower@1.0-se pid:544
04-18 11:10:49.085   544   587 I libPowerHal: [PD] MTKPOWER_HINT_APP_TOUCH update cmd:3408600 param:0
04-18 11:10:49.085 17048 17048 I Monkey  : Sleeping for 1000 milliseconds
04-18 11:10:49.087  3069  3069 D RecentsOrientedState: current RecentsOrientedState: [this=RecentsOrientedState@131794d mOrientationHandler=PortraitPagedViewHandler@ce88c96 mDisplayRotation=0 mTouchRotation=0 mRecentsActivityRotation=1 isRecentsActivityRotationAllowed=true mSystemRotation=false mFlags=292]
04-18 11:10:49.087  3069  3069 D RecentsOrientedState: current RecentsOrientedState: [this=RecentsOrientedState@131794d mOrientationHandler=PortraitPagedViewHandler@ce88c96 mDisplayRotation=0 mTouchRotation=0 mRecentsActivityRotation=1 isRecentsActivityRotationAllowed=true mSystemRotation=false mFlags=36]
04-18 11:10:49.088  3069  3069 D RecentsOrientedState: current RecentsOrientedState: [this=RecentsOrientedState@131794d mOrientationHandler=PortraitPagedViewHandler@ce88c96 mDisplayRotation=1 mTouchRotation=0 mRecentsActivityRotation=1 isRecentsActivityRotationAllowed=true mSystemRotation=false mFlags=36]
04-18 11:10:49.089   901   949 W ActivityTaskManager: zzg getRecentTasksImpl res.add: task=Task{d0d93 #19 visible=false type=standard mode=fullscreen translucent=true A=10076:com.yangcong345.android.phone U=0 StackId=19 sz=1}
04-18 11:10:49.089   901   949 W ActivityTaskManager: zzg getRecentTasksImpl res.add: task=Task{bf91373 #18 visible=true type=standard mode=fullscreen translucent=false A=10078:com.yangcong345.pad.systemsetting U=0 StackId=18 sz=1}
04-18 11:10:49.089   901   949 W ActivityTaskManager: zzg recentTasks final item pkgName=com.yangcong345.android.phone
04-18 11:10:49.089   901   949 W ActivityTaskManager: zzg recentTasks final item pkgName=com.yangcong345.pad.systemsetting
04-18 11:10:49.089  3069  3069 D RecentsOrientedState: current RecentsOrientedState: [this=RecentsOrientedState@9aacfb1 mOrientationHandler=PortraitPagedViewHandler@ce88c96 mDisplayRotation=0 mTouchRotation=0 mRecentsActivityRotation=1 isRecentsActivityRotationAllowed=true mSystemRotation=false mFlags=100]
04-18 11:10:49.092  3069  3069 D RecentsView: RecentsView.onMeasure(): 1920, 1200
04-18 11:10:49.097   901   949 W InputDispatcher: Failed to pilfer pointers: no pointers on display 0.
04-18 11:10:49.097   544   564 I mtkpower@impl: [setMode] type:5, enabled:1
04-18 11:10:49.097  3069  3069 D RecentsOrientedState: current RecentsOrientedState: [this=RecentsOrientedState@9aacfb1 mOrientationHandler=PortraitPagedViewHandler@ce88c96 mDisplayRotation=0 mTouchRotation=0 mRecentsActivityRotation=1 isRecentsActivityRotationAllowed=true mSystemRotation=false mFlags=100]
04-18 11:10:49.097   544   587 I libPowerHal: [perfLockAcq] idx:0 hdl:353 hint:11 pid:544 duration:30000 => ret_hdl:353
04-18 11:10:49.097   544   587 I libPowerHal: [PE] scn:0 hdl:353 hint:11 comm:mtkpower@1.0-se pid:544
04-18 11:10:49.098   544   587 I libPowerHal: LAUNCH: cpu_ctrl set cpu freq: 1989000 -1 1989000 -1
04-18 11:10:49.098   544   587 I libPowerHal: [PE] LAUNCH update cmd:1000000, param:0
04-18 11:10:49.098   544   587 I libPowerHal: [PE] LAUNCH update cmd:1408300, param:100
04-18 11:10:49.099   544   587 I libPowerHal: [PE] LAUNCH update cmd:1000000 param:0
04-18 11:10:49.104   566   979 I BufferQueueProducer: [com.yangcong345.cloud.ui.launcher/com.yangcong345.padmodule.new_home.PadHomeActivity#0](this:0xb40000770fe9b0f8,id:117,api:1,p:9247,c:566) queueBuffer: fps=5.85 dur=1026.22 max=730.55 min=38.58
04-18 11:10:49.108   901  2935 I InputDispatcher: setInputWindows displayId=0 Window{29299d7 u0 NavigationBar0} Window{643f2bc u0 StatusBar} Window{3207dcb u0 com.yangcong345.cloud.ui.launcher/com.yangcong345.padmodule.new_home.PadHomeActivity} Window{c9c2c19 u0 com.android.systemui.ImageWallpaper}
04-18 11:10:49.108  3069  3069 I wm_on_restart_called: [201526443,com.android.quickstep.RecentsActivity,performRestartActivity]
04-18 11:10:49.110  3069  3069 D UNISOC-LAUNCHER3: MeminfoController, showOrHide enable: true
04-18 11:10:49.112   529   529 I hwcomposer: [HWCDisplay] [Display_0 (type:1)] fps:50.475929,dur:1050.01,max:213.31,min:13.88
04-18 11:10:49.115  3069  3069 D RecentsOrientedState: current RecentsOrientedState: [this=RecentsOrientedState@131794d mOrientationHandler=PortraitPagedViewHandler@ce88c96 mDisplayRotation=1 mTouchRotation=0 mRecentsActivityRotation=1 isRecentsActivityRotationAllowed=true mSystemRotation=false mFlags=36]
04-18 11:10:49.116  3069  3069 D UNISOC-LAUNCHER3: StateManager, goToState:[Ordinal-0 -> Ordinal-2] animated:false
04-18 11:10:49.120  2886  2886 V ShadeControllerImpl: NotificationShadeWindow: com.android.systemui.statusbar.phone.NotificationShadeWindowView{5d73858 I.E...... ......ID 0,0-1920,1200} canPanelBeCollapsed(): false
04-18 11:10:49.121  3069  3069 I wm_on_start_called: [201526443,com.android.quickstep.RecentsActivity,handleStartActivity]
04-18 11:10:49.124  3069  3069 V PhoneWindow: DecorView setVisiblity: visibility = 0, Parent = android.view.ViewRootImpl@2dcdbd7, this = DecorView@24f4cc4[RecentsActivity]
04-18 11:10:49.124   901   949 I InputDispatcher: setInputWindows displayId=0 Window{29299d7 u0 NavigationBar0} Window{643f2bc u0 StatusBar} recents_animation_input_consumer Window{3207dcb u0 com.yangcong345.cloud.ui.launcher/com.yangcong345.padmodule.new_home.PadHomeActivity} Window{c9c2c19 u0 com.android.systemui.ImageWallpaper}
04-18 11:10:49.124   901   949 I InputDispatcher: Focus left window: Window{3207dcb u0 com.yangcong345.cloud.ui.launcher/com.yangcong345.padmodule.new_home.PadHomeActivity} in display 0
04-18 11:10:49.124   901   949 I InputDispatcher: Focus entered window: recents_animation_input_consumer in display 0
04-18 11:10:49.134  3069  3069 D RecentsView: RecentsView.onMeasure(): 1920, 1200
04-18 11:10:49.136   901  5206 I WindowManager: Relayout Window{db50585 u0 com.android.launcher3/com.android.quickstep.RecentsActivity}: oldVis=8 newVis=0 focusMayChange = true
04-18 11:10:49.139   566   623 I BufferQueueConsumer: [](id:23600000078,api:0,p:-1,c:566) connect(): controlledByApp=false
04-18 11:10:49.139   566   623 I BufferQueue: [unnamed-566-120](this:0xb40000770fe79ee8,id:120,api:0,p:-1,c:-1) BufferQueue core=(566:/system/bin/surfaceflinger)
04-18 11:10:49.140   901   949 I InputDispatcher: setInputWindows displayId=0 Window{29299d7 u0 NavigationBar0} Window{643f2bc u0 StatusBar} com.android.launcher3/com.android.quickstep.RecentsActivity#0 recents_animation_input_consumer Window{3207dcb u0 com.yangcong345.cloud.ui.launcher/com.yangcong345.padmodule.new_home.PadHomeActivity} Window{c9c2c19 u0 com.android.systemui.ImageWallpaper}
04-18 11:10:49.141   901  5206 W WindowManager: Changing focus fromWindow{3207dcb u0 com.yangcong345.cloud.ui.launcher/com.yangcong345.padmodule.new_home.PadHomeActivity} to null displayId=0 Callers=com.android.server.wm.RootWindowContainer.updateFocusedWindowLocked:457 com.android.server.wm.WindowManagerService.updateFocusedWindowLocked:5611 com.android.server.wm.WindowManagerService.relayoutWindow:2398 com.android.server.wm.Session.relayout:213
04-18 11:10:49.142  9247  9247 I Matrix.AppMethodBeat: [at] visibleScene[com.yangcong345.padmodule.new_home.PadHomeActivity] has detach focus!
04-18 11:10:49.144   566   623 I BufferQueueProducer: [com.android.launcher3/com.android.quickstep.RecentsActivity#0](id:23600000078,api:1,p:3069,c:566) connect(): api=1 producerControlledByApp=false
04-18 11:10:49.158   901  5206 I InputDispatcher: setInputWindows displayId=0 Window{29299d7 u0 NavigationBar0} Window{643f2bc u0 StatusBar} Window{db50585 u0 com.android.launcher3/com.android.quickstep.RecentsActivity} recents_animation_input_consumer Window{3207dcb u0 com.yangcong345.cloud.ui.launcher/com.yangcong345.padmodule.new_home.PadHomeActivity} Window{c9c2c19 u0 com.android.systemui.ImageWallpaper}
04-18 11:10:49.158   901  5206 I InputDispatcher: Focus left window: recents_animation_input_consumer in display 0
04-18 11:10:49.158   901  5206 I InputDispatcher: Window went away: com.android.launcher3/com.android.quickstep.RecentsActivity#0
04-18 11:10:49.168  8873 15738 D app_statistics_onAccessibilityEvent: {"data":"{\"appName\":\"Quickstep\",\"className\":\"com.android.quickstep.RecentsActivity\",\"duration\":0,\"endRealTime\":0,\"endTime\":0,\"id\":0,\"packageName\":\"com.android.launcher3\",\"startRealTime\":65459,\"startTime\":1713409849}"}
04-18 11:10:49.169  9247  9320 I System.out: [OkHttp] sendRequest<<
04-18 11:10:49.170   901   954 D lwdebug : onWindowsDrawn com.android.launcher3/com.android.quickstep.RecentsActivity
04-18 11:10:49.170  8873 16277 D app_statistics_insertNewAppUsageStats: {"data":"{\"appName\":\"洋葱桌面\",\"className\":\"com.yangcong345.padmodule.new_home.PadHomeActivity\",\"duration\":1,\"endRealTime\":65459,\"endTime\":1713409849,\"id\":0,\"packageName\":\"com.yangcong345.cloud.ui.launcher\",\"startRealTime\":65458,\"startTime\":1713409848}"}
04-18 11:10:49.175   901  2989 I InputDispatcher: setInputWindows displayId=0 Window{29299d7 u0 NavigationBar0} Window{643f2bc u0 StatusBar} Window{db50585 u0 com.android.launcher3/com.android.quickstep.RecentsActivity} recents_animation_input_consumer Window{3207dcb u0 com.yangcong345.cloud.ui.launcher/com.yangcong345.padmodule.new_home.PadHomeActivity} Window{c9c2c19 u0 com.android.systemui.ImageWallpaper}
04-18 11:10:49.181   901   959 D ArtManagerInternalImpl: /data/misc/iorapd/com.android.launcher3/30/com.android.quickstep.RecentsActivity/compiled_traces/compiled_trace.pb doesn't exist
04-18 11:10:49.181   901   959 I sysui_multi_action: [319,8,322,72,325,65012,757,761,758,9,759,5,806,com.android.launcher3,871,com.android.quickstep.RecentsActivity,904,com.android.launcher3,905,0,1320,8,1321,5]
04-18 11:10:49.186   566   980 I BufferQueueProducer: [com.android.launcher3/com.android.quickstep.RecentsActivity#0](id:23600000078,api:1,p:3069,c:566) disconnect(): api=1
04-18 11:10:49.187   566   980 I BufferQueueProducer: [com.android.launcher3/com.android.quickstep.RecentsActivity#0](id:23600000078,api:1,p:3069,c:566) connect(): api=1 producerControlledByApp=false
04-18 11:10:49.192   901  2989 I InputDispatcher: setInputWindows displayId=0 Window{29299d7 u0 NavigationBar0} Window{643f2bc u0 StatusBar} Window{db50585 u0 com.android.launcher3/com.android.quickstep.RecentsActivity} recents_animation_input_consumer Window{3207dcb u0 com.yangcong345.cloud.ui.launcher/com.yangcong345.padmodule.new_home.PadHomeActivity} Window{c9c2c19 u0 com.android.systemui.ImageWallpaper}
04-18 11:10:49.207   901  2989 I InputDispatcher: setInputWindows displayId=0 Window{29299d7 u0 NavigationBar0} Window{643f2bc u0 StatusBar} Window{db50585 u0 com.android.launcher3/com.android.quickstep.RecentsActivity} recents_animation_input_consumer Window{3207dcb u0 com.yangcong345.cloud.ui.launcher/com.yangcong345.padmodule.new_home.PadHomeActivity} Window{c9c2c19 u0 com.android.systemui.ImageWallpaper}
04-18 11:10:49.222  9247  9320 D DataSailMapper: get instance by url: intelligent-hardware.cn-beijing.log.aliyuncs.com/logstores/launcher-debug-store/shards/lb
04-18 11:10:49.223  9247  9320 I System.out: [okhttp]:check permission begin!
04-18 11:10:49.223  9247  9320 I System.out: [okhttp]:not MMS!
04-18 11:10:49.223  9247  9320 I System.out: [okhttp]:not Email!
04-18 11:10:49.224  9247  9320 I System.out: [socket]:check permission begin!
04-18 11:10:49.238   747   777 I Proximity: distance = 2
04-18 11:10:49.266  9247  9319 I System.out: [OkHttp] sendRequest<<
04-18 11:10:49.295   901  2797 I netstats_mobile_sample: [0,0,0,0,0,0,0,0,0,0,0,0,1713409847838]
04-18 11:10:49.296   901  2797 I netstats_wifi_sample: [2641379088,1882444,180082597,1310643,2641379088,1882444,180082597,1310643,2639745576,1876708,180082597,1310643,1713409847838]
04-18 11:10:49.320  9247  9319 D DataSailMapper: get instance by url: intelligent-hardware.cn-beijing.log.aliyuncs.com/logstores/launcher-debug-store/shards/lb
04-18 11:10:49.321  9247  9319 I System.out: [okhttp]:check permission begin!
04-18 11:10:49.322  9247  9319 I System.out: [okhttp]:not MMS!
04-18 11:10:49.322  9247  9319 I System.out: [okhttp]:not Email!
04-18 11:10:49.323  9247  9319 I System.out: [socket]:check permission begin!
04-18 11:10:49.413  9247  9320 I System.out: [OkHttp] sendRequest<<
04-18 11:10:49.442   747   777 I Proximity: distance = 2
04-18 11:10:49.462  9247  9320 D DataSailMapper: get instance by url: intelligent-hardware.cn-beijing.log.aliyuncs.com/logstores/launcher-debug-store/shards/lb
04-18 11:10:49.463  9247  9320 I System.out: [okhttp]:check permission begin!
04-18 11:10:49.463  9247  9320 I System.out: [okhttp]:not MMS!
04-18 11:10:49.463  9247  9320 I System.out: [okhttp]:not Email!
04-18 11:10:49.464  9247  9320 I System.out: [socket]:check permission begin!
04-18 11:10:49.493  3134  3134 D CapRIL  : resetProxyAndRequestList
04-18 11:10:49.493   398   398 I hwservicemanager: getTransport: Cannot find entry vendor.mediatek.hardware.mtkradioex@2.0::IMtkRadioEx/mtkCap1 in either framework or device manifest.
04-18 11:10:49.493  3134  3134 D CapRIL  : MtkRadioProxy getService/setResponseFunctions: java.util.NoSuchElementException
04-18 11:10:49.510  9247  9319 I System.out: [OkHttp] sendRequest<<
04-18 11:10:49.542 16748 16748 I auditd  : type=1400 audit(0.0:24711): avc: denied { getattr } for comm="DetectPable" path="/proc/fb" dev="proc" ino=4026532067 scontext=u:r:shell:s0 tcontext=u:object_r:proc:s0 tclass=file permissive=1
04-18 11:10:49.542 16748 16748 I DetectPable: type=1400 audit(0.0:24711): avc: denied { getattr } for path="/proc/fb" dev="proc" ino=4026532067 scontext=u:r:shell:s0 tcontext=u:object_r:proc:s0 tclass=file permissive=1
04-18 11:10:49.646   747   777 I Proximity: distance = 2
04-18 11:10:49.667  9247  9320 I System.out: [OkHttp] sendRequest<<
04-18 11:10:49.850   747   777 I Proximity: distance = 2
04-18 11:10:49.868  3069  3069 I sysui_multi_action: [757,224,758,2]
04-18 11:10:49.868   544   564 I mtkpower@impl: [setMode] type:5, enabled:0
04-18 11:10:49.869   544   587 I libPowerHal: [perfLockRel] hdl:353, idx:0
04-18 11:10:49.869   544   587 I libPowerHal: [PD] scn:0 hdl:353 hint:11 comm:mtkpower@1.0-se pid:544
04-18 11:10:49.869   544   587 I libPowerHal: LAUNCH: cpu_ctrl set cpu freq: -1 -1 -1 -1
04-18 11:10:49.869   544   587 I libPowerHal: [PD] LAUNCH update cmd:1000000, param:-1
04-18 11:10:49.869   544   587 I libPowerHal: [PD] LAUNCH update cmd:1408300 param:0
04-18 11:10:49.870   901   949 W WindowManager: Changing focus fromnull to Window{3207dcb u0 com.yangcong345.cloud.ui.launcher/com.yangcong345.padmodule.new_home.PadHomeActivity} displayId=0 Callers=com.android.server.wm.RootWindowContainer.updateFocusedWindowLocked:457 com.android.server.wm.WindowManagerService.updateFocusedWindowLocked:5611 com.android.server.wm.DisplayContent.layoutAndAssignWindowLayersIfNeeded:3350 com.android.server.wm.TaskDisplayArea.positionStackAt:786
04-18 11:10:49.870   544   587 I libPowerHal: [PD] LAUNCH update cmd:1000000 param:-1
04-18 11:10:49.870  3069  3069 D UNISOC-LAUNCHER3: StateManager, goToState:[Ordinal-2 -> Ordinal-0] animated:false
04-18 11:10:49.870   901   949 I wm_add_to_stopping: [0,201526443,com.android.launcher3/com.android.quickstep.RecentsActivity,makeInvisible]
04-18 11:10:49.873  3069  3069 D RecentsOrientedState: current RecentsOrientedState: [this=RecentsOrientedState@9aacfb1 mOrientationHandler=PortraitPagedViewHandler@ce88c96 mDisplayRotation=0 mTouchRotation=0 mRecentsActivityRotation=1 isRecentsActivityRotationAllowed=true mSystemRotation=false mFlags=356]
04-18 11:10:49.878  3069  3069 W PagedView: isHandlingTouch mIsBeingDragged=false
04-18 11:10:49.882   901   953 I wm_stop_activity: [0,201526443,com.android.launcher3/com.android.quickstep.RecentsActivity]
04-18 11:10:49.884   901   949 I InputDispatcher: setInputWindows displayId=0 Window{29299d7 u0 NavigationBar0} Window{643f2bc u0 StatusBar} Window{db50585 u0 com.android.launcher3/com.android.quickstep.RecentsActivity} recents_animation_input_consumer Window{3207dcb u0 com.yangcong345.cloud.ui.launcher/com.yangcong345.padmodule.new_home.PadHomeActivity} Window{c9c2c19 u0 com.android.systemui.ImageWallpaper}
04-18 11:10:49.884  3069  3069 W PagedView: isHandlingTouch mIsBeingDragged=false
04-18 11:10:49.897  3069  3069 I wm_on_stop_called: [201526443,com.android.quickstep.RecentsActivity,STOP_ACTIVITY_ITEM]
04-18 11:10:49.898  3069  3069 V PhoneWindow: DecorView setVisiblity: visibility = 4, Parent = android.view.ViewRootImpl@2dcdbd7, this = DecorView@24f4cc4[RecentsActivity]
04-18 11:10:49.900   901   949 I InputDispatcher: setInputWindows displayId=0 Window{29299d7 u0 NavigationBar0} Window{643f2bc u0 StatusBar} com.android.launcher3/com.android.quickstep.RecentsActivity#0 recents_animation_input_consumer Window{3207dcb u0 com.yangcong345.cloud.ui.launcher/com.yangcong345.padmodule.new_home.PadHomeActivity} Window{c9c2c19 u0 com.android.systemui.ImageWallpaper}
04-18 11:10:49.900   901   949 I InputDispatcher: Focus entered window: Window{3207dcb u0 com.yangcong345.cloud.ui.launcher/com.yangcong345.padmodule.new_home.PadHomeActivity} in display 0
04-18 11:10:49.900   901   949 I InputDispatcher: Window went away: Window{db50585 u0 com.android.launcher3/com.android.quickstep.RecentsActivity}
04-18 11:10:49.901  9247  9247 I Matrix.AppMethodBeat: [at] visibleScene[com.yangcong345.padmodule.new_home.PadHomeActivity] has attach focus!
04-18 11:10:49.913   566   980 I BufferQueueProducer: [com.android.launcher3/com.android.quickstep.RecentsActivity#0](id:23600000078,api:1,p:3069,c:566) disconnect(): api=1
04-18 11:10:49.916   901  2989 I InputDispatcher: setInputWindows displayId=0 Window{29299d7 u0 NavigationBar0} Window{643f2bc u0 StatusBar} com.android.launcher3/com.android.quickstep.RecentsActivity#0 recents_animation_input_consumer Window{3207dcb u0 com.yangcong345.cloud.ui.launcher/com.yangcong345.padmodule.new_home.PadHomeActivity} Window{c9c2c19 u0 com.android.systemui.ImageWallpaper}
04-18 11:10:49.932   901  2935 I InputDispatcher: setInputWindows displayId=0 Window{29299d7 u0 NavigationBar0} Window{643f2bc u0 StatusBar} recents_animation_input_consumer Window{3207dcb u0 com.yangcong345.cloud.ui.launcher/com.yangcong345.padmodule.new_home.PadHomeActivity} Window{c9c2c19 u0 com.android.systemui.ImageWallpaper}
04-18 11:10:49.932   901  2935 I InputDispatcher: Window went away: com.android.launcher3/com.android.quickstep.RecentsActivity#0
04-18 11:10:49.948   566   566 I BufferQueueConsumer: [com.android.launcher3/com.android.quickstep.RecentsActivity#0](id:23600000078,api:0,p:-1,c:566) disconnect()
04-18 11:10:49.948   566   566 I BufferQueue: [com.android.launcher3/com.android.quickstep.RecentsActivity#0](this:0xb40000770fe79ee8,id:120,api:1,p:-1,c:-1) onDestructor()
04-18 11:10:49.948   901  2935 I InputDispatcher: setInputWindows displayId=0 Window{29299d7 u0 NavigationBar0} Window{643f2bc u0 StatusBar} recents_animation_input_consumer Window{3207dcb u0 com.yangcong345.cloud.ui.launcher/com.yangcong345.padmodule.new_home.PadHomeActivity} Window{c9c2c19 u0 com.android.systemui.ImageWallpaper}
04-18 11:10:49.964   901  2935 I InputDispatcher: setInputWindows displayId=0 Window{29299d7 u0 NavigationBar0} Window{643f2bc u0 StatusBar} recents_animation_input_consumer Window{3207dcb u0 com.yangcong345.cloud.ui.launcher/com.yangcong345.padmodule.new_home.PadHomeActivity} Window{c9c2c19 u0 com.android.systemui.ImageWallpaper}
04-18 11:10:49.993   901  2802 E WifiVendorHal: getWifiLinkLayerStats_1_3_Internal(l.973) failed {.code = ERROR_NOT_SUPPORTED, .description = }
04-18 11:10:50.054   747   777 I Proximity: distance = 2
04-18 11:10:50.086 17048 17048 I Monkey  : :Switch: #Intent;action=android.intent.action.MAIN;category=android.intent.category.LAUNCHER;launchFlags=0x10200000;component=com.yangcong345.android.phone/com.yangcong345.main.phone.splash.SplashActivity;end
04-18 11:10:50.089   901  2935 D HraManager: hra getBlackActivityList
04-18 11:10:50.089   901  2935 D HraManagerService:  getBlackActivityList
04-18 11:10:50.090   901  2935 D HraManager: hra getBlackIntentActionList
04-18 11:10:50.090   901  2935 I ActivityTaskManager: START u0 {act=android.intent.action.MAIN cat=[android.intent.category.LAUNCHER] flg=0x10200000 cmp=com.yangcong345.android.phone/com.yangcong345.main.phone.splash.SplashActivity} from uid 2000
04-18 11:10:50.092 17048 17048 I Monkey  :     // Allowing start of Intent { act=android.intent.action.MAIN cat=[android.intent.category.LAUNCHER] cmp=com.yangcong345.android.phone/com.yangcong345.main.phone.splash.SplashActivity } in package com.yangcong345.android.phone
04-18 11:10:50.099   901  2935 W ActivityTaskManager: zzg setActivityType intent=Intent { act=android.intent.action.MAIN cat=[android.intent.category.LAUNCHER] flg=0x10200000 cmp=com.yangcong345.android.phone/com.yangcong345.main.phone.splash.SplashActivity }
04-18 11:10:50.099   901  2935 W ActivityTaskManager: zzg setActivityType componentSpecified=false, isHomeIntent=false, isResolverOrDelegateActivity=false
04-18 11:10:50.099   901  2935 W ActivityTaskManager: zzg isYangCongIntent intentcmp=ComponentInfo{com.yangcong345.android.phone/com.yangcong345.main.phone.splash.SplashActivity}, intentDataStr=null
04-18 11:10:50.100   901  2935 I wm_task_created: [20,-1]
04-18 11:10:50.100   901  2935 I wm_stack_created: 20
04-18 11:10:50.106   901  2935 I wm_create_task: [0,20]
04-18 11:10:50.106   901  2935 I wm_create_activity: [0,172610854,20,com.yangcong345.android.phone/com.yangcong345.main.phone.splash.SplashActivity,android.intent.action.MAIN,NULL,NULL,270532608]
04-18 11:10:50.106   544   564 I mtkpower@impl: [setMode] type:5, enabled:1
04-18 11:10:50.107  9247  9247 I Matrix.ActivityThreadHacker: [handleMessage] msg.what:159 begin:65013837 isLaunchActivity:false SDK_INT=30
04-18 11:10:50.107  9247  9247 I Matrix.ActivityThreadHacker: [handleMessage] msg.what:159 begin:65013837 isLaunchActivity:false SDK_INT=30
04-18 11:10:50.107   544   587 I libPowerHal: [perfLockAcq] idx:0 hdl:354 hint:11 pid:544 duration:30000 => ret_hdl:354
04-18 11:10:50.107   544   587 I libPowerHal: [PE] scn:0 hdl:354 hint:11 comm:mtkpower@1.0-se pid:544
04-18 11:10:50.107  9247  9247 I wm_on_top_resumed_lost_called: [88032115,com.yangcong345.padmodule.new_home.PadHomeActivity,topStateChangedWhenResumed]
04-18 11:10:50.107   901  2935 I wm_pause_activity: [0,88032115,com.yangcong345.cloud.ui.launcher/com.yangcong345.padmodule.new_home.PadHomeActivity,userLeaving=true]
04-18 11:10:50.108   544   587 I libPowerHal: LAUNCH: cpu_ctrl set cpu freq: 1989000 -1 1989000 -1
04-18 11:10:50.108   544   587 I libPowerHal: [PE] LAUNCH update cmd:1000000, param:0
04-18 11:10:50.108   544   587 I libPowerHal: [PE] LAUNCH update cmd:1408300, param:100
04-18 11:10:50.108   544   587 I libPowerHal: [PE] LAUNCH update cmd:1000000 param:0
04-18 11:10:50.109   901   949 I InputDispatcher: setInputWindows displayId=0 Window{29299d7 u0 NavigationBar0} Window{643f2bc u0 StatusBar} recents_animation_input_consumer Window{3207dcb u0 com.yangcong345.cloud.ui.launcher/com.yangcong345.padmodule.new_home.PadHomeActivity} Window{c9c2c19 u0 com.android.systemui.ImageWallpaper}
04-18 11:10:50.109   544   587 I libPowerHal: [perfLockAcq] idx:1 hdl:355 hint:22 pid:544 duration:10000 => ret_hdl:355
04-18 11:10:50.109   544   587 I libPowerHal: [PE] scn:1 hdl:355 hint:22 comm:mtkpower@1.0-se pid:544
04-18 11:10:50.113 17048 17048 I Monkey  : Sleeping for 1000 milliseconds
04-18 11:10:50.116  9247  9247 I Matrix.ActivityThreadHacker: [handleMessage] msg.what:159 begin:65013845 isLaunchActivity:false SDK_INT=30
04-18 11:10:50.116  9247  9247 I Matrix.ActivityThreadHacker: [handleMessage] msg.what:159 begin:65013846 isLaunchActivity:false SDK_INT=30
04-18 11:10:50.117  9247  9247 D CrashReport: >>> com.yangcong345.padmodule.new_home.PadHomeActivity onPaused <<<
04-18 11:10:50.118  9247  9247 I wm_on_paused_called: [88032115,com.yangcong345.padmodule.new_home.PadHomeActivity,performPause]
04-18 11:10:50.119   901  2989 W ActivityTaskManager: Tried to set launchTime (0) < mLastActivityLaunchTime (65010800)
04-18 11:10:50.119   901  2989 I wm_add_to_stopping: [0,88032115,com.yangcong345.cloud.ui.launcher/com.yangcong345.padmodule.new_home.PadHomeActivity,makeInvisible]
04-18 11:10:50.123   901  2989 I wm_restart_activity: [0,172610854,20,com.yangcong345.android.phone/com.yangcong345.main.phone.splash.SplashActivity]
04-18 11:10:50.124   544   587 I libPowerHal: [perfNotifyAppState] foreground:com.yangcong345.android.phone, pid:8006, uid:10076
04-18 11:10:50.124   544   587 E UxUtility: notifyAppState error = NULL
04-18 11:10:50.124   544   587 I TouchUtility: notifyAppState error = NULL
04-18 11:10:50.124   544   563 I mtkpower@impl: [notifyAppState] pc:0, com.yangcong345.cloud.ui.launcher => com.yangcong345.android.phone
04-18 11:10:50.125   901  2989 W WindowManager: Changing focus fromWindow{3207dcb u0 com.yangcong345.cloud.ui.launcher/com.yangcong345.padmodule.new_home.PadHomeActivity} to null displayId=0 Callers=com.android.server.wm.RootWindowContainer.updateFocusedWindowLocked:457 com.android.server.wm.WindowManagerService.updateFocusedWindowLocked:5611 com.android.server.wm.DisplayContent.setFocusedApp:5534 com.android.server.wm.ActivityTaskManagerService.setResumedActivityUncheckLocked:5548
04-18 11:10:50.125   901  2989 I wm_set_resumed_activity: [0,com.yangcong345.android.phone/com.yangcong345.main.phone.splash.SplashActivity,minimalResumeActivityLocked]
04-18 11:10:50.126   901  2935 I InputDispatcher: setInputWindows displayId=0 Window{29299d7 u0 NavigationBar0} Window{643f2bc u0 StatusBar} recents_animation_input_consumer Window{3207dcb u0 com.yangcong345.cloud.ui.launcher/com.yangcong345.padmodule.new_home.PadHomeActivity} Window{c9c2c19 u0 com.android.systemui.ImageWallpaper}
04-18 11:10:50.126   529   529 I hwcomposer: [HWCDisplay] [Display_0 (type:1)] fps:54.225616,dur:1014.28,max:146.58,min:12.69
04-18 11:10:50.131   901   953 I sysui_multi_action: [757,803,799,window_time_0,802,2]
04-18 11:10:50.142   901  2989 I InputDispatcher: setInputWindows displayId=0 Window{29299d7 u0 NavigationBar0} Window{643f2bc u0 StatusBar} recents_animation_input_consumer Window{3207dcb u0 com.yangcong345.cloud.ui.launcher/com.yangcong345.padmodule.new_home.PadHomeActivity} Window{c9c2c19 u0 com.android.systemui.ImageWallpaper}
04-18 11:10:50.191   901  2989 I chatty  : uid=1000(system) Binder:901_A identical 3 lines
04-18 11:10:50.208   901  2989 I InputDispatcher: setInputWindows displayId=0 Window{29299d7 u0 NavigationBar0} Window{643f2bc u0 StatusBar} recents_animation_input_consumer Window{3207dcb u0 com.yangcong345.cloud.ui.launcher/com.yangcong345.padmodule.new_home.PadHomeActivity} Window{c9c2c19 u0 com.android.systemui.ImageWallpaper}
04-18 11:10:50.215   566   979 I SurfaceFlinger: [SF client] NEW(0xb40000765fc50ab0) for (901:system_server)
04-18 11:10:50.216   901   954 D ViewRootImpl[phone]: hardware acceleration = false , fakeHwAccelerated = true, sRendererDisabled = false, forceHwAccelerated = false, sSystemRendererDisabled = false
04-18 11:10:50.218   901   954 I InputTransport: Create ARC handle: 0xb4000079e86ad2c0
04-18 11:10:50.222   901  2989 I InputDispatcher: setInputWindows displayId=0 Window{29299d7 u0 NavigationBar0} Window{643f2bc u0 StatusBar} recents_animation_input_consumer Window{3207dcb u0 com.yangcong345.cloud.ui.launcher/com.yangcong345.padmodule.new_home.PadHomeActivity} Window{c9c2c19 u0 com.android.systemui.ImageWallpaper}
04-18 11:10:50.225   566   979 I BufferQueueConsumer: [](id:23600000079,api:0,p:-1,c:566) connect(): controlledByApp=false
04-18 11:10:50.225   566   979 I BufferQueue: [unnamed-566-121](this:0xb40000770fe7ff48,id:121,api:0,p:-1,c:-1) BufferQueue core=(566:/system/bin/surfaceflinger)
04-18 11:10:50.228   901   954 D Surface : lockCanvas
04-18 11:10:50.228   566   979 I BufferQueueProducer: [Splash Screen com.yangcong345.android.phone#0](id:23600000079,api:2,p:901,c:566) connect(): api=2 producerControlledByApp=false
04-18 11:10:50.238   901  2989 I InputDispatcher: setInputWindows displayId=0 Window{29299d7 u0 NavigationBar0} Window{643f2bc u0 StatusBar} Splash Screen com.yangcong345.android.phone#0 recents_animation_input_consumer com.yangcong345.cloud.ui.launcher/com.yangcong345.padmodule.new_home.PadHomeActivity#0 Window{c9c2c19 u0 com.android.systemui.ImageWallpaper}
04-18 11:10:50.238   901  2989 I InputDispatcher: Focus left window: Window{3207dcb u0 com.yangcong345.cloud.ui.launcher/com.yangcong345.padmodule.new_home.PadHomeActivity} in display 0
04-18 11:10:50.238   901  2989 I InputDispatcher: Window went away: Window{3207dcb u0 com.yangcong345.cloud.ui.launcher/com.yangcong345.padmodule.new_home.PadHomeActivity}
04-18 11:10:50.241  8873 15738 D app_statistics_insertNewAppUsageStats: {"data":"{\"appName\":\"Quickstep\",\"className\":\"com.android.quickstep.RecentsActivity\",\"duration\":1,\"endRealTime\":65460,\"endTime\":1713409850,\"id\":0,\"packageName\":\"com.android.launcher3\",\"startRealTime\":65459,\"startTime\":1713409849}"}
04-18 11:10:50.241  8873 16277 D app_statistics_onAccessibilityEvent: {"data":"{\"appName\":\"yc-debug\",\"className\":\"android.widget.FrameLayout\",\"duration\":0,\"endRealTime\":0,\"endTime\":0,\"id\":0,\"packageName\":\"com.yangcong345.android.phone\",\"startRealTime\":65460,\"startTime\":1713409850}"}
04-18 11:10:50.241  9247  9247 I Matrix.AppMethodBeat: [at] visibleScene[com.yangcong345.padmodule.new_home.PadHomeActivity] has detach focus!
04-18 11:10:50.254   901  2989 I InputDispatcher: setInputWindows displayId=0 Window{29299d7 u0 NavigationBar0} Window{643f2bc u0 StatusBar} Splash Screen com.yangcong345.android.phone#0 recents_animation_input_consumer com.yangcong345.cloud.ui.launcher/com.yangcong345.padmodule.new_home.PadHomeActivity#0 Window{c9c2c19 u0 com.android.systemui.ImageWallpaper}
04-18 11:10:50.262   747   777 I Proximity: distance = 2
04-18 11:10:50.271   901  2989 I InputDispatcher: setInputWindows displayId=0 Window{29299d7 u0 NavigationBar0} Window{643f2bc u0 StatusBar} Splash Screen com.yangcong345.android.phone#0 recents_animation_input_consumer com.yangcong345.cloud.ui.launcher/com.yangcong345.padmodule.new_home.PadHomeActivity#0 Window{c9c2c19 u0 com.android.systemui.ImageWallpaper}
04-18 11:10:50.277   901   953 I configuration_changed: 536872064
04-18 11:10:50.279   901   953 I ActivityTaskManager: Config changes=20000480 {1.02 ?mcc?mnc [zh_CN] ldltr sw600dp w600dp h936dp 320dpi lrg port finger -keyb/v/h -nav/h winConfig={ mBounds=Rect(0, 0 - 1200, 1920) mAppBounds=Rect(0, 0 - 1200, 1920) mWindowingMode=fullscreen mDisplayWindowingMode=fullscreen mActivityType=undefined mAlwaysOnTop=undefined mRotation=ROTATION_0} s.69}
04-18 11:10:50.288   901  2935 I InputDispatcher: setInputWindows displayId=0 Window{29299d7 u0 NavigationBar0} Window{643f2bc u0 StatusBar} Window{210e829 u0 Splash Screen com.yangcong345.android.phone} recents_animation_input_consumer com.yangcong345.cloud.ui.launcher/com.yangcong345.padmodule.new_home.PadHomeActivity#0 Window{c9c2c19 u0 com.android.systemui.ImageWallpaper}
04-18 11:10:50.288   901  2935 I InputDispatcher: Window went away: Splash Screen com.yangcong345.android.phone#0
04-18 11:10:50.289  8873  8873 I Matrix.ActivityThreadHacker: [handleMessage] msg.what:159 begin:65014019 isLaunchActivity:false SDK_INT=30
04-18 11:10:50.289   901   953 I WindowManager: Override config changes=20000480 {1.02 ?mcc?mnc [zh_CN] ldltr sw600dp w600dp h936dp 320dpi lrg port finger -keyb/v/h -nav/h winConfig={ mBounds=Rect(0, 0 - 1200, 1920) mAppBounds=Rect(0, 0 - 1200, 1920) mWindowingMode=fullscreen mDisplayWindowingMode=fullscreen mActivityType=undefined mAlwaysOnTop=undefined mRotation=ROTATION_0} s.69} for displayId=0
04-18 11:10:50.293   901   953 I sysui_multi_action: [757,1659,758,4,759,1,1660,0]
04-18 11:10:50.289  8873  8873 I Matrix.ActivityThreadHacker: [handleMessage] msg.what:159 begin:65014019 isLaunchActivity:false SDK_INT=30
04-18 11:10:50.300   901   953 I InputManager-JNI: Viewport [0] to add: local:0, isActive: true
04-18 11:10:50.302   566   979 I BufferQueueProducer: [com.yangcong345.cloud.ui.launcher/com.yangcong345.padmodule.new_home.PadHomeActivity#0](id:23600000075,api:1,p:9247,c:566) disconnect(): api=1
04-18 11:10:50.302   901  2550 I InputReader: Reconfiguring input devices, changes=DISPLAY_INFO |
04-18 11:10:50.303   901  2550 I InputReader: Device reconfigured: id=5, name='mtk-tpd', size 1200x1920, orientation 0, mode 1, display id 0
04-18 11:10:50.303   901  2550 I InputReader: Device reconfigured: id=4, name='mtk-common', size 1200x1920, orientation 0, mode 1, display id 0
04-18 11:10:50.304   901  2935 I InputDispatcher: setInputWindows displayId=0 Window{29299d7 u0 NavigationBar0} Window{643f2bc u0 StatusBar} Window{210e829 u0 Splash Screen com.yangcong345.android.phone} recents_animation_input_consumer com.yangcong345.cloud.ui.launcher/com.yangcong345.padmodule.new_home.PadHomeActivity#0 Window{c9c2c19 u0 com.android.systemui.ImageWallpaper}
04-18 11:10:50.308   901   954 D Surface : lockCanvas
04-18 11:10:50.314  2886  2886 V NavigationBarView: home = true
04-18 11:10:50.314  2886  2886 V NavigationBarView: recent = true
04-18 11:10:50.314  2886  2886 V NavigationBarView: back = true
04-18 11:10:50.320   901  2989 I InputDispatcher: setInputWindows displayId=0 Window{29299d7 u0 NavigationBar0} Window{643f2bc u0 StatusBar} Window{210e829 u0 Splash Screen com.yangcong345.android.phone} recents_animation_input_consumer com.yangcong345.cloud.ui.launcher/com.yangcong345.padmodule.new_home.PadHomeActivity#0 Window{c9c2c19 u0 com.android.systemui.ImageWallpaper}
04-18 11:10:50.321  3134  3134 D MtkSubscriptionInfoUpdater: onReceive, Action: android.intent.action.CONFIGURATION_CHANGED
04-18 11:10:50.331  2886  2886 D StatusBar: disable<e i a s b h r c s > disable2<q i n >
04-18 11:10:50.332  2886  2886 D View    : [Warning] assignParent to null: this = com.android.systemui.assist.AssistOrbContainer{5435a5c G.E...... ......ID 0,0-1920,500}
04-18 11:10:50.333  9247  9247 I Matrix.ActivityThreadHacker: [handleMessage] msg.what:159 begin:65014062 isLaunchActivity:false SDK_INT=30
04-18 11:10:50.333  9247  9247 I Matrix.ActivityThreadHacker: [handleMessage] msg.what:159 begin:65014063 isLaunchActivity:false SDK_INT=30
04-18 11:10:50.336   901  2989 I InputDispatcher: setInputWindows displayId=0 Window{29299d7 u0 NavigationBar0} Window{643f2bc u0 StatusBar} Window{210e829 u0 Splash Screen com.yangcong345.android.phone} recents_animation_input_consumer com.yangcong345.cloud.ui.launcher/com.yangcong345.padmodule.new_home.PadHomeActivity#0 Window{c9c2c19 u0 com.android.systemui.ImageWallpaper}
04-18 11:10:50.337   566   623 I SurfaceFlinger: [SF client] NEW(0xb40000765fc52cd0) for (2886:com.android.systemui)
04-18 11:10:50.339   566   566 I SurfaceFlinger: operator()(), mtkRenderCntDebug 493, screenshot (Splash Screen com.yangcong345.android.phone#0)
04-18 11:10:50.339  2886  2886 D ViewRootImpl[AssistPreviewPanel]: hardware acceleration = true , fakeHwAccelerated = false, sRendererDisabled = false, forceHwAccelerated = false, sSystemRendererDisabled = false
04-18 11:10:50.344  2886  2886 I InputTransport: Create ARC handle: 0xb4000079e8616e40
04-18 11:10:50.352   901  2935 I InputDispatcher: setInputWindows displayId=0 Window{29299d7 u0 NavigationBar0} Window{643f2bc u0 StatusBar} Window{210e829 u0 Splash Screen com.yangcong345.android.phone} recents_animation_input_consumer com.yangcong345.cloud.ui.launcher/com.yangcong345.padmodule.new_home.PadHomeActivity#0 Window{c9c2c19 u0 com.android.systemui.ImageWallpaper}
04-18 11:10:50.364   566   623 I BufferQueueProducer: [NavigationBar0#0](id:23600000004,api:1,p:2886,c:566) disconnect(): api=1
04-18 11:10:50.365   566   623 I BufferQueueProducer: [NavigationBar0#0](id:23600000004,api:1,p:2886,c:566) connect(): api=1 producerControlledByApp=false
04-18 11:10:50.366   901  2473 I commit_sys_config_file: [settings-2-0,12]
04-18 11:10:50.369   901   949 I InputDispatcher: setInputWindows displayId=0 Window{29299d7 u0 NavigationBar0} Window{643f2bc u0 StatusBar} Window{210e829 u0 Splash Screen com.yangcong345.android.phone} recents_animation_input_consumer com.yangcong345.cloud.ui.launcher/com.yangcong345.padmodule.new_home.PadHomeActivity#0 Window{c9c2c19 u0 com.android.systemui.ImageWallpaper}
04-18 11:10:50.384   566   979 I BufferQueueProducer: [StatusBar#0](id:23600000005,api:1,p:2886,c:566) disconnect(): api=1
04-18 11:10:50.384   566   979 I BufferQueueProducer: [StatusBar#0](id:23600000005,api:1,p:2886,c:566) connect(): api=1 producerControlledByApp=false
04-18 11:10:50.385   901  2989 I InputDispatcher: setInputWindows displayId=0 Window{29299d7 u0 NavigationBar0} Window{643f2bc u0 StatusBar} Window{210e829 u0 Splash Screen com.yangcong345.android.phone} recents_animation_input_consumer com.yangcong345.cloud.ui.launcher/com.yangcong345.padmodule.new_home.PadHomeActivity#0 Window{c9c2c19 u0 com.android.systemui.ImageWallpaper}
04-18 11:10:50.392   566   979 I BufferQueueProducer: [StatusBar#0](this:0xb40000770fdfd728,id:5,api:1,p:2886,c:566) queueBuffer: fps=1.67 dur=2997.82 max=2051.41 min=21.69
04-18 11:10:50.399   901  2989 I WindowManager: Relayout Window{672f7a6 u0 SecondaryHomeHandle0}: oldVis=8 newVis=0 focusMayChange = true
04-18 11:10:50.401   566   980 I BufferQueueConsumer: [](id:2360000007a,api:0,p:-1,c:566) connect(): controlledByApp=false
04-18 11:10:50.401   566   980 I BufferQueue: [unnamed-566-122](this:0xb40000770fe79ee8,id:122,api:0,p:-1,c:-1) BufferQueue core=(566:/system/bin/surfaceflinger)
04-18 11:10:50.402   901   949 I InputDispatcher: setInputWindows displayId=0 Window{29299d7 u0 NavigationBar0} Window{643f2bc u0 StatusBar} Window{210e829 u0 Splash Screen com.yangcong345.android.phone} recents_animation_input_consumer com.yangcong345.cloud.ui.launcher/com.yangcong345.padmodule.new_home.PadHomeActivity#0 Window{c9c2c19 u0 com.android.systemui.ImageWallpaper}
04-18 11:10:50.406   566   980 I BpBinder: onLastStrongRef automatically unlinking death recipients: <uncached descriptor>
04-18 11:10:50.406   566   622 I BufferQueueProducer: [SecondaryHomeHandle0#0](id:2360000007a,api:1,p:2886,c:566) connect(): api=1 producerControlledByApp=false
04-18 11:10:50.412  2886  2886 V NavigationBarView: home = true
04-18 11:10:50.412  2886  2886 V NavigationBarView: recent = true
04-18 11:10:50.412  2886  2886 V NavigationBarView: back = true
04-18 11:10:50.417   901  2989 I InputDispatcher: setInputWindows displayId=0 Window{672f7a6 u0 SecondaryHomeHandle0} Window{29299d7 u0 NavigationBar0} Window{643f2bc u0 StatusBar} Window{210e829 u0 Splash Screen com.yangcong345.android.phone} recents_animation_input_consumer com.yangcong345.cloud.ui.launcher/com.yangcong345.padmodule.new_home.PadHomeActivity#0 Window{c9c2c19 u0 com.android.systemui.ImageWallpaper}
04-18 11:10:50.418  2886  2886 I InputTransport: Destroy ARC handle: 0xb4000079e86229f0
04-18 11:10:50.420  8873 16924 D app_statistics_insertNewAppUsageStats: {"data":"{\"appName\":\"yc-debug\",\"className\":\"android.widget.FrameLayout\",\"duration\":0,\"endRealTime\":65460,\"endTime\":1713409850,\"id\":0,\"packageName\":\"com.yangcong345.android.phone\",\"startRealTime\":65460,\"startTime\":1713409850}"}
04-18 11:10:50.421  8873 16261 D app_statistics_onAccessibilityEvent: {"data":"{\"appName\":\"系统界面\",\"className\":\"android.view.View\",\"duration\":0,\"endRealTime\":0,\"endTime\":0,\"id\":0,\"packageName\":\"com.android.systemui\",\"startRealTime\":65460,\"startTime\":1713409850}"}
04-18 11:10:50.434   901  2989 I InputDispatcher: setInputWindows displayId=0 Window{672f7a6 u0 SecondaryHomeHandle0} Window{29299d7 u0 NavigationBar0} Window{643f2bc u0 StatusBar} Window{210e829 u0 Splash Screen com.yangcong345.android.phone} recents_animation_input_consumer com.yangcong345.cloud.ui.launcher/com.yangcong345.padmodule.new_home.PadHomeActivity#0 Window{c9c2c19 u0 com.android.systemui.ImageWallpaper}
04-18 11:10:50.435   566   979 I BufferQueueProducer: [SecondaryHomeHandle0#0](id:2360000007a,api:1,p:2886,c:566) disconnect(): api=1
04-18 11:10:50.436   566   979 I BufferQueueProducer: [SecondaryHomeHandle0#0](id:2360000007a,api:1,p:2886,c:566) connect(): api=1 producerControlledByApp=false
04-18 11:10:50.449   901  5206 I InputDispatcher: setInputWindows displayId=0 Window{672f7a6 u0 SecondaryHomeHandle0} Window{29299d7 u0 NavigationBar0} Window{643f2bc u0 StatusBar} Window{210e829 u0 Splash Screen com.yangcong345.android.phone} recents_animation_input_consumer com.yangcong345.cloud.ui.launcher/com.yangcong345.padmodule.new_home.PadHomeActivity#0 Window{c9c2c19 u0 com.android.systemui.ImageWallpaper}
04-18 11:10:50.450   566   979 I BufferQueueProducer: [SecondaryHomeHandle0#0](id:2360000007a,api:1,p:2886,c:566) disconnect(): api=1
04-18 11:10:50.450   566   979 I BufferQueueProducer: [SecondaryHomeHandle0#0](id:2360000007a,api:1,p:2886,c:566) connect(): api=1 producerControlledByApp=false
04-18 11:10:50.466   901  5206 I InputDispatcher: setInputWindows displayId=0 Window{672f7a6 u0 SecondaryHomeHandle0} Window{29299d7 u0 NavigationBar0} Window{643f2bc u0 StatusBar} Window{210e829 u0 Splash Screen com.yangcong345.android.phone} recents_animation_input_consumer com.yangcong345.cloud.ui.launcher/com.yangcong345.padmodule.new_home.PadHomeActivity#0 Window{c9c2c19 u0 com.android.systemui.ImageWallpaper}
04-18 11:10:50.467   747   777 I Proximity: distance = 2
04-18 11:10:50.468   566   566 I SurfaceFlinger: operator()(), mtkRenderCntDebug 494, screenshot (Splash Screen com.yangcong345.android.phone#0)
04-18 11:10:50.482   901  5206 I InputDispatcher: setInputWindows displayId=0 Window{672f7a6 u0 SecondaryHomeHandle0} Window{29299d7 u0 NavigationBar0} Window{643f2bc u0 StatusBar} Window{210e829 u0 Splash Screen com.yangcong345.android.phone} recents_animation_input_consumer com.yangcong345.cloud.ui.launcher/com.yangcong345.padmodule.new_home.PadHomeActivity#0 Window{c9c2c19 u0 com.android.systemui.ImageWallpaper}
04-18 11:10:50.514   901  5206 I chatty  : uid=1000(system) Binder:901_F identical 2 lines
04-18 11:10:50.530   901  5206 I InputDispatcher: setInputWindows displayId=0 Window{672f7a6 u0 SecondaryHomeHandle0} Window{29299d7 u0 NavigationBar0} Window{643f2bc u0 StatusBar} Window{210e829 u0 Splash Screen com.yangcong345.android.phone} recents_animation_input_consumer com.yangcong345.cloud.ui.launcher/com.yangcong345.padmodule.new_home.PadHomeActivity#0 Window{c9c2c19 u0 com.android.systemui.ImageWallpaper}
04-18 11:10:50.537  3316  3316 V PhoneWindow: DecorView setVisiblity: visibility = 8, Parent = android.view.ViewRootImpl@4cf2925, this = DecorView@25bfafa[InputMethod]
04-18 11:10:50.546   901  5206 I InputDispatcher: setInputWindows displayId=0 Window{672f7a6 u0 SecondaryHomeHandle0} Window{29299d7 u0 NavigationBar0} Window{643f2bc u0 StatusBar} Window{210e829 u0 Splash Screen com.yangcong345.android.phone} recents_animation_input_consumer com.yangcong345.cloud.ui.launcher/com.yangcong345.padmodule.new_home.PadHomeActivity#0 Window{c9c2c19 u0 com.android.systemui.ImageWallpaper}
04-18 11:10:50.570 16748 16748 I auditd  : type=1400 audit(0.0:24724): avc: denied { getattr } for comm="DetectPable" path="/proc/m4u" dev="proc" ino=4026532076 scontext=u:r:shell:s0 tcontext=u:object_r:proc_m4u:s0 tclass=file permissive=1
04-18 11:10:50.562   901  5206 I InputDispatcher: setInputWindows displayId=0 Window{672f7a6 u0 SecondaryHomeHandle0} Window{29299d7 u0 NavigationBar0} Window{643f2bc u0 StatusBar} Window{210e829 u0 Splash Screen com.yangcong345.android.phone} recents_animation_input_consumer com.yangcong345.cloud.ui.launcher/com.yangcong345.padmodule.new_home.PadHomeActivity#0 Window{c9c2c19 u0 com.android.systemui.ImageWallpaper}
04-18 11:10:50.570 16748 16748 I DetectPable: type=1400 audit(0.0:24724): avc: denied { getattr } for path="/proc/m4u" dev="proc" ino=4026532076 scontext=u:r:shell:s0 tcontext=u:object_r:proc_m4u:s0 tclass=file permissive=1
04-18 11:10:50.574 16748 16748 I auditd  : type=1400 audit(0.0:24725): avc: denied { getattr } for comm="DetectPable" path="/proc/swaps" dev="proc" ino=4026532297 scontext=u:r:shell:s0 tcontext=u:object_r:proc_swaps:s0 tclass=file permissive=1
04-18 11:10:50.574 16748 16748 I DetectPable: type=1400 audit(0.0:24725): avc: denied { getattr } for path="/proc/swaps" dev="proc" ino=4026532297 scontext=u:r:shell:s0 tcontext=u:object_r:proc_swaps:s0 tclass=file permissive=1
04-18 11:10:50.578   901  5206 I InputDispatcher: setInputWindows displayId=0 Window{672f7a6 u0 SecondaryHomeHandle0} Window{29299d7 u0 NavigationBar0} Window{643f2bc u0 StatusBar} Window{210e829 u0 Splash Screen com.yangcong345.android.phone} recents_animation_input_consumer com.yangcong345.cloud.ui.launcher/com.yangcong345.padmodule.new_home.PadHomeActivity#0 Window{c9c2c19 u0 com.android.systemui.ImageWallpaper}
04-18 11:10:50.574 16748 16748 I auditd  : type=1400 audit(0.0:24726): avc: denied { getattr } for comm="DetectPable" path="/proc/bcctlmt" dev="proc" ino=4026532992 scontext=u:r:shell:s0 tcontext=u:object_r:proc_thermal:s0 tclass=file permissive=1
