--------- beginning of events
06-05 15:13:01.542   888  2924 I wm_task_removed: [46,removeChild: last r=ActivityRecord{6f71942 u0 com.yangcong345.android.phone/com.yangcong345.main.phone.splash.SplashActivity t-1 f}} in t=Task{bf40d53 #46 visible=false type=standard mode=fullscreen translucent=true A=10094:com.yangcong345.android.phone U=0 StackId=46 sz=0}]
06-05 15:13:01.542   888  2924 I wm_task_removed: [46,removeTask]
06-05 15:13:01.542   888  2924 I wm_task_removed: [46,removeTask]
06-05 15:13:01.542   888  2924 I wm_stack_removed: 46
--------- beginning of main
06-05 15:13:01.545   556   965 I BufferQueueProducer: [StatusBar#0](id:22c00000005,api:1,p:2879,c:556) disconnect(): api=1
06-05 15:13:01.547   556   965 I BufferQueueProducer: [StatusBar#0](id:22c00000005,api:1,p:2879,c:556) connect(): api=1 producerControlledByApp=false
06-05 15:13:01.549   888  2985 I InputDispatcher: setInputWindows displayId=0 Window{110f1dc u0 NavigationBar0} Window{616bfc2 u0 StatusBar} recents_animation_input_consumer Window{a569bc6 u0 com.yangcong345.cloud.ui.launcher/com.yangcong345.padmodule.new_home.PadHomeActivity} Window{41ab024 u0 com.android.systemui.ImageWallpaper}
06-05 15:13:01.564  2879  2879 I InputTransport: Destroy ARC handle: 0xb400006eeecaf750
06-05 15:13:01.565   888  2924 I InputDispatcher: setInputWindows displayId=0 Window{110f1dc u0 NavigationBar0} Window{616bfc2 u0 StatusBar} recents_animation_input_consumer Window{a569bc6 u0 com.yangcong345.cloud.ui.launcher/com.yangcong345.padmodule.new_home.PadHomeActivity} Window{41ab024 u0 com.android.systemui.ImageWallpaper}
06-05 15:13:01.581   888  2924 I InputDispatcher: setInputWindows displayId=0 Window{110f1dc u0 NavigationBar0} Window{616bfc2 u0 StatusBar} recents_animation_input_consumer Window{a569bc6 u0 com.yangcong345.cloud.ui.launcher/com.yangcong345.padmodule.new_home.PadHomeActivity} Window{41ab024 u0 com.android.systemui.ImageWallpaper}
06-05 15:13:01.597   888  2985 I InputDispatcher: setInputWindows displayId=0 Window{110f1dc u0 NavigationBar0} Window{616bfc2 u0 StatusBar} recents_animation_input_consumer Window{a569bc6 u0 com.yangcong345.cloud.ui.launcher/com.yangcong345.padmodule.new_home.PadHomeActivity} Window{41ab024 u0 com.android.systemui.ImageWallpaper}
06-05 15:13:01.613   888  2985 I InputDispatcher: setInputWindows displayId=0 Window{110f1dc u0 NavigationBar0} Window{616bfc2 u0 StatusBar} recents_animation_input_consumer Window{a569bc6 u0 com.yangcong345.cloud.ui.launcher/com.yangcong345.padmodule.new_home.PadHomeActivity} Window{41ab024 u0 com.android.systemui.ImageWallpaper}
06-05 15:13:01.619  4527 18474 I MMKV    : <MMKV.cpp:226::initializeMMKV> root dir: /data/user/0/com.yangcong345.cloud.ui.launcher/files/mmkv
06-05 15:13:01.619  4527 18474 I MMKV    : <MMKV.cpp:1180::sync> MMKV::sync, SyncFlag = 0
06-05 15:13:01.629   888  2985 I InputDispatcher: setInputWindows displayId=0 Window{110f1dc u0 NavigationBar0} Window{616bfc2 u0 StatusBar} recents_animation_input_consumer Window{a569bc6 u0 com.yangcong345.cloud.ui.launcher/com.yangcong345.padmodule.new_home.PadHomeActivity} Window{41ab024 u0 com.android.systemui.ImageWallpaper}
06-05 15:13:01.645   888  2985 I InputDispatcher: setInputWindows displayId=0 Window{110f1dc u0 NavigationBar0} Window{616bfc2 u0 StatusBar} recents_animation_input_consumer Window{a569bc6 u0 com.yangcong345.cloud.ui.launcher/com.yangcong345.padmodule.new_home.PadHomeActivity} Window{41ab024 u0 com.android.systemui.ImageWallpaper}
06-05 15:13:01.651  4527 19113 D CacheInterceptor: requestRemoteFirst
06-05 15:13:01.652  4527 19113 D CacheInterceptor: request local cache success
06-05 15:13:01.661   888  2985 I InputDispatcher: setInputWindows displayId=0 Window{110f1dc u0 NavigationBar0} Window{616bfc2 u0 StatusBar} recents_animation_input_consumer Window{a569bc6 u0 com.yangcong345.cloud.ui.launcher/com.yangcong345.padmodule.new_home.PadHomeActivity} Window{41ab024 u0 com.android.systemui.ImageWallpaper}
06-05 15:13:01.678   888  2985 I InputDispatcher: setInputWindows displayId=0 Window{110f1dc u0 NavigationBar0} Window{616bfc2 u0 StatusBar} recents_animation_input_consumer Window{a569bc6 u0 com.yangcong345.cloud.ui.launcher/com.yangcong345.padmodule.new_home.PadHomeActivity} Window{41ab024 u0 com.android.systemui.ImageWallpaper}
06-05 15:13:01.680  3318  3318 V PhoneWindow: DecorView setVisiblity: visibility = 8, Parent = android.view.ViewRootImpl@aae8bc5, this = DecorView@a45b91a[InputMethod]
06-05 15:13:01.681  3318  3318 I chatty  : uid=10065(com.google.android.inputmethod.pinyin) identical 3 lines
06-05 15:13:01.681  3318  3318 V PhoneWindow: DecorView setVisiblity: visibility = 8, Parent = android.view.ViewRootImpl@aae8bc5, this = DecorView@a45b91a[InputMethod]
06-05 15:13:01.694   888  2924 I InputDispatcher: setInputWindows displayId=0 Window{110f1dc u0 NavigationBar0} Window{616bfc2 u0 StatusBar} recents_animation_input_consumer Window{a569bc6 u0 com.yangcong345.cloud.ui.launcher/com.yangcong345.padmodule.new_home.PadHomeActivity} Window{41ab024 u0 com.android.systemui.ImageWallpaper}
06-05 15:13:01.704   746   774 I Proximity: distance = 2
06-05 15:13:01.710   888  2924 I InputDispatcher: setInputWindows displayId=0 Window{110f1dc u0 NavigationBar0} Window{616bfc2 u0 StatusBar} recents_animation_input_consumer Window{a569bc6 u0 com.yangcong345.cloud.ui.launcher/com.yangcong345.padmodule.new_home.PadHomeActivity} Window{41ab024 u0 com.android.systemui.ImageWallpaper}
06-05 15:13:01.726   888  2924 I InputDispatcher: setInputWindows displayId=0 Window{110f1dc u0 NavigationBar0} Window{616bfc2 u0 StatusBar} recents_animation_input_consumer Window{a569bc6 u0 com.yangcong345.cloud.ui.launcher/com.yangcong345.padmodule.new_home.PadHomeActivity} Window{41ab024 u0 com.android.systemui.ImageWallpaper}
06-05 15:13:01.742   888  2985 I InputDispatcher: setInputWindows displayId=0 Window{110f1dc u0 NavigationBar0} Window{616bfc2 u0 StatusBar} recents_animation_input_consumer Window{a569bc6 u0 com.yangcong345.cloud.ui.launcher/com.yangcong345.padmodule.new_home.PadHomeActivity} Window{41ab024 u0 com.android.systemui.ImageWallpaper}
06-05 15:13:01.754  3192  3192 D VibrateSensorServer: VibrateSensorServer  testTime=currentTime - currentTime1 > 1s
06-05 15:13:01.758   888  2897 I InputDispatcher: setInputWindows displayId=0 Window{110f1dc u0 NavigationBar0} Window{616bfc2 u0 StatusBar} recents_animation_input_consumer Window{a569bc6 u0 com.yangcong345.cloud.ui.launcher/com.yangcong345.padmodule.new_home.PadHomeActivity} Window{41ab024 u0 com.android.systemui.ImageWallpaper}
06-05 15:13:01.762  3192  3192 D VibrateSensorServer: Times--->  0
06-05 15:13:01.762  3192  3192 D VibrateSensorServer:  .... else VibrateTip --> Off ....
06-05 15:13:01.775   888  2897 I InputDispatcher: setInputWindows displayId=0 Window{110f1dc u0 NavigationBar0} Window{616bfc2 u0 StatusBar} recents_animation_input_consumer Window{a569bc6 u0 com.yangcong345.cloud.ui.launcher/com.yangcong345.padmodule.new_home.PadHomeActivity} Window{41ab024 u0 com.android.systemui.ImageWallpaper}
06-05 15:13:01.791   888  2897 I InputDispatcher: setInputWindows displayId=0 Window{110f1dc u0 NavigationBar0} Window{616bfc2 u0 StatusBar} recents_animation_input_consumer Window{a569bc6 u0 com.yangcong345.cloud.ui.launcher/com.yangcong345.padmodule.new_home.PadHomeActivity} Window{41ab024 u0 com.android.systemui.ImageWallpaper}
06-05 15:13:01.807   888  2985 I InputDispatcher: setInputWindows displayId=0 Window{110f1dc u0 NavigationBar0} Window{616bfc2 u0 StatusBar} recents_animation_input_consumer Window{a569bc6 u0 com.yangcong345.cloud.ui.launcher/com.yangcong345.padmodule.new_home.PadHomeActivity} Window{41ab024 u0 com.android.systemui.ImageWallpaper}
06-05 15:13:01.872   888  2985 I chatty  : uid=1000(system) Binder:888_A identical 4 lines
06-05 15:13:01.887   888  2985 I InputDispatcher: setInputWindows displayId=0 Window{110f1dc u0 NavigationBar0} Window{616bfc2 u0 StatusBar} recents_animation_input_consumer Window{a569bc6 u0 com.yangcong345.cloud.ui.launcher/com.yangcong345.padmodule.new_home.PadHomeActivity} Window{41ab024 u0 com.android.systemui.ImageWallpaper}
06-05 15:13:01.899 19047 19047 I Monkey  : :Sending Touch (ACTION_DOWN): 0:(1116.0,724.0)
06-05 15:13:01.900   534   583 I libPowerHal: [perfLockAcq] idx:0 hdl:1632 hint:25 pid:534 duration:10000 => ret_hdl:1632
06-05 15:13:01.900   534   583 I libPowerHal: [PE] scn:0 hdl:1632 hint:25 comm:mtkpower@1.0-se pid:534
06-05 15:13:01.900   534   583 I libPowerHal: [PE] MTKPOWER_HINT_APP_TOUCH update cmd:3408600 param:1
06-05 15:13:01.901 19047 19047 I Monkey  : :Sending Touch (ACTION_UP): 0:(1116.8796,703.9431)
06-05 15:13:01.902   534   583 I libPowerHal: [perfLockRel] hdl:1632, idx:0
06-05 15:13:01.902   534   583 I libPowerHal: [PD] scn:0 hdl:1632 hint:25 comm:mtkpower@1.0-se pid:534
06-05 15:13:01.902   534   583 I libPowerHal: [PD] MTKPOWER_HINT_APP_TOUCH update cmd:3408600 param:0
06-05 15:13:01.903 19047 19047 I Monkey  : Sleeping for 1000 milliseconds
06-05 15:13:01.904   888  2985 D YSQ     : checkQueryAllPackages type: queryIntentActivities, pkgName: com.yangcong345.cloud.ui.launcher, callingUid: 10081
06-05 15:13:01.904   888  2985 D HraManager: hra getBlackIntentActionList
06-05 15:13:01.904   888  2897 I InputDispatcher: setInputWindows displayId=0 Window{110f1dc u0 NavigationBar0} Window{616bfc2 u0 StatusBar} recents_animation_input_consumer Window{a569bc6 u0 com.yangcong345.cloud.ui.launcher/com.yangcong345.padmodule.new_home.PadHomeActivity} Window{41ab024 u0 com.android.systemui.ImageWallpaper}
06-05 15:13:01.904   888  2985 D YSQ     : checkQueryAllPackages type: queryIntentActivities, pkgName: com.yangcong345.cloud.ui.launcher, callingUid: 10081
06-05 15:13:01.904   888  2985 D HraManager: hra getBlackIntentActionList
06-05 15:13:01.904  4527  4527 D test_act: com.yangcong345.cloud.ui.launcher
06-05 15:13:01.905   888  2985 D HraManager: hra getBlackActivityList
06-05 15:13:01.905   888  2985 D HraManagerService:  getBlackActivityList
06-05 15:13:01.905   888  2985 D HraManager: hra getBlackIntentActionList
--------- beginning of system
06-05 15:13:01.905   888  2985 I ActivityTaskManager: START u0 {act=android.intent.action.MAIN cat=[android.intent.category.LAUNCHER] flg=0x10000000 pkg=com.antutu.benchmark.full.lite cmp=com.antutu.benchmark.full.lite/com.android.module.graphics.app.MainActivity} from uid 10081
06-05 15:13:01.906 19047 19083 I Monkey  :     // Rejecting start of Intent { act=android.intent.action.MAIN cat=[android.intent.category.LAUNCHER] pkg=com.antutu.benchmark.full.lite cmp=com.antutu.benchmark.full.lite/com.android.module.graphics.app.MainActivity } in package com.antutu.benchmark.full.lite
06-05 15:13:01.912   746   774 I Proximity: distance = 2
06-05 15:13:01.913 18581 18601 I 5.android.phon: oneway function results will be dropped but finished with status OK and parcel size 4
06-05 15:13:01.920   888  2985 I InputDispatcher: setInputWindows displayId=0 Window{110f1dc u0 NavigationBar0} Window{616bfc2 u0 StatusBar} recents_animation_input_consumer Window{a569bc6 u0 com.yangcong345.cloud.ui.launcher/com.yangcong345.padmodule.new_home.PadHomeActivity} Window{41ab024 u0 com.android.systemui.ImageWallpaper}
06-05 15:13:02.033   888  2985 I chatty  : uid=1000(system) Binder:888_A identical 7 lines
06-05 15:13:02.049   888  2985 I InputDispatcher: setInputWindows displayId=0 Window{110f1dc u0 NavigationBar0} Window{616bfc2 u0 StatusBar} recents_animation_input_consumer Window{a569bc6 u0 com.yangcong345.cloud.ui.launcher/com.yangcong345.padmodule.new_home.PadHomeActivity} Window{41ab024 u0 com.android.systemui.ImageWallpaper}
06-05 15:13:02.052   519   519 I hwcomposer: [HWCDisplay] [Display_0 (type:1)] fps:61.780758,dur:1003.55,max:17.97,min:14.64
06-05 15:13:02.066   888  2985 I InputDispatcher: setInputWindows displayId=0 Window{110f1dc u0 NavigationBar0} Window{616bfc2 u0 StatusBar} recents_animation_input_consumer Window{a569bc6 u0 com.yangcong345.cloud.ui.launcher/com.yangcong345.padmodule.new_home.PadHomeActivity} Window{41ab024 u0 com.android.systemui.ImageWallpaper}
06-05 15:13:02.098   888  2985 I chatty  : uid=1000(system) Binder:888_A identical 2 lines
06-05 15:13:02.114   888  2985 I InputDispatcher: setInputWindows displayId=0 Window{110f1dc u0 NavigationBar0} Window{616bfc2 u0 StatusBar} recents_animation_input_consumer Window{a569bc6 u0 com.yangcong345.cloud.ui.launcher/com.yangcong345.padmodule.new_home.PadHomeActivity} Window{41ab024 u0 com.android.systemui.ImageWallpaper}
06-05 15:13:02.117   746   774 I Proximity: distance = 2
--------- beginning of radio
06-05 15:11:30.418  3133  3133 I chatty  : uid=1001(radio) com.android.phone expire 8 lines
06-05 15:11:30.418  3133  3133 E MtkPhoneSwitcher: isAllowEims, NetworkRequest not include EIMS capability
06-05 15:13:02.275  3133  3133 D CapRIL  : resetProxyAndRequestList
06-05 15:13:02.275   396   396 I hwservicemanager: getTransport: Cannot find entry vendor.mediatek.hardware.mtkradioex@2.0::IMtkRadioEx/mtkCap1 in either framework or device manifest.
06-05 15:13:02.276  3133  3133 D CapRIL  : MtkRadioProxy getService/setResponseFunctions: java.util.NoSuchElementException
06-05 15:13:02.321   746   774 I Proximity: distance = 2
06-05 15:13:02.359 18581 19098 D CacheInterceptor: requestRemoteOnly
06-05 15:13:02.362 18581 19133 I MMKV    : <MMKV.cpp:226::initializeMMKV> root dir: /data/user/0/com.yangcong345.android.phone/files/mmkv
06-05 15:13:02.363 18581 19134 D CacheInterceptor: requestRemoteOnly
06-05 15:13:02.466 18581 19135 W System.err: java.text.ParseException: Unparseable date: "2024-06-05T15:13:02.656410861+08:00"
06-05 15:13:02.467 18581 19135 W System.err: 	at java.text.DateFormat.parse(DateFormat.java:362)
06-05 15:13:02.467 18581 19135 W System.err: 	at com.yangcong345.platform.utils.time.DateUtil.str2Date(TbsSdkJava:6)
06-05 15:13:02.467 18581 19135 W System.err: 	at com.yangcong345.platform.utils.time.DateUtil.str2Date$default(Unknown Source:12)
06-05 15:13:02.467 18581 19135 W System.err: 	at com.yangcong345.learn.feature.video.cache.CacheAuthorizationHelper.saveLastOpenCacheTime(TbsSdkJava:7)
06-05 15:13:02.467 18581 19135 W System.err: 	at com.yangcong345.learn.feature.video.cache.CacheAuthorizationHelper.access$saveLastOpenCacheTime(Unknown Source:0)
06-05 15:13:02.467 18581 19135 W System.err: 	at com.yangcong345.learn.feature.video.cache.CacheAuthorizationHelper$refreshUserVideoAuth$dispose$2.invoke(TbsSdkJava:4)
06-05 15:13:02.467 18581 19135 W System.err: 	at com.yangcong345.learn.feature.video.cache.CacheAuthorizationHelper$refreshUserVideoAuth$dispose$2.invoke(TbsSdkJava:1)
06-05 15:13:02.467 18581 19135 W System.err: 	at com.yangcong345.learn.feature.video.cache.CacheAuthorizationHelper.refreshUserVideoAuth$lambda$1(Unknown Source:5)
06-05 15:13:02.467 18581 19135 W System.err: 	at com.yangcong345.learn.feature.video.cache.CacheAuthorizationHelper.a(Unknown Source:0)
06-05 15:13:02.467 18581 19135 W System.err: 	at com.yangcong345.learn.feature.video.cache.a.accept(Unknown Source:2)
06-05 15:13:02.467 18581 19135 W System.err: 	at io.reactivex.internal.observers.LambdaObserver.onNext(TbsSdkJava:2)
06-05 15:13:02.467 18581 19135 W System.err: 	at io.reactivex.internal.operators.observable.ObservableSubscribeOn$SubscribeOnObserver.onNext(Unknown Source:2)
06-05 15:13:02.467 18581 19135 W System.err: 	at io.reactivex.internal.operators.observable.c1$a.onNext(Unknown Source:2)
06-05 15:13:02.467 18581 19135 W System.err: 	at io.reactivex.internal.operators.observable.x0$a.onNext(TbsSdkJava:5)
06-05 15:13:02.467 18581 19135 W System.err: 	at retrofit2.adapter.rxjava2.BodyObservable$BodyObserver.onNext(TbsSdkJava:3)
06-05 15:13:02.467 18581 19135 W System.err: 	at retrofit2.adapter.rxjava2.BodyObservable$BodyObserver.onNext(TbsSdkJava:1)
06-05 15:13:02.467 18581 19135 W System.err: 	at retrofit2.adapter.rxjava2.CallExecuteObservable.subscribeActual(TbsSdkJava:7)
06-05 15:13:02.467 18581 19135 W System.err: 	at io.reactivex.z.subscribe(TbsSdkJava:14)
06-05 15:13:02.467 18581 19135 W System.err: 	at retrofit2.adapter.rxjava2.BodyObservable.subscribeActual(Unknown Source:7)
06-05 15:13:02.467 18581 19135 W System.err: 	at io.reactivex.z.subscribe(TbsSdkJava:14)
06-05 15:13:02.467 18581 19135 W System.err: 	at io.reactivex.internal.operators.observable.x0.subscribeActual(Unknown Source:9)
06-05 15:13:02.467 18581 19135 W System.err: 	at io.reactivex.z.subscribe(TbsSdkJava:14)
06-05 15:13:02.467 18581 19135 W System.err: 	at io.reactivex.internal.operators.observable.c1.subscribeActual(Unknown Source:9)
06-05 15:13:02.467 18581 19135 W System.err: 	at io.reactivex.z.subscribe(TbsSdkJava:14)
06-05 15:13:02.467 18581 19135 W System.err: 	at io.reactivex.internal.operators.observable.ObservableSubscribeOn$a.run(Unknown Source:6)
06-05 15:13:02.467 18581 19135 W System.err: 	at io.reactivex.h0$a.run(TbsSdkJava:2)
06-05 15:13:02.467 18581 19135 W System.err: 	at io.reactivex.internal.schedulers.ScheduledRunnable.run(TbsSdkJava:2)
06-05 15:13:02.467 18581 19135 W System.err: 	at io.reactivex.internal.schedulers.ScheduledRunnable.call(Unknown Source:0)
06-05 15:13:02.467 18581 19135 W System.err: 	at java.util.concurrent.FutureTask.run(FutureTask.java:266)
06-05 15:13:02.467 18581 19135 W System.err: 	at java.util.concurrent.ScheduledThreadPoolExecutor$ScheduledFutureTask.run(ScheduledThreadPoolExecutor.java:301)
06-05 15:13:02.467 18581 19135 W System.err: 	at java.util.concurrent.ThreadPoolExecutor.runWorker(ThreadPoolExecutor.java:1167)
06-05 15:13:02.467 18581 19135 W System.err: 	at java.util.concurrent.ThreadPoolExecutor$Worker.run(ThreadPoolExecutor.java:641)
06-05 15:13:02.467 18581 19135 W System.err: 	at java.lang.Thread.run(Thread.java:923)
06-05 15:13:02.525   746   774 I Proximity: distance = 2
06-05 15:13:02.580 18581 18705 D DataSailMapper: get instance by url: onion-app-diagnosis.cn-beijing.log.aliyuncs.com/logstores/diagnosis-error/shards/lb
06-05 15:13:02.582 18581 18705 I System.out: [okhttp]:check permission begin!
06-05 15:13:02.591 18581 18705 I System.out: [okhttp]:not MMS!
06-05 15:13:02.592 18581 18705 I System.out: [okhttp]:not Email!
06-05 15:13:02.592 18581 19134 I MMKV    : <MMKV.cpp:226::initializeMMKV> root dir: /data/user/0/com.yangcong345.android.phone/files/mmkv
06-05 15:13:02.593 18581 19134 I MMKV    : <MMKV.cpp:1180::sync> MMKV::sync, SyncFlag = 0
06-05 15:13:02.612 18581 18705 I System.out: [socket]:check permission begin!
06-05 15:13:02.626 18581 18581 I MMKV    : <MMKV.cpp:1180::sync> MMKV::sync, SyncFlag = 0
06-05 15:13:02.627 18581 18581 I MMKV    : <MMKV.cpp:1180::sync> MMKV::sync, SyncFlag = 0
06-05 15:13:02.638  4527 18152 I MMKV    : <MMKV_IO.cpp:512::writeActualSize> [yc_shared_prefer] increase sequence to 5, crc 3296376130, actualSize 2184
06-05 15:13:02.638  4527 18152 I MMKV    : <MMKV.cpp:1180::sync> MMKV::sync, SyncFlag = 1
06-05 15:13:02.729   746   774 I Proximity: distance = 2
06-05 15:13:02.766   754   754 I thermal_repeater: socket -1
06-05 15:13:02.778  3192  3192 D VibrateSensorServer: VibrateSensorServer  testTime=currentTime - currentTime1 > 1s
06-05 15:13:02.787  3192  3192 D VibrateSensorServer: Times--->  0
06-05 15:13:02.787  3192  3192 D VibrateSensorServer:  .... else VibrateTip --> Off ....
06-05 15:13:02.787 18581 18705 I System.out: [OkHttp] sendRequest>>
06-05 15:13:02.787 18581 18705 I System.out: [OkHttp] sendRequest<<
06-05 15:13:02.904 19047 19047 I Monkey  : :Sending Touch (ACTION_DOWN): 0:(690.0,1179.0)
06-05 15:13:02.907   534   583 I libPowerHal: [perfLockAcq] idx:0 hdl:1633 hint:25 pid:534 duration:10000 => ret_hdl:1633
06-05 15:13:02.907   534   583 I libPowerHal: [PE] scn:0 hdl:1633 hint:25 comm:mtkpower@1.0-se pid:534
06-05 15:13:02.907   534   583 I libPowerHal: [PE] MTKPOWER_HINT_APP_TOUCH update cmd:3408600 param:1
06-05 15:13:02.907 19047 19047 I Monkey  : :Sending Touch (ACTION_MOVE): 0:(677.43774,1181.5883)
06-05 15:13:02.909 19047 19047 I Monkey  : :Sending Touch (ACTION_MOVE): 0:(662.41766,1181.6316)
06-05 15:13:02.911 19047 19047 I Monkey  : :Sending Touch (ACTION_MOVE): 0:(640.1749,1183.4142)
06-05 15:13:02.912 19047 19047 I Monkey  : :Sending Touch (ACTION_UP): 0:(625.79346,1187.2007)
06-05 15:13:02.912   534   583 I libPowerHal: [perfLockRel] hdl:1633, idx:0
06-05 15:13:02.912   534   583 I libPowerHal: [PD] scn:0 hdl:1633 hint:25 comm:mtkpower@1.0-se pid:534
06-05 15:13:02.912   534   583 I libPowerHal: [PD] MTKPOWER_HINT_APP_TOUCH update cmd:3408600 param:0
06-05 15:13:02.913 19047 19047 I Monkey  : Sleeping for 1000 milliseconds
06-05 15:13:02.913  3089  3089 D RecentsOrientedState: current RecentsOrientedState: [this=RecentsOrientedState@b9977cd mOrientationHandler=PortraitPagedViewHandler@48413ea mDisplayRotation=0 mTouchRotation=0 mRecentsActivityRotation=1 isRecentsActivityRotationAllowed=true mSystemRotation=false mFlags=292]
06-05 15:13:02.913  3089  3089 D RecentsOrientedState: current RecentsOrientedState: [this=RecentsOrientedState@b9977cd mOrientationHandler=PortraitPagedViewHandler@48413ea mDisplayRotation=0 mTouchRotation=0 mRecentsActivityRotation=1 isRecentsActivityRotationAllowed=true mSystemRotation=false mFlags=36]
06-05 15:13:02.914  3089  3089 D RecentsOrientedState: current RecentsOrientedState: [this=RecentsOrientedState@b9977cd mOrientationHandler=PortraitPagedViewHandler@48413ea mDisplayRotation=1 mTouchRotation=0 mRecentsActivityRotation=1 isRecentsActivityRotationAllowed=true mSystemRotation=false mFlags=36]
06-05 15:13:02.915  3089  3089 D RecentsOrientedState: current RecentsOrientedState: [this=RecentsOrientedState@565b3c1 mOrientationHandler=PortraitPagedViewHandler@48413ea mDisplayRotation=0 mTouchRotation=0 mRecentsActivityRotation=1 isRecentsActivityRotationAllowed=true mSystemRotation=false mFlags=100]
06-05 15:13:02.915   888  2985 W ActivityTaskManager: zzg getRecentTasksImpl res.add: task=Task{bf40d53 #46 visible=false type=standard mode=fullscreen translucent=true A=10094:com.yangcong345.android.phone U=0 StackId=46 sz=0}
06-05 15:13:02.915   888  2985 W ActivityTaskManager: zzg getRecentTasksImpl res.add: task=Task{259da32 #44 visible=true type=standard mode=fullscreen translucent=false A=10069:com.yangcong345.cloud.toolbox U=0 StackId=44 sz=0}
06-05 15:13:02.915   888  2985 W ActivityTaskManager: zzg getRecentTasksImpl res.add: task=Task{c3b16cf #43 visible=true type=standard mode=fullscreen translucent=false A=10130:com.passmark.pt_mobile U=0 StackId=43 sz=1}
06-05 15:13:02.915   888  2985 W ActivityTaskManager: zzg getRecentTasksImpl res.add: task=Task{d69c89e #37 visible=true type=standard mode=fullscreen translucent=false A=10128:com.antutu.ABenchMark U=0 StackId=37 sz=2}
06-05 15:13:02.916   888  2985 W ActivityTaskManager: zzg getRecentTasksImpl res.add: task=Task{e0eac17 #42 visible=false type=standard mode=fullscreen translucent=true A=10129:com.antutu.benchmark.full.lite U=0 StackId=42 sz=0}
06-05 15:13:02.916   888  2985 W ActivityTaskManager: zzg getRecentTasksImpl res.add: task=Task{4a46ca9 #11 visible=true type=standard mode=fullscreen translucent=false A=10127:com.x1y9.probe U=0 StackId=11 sz=1}
06-05 15:13:02.916   888  2985 W ActivityTaskManager: zzg getRecentTasksImpl ignore task=Task{194c4f4 #8 visible=false type=standard mode=fullscreen translucent=true A=10081:com.yangcong345.cloud.ui.launcher U=0 StackId=8 sz=0}
06-05 15:13:02.916   888  2985 W ActivityTaskManager: zzg recentTasks final item pkgName=com.yangcong345.android.phone
06-05 15:13:02.916   888  2985 W ActivityTaskManager: zzg recentTasks final item pkgName=com.yangcong345.cloud.toolbox
06-05 15:13:02.916   888  2985 W ActivityTaskManager: zzg recentTasks final item pkgName=com.passmark.pt_mobile
06-05 15:13:02.916   888  2985 W ActivityTaskManager: zzg recentTasks final item pkgName=com.antutu.ABenchMark
06-05 15:13:02.916   888  2985 W ActivityTaskManager: zzg recentTasks final item pkgName=com.antutu.benchmark.full.lite
06-05 15:13:02.916   888  2985 W ActivityTaskManager: zzg recentTasks final item pkgName=com.x1y9.probe
06-05 15:13:02.916   888  2897 W InputDispatcher: Failed to pilfer pointers: no pointers on display 0.
06-05 15:13:02.916  3089  3089 D RecentsOrientedState: current RecentsOrientedState: [this=RecentsOrientedState@565b3c1 mOrientationHandler=PortraitPagedViewHandler@48413ea mDisplayRotation=0 mTouchRotation=0 mRecentsActivityRotation=1 isRecentsActivityRotationAllowed=true mSystemRotation=false mFlags=100]
06-05 15:13:02.918   534   560 I mtkpower@impl: [setMode] type:5, enabled:1
06-05 15:13:02.919   534   583 I libPowerHal: [perfLockAcq] idx:0 hdl:1634 hint:11 pid:534 duration:30000 => ret_hdl:1634
06-05 15:13:02.919   534   583 I libPowerHal: [PE] scn:0 hdl:1634 hint:11 comm:mtkpower@1.0-se pid:534
06-05 15:13:02.919   534   583 I libPowerHal: LAUNCH: cpu_ctrl set cpu freq: 1989000 -1 1989000 -1
06-05 15:13:02.919   534   583 I libPowerHal: [PE] LAUNCH update cmd:1000000, param:0
06-05 15:13:02.919   534   583 I libPowerHal: [PE] LAUNCH update cmd:1408300, param:100
06-05 15:13:02.920   534   583 I libPowerHal: [PE] LAUNCH update cmd:1000000 param:0
06-05 15:13:02.920 18263 18263 V GlobalScreenshot: clearing screenshot: close system dialogs
06-05 15:13:02.921  2879  2879 V ShadeControllerImpl: NotificationShadeWindow: com.android.systemui.statusbar.phone.NotificationShadeWindowView{337fcbb I.E...... ......ID 0,0-1920,1200} canPanelBeCollapsed(): false
06-05 15:13:02.922   888  2985 I InputDispatcher: setInputWindows displayId=0 Window{110f1dc u0 NavigationBar0} Window{616bfc2 u0 StatusBar} recents_animation_input_consumer Window{a569bc6 u0 com.yangcong345.cloud.ui.launcher/com.yangcong345.padmodule.new_home.PadHomeActivity} Window{41ab024 u0 com.android.systemui.ImageWallpaper}
06-05 15:13:02.924  3089  3089 I wm_on_restart_called: [266500491,com.android.quickstep.RecentsActivity,performRestartActivity]
06-05 15:13:02.932  3089  3089 D UNISOC-LAUNCHER3: MeminfoController, showOrHide enable: true
06-05 15:13:02.933   746   774 I Proximity: distance = 2
06-05 15:13:02.933   888  2985 D skia    : SkJpegCodec::onGetPixels +
06-05 15:13:02.933   556   965 I BufferQueueProducer: [com.yangcong345.cloud.ui.launcher/com.yangcong345.padmodule.new_home.PadHomeActivity#0](this:0xb4000077624da7e8,id:361,api:1,p:4527,c:556) queueBuffer: fps=4.38 dur=1597.95 max=1246.19 min=11.48
06-05 15:13:02.934  3089  3089 D RecentsOrientedState: current RecentsOrientedState: [this=RecentsOrientedState@b9977cd mOrientationHandler=PortraitPagedViewHandler@48413ea mDisplayRotation=1 mTouchRotation=0 mRecentsActivityRotation=1 isRecentsActivityRotationAllowed=true mSystemRotation=false mFlags=36]
06-05 15:13:02.934  3089  3089 D UNISOC-LAUNCHER3: StateManager, goToState:[Ordinal-2 -> Ordinal-2] animated:false
06-05 15:13:02.936  3089  3089 I wm_on_start_called: [266500491,com.android.quickstep.RecentsActivity,handleStartActivity]
06-05 15:13:02.938   888  2924 I InputDispatcher: setInputWindows displayId=0 Window{110f1dc u0 NavigationBar0} Window{616bfc2 u0 StatusBar} recents_animation_input_consumer Window{a569bc6 u0 com.yangcong345.cloud.ui.launcher/com.yangcong345.padmodule.new_home.PadHomeActivity} Window{41ab024 u0 com.android.systemui.ImageWallpaper}
06-05 15:13:02.938  3089  3089 V PhoneWindow: DecorView setVisiblity: visibility = 0, Parent = android.view.ViewRootImpl@e170a26, this = DecorView@44b1667[RecentsActivity]
06-05 15:13:02.940   888  2985 D skia    : SkJpegCodec::onGetPixels -
06-05 15:13:02.941  3089  3089 D RecentsView: RecentsView.onMeasure(): 1920, 1200
06-05 15:13:02.942   888  2924 I WindowManager: Relayout Window{9de82ac u0 com.android.launcher3/com.android.quickstep.RecentsActivity}: oldVis=8 newVis=0 focusMayChange = true
06-05 15:13:02.945   556   604 I BufferQueueConsumer: [](id:22c0000016b,api:0,p:-1,c:556) connect(): controlledByApp=false
06-05 15:13:02.946   556   604 I BufferQueue: [unnamed-556-363](this:0xb400007762555f98,id:363,api:0,p:-1,c:-1) BufferQueue core=(556:/system/bin/surfaceflinger)
06-05 15:13:02.948   888  2924 W WindowManager: Changing focus fromWindow{a569bc6 u0 com.yangcong345.cloud.ui.launcher/com.yangcong345.padmodule.new_home.PadHomeActivity} to null displayId=0 Callers=com.android.server.wm.RootWindowContainer.updateFocusedWindowLocked:457 com.android.server.wm.WindowManagerService.updateFocusedWindowLocked:5611 com.android.server.wm.WindowManagerService.relayoutWindow:2398 com.android.server.wm.Session.relayout:213
06-05 15:13:02.952   556   604 I BufferQueueProducer: [com.android.launcher3/com.android.quickstep.RecentsActivity#0](id:22c0000016b,api:1,p:3089,c:556) connect(): api=1 producerControlledByApp=false
06-05 15:13:02.954   888  2924 I InputDispatcher: setInputWindows displayId=0 Window{110f1dc u0 NavigationBar0} Window{616bfc2 u0 StatusBar} com.android.launcher3/com.android.quickstep.RecentsActivity#0 recents_animation_input_consumer Window{a569bc6 u0 com.yangcong345.cloud.ui.launcher/com.yangcong345.padmodule.new_home.PadHomeActivity} Window{41ab024 u0 com.android.systemui.ImageWallpaper}
06-05 15:13:02.954   888  2924 I InputDispatcher: Focus left window: Window{a569bc6 u0 com.yangcong345.cloud.ui.launcher/com.yangcong345.padmodule.new_home.PadHomeActivity} in display 0
06-05 15:13:02.954   888  2924 I InputDispatcher: Focus entered window: recents_animation_input_consumer in display 0
06-05 15:13:02.962   888 13042 D skia    : SkJpegCodec::onGetPixels +
06-05 15:13:02.971  3089  3089 D RecentsView: RecentsView.onMeasure(): 1920, 1200
06-05 15:13:02.972   888 10934 I InputDispatcher: setInputWindows displayId=0 Window{110f1dc u0 NavigationBar0} Window{616bfc2 u0 StatusBar} Window{9de82ac u0 com.android.launcher3/com.android.quickstep.RecentsActivity} recents_animation_input_consumer Window{a569bc6 u0 com.yangcong345.cloud.ui.launcher/com.yangcong345.padmodule.new_home.PadHomeActivity} Window{41ab024 u0 com.android.systemui.ImageWallpaper}
06-05 15:13:02.972   888   942 D lwdebug : onWindowsDrawn com.android.launcher3/com.android.quickstep.RecentsActivity
06-05 15:13:02.972   888 10934 I InputDispatcher: Focus left window: recents_animation_input_consumer in display 0
06-05 15:13:02.972   888 10934 I InputDispatcher: Window went away: com.android.launcher3/com.android.quickstep.RecentsActivity#0
06-05 15:13:02.973  4527  4527 I Matrix.AppMethodBeat: [at] visibleScene[com.yangcong345.padmodule.new_home.PadHomeActivity] has detach focus!
06-05 15:13:02.979   888   947 D ArtManagerInternalImpl: /data/misc/iorapd/com.android.launcher3/30/com.android.quickstep.RecentsActivity/compiled_traces/compiled_trace.pb doesn't exist
06-05 15:13:02.980   888   947 I sysui_multi_action: [319,9,322,53,325,11688,757,761,758,9,759,5,806,com.android.launcher3,871,com.android.quickstep.RecentsActivity,904,com.android.launcher3,905,0,1320,5,1321,1]
06-05 15:13:02.983  3089  3104 W System  : A resource failed to call release.
06-05 15:13:02.987   888 10934 I InputDispatcher: setInputWindows displayId=0 Window{110f1dc u0 NavigationBar0} Window{616bfc2 u0 StatusBar} Window{9de82ac u0 com.android.launcher3/com.android.quickstep.RecentsActivity} recents_animation_input_consumer Window{a569bc6 u0 com.yangcong345.cloud.ui.launcher/com.yangcong345.padmodule.new_home.PadHomeActivity} Window{41ab024 u0 com.android.systemui.ImageWallpaper}
06-05 15:13:02.995   888 13042 D skia    : SkJpegCodec::onGetPixels -
06-05 15:13:02.995   556   965 I BufferQueueProducer: [com.android.launcher3/com.android.quickstep.RecentsActivity#0](id:22c0000016b,api:1,p:3089,c:556) disconnect(): api=1
06-05 15:13:02.997   556   604 I BufferQueueProducer: [com.android.launcher3/com.android.quickstep.RecentsActivity#0](id:22c0000016b,api:1,p:3089,c:556) connect(): api=1 producerControlledByApp=false
06-05 15:13:03.006   888  2941 I InputDispatcher: setInputWindows displayId=0 Window{110f1dc u0 NavigationBar0} Window{616bfc2 u0 StatusBar} Window{9de82ac u0 com.android.launcher3/com.android.quickstep.RecentsActivity} recents_animation_input_consumer Window{a569bc6 u0 com.yangcong345.cloud.ui.launcher/com.yangcong345.padmodule.new_home.PadHomeActivity} Window{41ab024 u0 com.android.systemui.ImageWallpaper}
06-05 15:13:03.020   888 13042 D skia    : SkJpegCodec::onGetPixels +
06-05 15:13:03.020   888 10934 I InputDispatcher: setInputWindows displayId=0 Window{110f1dc u0 NavigationBar0} Window{616bfc2 u0 StatusBar} Window{9de82ac u0 com.android.launcher3/com.android.quickstep.RecentsActivity} recents_animation_input_consumer Window{a569bc6 u0 com.yangcong345.cloud.ui.launcher/com.yangcong345.padmodule.new_home.PadHomeActivity} Window{41ab024 u0 com.android.systemui.ImageWallpaper}
06-05 15:13:03.041   888 13042 D skia    : SkJpegCodec::onGetPixels -
06-05 15:13:03.059   888 13042 D skia    : SkJpegCodec::onGetPixels +
06-05 15:13:03.067   519   519 I hwcomposer: [HWCDisplay] [Display_0 (type:1)] fps:13.792012,dur:1015.08,max:807.89,min:12.47
06-05 15:13:03.082   888 13042 D skia    : SkJpegCodec::onGetPixels -
06-05 15:13:03.136   746   774 I Proximity: distance = 2
06-05 15:13:03.197   888   898 I system_server: NativeAlloc concurrent copying GC freed 12088(815KB) AllocSpace objects, 4(80KB) LOS objects, 32% free, 12MB/18MB, paused 258us total 141.749ms
06-05 15:13:03.202   888   900 W System  : A resource failed to call close.
06-05 15:13:03.203   888   900 I chatty  : uid=1000(system) FinalizerDaemon identical 2 lines
06-05 15:13:03.203   888   900 W System  : A resource failed to call close.
06-05 15:13:03.204   888   900 W System  : A resource failed to call release.
06-05 15:13:03.204   888   900 I chatty  : uid=1000(system) FinalizerDaemon identical 1 line
06-05 15:13:03.204   888   900 W System  : A resource failed to call release.
06-05 15:13:03.341   746   774 I Proximity: distance = 2
06-05 15:13:03.544   746   774 I Proximity: distance = 2
06-05 15:13:03.550   888  2800 E WifiVendorHal: getWifiLinkLayerStats_1_3_Internal(l.973) failed {.code = ERROR_NOT_SUPPORTED, .description = }
06-05 15:13:03.556  2879  2879 D WifiSignalController: isWifi6: false,wifiVisible: true
06-05 15:13:03.572   556   965 I BufferQueueProducer: [StatusBar#0](this:0xb4000077624d4788,id:5,api:1,p:2879,c:556) queueBuffer: fps=2.52 dur=2380.09 max=1953.92 min=21.02
06-05 15:13:03.699  3089  3089 I sysui_multi_action: [757,224,758,2]
06-05 15:13:03.700   534   560 I mtkpower@impl: [setMode] type:5, enabled:0
06-05 15:13:03.701   534   583 I libPowerHal: [perfLockRel] hdl:1634, idx:0
06-05 15:13:03.701   534   583 I libPowerHal: [PD] scn:0 hdl:1634 hint:11 comm:mtkpower@1.0-se pid:534
06-05 15:13:03.701   888 13042 W WindowManager: Changing focus fromnull to Window{a569bc6 u0 com.yangcong345.cloud.ui.launcher/com.yangcong345.padmodule.new_home.PadHomeActivity} displayId=0 Callers=com.android.server.wm.RootWindowContainer.updateFocusedWindowLocked:457 com.android.server.wm.WindowManagerService.updateFocusedWindowLocked:5611 com.android.server.wm.DisplayContent.layoutAndAssignWindowLayersIfNeeded:3350 com.android.server.wm.TaskDisplayArea.positionStackAt:786
06-05 15:13:03.701  3089  3089 D UNISOC-LAUNCHER3: StateManager, goToState:[Ordinal-2 -> Ordinal-0] animated:false
06-05 15:13:03.701   534   583 I libPowerHal: LAUNCH: cpu_ctrl set cpu freq: -1 -1 -1 -1
06-05 15:13:03.701   534   583 I libPowerHal: [PD] LAUNCH update cmd:1000000, param:-1
06-05 15:13:03.701   534   583 I libPowerHal: [PD] LAUNCH update cmd:1408300 param:0
06-05 15:13:03.702   888 13042 I wm_add_to_stopping: [0,266500491,com.android.launcher3/com.android.quickstep.RecentsActivity,makeInvisible]
06-05 15:13:03.702   534   583 I libPowerHal: [PD] LAUNCH update cmd:1000000 param:-1
06-05 15:13:03.704  3089  3089 D RecentsOrientedState: current RecentsOrientedState: [this=RecentsOrientedState@565b3c1 mOrientationHandler=PortraitPagedViewHandler@48413ea mDisplayRotation=0 mTouchRotation=0 mRecentsActivityRotation=1 isRecentsActivityRotationAllowed=true mSystemRotation=false mFlags=356]
06-05 15:13:03.705  3089  3089 D UNISOC-LAUNCHER3: StateManager, goToState:[Ordinal-0 -> Ordinal-2] animated:false
06-05 15:13:03.706  3089  3089 W PagedView: isHandlingTouch mIsBeingDragged=false
06-05 15:13:03.714   888 13042 I InputDispatcher: setInputWindows displayId=0 Window{110f1dc u0 NavigationBar0} Window{616bfc2 u0 StatusBar} Window{9de82ac u0 com.android.launcher3/com.android.quickstep.RecentsActivity} recents_animation_input_consumer Window{a569bc6 u0 com.yangcong345.cloud.ui.launcher/com.yangcong345.padmodule.new_home.PadHomeActivity} Window{41ab024 u0 com.android.systemui.ImageWallpaper}
06-05 15:13:03.717  3089  3089 W PagedView: isHandlingTouch mIsBeingDragged=false
06-05 15:13:03.720   888   941 I wm_stop_activity: [0,266500491,com.android.launcher3/com.android.quickstep.RecentsActivity]
06-05 15:13:03.730   888 10934 I InputDispatcher: setInputWindows displayId=0 Window{110f1dc u0 NavigationBar0} Window{616bfc2 u0 StatusBar} com.android.launcher3/com.android.quickstep.RecentsActivity#0 recents_animation_input_consumer Window{a569bc6 u0 com.yangcong345.cloud.ui.launcher/com.yangcong345.padmodule.new_home.PadHomeActivity} Window{41ab024 u0 com.android.systemui.ImageWallpaper}
06-05 15:13:03.730   888 10934 I InputDispatcher: Focus entered window: Window{a569bc6 u0 com.yangcong345.cloud.ui.launcher/com.yangcong345.padmodule.new_home.PadHomeActivity} in display 0
06-05 15:13:03.730   888 10934 I InputDispatcher: Window went away: Window{9de82ac u0 com.android.launcher3/com.android.quickstep.RecentsActivity}
06-05 15:13:03.731  4527  4527 I Matrix.AppMethodBeat: [at] visibleScene[com.yangcong345.padmodule.new_home.PadHomeActivity] has attach focus!
06-05 15:13:03.746   888 10934 I InputDispatcher: setInputWindows displayId=0 Window{110f1dc u0 NavigationBar0} Window{616bfc2 u0 StatusBar} com.android.launcher3/com.android.quickstep.RecentsActivity#0 recents_animation_input_consumer Window{a569bc6 u0 com.yangcong345.cloud.ui.launcher/com.yangcong345.padmodule.new_home.PadHomeActivity} Window{41ab024 u0 com.android.systemui.ImageWallpaper}
06-05 15:13:03.748   746   774 I Proximity: distance = 2
06-05 15:13:03.764   556   967 I BufferQueueProducer: [com.android.launcher3/com.android.quickstep.RecentsActivity#0](id:22c0000016b,api:1,p:3089,c:556) disconnect(): api=1
06-05 15:13:03.776  3089  3089 D UNISOC-LAUNCHER3: StateManager, goToState:[Ordinal-2 -> Ordinal-0] animated:false
06-05 15:13:03.778   888  4712 I InputDispatcher: setInputWindows displayId=0 Window{110f1dc u0 NavigationBar0} Window{616bfc2 u0 StatusBar} com.android.launcher3/com.android.quickstep.RecentsActivity#0 recents_animation_input_consumer Window{a569bc6 u0 com.yangcong345.cloud.ui.launcher/com.yangcong345.padmodule.new_home.PadHomeActivity} Window{41ab024 u0 com.android.systemui.ImageWallpaper}
06-05 15:13:03.781  3089  3089 I wm_on_stop_called: [266500491,com.android.quickstep.RecentsActivity,STOP_ACTIVITY_ITEM]
06-05 15:13:03.782  3089  3089 V PhoneWindow: DecorView setVisiblity: visibility = 4, Parent = android.view.ViewRootImpl@e170a26, this = DecorView@44b1667[RecentsActivity]
06-05 15:13:03.794   888  4712 I InputDispatcher: setInputWindows displayId=0 Window{110f1dc u0 NavigationBar0} Window{616bfc2 u0 StatusBar} recents_animation_input_consumer Window{a569bc6 u0 com.yangcong345.cloud.ui.launcher/com.yangcong345.padmodule.new_home.PadHomeActivity} Window{41ab024 u0 com.android.systemui.ImageWallpaper}
06-05 15:13:03.794   888  4712 I InputDispatcher: Window went away: com.android.launcher3/com.android.quickstep.RecentsActivity#0
06-05 15:13:03.810  3192  3192 D VibrateSensorServer: VibrateSensorServer  testTime=currentTime - currentTime1 > 1s
06-05 15:13:03.810   556   556 I BufferQueueConsumer: [com.android.launcher3/com.android.quickstep.RecentsActivity#0](id:22c0000016b,api:0,p:-1,c:556) disconnect()
06-05 15:13:03.811   556   556 I BufferQueue: [com.android.launcher3/com.android.quickstep.RecentsActivity#0](this:0xb400007762555f98,id:363,api:1,p:-1,c:-1) onDestructor()
06-05 15:13:03.813   888  4712 I InputDispatcher: setInputWindows displayId=0 Window{110f1dc u0 NavigationBar0} Window{616bfc2 u0 StatusBar} recents_animation_input_consumer Window{a569bc6 u0 com.yangcong345.cloud.ui.launcher/com.yangcong345.padmodule.new_home.PadHomeActivity} Window{41ab024 u0 com.android.systemui.ImageWallpaper}
06-05 15:13:03.816  3192  3192 D VibrateSensorServer: Times--->  0
06-05 15:13:03.816  3192  3192 D VibrateSensorServer:  .... else VibrateTip --> Off ....
06-05 15:13:03.913 19047 19047 I Monkey  : :Switch: #Intent;action=android.intent.action.MAIN;category=android.intent.category.LAUNCHER;launchFlags=0x10200000;component=com.yangcong345.android.phone/com.yangcong345.main.phone.splash.SplashActivity;end
06-05 15:13:03.916   888  4712 D HraManager: hra getBlackActivityList
06-05 15:13:03.916   888  4712 D HraManagerService:  getBlackActivityList
06-05 15:13:03.916   888  4712 D HraManager: hra getBlackIntentActionList
06-05 15:13:03.917   888  4712 I ActivityTaskManager: START u0 {act=android.intent.action.MAIN cat=[android.intent.category.LAUNCHER] flg=0x10200000 cmp=com.yangcong345.android.phone/com.yangcong345.main.phone.splash.SplashActivity} from uid 2000
06-05 15:13:03.918 19047 19047 I Monkey  :     // Allowing start of Intent { act=android.intent.action.MAIN cat=[android.intent.category.LAUNCHER] cmp=com.yangcong345.android.phone/com.yangcong345.main.phone.splash.SplashActivity } in package com.yangcong345.android.phone
06-05 15:13:03.929   888  4712 I wm_task_created: [47,-1]
06-05 15:13:03.930   888  4712 I wm_stack_created: 47
06-05 15:13:03.935   888  4712 I wm_create_task: [0,47]
06-05 15:13:03.935   888  4712 I wm_create_activity: [0,156584440,47,com.yangcong345.android.phone/com.yangcong345.main.phone.splash.SplashActivity,android.intent.action.MAIN,NULL,NULL,270532608]
06-05 15:13:03.935   534   560 I mtkpower@impl: [setMode] type:5, enabled:1
06-05 15:13:03.936  4527  4527 I Matrix.ActivityThreadHacker: [handleMessage] msg.what:159 begin:11689887 isLaunchActivity:false SDK_INT=30
06-05 15:13:03.936  4527  4527 I Matrix.ActivityThreadHacker: [handleMessage] msg.what:159 begin:11689887 isLaunchActivity:false SDK_INT=30
06-05 15:13:03.936   534   583 I libPowerHal: [perfLockAcq] idx:0 hdl:1635 hint:11 pid:534 duration:30000 => ret_hdl:1635
06-05 15:13:03.936   534   583 I libPowerHal: [PE] scn:0 hdl:1635 hint:11 comm:mtkpower@1.0-se pid:534
06-05 15:13:03.936  4527  4527 I wm_on_top_resumed_lost_called: [177849743,com.yangcong345.padmodule.new_home.PadHomeActivity,topStateChangedWhenResumed]
06-05 15:13:03.937   534   583 I libPowerHal: LAUNCH: cpu_ctrl set cpu freq: 1989000 -1 1989000 -1
06-05 15:13:03.937   534   583 I libPowerHal: [PE] LAUNCH update cmd:1000000, param:0
06-05 15:13:03.937   888  4712 I wm_pause_activity: [0,177849743,com.yangcong345.cloud.ui.launcher/com.yangcong345.padmodule.new_home.PadHomeActivity,userLeaving=true]
06-05 15:13:03.937   534   583 I libPowerHal: [PE] LAUNCH update cmd:1408300, param:100
06-05 15:13:03.937   534   583 I libPowerHal: [PE] LAUNCH update cmd:1000000 param:0
06-05 15:13:03.939   534   583 I libPowerHal: [perfLockAcq] idx:1 hdl:1636 hint:22 pid:534 duration:10000 => ret_hdl:1636
06-05 15:13:03.939   534   583 I libPowerHal: [PE] scn:1 hdl:1636 hint:22 comm:mtkpower@1.0-se pid:534
06-05 15:13:03.939   888  2941 I InputDispatcher: setInputWindows displayId=0 Window{110f1dc u0 NavigationBar0} Window{616bfc2 u0 StatusBar} recents_animation_input_consumer Window{a569bc6 u0 com.yangcong345.cloud.ui.launcher/com.yangcong345.padmodule.new_home.PadHomeActivity} Window{41ab024 u0 com.android.systemui.ImageWallpaper}
06-05 15:13:03.942 19047 19047 I Monkey  : Sleeping for 1000 milliseconds
06-05 15:13:03.943  4527  4527 I Matrix.ActivityThreadHacker: [handleMessage] msg.what:159 begin:11689894 isLaunchActivity:false SDK_INT=30
06-05 15:13:03.944  4527  4527 I wm_on_paused_called: [177849743,com.yangcong345.padmodule.new_home.PadHomeActivity,performPause]
06-05 15:13:03.945   888 10934 W ActivityTaskManager: Tried to set launchTime (0) < mLastActivityLaunchTime (11686853)
06-05 15:13:03.945   888 10934 I wm_add_to_stopping: [0,177849743,com.yangcong345.cloud.ui.launcher/com.yangcong345.padmodule.new_home.PadHomeActivity,makeInvisible]
06-05 15:13:03.949   888 10934 I wm_restart_activity: [0,156584440,47,com.yangcong345.android.phone/com.yangcong345.main.phone.splash.SplashActivity]
06-05 15:13:03.943  4527  4527 I Matrix.ActivityThreadHacker: [handleMessage] msg.what:159 begin:11689894 isLaunchActivity:false SDK_INT=30
06-05 15:13:03.950   534   583 I libPowerHal: [perfNotifyAppState] foreground:com.yangcong345.android.phone, pid:18581, uid:10094
06-05 15:13:03.950   534   583 E UxUtility: notifyAppState error = NULL
06-05 15:13:03.950   534   583 I TouchUtility: notifyAppState error = NULL
06-05 15:13:03.950   534   559 I mtkpower@impl: [notifyAppState] pc:0, com.yangcong345.cloud.ui.launcher => com.yangcong345.android.phone
06-05 15:13:03.950   888 10934 W WindowManager: Changing focus fromWindow{a569bc6 u0 com.yangcong345.cloud.ui.launcher/com.yangcong345.padmodule.new_home.PadHomeActivity} to null displayId=0 Callers=com.android.server.wm.RootWindowContainer.updateFocusedWindowLocked:457 com.android.server.wm.WindowManagerService.updateFocusedWindowLocked:5611 com.android.server.wm.DisplayContent.setFocusedApp:5534 com.android.server.wm.ActivityTaskManagerService.setResumedActivityUncheckLocked:5548
06-05 15:13:03.951   888 10934 I wm_set_resumed_activity: [0,com.yangcong345.android.phone/com.yangcong345.main.phone.splash.SplashActivity,minimalResumeActivityLocked]
06-05 15:13:03.952   746   774 I Proximity: distance = 2
06-05 15:13:03.956   888 10934 I InputDispatcher: setInputWindows displayId=0 Window{110f1dc u0 NavigationBar0} Window{616bfc2 u0 StatusBar} recents_animation_input_consumer Window{a569bc6 u0 com.yangcong345.cloud.ui.launcher/com.yangcong345.padmodule.new_home.PadHomeActivity} Window{41ab024 u0 com.android.systemui.ImageWallpaper}
06-05 15:13:03.957   888   941 I sysui_multi_action: [757,803,799,window_time_0,802,2]
06-05 15:13:03.976 18581 18581 E ActivityThread: Failed to find provider info for com.example.edcationcloud
06-05 15:13:03.976 18581 18581 D test_act: com.yangcong345.android.phone
06-05 15:13:03.977   888 10934 D HraManager: hra getBlackIntentActionList
06-05 15:13:03.976 18581 18581 E ActivityThread: Failed to find provider info for com.example.edcationcloud
06-05 15:13:03.978   888 10934 I ActivityTaskManager: START u0 {act=android.intent.action.VIEW dat=ycmath://padlauncher.com/homePage?position=-1 cmp=com.yangcong345.cloud.ui.launcher/com.yangcong345.support.common.LauncherSchemeActivity} from uid 10094
06-05 15:13:03.979 19047 19083 I Monkey  :     // Rejecting start of Intent { act=android.intent.action.VIEW dat=ycmath://padlauncher.com/homePage?position=-1 cmp=com.yangcong345.cloud.ui.launcher/com.yangcong345.support.common.LauncherSchemeActivity } in package com.yangcong345.cloud.ui.launcher
06-05 15:13:03.979   888 10934 I wm_finish_activity: [0,156584440,47,com.yangcong345.android.phone/com.yangcong345.main.phone.splash.SplashActivity,app-request]
06-05 15:13:03.980   888 10934 I wm_focused_stack: [0,0,14,47,finish-top adjustFocusToNextFocusableStack]
06-05 15:13:03.980   888 10934 I wm_task_moved: [15,1,2147483647]
06-05 15:13:03.980   888 10934 I wm_set_resumed_activity: [0,com.yangcong345.cloud.ui.launcher/com.yangcong345.padmodule.new_home.PadHomeActivity,finish-top adjustFocusToNextFocusableStack]
06-05 15:13:03.981   888 10934 I wm_pause_activity: [0,156584440,com.yangcong345.android.phone/com.yangcong345.main.phone.splash.SplashActivity,userLeaving=false]
06-05 15:13:03.981   534   583 I libPowerHal: [perfLockAcq] idx:2 hdl:1637 hint:22 pid:534 duration:10000 => ret_hdl:1637
06-05 15:13:03.981   534   583 I libPowerHal: [PE] scn:2 hdl:1637 hint:22 comm:mtkpower@1.0-se pid:534
06-05 15:13:03.981   534   583 I libPowerHal: [perfLockRel] hdl:1636, idx:1
06-05 15:13:03.982   534   583 I libPowerHal: [PD] scn:1 hdl:1636 hint:22 comm:mtkpower@1.0-se pid:534
06-05 15:13:03.983 18581 18581 I wm_on_create_called: [156584440,com.yangcong345.main.phone.splash.SplashActivity,performCreate]
06-05 15:13:03.983   888   941 I sysui_multi_action: [757,1144,758,8,806,com.yangcong345.android.phone,871,com.yangcong345.main.phone.splash.SplashActivity]
06-05 15:13:03.986   888 10934 I wm_add_to_stopping: [0,156584440,com.yangcong345.android.phone/com.yangcong345.main.phone.splash.SplashActivity,completeFinishing]
06-05 15:13:03.987   888 10934 I wm_set_resumed_activity: [0,com.yangcong345.cloud.ui.launcher/com.yangcong345.padmodule.new_home.PadHomeActivity,resumeTopActivityInnerLocked]
06-05 15:13:03.988   888 13042 I InputDispatcher: setInputWindows displayId=0 Window{110f1dc u0 NavigationBar0} Window{616bfc2 u0 StatusBar} recents_animation_input_consumer Window{a569bc6 u0 com.yangcong345.cloud.ui.launcher/com.yangcong345.padmodule.new_home.PadHomeActivity} Window{41ab024 u0 com.android.systemui.ImageWallpaper}
06-05 15:13:03.988  4527  4527 I Matrix.ActivityThreadHacker: [handleMessage] msg.what:159 begin:11689939 isLaunchActivity:false SDK_INT=30
06-05 15:13:03.988  4527  4527 I Matrix.ActivityThreadHacker: [handleMessage] msg.what:159 begin:11689939 isLaunchActivity:false SDK_INT=30
06-05 15:13:03.988   534   583 I libPowerHal: [perfNotifyAppState] foreground:com.yangcong345.cloud.ui.launcher, pid:4527, uid:10081
06-05 15:13:03.988   534   583 E UxUtility: notifyAppState error = NULL
06-05 15:13:03.988   534   583 I TouchUtility: notifyAppState error = NULL
06-05 15:13:03.989   888 10934 I wm_resume_activity: [0,177849743,15,com.yangcong345.cloud.ui.launcher/com.yangcong345.padmodule.new_home.PadHomeActivity]
