06-05 15:13:03.989   534   559 I mtkpower@impl: [notifyAppState] pc:0, com.yangcong345.android.phone => com.yangcong345.cloud.ui.launcher
06-05 15:13:03.990  4527  4527 I Matrix.ActivityThreadHacker: [handleMessage] msg.what:159 begin:11689941 isLaunchActivity:false SDK_INT=30
06-05 15:13:03.990  4527  4527 I Matrix.ActivityThreadHacker: [handleMessage] msg.what:159 begin:11689941 isLaunchActivity:false SDK_INT=30
06-05 15:13:03.995  4527  7882 E oud.ui.launche: No package ID ff found for ID 0xffffffff.
06-05 15:13:03.995   888 10934 W WindowManager: Changing focus fromnull to Window{a569bc6 u0 com.yangcong345.cloud.ui.launcher/com.yangcong345.padmodule.new_home.PadHomeActivity} displayId=0 Callers=com.android.server.wm.RootWindowContainer.updateFocusedWindowLocked:457 com.android.server.wm.WindowManagerService.updateFocusedWindowLocked:5611 com.android.server.wm.RootWindowContainer.performSurfacePlacementNoTrace:882 com.android.server.wm.RootWindowContainer.performSurfacePlacement:805
06-05 15:13:03.995 18581 18834 I 5.android.phon: oneway function results will be dropped but finished with status OK and parcel size 4
06-05 15:13:03.995  4527  4527 I wm_on_resume_called: [177849743,com.yangcong345.padmodule.new_home.PadHomeActivity,RESUME_ACTIVITY]
06-05 15:13:03.995 18581 18834 I 5.android.phon: oneway function results will be dropped but finished with status OK and parcel size 4
06-05 15:13:03.998  4527 18474 D CacheInterceptor: requestRemoteOnly
06-05 15:13:03.999  4527  4527 I wm_on_top_resumed_gained_called: [177849743,com.yangcong345.padmodule.new_home.PadHomeActivity,topWhenResuming]
06-05 15:13:03.999  4527  4527 V PhoneWindow: DecorView setVisiblity: visibility = 0, Parent = android.view.ViewRootImpl@1ae817, this = DecorView@7f9cec3[PadHomeActivity]
06-05 15:13:04.001   888   941 I wm_destroy_activity: [0,156584440,47,com.yangcong345.android.phone/com.yangcong345.main.phone.splash.SplashActivity,finish-imm:idle]
06-05 15:13:04.002   888   941 I sysui_multi_action: [757,803,799,window_time_0,802,0]
06-05 15:13:04.004   888  2941 I InputDispatcher: setInputWindows displayId=0 Window{110f1dc u0 NavigationBar0} Window{616bfc2 u0 StatusBar} recents_animation_input_consumer Window{a569bc6 u0 com.yangcong345.cloud.ui.launcher/com.yangcong345.padmodule.new_home.PadHomeActivity} Window{41ab024 u0 com.android.systemui.ImageWallpaper}
06-05 15:13:04.008  4527  7882 W ResourceLoader: Received invalid resource id: -1
06-05 15:13:04.008  4527  7882 W ResourceLoader: android.content.res.Resources$NotFoundException: Unable to find resource ID #0xffffffff
06-05 15:13:04.008  4527  7882 W ResourceLoader: 	at android.content.res.ResourcesImpl.getResourcePackageName(ResourcesImpl.java:295)
06-05 15:13:04.008  4527  7882 W ResourceLoader: 	at android.content.res.Resources.getResourcePackageName(Resources.java:2199)
06-05 15:13:04.008  4527  7882 W ResourceLoader: 	at com.bumptech.glide.load.model.ResourceLoader.getResourceUri(ResourceLoader.java:45)
06-05 15:13:04.008  4527  7882 W ResourceLoader: 	at com.bumptech.glide.load.model.ResourceLoader.buildLoadData(ResourceLoader.java:35)
06-05 15:13:04.008  4527  7882 W ResourceLoader: 	at com.bumptech.glide.load.model.ResourceLoader.buildLoadData(ResourceLoader.java:20)
06-05 15:13:04.008  4527  7882 W ResourceLoader: 	at com.bumptech.glide.load.engine.DecodeHelper.getLoadData(DecodeHelper.java:216)
06-05 15:13:04.008  4527  7882 W ResourceLoader: 	at com.bumptech.glide.load.engine.DecodeHelper.getCacheKeys(DecodeHelper.java:229)
06-05 15:13:04.008  4527  7882 W ResourceLoader: 	at com.bumptech.glide.load.engine.ResourceCacheGenerator.startNext(ResourceCacheGenerator.java:47)
06-05 15:13:04.008  4527  7882 W ResourceLoader: 	at com.bumptech.glide.load.engine.DecodeJob.runGenerators(DecodeJob.java:311)
06-05 15:13:04.008  4527  7882 W ResourceLoader: 	at com.bumptech.glide.load.engine.DecodeJob.runWrapped(DecodeJob.java:277)
06-05 15:13:04.008  4527  7882 W ResourceLoader: 	at com.bumptech.glide.load.engine.DecodeJob.run(DecodeJob.java:235)
06-05 15:13:04.008  4527  7882 W ResourceLoader: 	at java.util.concurrent.ThreadPoolExecutor.runWorker(ThreadPoolExecutor.java:1167)
06-05 15:13:04.008  4527  7882 W ResourceLoader: 	at java.util.concurrent.ThreadPoolExecutor$Worker.run(ThreadPoolExecutor.java:641)
06-05 15:13:04.008  4527  7882 W ResourceLoader: 	at com.bumptech.glide.load.engine.executor.GlideExecutor$DefaultThreadFactory$1.run(GlideExecutor.java:421)
06-05 15:13:04.008  4527  7882 W ResourceLoader: 	at java.lang.Thread.run(Thread.java:923)
06-05 15:13:04.008  4527  7882 W ResourceLoader: 	at com.bumptech.glide.load.engine.executor.GlideExecutor$DefaultPriorityThreadFactory$1.run(GlideExecutor.java:380)
06-05 15:13:04.009  4527  7882 E oud.ui.launche: No package ID ff found for ID 0xffffffff.
06-05 15:13:04.011  4527  7882 W ResourceLoader: Received invalid resource id: -1
06-05 15:13:04.011  4527  7882 W ResourceLoader: android.content.res.Resources$NotFoundException: Unable to find resource ID #0xffffffff
06-05 15:13:04.011  4527  7882 W ResourceLoader: 	at android.content.res.ResourcesImpl.getResourcePackageName(ResourcesImpl.java:295)
06-05 15:13:04.011  4527  7882 W ResourceLoader: 	at android.content.res.Resources.getResourcePackageName(Resources.java:2199)
06-05 15:13:04.011  4527  7882 W ResourceLoader: 	at com.bumptech.glide.load.model.ResourceLoader.getResourceUri(ResourceLoader.java:45)
06-05 15:13:04.011  4527  7882 W ResourceLoader: 	at com.bumptech.glide.load.model.ResourceLoader.buildLoadData(ResourceLoader.java:35)
06-05 15:13:04.011  4527  7882 W ResourceLoader: 	at com.bumptech.glide.load.model.ResourceLoader.buildLoadData(ResourceLoader.java:20)
06-05 15:13:04.011  4527  7882 W ResourceLoader: 	at com.bumptech.glide.load.engine.DecodeHelper.getLoadData(DecodeHelper.java:216)
06-05 15:13:04.011  4527  7882 W ResourceLoader: 	at com.bumptech.glide.load.engine.DecodeHelper.getCacheKeys(DecodeHelper.java:229)
06-05 15:13:04.011  4527  7882 W ResourceLoader: 	at com.bumptech.glide.load.engine.ResourceCacheGenerator.startNext(ResourceCacheGenerator.java:47)
06-05 15:13:04.011  4527  7882 W ResourceLoader: 	at com.bumptech.glide.load.engine.DecodeJob.runGenerators(DecodeJob.java:311)
06-05 15:13:04.011  4527  7882 W ResourceLoader: 	at com.bumptech.glide.load.engine.DecodeJob.runWrapped(DecodeJob.java:277)
06-05 15:13:04.011  4527  7882 W ResourceLoader: 	at com.bumptech.glide.load.engine.DecodeJob.run(DecodeJob.java:235)
06-05 15:13:04.011  4527  7882 W ResourceLoader: 	at java.util.concurrent.ThreadPoolExecutor.runWorker(ThreadPoolExecutor.java:1167)
06-05 15:13:04.011  4527  7882 W ResourceLoader: 	at java.util.concurrent.ThreadPoolExecutor$Worker.run(ThreadPoolExecutor.java:641)
06-05 15:13:04.011  4527  7882 W ResourceLoader: 	at com.bumptech.glide.load.engine.executor.GlideExecutor$DefaultThreadFactory$1.run(GlideExecutor.java:421)
06-05 15:13:04.011  4527  7882 W ResourceLoader: 	at java.lang.Thread.run(Thread.java:923)
06-05 15:13:04.011  4527  7882 W ResourceLoader: 	at com.bumptech.glide.load.engine.executor.GlideExecutor$DefaultPriorityThreadFactory$1.run(GlideExecutor.java:380)
06-05 15:13:04.011  4527  7882 E oud.ui.launche: No package ID ff found for ID 0xffffffff.
06-05 15:13:04.011  4527  7882 W ResourceLoader: Received invalid resource id: -1
06-05 15:13:04.011  4527  7882 W ResourceLoader: android.content.res.Resources$NotFoundException: Unable to find resource ID #0xffffffff
06-05 15:13:04.011  4527  7882 W ResourceLoader: 	at android.content.res.ResourcesImpl.getResourcePackageName(ResourcesImpl.java:295)
06-05 15:13:04.011  4527  7882 W ResourceLoader: 	at android.content.res.Resources.getResourcePackageName(Resources.java:2199)
06-05 15:13:04.011  4527  7882 W ResourceLoader: 	at com.bumptech.glide.load.model.ResourceLoader.getResourceUri(ResourceLoader.java:45)
06-05 15:13:04.011  4527  7882 W ResourceLoader: 	at com.bumptech.glide.load.model.ResourceLoader.buildLoadData(ResourceLoader.java:35)
06-05 15:13:04.011  4527  7882 W ResourceLoader: 	at com.bumptech.glide.load.model.ResourceLoader.buildLoadData(ResourceLoader.java:20)
06-05 15:13:04.011  4527  7882 W ResourceLoader: 	at com.bumptech.glide.load.engine.DecodeHelper.getLoadData(DecodeHelper.java:216)
06-05 15:13:04.011  4527  7882 W ResourceLoader: 	at com.bumptech.glide.load.engine.DecodeHelper.getCacheKeys(DecodeHelper.java:229)
06-05 15:13:04.011  4527  7882 W ResourceLoader: 	at com.bumptech.glide.load.engine.ResourceCacheGenerator.startNext(ResourceCacheGenerator.java:47)
06-05 15:13:04.011  4527  7882 W ResourceLoader: 	at com.bumptech.glide.load.engine.DecodeJob.runGenerators(DecodeJob.java:311)
06-05 15:13:04.011  4527  7882 W ResourceLoader: 	at com.bumptech.glide.load.engine.DecodeJob.runWrapped(DecodeJob.java:277)
06-05 15:13:04.011  4527  7882 W ResourceLoader: 	at com.bumptech.glide.load.engine.DecodeJob.run(DecodeJob.java:235)
06-05 15:13:04.011  4527  7882 W ResourceLoader: 	at java.util.concurrent.ThreadPoolExecutor.runWorker(ThreadPoolExecutor.java:1167)
06-05 15:13:04.011  4527  7882 W ResourceLoader: 	at java.util.concurrent.ThreadPoolExecutor$Worker.run(ThreadPoolExecutor.java:641)
06-05 15:13:04.011  4527  7882 W ResourceLoader: 	at com.bumptech.glide.load.engine.executor.GlideExecutor$DefaultThreadFactory$1.run(GlideExecutor.java:421)
06-05 15:13:04.011  4527  7882 W ResourceLoader: 	at java.lang.Thread.run(Thread.java:923)
06-05 15:13:04.011  4527  7882 W ResourceLoader: 	at com.bumptech.glide.load.engine.executor.GlideExecutor$DefaultPriorityThreadFactory$1.run(GlideExecutor.java:380)
06-05 15:13:04.011  4527  7882 E oud.ui.launche: No package ID ff found for ID 0xffffffff.
06-05 15:13:04.012  4527  7882 W ResourceLoader: Received invalid resource id: -1
06-05 15:13:04.012  4527  7882 W ResourceLoader: android.content.res.Resources$NotFoundException: Unable to find resource ID #0xffffffff
06-05 15:13:04.012  4527  7882 W ResourceLoader: 	at android.content.res.ResourcesImpl.getResourcePackageName(ResourcesImpl.java:295)
06-05 15:13:04.012  4527  7882 W ResourceLoader: 	at android.content.res.Resources.getResourcePackageName(Resources.java:2199)
06-05 15:13:04.012  4527  7882 W ResourceLoader: 	at com.bumptech.glide.load.model.ResourceLoader.getResourceUri(ResourceLoader.java:45)
06-05 15:13:04.012  4527  7882 W ResourceLoader: 	at com.bumptech.glide.load.model.ResourceLoader.buildLoadData(ResourceLoader.java:35)
06-05 15:13:04.012  4527  7882 W ResourceLoader: 	at com.bumptech.glide.load.model.ResourceLoader.buildLoadData(ResourceLoader.java:20)
06-05 15:13:04.012  4527  7882 W ResourceLoader: 	at com.bumptech.glide.load.engine.DecodeHelper.getLoadData(DecodeHelper.java:216)
06-05 15:13:04.012  4527  7882 W ResourceLoader: 	at com.bumptech.glide.load.engine.DecodeHelper.getCacheKeys(DecodeHelper.java:229)
06-05 15:13:04.012  4527  7882 W ResourceLoader: 	at com.bumptech.glide.load.engine.ResourceCacheGenerator.startNext(ResourceCacheGenerator.java:47)
06-05 15:13:04.012  4527  7882 W ResourceLoader: 	at com.bumptech.glide.load.engine.DecodeJob.runGenerators(DecodeJob.java:311)
06-05 15:13:04.012  4527  7882 W ResourceLoader: 	at com.bumptech.glide.load.engine.DecodeJob.runWrapped(DecodeJob.java:277)
06-05 15:13:04.012  4527  7882 W ResourceLoader: 	at com.bumptech.glide.load.engine.DecodeJob.run(DecodeJob.java:235)
06-05 15:13:04.012  4527  7882 W ResourceLoader: 	at java.util.concurrent.ThreadPoolExecutor.runWorker(ThreadPoolExecutor.java:1167)
06-05 15:13:04.012  4527  7882 W ResourceLoader: 	at java.util.concurrent.ThreadPoolExecutor$Worker.run(ThreadPoolExecutor.java:641)
06-05 15:13:04.012  4527  7882 W ResourceLoader: 	at com.bumptech.glide.load.engine.executor.GlideExecutor$DefaultThreadFactory$1.run(GlideExecutor.java:421)
06-05 15:13:04.012  4527  7882 W ResourceLoader: 	at java.lang.Thread.run(Thread.java:923)
06-05 15:13:04.012  4527  7882 W ResourceLoader: 	at com.bumptech.glide.load.engine.executor.GlideExecutor$DefaultPriorityThreadFactory$1.run(GlideExecutor.java:380)
06-05 15:13:04.016   888 10934 W ActivityTaskManager: Finishing task with all activities already finished
06-05 15:13:04.016   888 10934 W ActivityTaskManager: Duplicate finish request for r=ActivityRecord{95549f8 u0 com.yangcong345.android.phone/com.yangcong345.main.phone.splash.SplashActivity t47 f}}
06-05 15:13:04.018  3318  3318 V PhoneWindow: DecorView setVisiblity: visibility = 8, Parent = android.view.ViewRootImpl@aae8bc5, this = DecorView@a45b91a[InputMethod]
06-05 15:13:04.018 18581 18581 W 5.android.phon: Accessing hidden field Landroid/view/inputmethod/InputMethodManager;->mCurRootView:Landroid/view/ViewRootImpl; (blacklist, reflection, denied)
06-05 15:13:04.020 18581 18581 I wm_on_destroy_called: [156584440,com.yangcong345.main.phone.splash.SplashActivity,performDestroy]
06-05 15:13:04.020   888 10934 I InputDispatcher: setInputWindows displayId=0 Window{110f1dc u0 NavigationBar0} Window{616bfc2 u0 StatusBar} recents_animation_input_consumer Window{a569bc6 u0 com.yangcong345.cloud.ui.launcher/com.yangcong345.padmodule.new_home.PadHomeActivity} Window{41ab024 u0 com.android.systemui.ImageWallpaper}
06-05 15:13:04.020  4527  4527 I Matrix.ActivityThreadHacker: [handleMessage] msg.what:149 begin:11689971 isLaunchActivity:false SDK_INT=30
06-05 15:13:04.020  4527  4527 I Matrix.ActivityThreadHacker: [handleMessage] msg.what:149 begin:11689972 isLaunchActivity:false SDK_INT=30
06-05 15:13:04.022   888 13042 I wm_task_removed: [47,removeChild: last r=ActivityRecord{95549f8 u0 com.yangcong345.android.phone/com.yangcong345.main.phone.splash.SplashActivity t-1 f}} in t=Task{5469d36 #47 visible=false type=standard mode=fullscreen translucent=true A=10094:com.yangcong345.android.phone U=0 StackId=47 sz=0}]
06-05 15:13:04.022   888 13042 I wm_task_removed: [47,removeTask]
06-05 15:13:04.022   888 13042 I wm_task_removed: [47,removeTask]
06-05 15:13:04.022   888 13042 I wm_stack_removed: 47
06-05 15:13:04.022  4527  4527 W Glide   : Load failed for [-1] with dimensions [116x116]
06-05 15:13:04.022  4527  4527 W Glide   : class com.bumptech.glide.load.engine.GlideException: Failed to load resource
06-05 15:13:04.024  4527 19120 D CacheInterceptor: requestRemoteFirst
06-05 15:13:04.025  4527 19120 D CacheInterceptor: request local cache success
06-05 15:13:04.027   534   560 I mtkpower@impl: [setMode] type:5, enabled:0
06-05 15:13:04.028   534   583 I libPowerHal: [perfLockRel] hdl:1635, idx:0
06-05 15:13:04.028   534   583 I libPowerHal: [PD] scn:0 hdl:1635 hint:11 comm:mtkpower@1.0-se pid:534
06-05 15:13:04.029   534   583 I libPowerHal: [perfLockRel] hdl:1637, idx:2
06-05 15:13:04.029   534   583 I libPowerHal: [PD] scn:2 hdl:1637 hint:22 comm:mtkpower@1.0-se pid:534
06-05 15:13:04.029   534   583 I libPowerHal: MTKPOWER_HINT_PACK_SWITCH: cpu_ctrl set cpu freq: -1 -1 -1 -1
06-05 15:13:04.030   534   583 I libPowerHal: [PD] MTKPOWER_HINT_PACK_SWITCH update cmd:1000000, param:-1
06-05 15:13:04.030   534   583 I libPowerHal: [PD] MTKPOWER_HINT_PACK_SWITCH update cmd:1408300 param:0
06-05 15:13:04.030   534   583 I libPowerHal: [PD] MTKPOWER_HINT_PACK_SWITCH update cmd:1000000 param:-1
06-05 15:13:04.043   556   604 I BufferQueueProducer: [com.yangcong345.cloud.ui.launcher/com.yangcong345.padmodule.new_home.PadHomeActivity#0](this:0xb4000077624da7e8,id:361,api:1,p:4527,c:556) queueBuffer: fps=14.42 dur=1109.79 max=855.93 min=9.77
06-05 15:13:04.069   888 13042 I InputDispatcher: setInputWindows displayId=0 Window{110f1dc u0 NavigationBar0} Window{616bfc2 u0 StatusBar} recents_animation_input_consumer Window{a569bc6 u0 com.yangcong345.cloud.ui.launcher/com.yangcong345.padmodule.new_home.PadHomeActivity} Window{41ab024 u0 com.android.systemui.ImageWallpaper}
06-05 15:13:04.071   519   519 I hwcomposer: [HWCDisplay] [Display_0 (type:1)] fps:54.761635,dur:1004.35,max:126.31,min:13.58
06-05 15:13:04.071   556   966 I SurfaceFlinger: [SF client] NEW(0xb4000076b231d610) for (888:system_server)
06-05 15:13:04.072   888   942 D ViewRootImpl[phone]: hardware acceleration = false , fakeHwAccelerated = true, sRendererDisabled = false, forceHwAccelerated = false, sSystemRendererDisabled = false
06-05 15:13:04.073   888   942 W WindowManager: Attempted to add application window with unknown token Token{e2aa46a ActivityRecord{95549f8 u0 com.yangcong345.android.phone/com.yangcong345.main.phone.splash.SplashActivity t-1 f}}}.  Aborting.
06-05 15:13:04.073   888   942 W WindowManager: Token{e2aa46a ActivityRecord{95549f8 u0 com.yangcong345.android.phone/com.yangcong345.main.phone.splash.SplashActivity t-1 f}}} already running, starting window not displayed. Unable to add window -- token Token{e2aa46a ActivityRecord{95549f8 u0 com.yangcong345.android.phone/com.yangcong345.main.phone.splash.SplashActivity t-1 f}}} is not valid; is your activity running?
06-05 15:13:04.073   888   942 W WindowManager: view not successfully added to wm, removing view
06-05 15:13:04.085   888 13042 I InputDispatcher: setInputWindows displayId=0 Window{110f1dc u0 NavigationBar0} Window{616bfc2 u0 StatusBar} recents_animation_input_consumer Window{a569bc6 u0 com.yangcong345.cloud.ui.launcher/com.yangcong345.padmodule.new_home.PadHomeActivity} Window{41ab024 u0 com.android.systemui.ImageWallpaper}
06-05 15:13:04.103   888 13042 I InputDispatcher: setInputWindows displayId=0 Window{110f1dc u0 NavigationBar0} Window{616bfc2 u0 StatusBar} recents_animation_input_consumer Window{a569bc6 u0 com.yangcong345.cloud.ui.launcher/com.yangcong345.padmodule.new_home.PadHomeActivity} Window{41ab024 u0 com.android.systemui.ImageWallpaper}
06-05 15:13:04.107  4527 18474 I MMKV    : <MMKV.cpp:226::initializeMMKV> root dir: /data/user/0/com.yangcong345.cloud.ui.launcher/files/mmkv
06-05 15:13:04.108  4527 18474 I MMKV    : <MMKV.cpp:1180::sync> MMKV::sync, SyncFlag = 0
06-05 15:13:04.117   888 13042 I InputDispatcher: setInputWindows displayId=0 Window{110f1dc u0 NavigationBar0} Window{616bfc2 u0 StatusBar} recents_animation_input_consumer Window{a569bc6 u0 com.yangcong345.cloud.ui.launcher/com.yangcong345.padmodule.new_home.PadHomeActivity} Window{41ab024 u0 com.android.systemui.ImageWallpaper}
06-05 15:13:04.134   888 13042 I chatty  : uid=1000(system) Binder:888_17 identical 1 line
06-05 15:13:04.151   888 13042 I InputDispatcher: setInputWindows displayId=0 Window{110f1dc u0 NavigationBar0} Window{616bfc2 u0 StatusBar} recents_animation_input_consumer Window{a569bc6 u0 com.yangcong345.cloud.ui.launcher/com.yangcong345.padmodule.new_home.PadHomeActivity} Window{41ab024 u0 com.android.systemui.ImageWallpaper}
06-05 15:13:04.156   746   774 I Proximity: distance = 2
06-05 15:13:04.166   888 13042 I InputDispatcher: setInputWindows displayId=0 Window{110f1dc u0 NavigationBar0} Window{616bfc2 u0 StatusBar} recents_animation_input_consumer Window{a569bc6 u0 com.yangcong345.cloud.ui.launcher/com.yangcong345.padmodule.new_home.PadHomeActivity} Window{41ab024 u0 com.android.systemui.ImageWallpaper}
06-05 15:13:04.191   888  2449 I commit_sys_config_file: [settings-2-0,10]
06-05 15:13:04.198   888 13042 I chatty  : uid=1000(system) Binder:888_17 identical 2 lines
06-05 15:13:04.214   888 13042 I InputDispatcher: setInputWindows displayId=0 Window{110f1dc u0 NavigationBar0} Window{616bfc2 u0 StatusBar} recents_animation_input_consumer Window{a569bc6 u0 com.yangcong345.cloud.ui.launcher/com.yangcong345.padmodule.new_home.PadHomeActivity} Window{41ab024 u0 com.android.systemui.ImageWallpaper}
06-05 15:13:04.230   888  2941 I InputDispatcher: setInputWindows displayId=0 Window{110f1dc u0 NavigationBar0} Window{616bfc2 u0 StatusBar} recents_animation_input_consumer Window{a569bc6 u0 com.yangcong345.cloud.ui.launcher/com.yangcong345.padmodule.new_home.PadHomeActivity} Window{41ab024 u0 com.android.systemui.ImageWallpaper}
06-05 15:13:04.241  4527  4545 I oud.ui.launche: Background concurrent copying GC freed 63655(3580KB) AllocSpace objects, 157(6924KB) LOS objects, 18% free, 26MB/32MB, paused 155us total 117.337ms
06-05 15:13:04.246   888  2941 I InputDispatcher: setInputWindows displayId=0 Window{110f1dc u0 NavigationBar0} Window{616bfc2 u0 StatusBar} recents_animation_input_consumer Window{a569bc6 u0 com.yangcong345.cloud.ui.launcher/com.yangcong345.padmodule.new_home.PadHomeActivity} Window{41ab024 u0 com.android.systemui.ImageWallpaper}
06-05 15:13:04.344   888  2941 I chatty  : uid=1000(system) Binder:888_7 identical 6 lines
06-05 15:13:04.360   888  2941 I InputDispatcher: setInputWindows displayId=0 Window{110f1dc u0 NavigationBar0} Window{616bfc2 u0 StatusBar} recents_animation_input_consumer Window{a569bc6 u0 com.yangcong345.cloud.ui.launcher/com.yangcong345.padmodule.new_home.PadHomeActivity} Window{41ab024 u0 com.android.systemui.ImageWallpaper}
06-05 15:13:04.360   746   774 I Proximity: distance = 2
06-05 15:13:04.376   888 13042 I InputDispatcher: setInputWindows displayId=0 Window{110f1dc u0 NavigationBar0} Window{616bfc2 u0 StatusBar} recents_animation_input_consumer Window{a569bc6 u0 com.yangcong345.cloud.ui.launcher/com.yangcong345.padmodule.new_home.PadHomeActivity} Window{41ab024 u0 com.android.systemui.ImageWallpaper}
06-05 15:13:04.457   888 13042 I chatty  : uid=1000(system) Binder:888_17 identical 5 lines
06-05 15:13:04.473   888 13042 I InputDispatcher: setInputWindows displayId=0 Window{110f1dc u0 NavigationBar0} Window{616bfc2 u0 StatusBar} recents_animation_input_consumer Window{a569bc6 u0 com.yangcong345.cloud.ui.launcher/com.yangcong345.padmodule.new_home.PadHomeActivity} Window{41ab024 u0 com.android.systemui.ImageWallpaper}
06-05 15:13:04.489   888  2941 I InputDispatcher: setInputWindows displayId=0 Window{110f1dc u0 NavigationBar0} Window{616bfc2 u0 StatusBar} recents_animation_input_consumer Window{a569bc6 u0 com.yangcong345.cloud.ui.launcher/com.yangcong345.padmodule.new_home.PadHomeActivity} Window{41ab024 u0 com.android.systemui.ImageWallpaper}
06-05 15:13:04.505   888 13042 I InputDispatcher: setInputWindows displayId=0 Window{110f1dc u0 NavigationBar0} Window{616bfc2 u0 StatusBar} recents_animation_input_consumer Window{a569bc6 u0 com.yangcong345.cloud.ui.launcher/com.yangcong345.padmodule.new_home.PadHomeActivity} Window{41ab024 u0 com.android.systemui.ImageWallpaper}
06-05 15:13:04.521   888 13042 I InputDispatcher: setInputWindows displayId=0 Window{110f1dc u0 NavigationBar0} Window{616bfc2 u0 StatusBar} recents_animation_input_consumer Window{a569bc6 u0 com.yangcong345.cloud.ui.launcher/com.yangcong345.padmodule.new_home.PadHomeActivity} Window{41ab024 u0 com.android.systemui.ImageWallpaper}
06-05 15:13:04.538   888  4712 I InputDispatcher: setInputWindows displayId=0 Window{110f1dc u0 NavigationBar0} Window{616bfc2 u0 StatusBar} recents_animation_input_consumer Window{a569bc6 u0 com.yangcong345.cloud.ui.launcher/com.yangcong345.padmodule.new_home.PadHomeActivity} Window{41ab024 u0 com.android.systemui.ImageWallpaper}
06-05 15:13:04.554   888  4712 I InputDispatcher: setInputWindows displayId=0 Window{110f1dc u0 NavigationBar0} Window{616bfc2 u0 StatusBar} recents_animation_input_consumer Window{a569bc6 u0 com.yangcong345.cloud.ui.launcher/com.yangcong345.padmodule.new_home.PadHomeActivity} Window{41ab024 u0 com.android.systemui.ImageWallpaper}
06-05 15:13:04.565   746   774 I Proximity: distance = 2
06-05 15:13:04.570   888  4712 I InputDispatcher: setInputWindows displayId=0 Window{110f1dc u0 NavigationBar0} Window{616bfc2 u0 StatusBar} recents_animation_input_consumer Window{a569bc6 u0 com.yangcong345.cloud.ui.launcher/com.yangcong345.padmodule.new_home.PadHomeActivity} Window{41ab024 u0 com.android.systemui.ImageWallpaper}
06-05 15:13:04.732   888  4712 W ActivityTaskManager: zzg getRecentTasksImpl res.add: task=Task{259da32 #44 visible=true type=standard mode=fullscreen translucent=false A=10069:com.yangcong345.cloud.toolbox U=0 StackId=44 sz=0}
06-05 15:13:04.732   888  4712 W ActivityTaskManager: zzg getRecentTasksImpl res.add: task=Task{c3b16cf #43 visible=true type=standard mode=fullscreen translucent=false A=10130:com.passmark.pt_mobile U=0 StackId=43 sz=1}
06-05 15:13:04.733   888  4712 W ActivityTaskManager: zzg getRecentTasksImpl res.add: task=Task{d69c89e #37 visible=true type=standard mode=fullscreen translucent=false A=10128:com.antutu.ABenchMark U=0 StackId=37 sz=2}
06-05 15:13:04.733   888  4712 W ActivityTaskManager: zzg getRecentTasksImpl res.add: task=Task{e0eac17 #42 visible=false type=standard mode=fullscreen translucent=true A=10129:com.antutu.benchmark.full.lite U=0 StackId=42 sz=0}
06-05 15:13:04.733   888  4712 W ActivityTaskManager: zzg getRecentTasksImpl res.add: task=Task{4a46ca9 #11 visible=true type=standard mode=fullscreen translucent=false A=10127:com.x1y9.probe U=0 StackId=11 sz=1}
06-05 15:13:04.733   888  4712 W ActivityTaskManager: zzg getRecentTasksImpl ignore task=Task{194c4f4 #8 visible=false type=standard mode=fullscreen translucent=true A=10081:com.yangcong345.cloud.ui.launcher U=0 StackId=8 sz=0}
06-05 15:13:04.733   888  4712 W ActivityTaskManager: zzg recentTasks final item pkgName=com.yangcong345.cloud.toolbox
06-05 15:13:04.733   888  4712 W ActivityTaskManager: zzg recentTasks final item pkgName=com.passmark.pt_mobile
06-05 15:13:04.733   888  4712 W ActivityTaskManager: zzg recentTasks final item pkgName=com.antutu.ABenchMark
06-05 15:13:04.733   888  4712 W ActivityTaskManager: zzg recentTasks final item pkgName=com.antutu.benchmark.full.lite
06-05 15:13:04.733   888  4712 W ActivityTaskManager: zzg recentTasks final item pkgName=com.x1y9.probe
06-05 15:13:04.768   746   774 I Proximity: distance = 2
06-05 15:13:04.797   888  4712 D HraManager: hra getBlackIntentActionList
06-05 15:13:04.834  3192  3192 D VibrateSensorServer: VibrateSensorServer  testTime=currentTime - currentTime1 > 1s
06-05 15:13:04.841  3192  3192 D VibrateSensorServer: Times--->  0
06-05 15:13:04.842  3192  3192 D VibrateSensorServer:  .... else VibrateTip --> Off ....
06-05 15:13:04.943 19047 19047 I Monkey  : :Sending Touch (ACTION_DOWN): 0:(182.0,49.0)
06-05 15:13:04.945   534   583 I libPowerHal: [perfLockAcq] idx:0 hdl:1638 hint:25 pid:534 duration:10000 => ret_hdl:1638
06-05 15:13:04.945   534   583 I libPowerHal: [PE] scn:0 hdl:1638 hint:25 comm:mtkpower@1.0-se pid:534
06-05 15:13:04.946   534   583 I libPowerHal: [PE] MTKPOWER_HINT_APP_TOUCH update cmd:3408600 param:1
06-05 15:13:04.947 19047 19047 I Monkey  : :Sending Touch (ACTION_UP): 0:(169.05525,54.201355)
06-05 15:13:04.948   534   583 I libPowerHal: [perfLockRel] hdl:1638, idx:0
06-05 15:13:04.948   534   583 I libPowerHal: [PD] scn:0 hdl:1638 hint:25 comm:mtkpower@1.0-se pid:534
06-05 15:13:04.948   534   583 I libPowerHal: [PD] MTKPOWER_HINT_APP_TOUCH update cmd:3408600 param:0
06-05 15:13:04.949 19047 19047 I Monkey  : Sleeping for 1000 milliseconds
06-05 15:13:04.973   746   774 I Proximity: distance = 2
06-05 15:13:04.998 18581 19098 D CacheInterceptor: requestRemoteOnly
06-05 15:13:04.999 18581 19152 I MMKV    : <MMKV.cpp:226::initializeMMKV> root dir: /data/user/0/com.yangcong345.android.phone/files/mmkv
06-05 15:13:05.000 18581 19135 D CacheInterceptor: requestRemoteOnly
06-05 15:13:05.025   888  3552 E TaskPersister: File error accessing recents directory (directory doesn't exist?).
06-05 15:13:05.115 18581 18581 I MMKV    : <MMKV.cpp:1180::sync> MMKV::sync, SyncFlag = 0
06-05 15:13:05.116 18581 18581 I MMKV    : <MMKV.cpp:1180::sync> MMKV::sync, SyncFlag = 0
06-05 15:13:05.167 18581 19134 W System.err: java.text.ParseException: Unparseable date: "2024-06-05T15:13:05.350151031+08:00"
06-05 15:13:05.167 18581 19134 W System.err: 	at java.text.DateFormat.parse(DateFormat.java:362)
06-05 15:13:05.167 18581 19134 W System.err: 	at com.yangcong345.platform.utils.time.DateUtil.str2Date(TbsSdkJava:6)
06-05 15:13:05.167 18581 19134 W System.err: 	at com.yangcong345.platform.utils.time.DateUtil.str2Date$default(Unknown Source:12)
06-05 15:13:05.167 18581 19134 W System.err: 	at com.yangcong345.learn.feature.video.cache.CacheAuthorizationHelper.saveLastOpenCacheTime(TbsSdkJava:7)
06-05 15:13:05.167 18581 19134 W System.err: 	at com.yangcong345.learn.feature.video.cache.CacheAuthorizationHelper.access$saveLastOpenCacheTime(Unknown Source:0)
06-05 15:13:05.167 18581 19134 W System.err: 	at com.yangcong345.learn.feature.video.cache.CacheAuthorizationHelper$refreshUserVideoAuth$dispose$2.invoke(TbsSdkJava:4)
06-05 15:13:05.168 18581 19134 W System.err: 	at com.yangcong345.learn.feature.video.cache.CacheAuthorizationHelper$refreshUserVideoAuth$dispose$2.invoke(TbsSdkJava:1)
06-05 15:13:05.168 18581 19134 W System.err: 	at com.yangcong345.learn.feature.video.cache.CacheAuthorizationHelper.refreshUserVideoAuth$lambda$1(Unknown Source:5)
06-05 15:13:05.169 18581 19134 W System.err: 	at com.yangcong345.learn.feature.video.cache.CacheAuthorizationHelper.a(Unknown Source:0)
06-05 15:13:05.169 18581 19134 W System.err: 	at com.yangcong345.learn.feature.video.cache.a.accept(Unknown Source:2)
06-05 15:13:05.169 18581 19134 W System.err: 	at io.reactivex.internal.observers.LambdaObserver.onNext(TbsSdkJava:2)
06-05 15:13:05.170 18581 19134 W System.err: 	at io.reactivex.internal.operators.observable.ObservableSubscribeOn$SubscribeOnObserver.onNext(Unknown Source:2)
06-05 15:13:05.170 18581 19134 W System.err: 	at io.reactivex.internal.operators.observable.c1$a.onNext(Unknown Source:2)
06-05 15:13:05.171 18581 19134 W System.err: 	at io.reactivex.internal.operators.observable.x0$a.onNext(TbsSdkJava:5)
06-05 15:13:05.171 18581 19134 W System.err: 	at retrofit2.adapter.rxjava2.BodyObservable$BodyObserver.onNext(TbsSdkJava:3)
06-05 15:13:05.172 18581 19134 W System.err: 	at retrofit2.adapter.rxjava2.BodyObservable$BodyObserver.onNext(TbsSdkJava:1)
06-05 15:13:05.172 18581 19134 W System.err: 	at retrofit2.adapter.rxjava2.CallExecuteObservable.subscribeActual(TbsSdkJava:7)
06-05 15:13:05.172 18581 19134 W System.err: 	at io.reactivex.z.subscribe(TbsSdkJava:14)
06-05 15:13:05.172 18581 19134 W System.err: 	at retrofit2.adapter.rxjava2.BodyObservable.subscribeActual(Unknown Source:7)
06-05 15:13:05.173 18581 19134 W System.err: 	at io.reactivex.z.subscribe(TbsSdkJava:14)
06-05 15:13:05.173 18581 19134 W System.err: 	at io.reactivex.internal.operators.observable.x0.subscribeActual(Unknown Source:9)
06-05 15:13:05.173 18581 19134 W System.err: 	at io.reactivex.z.subscribe(TbsSdkJava:14)
06-05 15:13:05.173 18581 19134 W System.err: 	at io.reactivex.internal.operators.observable.c1.subscribeActual(Unknown Source:9)
06-05 15:13:05.174 18581 19134 W System.err: 	at io.reactivex.z.subscribe(TbsSdkJava:14)
06-05 15:13:05.174 18581 19134 W System.err: 	at io.reactivex.internal.operators.observable.ObservableSubscribeOn$a.run(Unknown Source:6)
06-05 15:13:05.174 18581 19134 W System.err: 	at io.reactivex.h0$a.run(TbsSdkJava:2)
06-05 15:13:05.175 18581 19134 W System.err: 	at io.reactivex.internal.schedulers.ScheduledRunnable.run(TbsSdkJava:2)
06-05 15:13:05.175 18581 19134 W System.err: 	at io.reactivex.internal.schedulers.ScheduledRunnable.call(Unknown Source:0)
06-05 15:13:05.175 18581 19134 W System.err: 	at java.util.concurrent.FutureTask.run(FutureTask.java:266)
06-05 15:13:05.175 18581 19134 W System.err: 	at java.util.concurrent.ScheduledThreadPoolExecutor$ScheduledFutureTask.run(ScheduledThreadPoolExecutor.java:301)
06-05 15:13:05.175 18581 19134 W System.err: 	at java.util.concurrent.ThreadPoolExecutor.runWorker(ThreadPoolExecutor.java:1167)
06-05 15:13:05.175 18581 19134 W System.err: 	at java.util.concurrent.ThreadPoolExecutor$Worker.run(ThreadPoolExecutor.java:641)
06-05 15:13:05.176 18581 19134 W System.err: 	at java.lang.Thread.run(Thread.java:923)
06-05 15:13:05.177   746   774 I Proximity: distance = 2
06-05 15:13:05.226 18581 18705 D DataSailMapper: get instance by url: onion-app-diagnosis.cn-beijing.log.aliyuncs.com/logstores/diagnosis-error/shards/lb
06-05 15:13:05.226 18581 18705 I System.out: [okhttp]:check permission begin!
06-05 15:13:05.227 18581 18705 I System.out: [okhttp]:not MMS!
06-05 15:13:05.227 18581 18705 I System.out: [okhttp]:not Email!
06-05 15:13:05.229 18581 18705 I System.out: [OkHttp] sendRequest>>
06-05 15:13:05.229 18581 18705 I System.out: [OkHttp] sendRequest<<
06-05 15:13:05.229 18581 19135 I MMKV    : <MMKV.cpp:226::initializeMMKV> root dir: /data/user/0/com.yangcong345.android.phone/files/mmkv
06-05 15:13:05.230 18581 19135 I MMKV    : <MMKV.cpp:1180::sync> MMKV::sync, SyncFlag = 0
06-05 15:13:05.381   746   774 I Proximity: distance = 2
06-05 15:13:05.585   746   774 I chatty  : uid=1000(system) sensors@2.0-ser identical 1 line
06-05 15:13:05.788   746   774 I Proximity: distance = 2
06-05 15:13:05.860  3192  3192 D VibrateSensorServer: VibrateSensorServer  testTime=currentTime - currentTime1 > 1s
06-05 15:13:05.869  3192  3192 D VibrateSensorServer: Times--->  0
06-05 15:13:05.869  3192  3192 D VibrateSensorServer:  .... else VibrateTip --> Off ....
06-05 15:13:05.950 19047 19047 I Monkey  : :Sending Touch (ACTION_DOWN): 0:(1032.0,695.0)
06-05 15:13:05.954   534   583 I libPowerHal: [perfLockAcq] idx:0 hdl:1639 hint:25 pid:534 duration:10000 => ret_hdl:1639
06-05 15:13:05.954   534   583 I libPowerHal: [PE] scn:0 hdl:1639 hint:25 comm:mtkpower@1.0-se pid:534
06-05 15:13:05.954 19047 19047 I Monkey  : :Sending Touch (ACTION_UP): 0:(1051.3759,697.5787)
06-05 15:13:05.955   534   583 I libPowerHal: [PE] MTKPOWER_HINT_APP_TOUCH update cmd:3408600 param:1
06-05 15:13:05.957 19047 19047 I Monkey  : Sleeping for 1000 milliseconds
06-05 15:13:05.957   534   583 I libPowerHal: [perfLockRel] hdl:1639, idx:0
06-05 15:13:05.957   534   583 I libPowerHal: [PD] scn:0 hdl:1639 hint:25 comm:mtkpower@1.0-se pid:534
06-05 15:13:05.958   534   583 I libPowerHal: [PD] MTKPOWER_HINT_APP_TOUCH update cmd:3408600 param:0
06-05 15:13:05.966 18581 18601 I 5.android.phon: oneway function results will be dropped but finished with status OK and parcel size 4
06-05 15:13:06.005   746   774 I Proximity: distance = 2
06-05 15:13:06.208   746   774 I Proximity: distance = 2
06-05 15:13:06.242   556   603 I SurfaceFlinger: [SF client] NEW(0xb4000076b231db50) for (4527:com.yangcong345.cloud.ui.launcher)
06-05 15:13:06.243  4527  4527 D ViewRootImpl[PadHomeActivity]: hardware acceleration = true , fakeHwAccelerated = false, sRendererDisabled = false, forceHwAccelerated = false, sSystemRendererDisabled = false
06-05 15:13:06.245   888 13042 W WindowManager: Changing focus fromWindow{a569bc6 u0 com.yangcong345.cloud.ui.launcher/com.yangcong345.padmodule.new_home.PadHomeActivity} to Window{1babe5d u0 com.yangcong345.cloud.ui.launcher/com.yangcong345.padmodule.new_home.PadHomeActivity} displayId=0 Callers=com.android.server.wm.RootWindowContainer.updateFocusedWindowLocked:457 com.android.server.wm.WindowManagerService.updateFocusedWindowLocked:5611 com.android.server.wm.WindowManagerService.addWindow:1731 com.android.server.wm.Session.addToDisplayAsUser:176
06-05 15:13:06.248  4527  4527 I InputTransport: Create ARC handle: 0xb400006eeec7c120
06-05 15:13:06.249 18581 18601 I 5.android.phon: oneway function results will be dropped but finished with status OK and parcel size 4
06-05 15:13:06.249   888  4712 I InputDispatcher: setInputWindows displayId=0 Window{110f1dc u0 NavigationBar0} Window{616bfc2 u0 StatusBar} recents_animation_input_consumer Window{a569bc6 u0 com.yangcong345.cloud.ui.launcher/com.yangcong345.padmodule.new_home.PadHomeActivity} Window{41ab024 u0 com.android.systemui.ImageWallpaper}
06-05 15:13:06.253   519   519 I hwcomposer: [HWCDisplay] [Display_0 (type:1)] fps:14.667314,dur:2181.72,max:1682.02,min:14.76
06-05 15:13:06.261 18581 18601 I 5.android.phon: oneway function results will be dropped but finished with status OK and parcel size 4
06-05 15:13:06.265   888 13042 I InputDispatcher: setInputWindows displayId=0 Window{110f1dc u0 NavigationBar0} Window{616bfc2 u0 StatusBar} recents_animation_input_consumer Window{a569bc6 u0 com.yangcong345.cloud.ui.launcher/com.yangcong345.padmodule.new_home.PadHomeActivity} Window{41ab024 u0 com.android.systemui.ImageWallpaper}
06-05 15:13:06.265   888 13042 I InputDispatcher: Focus left window: Window{a569bc6 u0 com.yangcong345.cloud.ui.launcher/com.yangcong345.padmodule.new_home.PadHomeActivity} in display 0
06-05 15:13:06.271   556   604 I BufferQueueConsumer: [](id:22c0000016c,api:0,p:-1,c:556) connect(): controlledByApp=false
06-05 15:13:06.271   556   604 I BufferQueue: [unnamed-556-364](this:0xb40000776255bff8,id:364,api:0,p:-1,c:-1) BufferQueue core=(556:/system/bin/surfaceflinger)
06-05 15:13:06.277   556   604 I BufferQueueProducer: [com.yangcong345.cloud.ui.launcher/com.yangcong345.padmodule.new_home.PadHomeActivity#1](id:22c0000016c,api:1,p:4527,c:556) connect(): api=1 producerControlledByApp=false
06-05 15:13:06.279  4527  4527 W RecyclerView: No adapter attached; skipping layout
06-05 15:13:06.280  3133  3133 D CapRIL  : resetProxyAndRequestList
06-05 15:13:06.281   396   396 I hwservicemanager: getTransport: Cannot find entry vendor.mediatek.hardware.mtkradioex@2.0::IMtkRadioEx/mtkCap1 in either framework or device manifest.
06-05 15:13:06.281  3133  3133 D CapRIL  : MtkRadioProxy getService/setResponseFunctions: java.util.NoSuchElementException
06-05 15:13:06.283   888 10934 I InputDispatcher: setInputWindows displayId=0 Window{110f1dc u0 NavigationBar0} Window{616bfc2 u0 StatusBar} Window{1babe5d u0 com.yangcong345.cloud.ui.launcher/com.yangcong345.padmodule.new_home.PadHomeActivity} recents_animation_input_consumer Window{a569bc6 u0 com.yangcong345.cloud.ui.launcher/com.yangcong345.padmodule.new_home.PadHomeActivity} Window{41ab024 u0 com.android.systemui.ImageWallpaper}
06-05 15:13:06.295  3318  3318 V PhoneWindow: DecorView setVisiblity: visibility = 8, Parent = android.view.ViewRootImpl@aae8bc5, this = DecorView@a45b91a[InputMethod]
06-05 15:13:06.298   888 10934 I InputDispatcher: setInputWindows displayId=0 Window{110f1dc u0 NavigationBar0} Window{616bfc2 u0 StatusBar} Window{1babe5d u0 com.yangcong345.cloud.ui.launcher/com.yangcong345.padmodule.new_home.PadHomeActivity} recents_animation_input_consumer Window{a569bc6 u0 com.yangcong345.cloud.ui.launcher/com.yangcong345.padmodule.new_home.PadHomeActivity} Window{41ab024 u0 com.android.systemui.ImageWallpaper}
06-05 15:13:06.306  4527  4527 I Matrix.AppMethodBeat: [at] visibleScene[com.yangcong345.padmodule.new_home.PadHomeActivity] has detach focus!
06-05 15:13:06.306  4527 19108 D CacheInterceptor: requestRemoteFirst
06-05 15:13:06.306  4527 19108 D CacheInterceptor: request local cache fail
06-05 15:13:06.315   888 10934 I InputDispatcher: setInputWindows displayId=0 Window{110f1dc u0 NavigationBar0} Window{616bfc2 u0 StatusBar} Window{1babe5d u0 com.yangcong345.cloud.ui.launcher/com.yangcong345.padmodule.new_home.PadHomeActivity} recents_animation_input_consumer Window{a569bc6 u0 com.yangcong345.cloud.ui.launcher/com.yangcong345.padmodule.new_home.PadHomeActivity} Window{41ab024 u0 com.android.systemui.ImageWallpaper}
06-05 15:13:06.315   888 10934 I InputDispatcher: Focus entered window: Window{1babe5d u0 com.yangcong345.cloud.ui.launcher/com.yangcong345.padmodule.new_home.PadHomeActivity} in display 0
06-05 15:13:06.322   556   967 I BufferQueueProducer: [com.yangcong345.cloud.ui.launcher/com.yangcong345.padmodule.new_home.PadHomeActivity#1](id:22c0000016c,api:1,p:4527,c:556) disconnect(): api=1
06-05 15:13:06.323   556   604 I BufferQueueProducer: [com.yangcong345.cloud.ui.launcher/com.yangcong345.padmodule.new_home.PadHomeActivity#1](id:22c0000016c,api:1,p:4527,c:556) connect(): api=1 producerControlledByApp=false
06-05 15:13:06.332   888 10934 I InputDispatcher: setInputWindows displayId=0 Window{110f1dc u0 NavigationBar0} Window{616bfc2 u0 StatusBar} Window{1babe5d u0 com.yangcong345.cloud.ui.launcher/com.yangcong345.padmodule.new_home.PadHomeActivity} recents_animation_input_consumer Window{a569bc6 u0 com.yangcong345.cloud.ui.launcher/com.yangcong345.padmodule.new_home.PadHomeActivity} Window{41ab024 u0 com.android.systemui.ImageWallpaper}
06-05 15:13:06.343   556   966 I SurfaceFlinger: [SF client] NEW(0xb4000076b2323650) for (4527:com.yangcong345.cloud.ui.launcher)
06-05 15:13:06.345  4527  4527 D ViewRootImpl[PadHomeActivity]: hardware acceleration = true , fakeHwAccelerated = false, sRendererDisabled = false, forceHwAccelerated = false, sSystemRendererDisabled = false
06-05 15:13:06.348   888  4712 W WindowManager: Changing focus fromWindow{1babe5d u0 com.yangcong345.cloud.ui.launcher/com.yangcong345.padmodule.new_home.PadHomeActivity} to Window{6a3a491 u0 com.yangcong345.cloud.ui.launcher/com.yangcong345.padmodule.new_home.PadHomeActivity} displayId=0 Callers=com.android.server.wm.RootWindowContainer.updateFocusedWindowLocked:457 com.android.server.wm.WindowManagerService.updateFocusedWindowLocked:5611 com.android.server.wm.WindowManagerService.addWindow:1731 com.android.server.wm.Session.addToDisplayAsUser:176
06-05 15:13:06.348   888 10934 I InputDispatcher: setInputWindows displayId=0 Window{110f1dc u0 NavigationBar0} Window{616bfc2 u0 StatusBar} Window{1babe5d u0 com.yangcong345.cloud.ui.launcher/com.yangcong345.padmodule.new_home.PadHomeActivity} recents_animation_input_consumer Window{a569bc6 u0 com.yangcong345.cloud.ui.launcher/com.yangcong345.padmodule.new_home.PadHomeActivity} Window{41ab024 u0 com.android.systemui.ImageWallpaper}
06-05 15:13:06.351  4527  4527 I InputTransport: Create ARC handle: 0xb400006eeec78430
06-05 15:13:06.362   888 13042 I InputDispatcher: setInputWindows displayId=0 Window{110f1dc u0 NavigationBar0} Window{616bfc2 u0 StatusBar} Window{1babe5d u0 com.yangcong345.cloud.ui.launcher/com.yangcong345.padmodule.new_home.PadHomeActivity} recents_animation_input_consumer Window{a569bc6 u0 com.yangcong345.cloud.ui.launcher/com.yangcong345.padmodule.new_home.PadHomeActivity} Window{41ab024 u0 com.android.systemui.ImageWallpaper}
06-05 15:13:06.368   556   966 I BufferQueueConsumer: [](id:22c0000016d,api:0,p:-1,c:556) connect(): controlledByApp=false
06-05 15:13:06.368   556   966 I BufferQueue: [unnamed-556-365](this:0xb400007762513b78,id:365,api:0,p:-1,c:-1) BufferQueue core=(556:/system/bin/surfaceflinger)
06-05 15:13:06.373   556   967 I BufferQueueProducer: [com.yangcong345.cloud.ui.launcher/com.yangcong345.padmodule.new_home.PadHomeActivity#2](id:22c0000016d,api:1,p:4527,c:556) connect(): api=1 producerControlledByApp=false
06-05 15:13:06.378   888 13042 I InputDispatcher: setInputWindows displayId=0 Window{110f1dc u0 NavigationBar0} Window{616bfc2 u0 StatusBar} com.yangcong345.cloud.ui.launcher/com.yangcong345.padmodule.new_home.PadHomeActivity#2 Window{1babe5d u0 com.yangcong345.cloud.ui.launcher/com.yangcong345.padmodule.new_home.PadHomeActivity} recents_animation_input_consumer Window{a569bc6 u0 com.yangcong345.cloud.ui.launcher/com.yangcong345.padmodule.new_home.PadHomeActivity} Window{41ab024 u0 com.android.systemui.ImageWallpaper}
06-05 15:13:06.378   888 13042 I InputDispatcher: Focus left window: Window{1babe5d u0 com.yangcong345.cloud.ui.launcher/com.yangcong345.padmodule.new_home.PadHomeActivity} in display 0
06-05 15:13:06.395   888 13042 I InputDispatcher: setInputWindows displayId=0 Window{110f1dc u0 NavigationBar0} Window{616bfc2 u0 StatusBar} Window{6a3a491 u0 com.yangcong345.cloud.ui.launcher/com.yangcong345.padmodule.new_home.PadHomeActivity} Window{1babe5d u0 com.yangcong345.cloud.ui.launcher/com.yangcong345.padmodule.new_home.PadHomeActivity} recents_animation_input_consumer Window{a569bc6 u0 com.yangcong345.cloud.ui.launcher/com.yangcong345.padmodule.new_home.PadHomeActivity} Window{41ab024 u0 com.android.systemui.ImageWallpaper}
06-05 15:13:06.395   888 13042 I InputDispatcher: Window went away: com.yangcong345.cloud.ui.launcher/com.yangcong345.padmodule.new_home.PadHomeActivity#2
06-05 15:13:06.396  3318  3318 V PhoneWindow: DecorView setVisiblity: visibility = 8, Parent = android.view.ViewRootImpl@aae8bc5, this = DecorView@a45b91a[InputMethod]
06-05 15:13:06.398  3318  3318 V PhoneWindow: DecorView setVisiblity: visibility = 8, Parent = android.view.ViewRootImpl@aae8bc5, this = DecorView@a45b91a[InputMethod]
06-05 15:13:06.411   888 13042 I InputDispatcher: setInputWindows displayId=0 Window{110f1dc u0 NavigationBar0} Window{616bfc2 u0 StatusBar} Window{6a3a491 u0 com.yangcong345.cloud.ui.launcher/com.yangcong345.padmodule.new_home.PadHomeActivity} Window{1babe5d u0 com.yangcong345.cloud.ui.launcher/com.yangcong345.padmodule.new_home.PadHomeActivity} recents_animation_input_consumer Window{a569bc6 u0 com.yangcong345.cloud.ui.launcher/com.yangcong345.padmodule.new_home.PadHomeActivity} Window{41ab024 u0 com.android.systemui.ImageWallpaper}
06-05 15:13:06.411   888 13042 I InputDispatcher: Focus entered window: Window{6a3a491 u0 com.yangcong345.cloud.ui.launcher/com.yangcong345.padmodule.new_home.PadHomeActivity} in display 0
06-05 15:13:06.412   746   774 I Proximity: distance = 2
06-05 15:13:06.428   888 13042 I InputDispatcher: setInputWindows displayId=0 Window{110f1dc u0 NavigationBar0} Window{616bfc2 u0 StatusBar} Window{6a3a491 u0 com.yangcong345.cloud.ui.launcher/com.yangcong345.padmodule.new_home.PadHomeActivity} Window{1babe5d u0 com.yangcong345.cloud.ui.launcher/com.yangcong345.padmodule.new_home.PadHomeActivity} recents_animation_input_consumer Window{a569bc6 u0 com.yangcong345.cloud.ui.launcher/com.yangcong345.padmodule.new_home.PadHomeActivity} Window{41ab024 u0 com.android.systemui.ImageWallpaper}
06-05 15:13:06.433  3318  3318 V PhoneWindow: DecorView setVisiblity: visibility = 8, Parent = android.view.ViewRootImpl@aae8bc5, this = DecorView@a45b91a[InputMethod]
06-05 15:13:06.445   888 10934 I InputDispatcher: setInputWindows displayId=0 Window{110f1dc u0 NavigationBar0} Window{616bfc2 u0 StatusBar} Window{6a3a491 u0 com.yangcong345.cloud.ui.launcher/com.yangcong345.padmodule.new_home.PadHomeActivity} Window{1babe5d u0 com.yangcong345.cloud.ui.launcher/com.yangcong345.padmodule.new_home.PadHomeActivity} recents_animation_input_consumer Window{a569bc6 u0 com.yangcong345.cloud.ui.launcher/com.yangcong345.padmodule.new_home.PadHomeActivity} Window{41ab024 u0 com.android.systemui.ImageWallpaper}
06-05 15:13:06.462   888 10934 I chatty  : uid=1000(system) Binder:888_12 identical 1 line
06-05 15:13:06.477   888 10934 I InputDispatcher: setInputWindows displayId=0 Window{110f1dc u0 NavigationBar0} Window{616bfc2 u0 StatusBar} Window{6a3a491 u0 com.yangcong345.cloud.ui.launcher/com.yangcong345.padmodule.new_home.PadHomeActivity} Window{1babe5d u0 com.yangcong345.cloud.ui.launcher/com.yangcong345.padmodule.new_home.PadHomeActivity} recents_animation_input_consumer Window{a569bc6 u0 com.yangcong345.cloud.ui.launcher/com.yangcong345.padmodule.new_home.PadHomeActivity} Window{41ab024 u0 com.android.systemui.ImageWallpaper}
06-05 15:13:06.496   888  4712 I InputDispatcher: setInputWindows displayId=0 Window{110f1dc u0 NavigationBar0} Window{616bfc2 u0 StatusBar} Window{6a3a491 u0 com.yangcong345.cloud.ui.launcher/com.yangcong345.padmodule.new_home.PadHomeActivity} Window{1babe5d u0 com.yangcong345.cloud.ui.launcher/com.yangcong345.padmodule.new_home.PadHomeActivity} recents_animation_input_consumer Window{a569bc6 u0 com.yangcong345.cloud.ui.launcher/com.yangcong345.padmodule.new_home.PadHomeActivity} Window{41ab024 u0 com.android.systemui.ImageWallpaper}
06-05 15:13:06.500 18581 18601 I 5.android.phon: oneway function results will be dropped but finished with status OK and parcel size 4
06-05 15:13:06.508   888  4712 I InputDispatcher: setInputWindows displayId=0 Window{110f1dc u0 NavigationBar0} Window{616bfc2 u0 StatusBar} Window{6a3a491 u0 com.yangcong345.cloud.ui.launcher/com.yangcong345.padmodule.new_home.PadHomeActivity} Window{1babe5d u0 com.yangcong345.cloud.ui.launcher/com.yangcong345.padmodule.new_home.PadHomeActivity} recents_animation_input_consumer Window{a569bc6 u0 com.yangcong345.cloud.ui.launcher/com.yangcong345.padmodule.new_home.PadHomeActivity} Window{41ab024 u0 com.android.systemui.ImageWallpaper}
06-05 15:13:06.525   888  4712 I InputDispatcher: setInputWindows displayId=0 Window{110f1dc u0 NavigationBar0} Window{616bfc2 u0 StatusBar} Window{6a3a491 u0 com.yangcong345.cloud.ui.launcher/com.yangcong345.padmodule.new_home.PadHomeActivity} Window{1babe5d u0 com.yangcong345.cloud.ui.launcher/com.yangcong345.padmodule.new_home.PadHomeActivity} recents_animation_input_consumer Window{a569bc6 u0 com.yangcong345.cloud.ui.launcher/com.yangcong345.padmodule.new_home.PadHomeActivity} Window{41ab024 u0 com.android.systemui.ImageWallpaper}
06-05 15:13:06.534 18581 18601 I 5.android.phon: oneway function results will be dropped but finished with status OK and parcel size 4
06-05 15:13:06.541   888  4712 I InputDispatcher: setInputWindows displayId=0 Window{110f1dc u0 NavigationBar0} Window{616bfc2 u0 StatusBar} Window{6a3a491 u0 com.yangcong345.cloud.ui.launcher/com.yangcong345.padmodule.new_home.PadHomeActivity} Window{1babe5d u0 com.yangcong345.cloud.ui.launcher/com.yangcong345.padmodule.new_home.PadHomeActivity} recents_animation_input_consumer Window{a569bc6 u0 com.yangcong345.cloud.ui.launcher/com.yangcong345.padmodule.new_home.PadHomeActivity} Window{41ab024 u0 com.android.systemui.ImageWallpaper}
06-05 15:13:06.542 18581 18601 I 5.android.phon: oneway function results will be dropped but finished with status OK and parcel size 4
06-05 15:13:06.549 18581 18601 I 5.android.phon: oneway function results will be dropped but finished with status OK and parcel size 4
