06-05 15:13:21.640   556   967 I BufferQueueProducer: [com.yangcong345.cloud.ui.launcher/com.yangcong345.padmodule.new_home.PadHomeActivity#0](id:22c00000169,api:1,p:4527,c:556) disconnect(): api=1
06-05 15:13:21.640  2879  2879 D StatusBar: disable<e i a s b h r c s > disable2<q i n >
06-05 15:13:21.642  2879  2879 D View    : [Warning] assignParent to null: this = com.android.systemui.assist.AssistOrbContainer{7068ba9 G.E...... ......ID 0,0-1200,500}
06-05 15:13:21.642   556   967 I BufferQueueProducer: [com.yangcong345.cloud.ui.launcher/com.yangcong345.padmodule.new_home.PadHomeActivity#0](id:22c00000169,api:1,p:4527,c:556) connect(): api=1 producerControlledByApp=false
06-05 15:13:21.644   888 13042 I InputDispatcher: setInputWindows displayId=0 Window{110f1dc u0 NavigationBar0} Window{616bfc2 u0 StatusBar} recents_animation_input_consumer Window{a569bc6 u0 com.yangcong345.cloud.ui.launcher/com.yangcong345.padmodule.new_home.PadHomeActivity} Window{41ab024 u0 com.android.systemui.ImageWallpaper}
06-05 15:13:21.646   556   604 I SurfaceFlinger: [SF client] NEW(0xb4000076b231f050) for (2879:com.android.systemui)
06-05 15:13:21.647  2879  2879 D ViewRootImpl[AssistPreviewPanel]: hardware acceleration = true , fakeHwAccelerated = false, sRendererDisabled = false, forceHwAccelerated = false, sSystemRendererDisabled = false
06-05 15:13:21.654  2879  2879 I InputTransport: Create ARC handle: 0xb400006eeecadd70
06-05 15:13:21.661   888 13042 I InputDispatcher: setInputWindows displayId=0 Window{110f1dc u0 NavigationBar0} Window{616bfc2 u0 StatusBar} recents_animation_input_consumer Window{a569bc6 u0 com.yangcong345.cloud.ui.launcher/com.yangcong345.padmodule.new_home.PadHomeActivity} Window{41ab024 u0 com.android.systemui.ImageWallpaper}
06-05 15:13:21.665   519   519 I hwcomposer: [DBQ] (q2:0xb4000071730f2be0) Buffer queue is created with size(3), m_id(514)
06-05 15:13:21.665   519   519 I hwcomposer: [DBQ] (q2:0xb4000071730f2be0) Reallocate Slot(0), pool(0 -> 0) size(0 -> 9216000)
06-05 15:13:21.666   519   519 I hwcomposer: [DBQ] (q2:0xb4000071730f2be0) Alloc Slot(0), handle=0xb400007133100c50 c=0 w=1200 h=1920 p=1200 ys=1200 vs=1920 f=1
06-05 15:13:21.668   556   603 I BufferQueueProducer: [NavigationBar0#0](id:22c00000004,api:1,p:2879,c:556) disconnect(): api=1
06-05 15:13:21.669   556   603 I BufferQueueProducer: [NavigationBar0#0](id:22c00000004,api:1,p:2879,c:556) connect(): api=1 producerControlledByApp=false
06-05 15:13:21.677   888  2985 I InputDispatcher: setInputWindows displayId=0 Window{110f1dc u0 NavigationBar0} Window{616bfc2 u0 StatusBar} recents_animation_input_consumer Window{a569bc6 u0 com.yangcong345.cloud.ui.launcher/com.yangcong345.padmodule.new_home.PadHomeActivity} Window{41ab024 u0 com.android.systemui.ImageWallpaper}
06-05 15:13:21.678   519   519 I hwcomposer: [DBQ] (q2:0xb4000071730f2be0) Reallocate Slot(1), pool(0 -> 0) size(0 -> 9216000)
06-05 15:13:21.679   519   519 I hwcomposer: [DBQ] (q2:0xb4000071730f2be0) Alloc Slot(1), handle=0xb4000071330fb710 c=0 w=1200 h=1920 p=1200 ys=1200 vs=1920 f=1
06-05 15:13:21.683   556   966 I BufferQueueProducer: [StatusBar#0](id:22c00000005,api:1,p:2879,c:556) disconnect(): api=1
06-05 15:13:21.683   556   966 I BufferQueueProducer: [StatusBar#0](id:22c00000005,api:1,p:2879,c:556) connect(): api=1 producerControlledByApp=false
06-05 15:13:21.693   888  2985 I InputDispatcher: setInputWindows displayId=0 Window{110f1dc u0 NavigationBar0} Window{616bfc2 u0 StatusBar} recents_animation_input_consumer Window{a569bc6 u0 com.yangcong345.cloud.ui.launcher/com.yangcong345.padmodule.new_home.PadHomeActivity} Window{41ab024 u0 com.android.systemui.ImageWallpaper}
06-05 15:13:21.694   519   519 I hwcomposer: [HWCLayer] setHwlayerType(), id:514, release queue sp, type 3 -> 2
06-05 15:13:21.694   519   519 I hwcomposer: [DBQ] (q2:0xb4000071730f2be0) Buffer queue is destroyed, m_id(514)
06-05 15:13:21.694   519   519 I hwcomposer: [DBQ] (q2:0xb4000071730f2be0) ~DisplayBufferQueue(), m_id(514), release buf
06-05 15:13:21.694   519   519 I hwcomposer: [DBQ] (q2:0xb4000071730f2be0) Free Slot(0), handle=0xb400007133100c50, 9216000 -> 0
06-05 15:13:21.694   519   519 I hwcomposer: [DBQ] (q2:0xb4000071730f2be0) Free Slot(1), handle=0xb4000071330fb710, 9216000 -> 0
06-05 15:13:21.696  2879  2879 D WifiSignalController: isWifi6: false,wifiVisible: true
06-05 15:13:21.697  2879  2879 V NavigationBarView: home = true
06-05 15:13:21.697  2879  2879 V NavigationBarView: recent = true
06-05 15:13:21.697  2879  2879 V NavigationBarView: back = true
06-05 15:13:21.707  2879  2879 I InputTransport: Destroy ARC handle: 0xb400006eeec96d00
06-05 15:13:21.709   888  2985 I InputDispatcher: setInputWindows displayId=0 Window{110f1dc u0 NavigationBar0} Window{616bfc2 u0 StatusBar} recents_animation_input_consumer Window{a569bc6 u0 com.yangcong345.cloud.ui.launcher/com.yangcong345.padmodule.new_home.PadHomeActivity} Window{41ab024 u0 com.android.systemui.ImageWallpaper}
06-05 15:13:21.725   888  2985 I InputDispatcher: setInputWindows displayId=0 Window{110f1dc u0 NavigationBar0} Window{616bfc2 u0 StatusBar} recents_animation_input_consumer Window{a569bc6 u0 com.yangcong345.cloud.ui.launcher/com.yangcong345.padmodule.new_home.PadHomeActivity} Window{41ab024 u0 com.android.systemui.ImageWallpaper}
06-05 15:13:21.728   746   774 I Proximity: distance = 2
06-05 15:13:21.741   888  2985 I InputDispatcher: setInputWindows displayId=0 Window{110f1dc u0 NavigationBar0} Window{616bfc2 u0 StatusBar} recents_animation_input_consumer Window{a569bc6 u0 com.yangcong345.cloud.ui.launcher/com.yangcong345.padmodule.new_home.PadHomeActivity} Window{41ab024 u0 com.android.systemui.ImageWallpaper}
06-05 15:13:21.758   888  2985 I InputDispatcher: setInputWindows displayId=0 Window{110f1dc u0 NavigationBar0} Window{616bfc2 u0 StatusBar} recents_animation_input_consumer Window{a569bc6 u0 com.yangcong345.cloud.ui.launcher/com.yangcong345.padmodule.new_home.PadHomeActivity} Window{41ab024 u0 com.android.systemui.ImageWallpaper}
06-05 15:13:21.759  4527  4545 I oud.ui.launche: Background concurrent copying GC freed 126043(6016KB) AllocSpace objects, 162(10MB) LOS objects, 17% free, 27MB/33MB, paused 297us total 120.936ms
06-05 15:13:21.774   888  2985 I InputDispatcher: setInputWindows displayId=0 Window{110f1dc u0 NavigationBar0} Window{616bfc2 u0 StatusBar} recents_animation_input_consumer Window{a569bc6 u0 com.yangcong345.cloud.ui.launcher/com.yangcong345.padmodule.new_home.PadHomeActivity} Window{41ab024 u0 com.android.systemui.ImageWallpaper}
06-05 15:13:21.790   888  2985 I InputDispatcher: setInputWindows displayId=0 Window{110f1dc u0 NavigationBar0} Window{616bfc2 u0 StatusBar} recents_animation_input_consumer Window{a569bc6 u0 com.yangcong345.cloud.ui.launcher/com.yangcong345.padmodule.new_home.PadHomeActivity} Window{41ab024 u0 com.android.systemui.ImageWallpaper}
06-05 15:13:21.803  3318  3318 V PhoneWindow: DecorView setVisiblity: visibility = 8, Parent = android.view.ViewRootImpl@aae8bc5, this = DecorView@a45b91a[InputMethod]
06-05 15:13:21.803  3318  3318 I chatty  : uid=10065(com.google.android.inputmethod.pinyin) identical 1 line
06-05 15:13:21.803  3318  3318 V PhoneWindow: DecorView setVisiblity: visibility = 8, Parent = android.view.ViewRootImpl@aae8bc5, this = DecorView@a45b91a[InputMethod]
06-05 15:13:21.806   888  2985 I InputDispatcher: setInputWindows displayId=0 Window{110f1dc u0 NavigationBar0} Window{616bfc2 u0 StatusBar} recents_animation_input_consumer Window{a569bc6 u0 com.yangcong345.cloud.ui.launcher/com.yangcong345.padmodule.new_home.PadHomeActivity} Window{41ab024 u0 com.android.systemui.ImageWallpaper}
06-05 15:13:21.823   888  2985 I chatty  : uid=1000(system) Binder:888_A identical 1 line
06-05 15:13:21.839   888  2985 I InputDispatcher: setInputWindows displayId=0 Window{110f1dc u0 NavigationBar0} Window{616bfc2 u0 StatusBar} recents_animation_input_consumer Window{a569bc6 u0 com.yangcong345.cloud.ui.launcher/com.yangcong345.padmodule.new_home.PadHomeActivity} Window{41ab024 u0 com.android.systemui.ImageWallpaper}
06-05 15:13:21.854   888  2610 I InputDispatcher: setInputWindows displayId=0 Window{110f1dc u0 NavigationBar0} Window{616bfc2 u0 StatusBar} recents_animation_input_consumer Window{a569bc6 u0 com.yangcong345.cloud.ui.launcher/com.yangcong345.padmodule.new_home.PadHomeActivity} Window{41ab024 u0 com.android.systemui.ImageWallpaper}
06-05 15:13:21.871   888  2985 I InputDispatcher: setInputWindows displayId=0 Window{110f1dc u0 NavigationBar0} Window{616bfc2 u0 StatusBar} recents_animation_input_consumer Window{a569bc6 u0 com.yangcong345.cloud.ui.launcher/com.yangcong345.padmodule.new_home.PadHomeActivity} Window{41ab024 u0 com.android.systemui.ImageWallpaper}
06-05 15:13:21.887   888 18312 I InputDispatcher: setInputWindows displayId=0 Window{110f1dc u0 NavigationBar0} Window{616bfc2 u0 StatusBar} recents_animation_input_consumer Window{a569bc6 u0 com.yangcong345.cloud.ui.launcher/com.yangcong345.padmodule.new_home.PadHomeActivity} Window{41ab024 u0 com.android.systemui.ImageWallpaper}
06-05 15:13:21.903   888 18312 I chatty  : uid=1000(system) Binder:888_1B identical 1 line
06-05 15:13:21.920   888 18312 I InputDispatcher: setInputWindows displayId=0 Window{110f1dc u0 NavigationBar0} Window{616bfc2 u0 StatusBar} recents_animation_input_consumer Window{a569bc6 u0 com.yangcong345.cloud.ui.launcher/com.yangcong345.padmodule.new_home.PadHomeActivity} Window{41ab024 u0 com.android.systemui.ImageWallpaper}
06-05 15:13:21.933   746   774 I Proximity: distance = 2
06-05 15:13:21.936   888 18312 I InputDispatcher: setInputWindows displayId=0 Window{110f1dc u0 NavigationBar0} Window{616bfc2 u0 StatusBar} recents_animation_input_consumer Window{a569bc6 u0 com.yangcong345.cloud.ui.launcher/com.yangcong345.padmodule.new_home.PadHomeActivity} Window{41ab024 u0 com.android.systemui.ImageWallpaper}
06-05 15:13:21.968   888 18312 I chatty  : uid=1000(system) Binder:888_1B identical 2 lines
06-05 15:13:21.984   888 18312 I InputDispatcher: setInputWindows displayId=0 Window{110f1dc u0 NavigationBar0} Window{616bfc2 u0 StatusBar} recents_animation_input_consumer Window{a569bc6 u0 com.yangcong345.cloud.ui.launcher/com.yangcong345.padmodule.new_home.PadHomeActivity} Window{41ab024 u0 com.android.systemui.ImageWallpaper}
06-05 15:13:22.000   888  2985 I InputDispatcher: setInputWindows displayId=0 Window{110f1dc u0 NavigationBar0} Window{616bfc2 u0 StatusBar} recents_animation_input_consumer Window{a569bc6 u0 com.yangcong345.cloud.ui.launcher/com.yangcong345.padmodule.new_home.PadHomeActivity} Window{41ab024 u0 com.android.systemui.ImageWallpaper}
06-05 15:13:22.065   888  2985 I chatty  : uid=1000(system) Binder:888_A identical 4 lines
06-05 15:13:22.081   888  2985 I InputDispatcher: setInputWindows displayId=0 Window{110f1dc u0 NavigationBar0} Window{616bfc2 u0 StatusBar} recents_animation_input_consumer Window{a569bc6 u0 com.yangcong345.cloud.ui.launcher/com.yangcong345.padmodule.new_home.PadHomeActivity} Window{41ab024 u0 com.android.systemui.ImageWallpaper}
06-05 15:13:22.089 19047 19047 I Monkey  : :Sending Key (ACTION_DOWN): 23    // KEYCODE_DPAD_CENTER
06-05 15:13:22.093 19047 19047 I Monkey  : :Sending Key (ACTION_UP): 23    // KEYCODE_DPAD_CENTER
06-05 15:13:22.095 19047 19047 I Monkey  : Sleeping for 1000 milliseconds
06-05 15:13:22.097   888  2985 I InputDispatcher: setInputWindows displayId=0 Window{110f1dc u0 NavigationBar0} Window{616bfc2 u0 StatusBar} recents_animation_input_consumer Window{a569bc6 u0 com.yangcong345.cloud.ui.launcher/com.yangcong345.padmodule.new_home.PadHomeActivity} Window{41ab024 u0 com.android.systemui.ImageWallpaper}
06-05 15:13:22.099   519   519 I hwcomposer: [HWCDisplay] [Display_0 (type:1)] fps:61.822044,dur:1002.88,max:32.25,min:5.45
06-05 15:13:22.113   888  2985 I InputDispatcher: setInputWindows displayId=0 Window{110f1dc u0 NavigationBar0} Window{616bfc2 u0 StatusBar} recents_animation_input_consumer Window{a569bc6 u0 com.yangcong345.cloud.ui.launcher/com.yangcong345.padmodule.new_home.PadHomeActivity} Window{41ab024 u0 com.android.systemui.ImageWallpaper}
06-05 15:13:22.129   888  2985 I InputDispatcher: setInputWindows displayId=0 Window{110f1dc u0 NavigationBar0} Window{616bfc2 u0 StatusBar} recents_animation_input_consumer Window{a569bc6 u0 com.yangcong345.cloud.ui.launcher/com.yangcong345.padmodule.new_home.PadHomeActivity} Window{41ab024 u0 com.android.systemui.ImageWallpaper}
06-05 15:13:22.137   746   774 I Proximity: distance = 2
06-05 15:13:22.146   888  2985 I InputDispatcher: setInputWindows displayId=0 Window{110f1dc u0 NavigationBar0} Window{616bfc2 u0 StatusBar} recents_animation_input_consumer Window{a569bc6 u0 com.yangcong345.cloud.ui.launcher/com.yangcong345.padmodule.new_home.PadHomeActivity} Window{41ab024 u0 com.android.systemui.ImageWallpaper}
06-05 15:13:22.162   888  2985 I chatty  : uid=1000(system) Binder:888_A identical 1 line
06-05 15:13:22.178   888  2985 I InputDispatcher: setInputWindows displayId=0 Window{110f1dc u0 NavigationBar0} Window{616bfc2 u0 StatusBar} recents_animation_input_consumer Window{a569bc6 u0 com.yangcong345.cloud.ui.launcher/com.yangcong345.padmodule.new_home.PadHomeActivity} Window{41ab024 u0 com.android.systemui.ImageWallpaper}
06-05 15:13:22.266  3192  3192 D VibrateSensorServer: VibrateSensorServer  testTime=currentTime - currentTime1 > 1s
06-05 15:13:22.276  3192  3192 D VibrateSensorServer: Times--->  0
06-05 15:13:22.276  3192  3192 D VibrateSensorServer:  .... else VibrateTip --> Off ....
06-05 15:13:21.602  3133  3133 D MtkSubscriptionInfoUpdater: onReceive, Action: android.intent.action.CONFIGURATION_CHANGED
06-05 15:13:22.296  3133  3133 D CapRIL  : resetProxyAndRequestList
06-05 15:13:22.297   396   396 I hwservicemanager: getTransport: Cannot find entry vendor.mediatek.hardware.mtkradioex@2.0::IMtkRadioEx/mtkCap1 in either framework or device manifest.
06-05 15:13:22.298  3133  3133 D CapRIL  : MtkRadioProxy getService/setResponseFunctions: java.util.NoSuchElementException
06-05 15:13:22.341   746   774 I Proximity: distance = 2
06-05 15:13:22.396 18581 19135 D CacheInterceptor: requestRemoteOnly
06-05 15:13:22.397 18581 19321 I MMKV    : <MMKV.cpp:226::initializeMMKV> root dir: /data/user/0/com.yangcong345.android.phone/files/mmkv
06-05 15:13:22.399 18581 19098 D CacheInterceptor: requestRemoteOnly
06-05 15:13:22.545   746   774 I Proximity: distance = 2
06-05 15:13:22.625 18581 18581 I MMKV    : <MMKV.cpp:1180::sync> MMKV::sync, SyncFlag = 0
06-05 15:13:22.625 18581 18581 I MMKV    : <MMKV.cpp:1180::sync> MMKV::sync, SyncFlag = 0
06-05 15:13:22.689 18581 19134 W System.err: java.text.ParseException: Unparseable date: "2024-06-05T15:13:22.850554662+08:00"
06-05 15:13:22.690 18581 19134 W System.err: 	at java.text.DateFormat.parse(DateFormat.java:362)
06-05 15:13:22.690 18581 19134 W System.err: 	at com.yangcong345.platform.utils.time.DateUtil.str2Date(TbsSdkJava:6)
06-05 15:13:22.690 18581 19134 W System.err: 	at com.yangcong345.platform.utils.time.DateUtil.str2Date$default(Unknown Source:12)
06-05 15:13:22.690 18581 19134 W System.err: 	at com.yangcong345.learn.feature.video.cache.CacheAuthorizationHelper.saveLastOpenCacheTime(TbsSdkJava:7)
06-05 15:13:22.690 18581 19134 W System.err: 	at com.yangcong345.learn.feature.video.cache.CacheAuthorizationHelper.access$saveLastOpenCacheTime(Unknown Source:0)
06-05 15:13:22.690 18581 19134 W System.err: 	at com.yangcong345.learn.feature.video.cache.CacheAuthorizationHelper$refreshUserVideoAuth$dispose$2.invoke(TbsSdkJava:4)
06-05 15:13:22.690 18581 19134 W System.err: 	at com.yangcong345.learn.feature.video.cache.CacheAuthorizationHelper$refreshUserVideoAuth$dispose$2.invoke(TbsSdkJava:1)
06-05 15:13:22.690 18581 19134 W System.err: 	at com.yangcong345.learn.feature.video.cache.CacheAuthorizationHelper.refreshUserVideoAuth$lambda$1(Unknown Source:5)
06-05 15:13:22.690 18581 19134 W System.err: 	at com.yangcong345.learn.feature.video.cache.CacheAuthorizationHelper.a(Unknown Source:0)
06-05 15:13:22.691 18581 19134 W System.err: 	at com.yangcong345.learn.feature.video.cache.a.accept(Unknown Source:2)
06-05 15:13:22.691 18581 19134 W System.err: 	at io.reactivex.internal.observers.LambdaObserver.onNext(TbsSdkJava:2)
06-05 15:13:22.691 18581 19134 W System.err: 	at io.reactivex.internal.operators.observable.ObservableSubscribeOn$SubscribeOnObserver.onNext(Unknown Source:2)
06-05 15:13:22.691 18581 19134 W System.err: 	at io.reactivex.internal.operators.observable.c1$a.onNext(Unknown Source:2)
06-05 15:13:22.691 18581 19134 W System.err: 	at io.reactivex.internal.operators.observable.x0$a.onNext(TbsSdkJava:5)
06-05 15:13:22.691 18581 19134 W System.err: 	at retrofit2.adapter.rxjava2.BodyObservable$BodyObserver.onNext(TbsSdkJava:3)
06-05 15:13:22.691 18581 19134 W System.err: 	at retrofit2.adapter.rxjava2.BodyObservable$BodyObserver.onNext(TbsSdkJava:1)
06-05 15:13:22.691 18581 19134 W System.err: 	at retrofit2.adapter.rxjava2.CallExecuteObservable.subscribeActual(TbsSdkJava:7)
06-05 15:13:22.691 18581 19134 W System.err: 	at io.reactivex.z.subscribe(TbsSdkJava:14)
06-05 15:13:22.691 18581 19134 W System.err: 	at retrofit2.adapter.rxjava2.BodyObservable.subscribeActual(Unknown Source:7)
06-05 15:13:22.691 18581 19134 W System.err: 	at io.reactivex.z.subscribe(TbsSdkJava:14)
06-05 15:13:22.691 18581 19134 W System.err: 	at io.reactivex.internal.operators.observable.x0.subscribeActual(Unknown Source:9)
06-05 15:13:22.691 18581 19134 W System.err: 	at io.reactivex.z.subscribe(TbsSdkJava:14)
06-05 15:13:22.691 18581 19134 W System.err: 	at io.reactivex.internal.operators.observable.c1.subscribeActual(Unknown Source:9)
06-05 15:13:22.691 18581 19134 W System.err: 	at io.reactivex.z.subscribe(TbsSdkJava:14)
06-05 15:13:22.692 18581 19134 W System.err: 	at io.reactivex.internal.operators.observable.ObservableSubscribeOn$a.run(Unknown Source:6)
06-05 15:13:22.692 18581 19134 W System.err: 	at io.reactivex.h0$a.run(TbsSdkJava:2)
06-05 15:13:22.692 18581 19134 W System.err: 	at io.reactivex.internal.schedulers.ScheduledRunnable.run(TbsSdkJava:2)
06-05 15:13:22.692 18581 19134 W System.err: 	at io.reactivex.internal.schedulers.ScheduledRunnable.call(Unknown Source:0)
06-05 15:13:22.692 18581 19134 W System.err: 	at java.util.concurrent.FutureTask.run(FutureTask.java:266)
06-05 15:13:22.692 18581 19134 W System.err: 	at java.util.concurrent.ScheduledThreadPoolExecutor$ScheduledFutureTask.run(ScheduledThreadPoolExecutor.java:301)
06-05 15:13:22.692 18581 19134 W System.err: 	at java.util.concurrent.ThreadPoolExecutor.runWorker(ThreadPoolExecutor.java:1167)
06-05 15:13:22.692 18581 19134 W System.err: 	at java.util.concurrent.ThreadPoolExecutor$Worker.run(ThreadPoolExecutor.java:641)
06-05 15:13:22.692 18581 19134 W System.err: 	at java.lang.Thread.run(Thread.java:923)
06-05 15:13:22.730 18581 18704 D DataSailMapper: get instance by url: onion-app-diagnosis.cn-beijing.log.aliyuncs.com/logstores/diagnosis-error/shards/lb
06-05 15:13:22.731 18581 18704 I System.out: [okhttp]:check permission begin!
06-05 15:13:22.732 18581 18704 I System.out: [okhttp]:not MMS!
06-05 15:13:22.732 18581 18704 I System.out: [okhttp]:not Email!
06-05 15:13:22.733 18581 19098 I MMKV    : <MMKV.cpp:226::initializeMMKV> root dir: /data/user/0/com.yangcong345.android.phone/files/mmkv
06-05 15:13:22.733 18581 19098 I MMKV    : <MMKV.cpp:1180::sync> MMKV::sync, SyncFlag = 0
06-05 15:13:22.734 18581 18704 I System.out: [OkHttp] sendRequest>>
06-05 15:13:22.734 18581 18704 I System.out: [OkHttp] sendRequest<<
06-05 15:13:22.749   746   774 I Proximity: distance = 2
06-05 15:13:22.754   888  2985 W ActivityTaskManager: zzg getRecentTasksImpl res.add: task=Task{a483c4d #48 visible=false type=standard mode=fullscreen translucent=true A=10094:com.yangcong345.android.phone U=0 StackId=48 sz=0}
06-05 15:13:22.754   888  2985 W ActivityTaskManager: zzg getRecentTasksImpl res.add: task=Task{259da32 #44 visible=true type=standard mode=fullscreen translucent=false A=10069:com.yangcong345.cloud.toolbox U=0 StackId=44 sz=0}
06-05 15:13:22.755   888  2985 W ActivityTaskManager: zzg getRecentTasksImpl res.add: task=Task{c3b16cf #43 visible=true type=standard mode=fullscreen translucent=false A=10130:com.passmark.pt_mobile U=0 StackId=43 sz=1}
06-05 15:13:22.755   888  2985 W ActivityTaskManager: zzg getRecentTasksImpl res.add: task=Task{d69c89e #37 visible=true type=standard mode=fullscreen translucent=false A=10128:com.antutu.ABenchMark U=0 StackId=37 sz=2}
06-05 15:13:22.755   888  2985 W ActivityTaskManager: zzg getRecentTasksImpl res.add: task=Task{e0eac17 #42 visible=false type=standard mode=fullscreen translucent=true A=10129:com.antutu.benchmark.full.lite U=0 StackId=42 sz=0}
06-05 15:13:22.755   888  2985 W ActivityTaskManager: zzg getRecentTasksImpl res.add: task=Task{4a46ca9 #11 visible=true type=standard mode=fullscreen translucent=false A=10127:com.x1y9.probe U=0 StackId=11 sz=1}
06-05 15:13:22.755   888  2985 W ActivityTaskManager: zzg getRecentTasksImpl ignore task=Task{194c4f4 #8 visible=false type=standard mode=fullscreen translucent=true A=10081:com.yangcong345.cloud.ui.launcher U=0 StackId=8 sz=0}
06-05 15:13:22.755   888  2985 W ActivityTaskManager: zzg recentTasks final item pkgName=com.yangcong345.android.phone
06-05 15:13:22.755   888  2985 W ActivityTaskManager: zzg recentTasks final item pkgName=com.yangcong345.cloud.toolbox
06-05 15:13:22.755   888  2985 W ActivityTaskManager: zzg recentTasks final item pkgName=com.passmark.pt_mobile
06-05 15:13:22.755   888  2985 W ActivityTaskManager: zzg recentTasks final item pkgName=com.antutu.ABenchMark
06-05 15:13:22.755   888  2985 W ActivityTaskManager: zzg recentTasks final item pkgName=com.antutu.benchmark.full.lite
06-05 15:13:22.755   888  2985 W ActivityTaskManager: zzg recentTasks final item pkgName=com.x1y9.probe
06-05 15:13:22.769   754   754 I thermal_repeater: socket -1
06-05 15:13:22.831   888  2985 D HraManager: hra getBlackIntentActionList
06-05 15:13:22.953   746   774 I Proximity: distance = 2
06-05 15:13:23.097 19047 19047 I Monkey  : :Sending Touch (ACTION_DOWN): 0:(1816.0,935.0)
06-05 15:13:23.099   534   583 I libPowerHal: [perfLockAcq] idx:0 hdl:1654 hint:25 pid:534 duration:10000 => ret_hdl:1654
06-05 15:13:23.099   534   583 I libPowerHal: [PE] scn:0 hdl:1654 hint:25 comm:mtkpower@1.0-se pid:534
06-05 15:13:23.099   534   583 I libPowerHal: [PE] MTKPOWER_HINT_APP_TOUCH update cmd:3408600 param:1
06-05 15:13:23.100 19047 19047 I Monkey  : :Sending Touch (ACTION_UP): 0:(1822.1869,945.45874)
06-05 15:13:23.101   534   583 I libPowerHal: [perfLockRel] hdl:1654, idx:0
06-05 15:13:23.101   534   583 I libPowerHal: [PD] scn:0 hdl:1654 hint:25 comm:mtkpower@1.0-se pid:534
06-05 15:13:23.102   534   583 I libPowerHal: [PD] MTKPOWER_HINT_APP_TOUCH update cmd:3408600 param:0
06-05 15:13:23.102 19047 19047 I Monkey  : Sleeping for 1000 milliseconds
06-05 15:13:23.157   746   774 I Proximity: distance = 2
06-05 15:13:23.298  3192  3192 D VibrateSensorServer: VibrateSensorServer  testTime=currentTime - currentTime1 > 1s
06-05 15:13:23.306  3192  3192 D VibrateSensorServer: Times--->  0
06-05 15:13:23.306  3192  3192 D VibrateSensorServer:  .... else VibrateTip --> Off ....
06-05 15:13:23.360   746   774 I Proximity: distance = 2
06-05 15:13:23.768   746   774 I chatty  : uid=1000(system) sensors@2.0-ser identical 2 lines
06-05 15:13:23.972   746   774 I Proximity: distance = 2
06-05 15:13:24.103 19047 19047 I Monkey  : :Switch: #Intent;action=android.intent.action.MAIN;category=android.intent.category.LAUNCHER;launchFlags=0x10200000;component=com.yangcong345.android.phone/com.yangcong345.main.phone.splash.SplashActivity;end
06-05 15:13:24.106   888 18312 D HraManager: hra getBlackActivityList
06-05 15:13:24.106   888 18312 D HraManagerService:  getBlackActivityList
06-05 15:13:24.106   888 18312 D HraManager: hra getBlackIntentActionList
06-05 15:13:24.107   888 18312 I ActivityTaskManager: START u0 {act=android.intent.action.MAIN cat=[android.intent.category.LAUNCHER] flg=0x10200000 cmp=com.yangcong345.android.phone/com.yangcong345.main.phone.splash.SplashActivity} from uid 2000
06-05 15:13:24.108 19047 19047 I Monkey  :     // Allowing start of Intent { act=android.intent.action.MAIN cat=[android.intent.category.LAUNCHER] cmp=com.yangcong345.android.phone/com.yangcong345.main.phone.splash.SplashActivity } in package com.yangcong345.android.phone
06-05 15:13:24.111   888 18312 I wm_task_created: [49,-1]
06-05 15:13:24.111   888 18312 I wm_stack_created: 49
06-05 15:13:24.116   888 13042 I InputDispatcher: setInputWindows displayId=0 Window{110f1dc u0 NavigationBar0} Window{616bfc2 u0 StatusBar} recents_animation_input_consumer Window{a569bc6 u0 com.yangcong345.cloud.ui.launcher/com.yangcong345.padmodule.new_home.PadHomeActivity} Window{41ab024 u0 com.android.systemui.ImageWallpaper}
06-05 15:13:24.117   888 18312 I wm_create_task: [0,49]
06-05 15:13:24.117   888 18312 I wm_create_activity: [0,59953342,49,com.yangcong345.android.phone/com.yangcong345.main.phone.splash.SplashActivity,android.intent.action.MAIN,NULL,NULL,270532608]
06-05 15:13:24.118   534   560 I mtkpower@impl: [setMode] type:5, enabled:1
06-05 15:13:24.118  4527  4527 I Matrix.ActivityThreadHacker: [handleMessage] msg.what:159 begin:11710069 isLaunchActivity:false SDK_INT=30
06-05 15:13:24.118  4527  4527 I Matrix.ActivityThreadHacker: [handleMessage] msg.what:159 begin:11710070 isLaunchActivity:false SDK_INT=30
06-05 15:13:24.118  4527  4527 I wm_on_top_resumed_lost_called: [177849743,com.yangcong345.padmodule.new_home.PadHomeActivity,topStateChangedWhenResumed]
06-05 15:13:24.119   519   519 I hwcomposer: [HWCDisplay] [Display_0 (type:1)] fps:2.970296,dur:2020.00,max:1939.81,min:14.60
06-05 15:13:24.120   534   583 I libPowerHal: [perfLockAcq] idx:0 hdl:1655 hint:11 pid:534 duration:30000 => ret_hdl:1655
06-05 15:13:24.120   534   583 I libPowerHal: [PE] scn:0 hdl:1655 hint:11 comm:mtkpower@1.0-se pid:534
06-05 15:13:24.119   888 18312 I wm_pause_activity: [0,177849743,com.yangcong345.cloud.ui.launcher/com.yangcong345.padmodule.new_home.PadHomeActivity,userLeaving=true]
06-05 15:13:24.120   534   583 I libPowerHal: LAUNCH: cpu_ctrl set cpu freq: 1989000 -1 1989000 -1
06-05 15:13:24.120   534   583 I libPowerHal: [PE] LAUNCH update cmd:1000000, param:0
06-05 15:13:24.120   534   583 I libPowerHal: [PE] LAUNCH update cmd:1408300, param:100
06-05 15:13:24.121   534   583 I libPowerHal: [PE] LAUNCH update cmd:1000000 param:0
06-05 15:13:24.121   534   583 I libPowerHal: [perfLockAcq] idx:1 hdl:1656 hint:22 pid:534 duration:10000 => ret_hdl:1656
06-05 15:13:24.122   534   583 I libPowerHal: [PE] scn:1 hdl:1656 hint:22 comm:mtkpower@1.0-se pid:534
06-05 15:13:24.125 19047 19047 I Monkey  : Sleeping for 1000 milliseconds
06-05 15:13:24.126  4527  4527 I Matrix.ActivityThreadHacker: [handleMessage] msg.what:159 begin:11710077 isLaunchActivity:false SDK_INT=30
06-05 15:13:24.126  4527  4527 I Matrix.ActivityThreadHacker: [handleMessage] msg.what:159 begin:11710078 isLaunchActivity:false SDK_INT=30
06-05 15:13:24.127  4527  4527 I wm_on_paused_called: [177849743,com.yangcong345.padmodule.new_home.PadHomeActivity,performPause]
06-05 15:13:24.128   888 18312 W ActivityTaskManager: Tried to set launchTime (0) < mLastActivityLaunchTime (11707047)
06-05 15:13:24.128   888 18312 I wm_add_to_stopping: [0,177849743,com.yangcong345.cloud.ui.launcher/com.yangcong345.padmodule.new_home.PadHomeActivity,makeInvisible]
06-05 15:13:24.128   556   967 I SurfaceFlinger: [SF client] NEW(0xb4000076b23200f0) for (888:system_server)
06-05 15:13:24.129   888   942 D ViewRootImpl[phone]: hardware acceleration = false , fakeHwAccelerated = true, sRendererDisabled = false, forceHwAccelerated = false, sSystemRendererDisabled = false
06-05 15:13:24.131   888 18312 I wm_restart_activity: [0,59953342,49,com.yangcong345.android.phone/com.yangcong345.main.phone.splash.SplashActivity]
06-05 15:13:24.132   888  2985 I InputDispatcher: setInputWindows displayId=0 Window{110f1dc u0 NavigationBar0} Window{616bfc2 u0 StatusBar} recents_animation_input_consumer Window{a569bc6 u0 com.yangcong345.cloud.ui.launcher/com.yangcong345.padmodule.new_home.PadHomeActivity} Window{41ab024 u0 com.android.systemui.ImageWallpaper}
06-05 15:13:24.132   534   583 I libPowerHal: [perfNotifyAppState] foreground:com.yangcong345.android.phone, pid:18581, uid:10094
06-05 15:13:24.132   534   583 E UxUtility: notifyAppState error = NULL
06-05 15:13:24.132   534   583 I TouchUtility: notifyAppState error = NULL
06-05 15:13:24.132   534   559 I mtkpower@impl: [notifyAppState] pc:0, com.yangcong345.cloud.ui.launcher => com.yangcong345.android.phone
06-05 15:13:24.132   888 18312 W WindowManager: Changing focus fromWindow{a569bc6 u0 com.yangcong345.cloud.ui.launcher/com.yangcong345.padmodule.new_home.PadHomeActivity} to null displayId=0 Callers=com.android.server.wm.RootWindowContainer.updateFocusedWindowLocked:457 com.android.server.wm.WindowManagerService.updateFocusedWindowLocked:5611 com.android.server.wm.DisplayContent.setFocusedApp:5534 com.android.server.wm.ActivityTaskManagerService.setResumedActivityUncheckLocked:5548
06-05 15:13:24.133   888 18312 I wm_set_resumed_activity: [0,com.yangcong345.android.phone/com.yangcong345.main.phone.splash.SplashActivity,minimalResumeActivityLocked]
06-05 15:13:24.137   888   942 I InputTransport: Create ARC handle: 0xb400006eeed60840
06-05 15:13:24.139   888   941 I sysui_multi_action: [757,803,799,window_time_0,802,2]
06-05 15:13:24.142   556   966 I BufferQueueConsumer: [](id:22c00000171,api:0,p:-1,c:556) connect(): controlledByApp=false
06-05 15:13:24.142   556   966 I BufferQueue: [unnamed-556-369](this:0xb400007762573168,id:369,api:0,p:-1,c:-1) BufferQueue core=(556:/system/bin/surfaceflinger)
06-05 15:13:24.145   888   942 D Surface : lockCanvas
06-05 15:13:24.145   556   967 I BufferQueueProducer: [Splash Screen com.yangcong345.android.phone#0](id:22c00000171,api:2,p:888,c:556) connect(): api=2 producerControlledByApp=false
06-05 15:13:24.148   888  2985 I InputDispatcher: setInputWindows displayId=0 Window{110f1dc u0 NavigationBar0} Window{616bfc2 u0 StatusBar} Splash Screen com.yangcong345.android.phone#0 recents_animation_input_consumer Window{a569bc6 u0 com.yangcong345.cloud.ui.launcher/com.yangcong345.padmodule.new_home.PadHomeActivity} Window{41ab024 u0 com.android.systemui.ImageWallpaper}
06-05 15:13:24.158 18581 18581 E ActivityThread: Failed to find provider info for com.example.edcationcloud
06-05 15:13:24.159 18581 18581 D test_act: com.yangcong345.android.phone
06-05 15:13:24.160   888  2985 D HraManager: hra getBlackIntentActionList
06-05 15:13:24.159 18581 18581 E ActivityThread: Failed to find provider info for com.example.edcationcloud
06-05 15:13:24.160   888  2985 I ActivityTaskManager: START u0 {act=android.intent.action.VIEW dat=ycmath://padlauncher.com/homePage?position=-1 cmp=com.yangcong345.cloud.ui.launcher/com.yangcong345.support.common.LauncherSchemeActivity} from uid 10094
06-05 15:13:24.161 19047 19083 I Monkey  :     // Rejecting start of Intent { act=android.intent.action.VIEW dat=ycmath://padlauncher.com/homePage?position=-1 cmp=com.yangcong345.cloud.ui.launcher/com.yangcong345.support.common.LauncherSchemeActivity } in package com.yangcong345.cloud.ui.launcher
06-05 15:13:24.162   888  2985 I wm_finish_activity: [0,59953342,49,com.yangcong345.android.phone/com.yangcong345.main.phone.splash.SplashActivity,app-request]
06-05 15:13:24.162   888  2985 I wm_focused_stack: [0,0,14,49,finish-top adjustFocusToNextFocusableStack]
06-05 15:13:24.162   888  2985 I wm_task_moved: [15,1,2147483647]
06-05 15:13:24.163   888  2985 I wm_set_resumed_activity: [0,com.yangcong345.cloud.ui.launcher/com.yangcong345.padmodule.new_home.PadHomeActivity,finish-top adjustFocusToNextFocusableStack]
06-05 15:13:24.163   888  2985 I wm_pause_activity: [0,59953342,com.yangcong345.android.phone/com.yangcong345.main.phone.splash.SplashActivity,userLeaving=false]
06-05 15:13:24.164   534   583 I libPowerHal: [perfLockAcq] idx:2 hdl:1657 hint:22 pid:534 duration:10000 => ret_hdl:1657
06-05 15:13:24.164   534   583 I libPowerHal: [PE] scn:2 hdl:1657 hint:22 comm:mtkpower@1.0-se pid:534
06-05 15:13:24.164   534   583 I libPowerHal: [perfLockRel] hdl:1656, idx:1
06-05 15:13:24.164   534   583 I libPowerHal: [PD] scn:1 hdl:1656 hint:22 comm:mtkpower@1.0-se pid:534
06-05 15:13:24.165 18581 18581 I wm_on_create_called: [59953342,com.yangcong345.main.phone.splash.SplashActivity,performCreate]
06-05 15:13:24.166   888  4712 I InputDispatcher: setInputWindows displayId=0 Window{110f1dc u0 NavigationBar0} Window{616bfc2 u0 StatusBar} Splash Screen com.yangcong345.android.phone#0 recents_animation_input_consumer Window{a569bc6 u0 com.yangcong345.cloud.ui.launcher/com.yangcong345.padmodule.new_home.PadHomeActivity} Window{41ab024 u0 com.android.systemui.ImageWallpaper}
06-05 15:13:24.166   888   941 I sysui_multi_action: [757,1144,758,8,806,com.yangcong345.android.phone,871,com.yangcong345.main.phone.splash.SplashActivity]
06-05 15:13:24.168   888  4712 I wm_add_to_stopping: [0,59953342,com.yangcong345.android.phone/com.yangcong345.main.phone.splash.SplashActivity,completeFinishing]
06-05 15:13:24.169   888  4712 I wm_set_resumed_activity: [0,com.yangcong345.cloud.ui.launcher/com.yangcong345.padmodule.new_home.PadHomeActivity,resumeTopActivityInnerLocked]
06-05 15:13:24.169   534   583 I libPowerHal: [perfNotifyAppState] foreground:com.yangcong345.cloud.ui.launcher, pid:4527, uid:10081
06-05 15:13:24.169   534   583 E UxUtility: notifyAppState error = NULL
06-05 15:13:24.169   534   583 I TouchUtility: notifyAppState error = NULL
06-05 15:13:24.169  4527  4527 I Matrix.ActivityThreadHacker: [handleMessage] msg.what:159 begin:11710121 isLaunchActivity:false SDK_INT=30
06-05 15:13:24.169  4527  4527 I Matrix.ActivityThreadHacker: [handleMessage] msg.what:159 begin:11710121 isLaunchActivity:false SDK_INT=30
06-05 15:13:24.169   534   559 I mtkpower@impl: [notifyAppState] pc:0, com.yangcong345.android.phone => com.yangcong345.cloud.ui.launcher
06-05 15:13:24.170   888  4712 I wm_resume_activity: [0,177849743,15,com.yangcong345.cloud.ui.launcher/com.yangcong345.padmodule.new_home.PadHomeActivity]
06-05 15:13:24.170  4527  4527 I Matrix.ActivityThreadHacker: [handleMessage] msg.what:159 begin:11710121 isLaunchActivity:false SDK_INT=30
06-05 15:13:24.170  4527  4527 I Matrix.ActivityThreadHacker: [handleMessage] msg.what:159 begin:11710122 isLaunchActivity:false SDK_INT=30
06-05 15:13:24.174  4527  7882 E oud.ui.launche: No package ID ff found for ID 0xffffffff.
06-05 15:13:24.174 18581 18834 I 5.android.phon: oneway function results will be dropped but finished with status OK and parcel size 4
06-05 15:13:24.174 18581 18834 I 5.android.phon: oneway function results will be dropped but finished with status OK and parcel size 4
06-05 15:13:24.174  4527  7882 W ResourceLoader: Received invalid resource id: -1
06-05 15:13:24.174  4527  7882 W ResourceLoader: android.content.res.Resources$NotFoundException: Unable to find resource ID #0xffffffff
06-05 15:13:24.174  4527  7882 W ResourceLoader: 	at android.content.res.ResourcesImpl.getResourcePackageName(ResourcesImpl.java:295)
06-05 15:13:24.174  4527  7882 W ResourceLoader: 	at android.content.res.Resources.getResourcePackageName(Resources.java:2199)
06-05 15:13:24.174  4527  7882 W ResourceLoader: 	at com.bumptech.glide.load.model.ResourceLoader.getResourceUri(ResourceLoader.java:45)
06-05 15:13:24.174  4527  7882 W ResourceLoader: 	at com.bumptech.glide.load.model.ResourceLoader.buildLoadData(ResourceLoader.java:35)
06-05 15:13:24.174  4527  7882 W ResourceLoader: 	at com.bumptech.glide.load.model.ResourceLoader.buildLoadData(ResourceLoader.java:20)
06-05 15:13:24.174  4527  7882 W ResourceLoader: 	at com.bumptech.glide.load.engine.DecodeHelper.getLoadData(DecodeHelper.java:216)
06-05 15:13:24.174  4527  7882 W ResourceLoader: 	at com.bumptech.glide.load.engine.DecodeHelper.getCacheKeys(DecodeHelper.java:229)
06-05 15:13:24.174  4527  7882 W ResourceLoader: 	at com.bumptech.glide.load.engine.ResourceCacheGenerator.startNext(ResourceCacheGenerator.java:47)
06-05 15:13:24.174  4527  7882 W ResourceLoader: 	at com.bumptech.glide.load.engine.DecodeJob.runGenerators(DecodeJob.java:311)
06-05 15:13:24.174  4527  7882 W ResourceLoader: 	at com.bumptech.glide.load.engine.DecodeJob.runWrapped(DecodeJob.java:277)
06-05 15:13:24.174  4527  7882 W ResourceLoader: 	at com.bumptech.glide.load.engine.DecodeJob.run(DecodeJob.java:235)
06-05 15:13:24.174  4527  7882 W ResourceLoader: 	at java.util.concurrent.ThreadPoolExecutor.runWorker(ThreadPoolExecutor.java:1167)
06-05 15:13:24.174  4527  7882 W ResourceLoader: 	at java.util.concurrent.ThreadPoolExecutor$Worker.run(ThreadPoolExecutor.java:641)
06-05 15:13:24.174  4527  7882 W ResourceLoader: 	at com.bumptech.glide.load.engine.executor.GlideExecutor$DefaultThreadFactory$1.run(GlideExecutor.java:421)
06-05 15:13:24.174  4527  7882 W ResourceLoader: 	at java.lang.Thread.run(Thread.java:923)
06-05 15:13:24.174  4527  7882 W ResourceLoader: 	at com.bumptech.glide.load.engine.executor.GlideExecutor$DefaultPriorityThreadFactory$1.run(GlideExecutor.java:380)
06-05 15:13:24.174  4527  7882 E oud.ui.launche: No package ID ff found for ID 0xffffffff.
06-05 15:13:24.175  4527  4527 I wm_on_resume_called: [177849743,com.yangcong345.padmodule.new_home.PadHomeActivity,RESUME_ACTIVITY]
06-05 15:13:24.175  4527  7882 W ResourceLoader: Received invalid resource id: -1
06-05 15:13:24.175  4527  7882 W ResourceLoader: android.content.res.Resources$NotFoundException: Unable to find resource ID #0xffffffff
06-05 15:13:24.175  4527  7882 W ResourceLoader: 	at android.content.res.ResourcesImpl.getResourcePackageName(ResourcesImpl.java:295)
06-05 15:13:24.175  4527  7882 W ResourceLoader: 	at android.content.res.Resources.getResourcePackageName(Resources.java:2199)
06-05 15:13:24.175  4527  7882 W ResourceLoader: 	at com.bumptech.glide.load.model.ResourceLoader.getResourceUri(ResourceLoader.java:45)
06-05 15:13:24.175  4527  7882 W ResourceLoader: 	at com.bumptech.glide.load.model.ResourceLoader.buildLoadData(ResourceLoader.java:35)
06-05 15:13:24.175  4527  7882 W ResourceLoader: 	at com.bumptech.glide.load.model.ResourceLoader.buildLoadData(ResourceLoader.java:20)
06-05 15:13:24.175  4527  7882 W ResourceLoader: 	at com.bumptech.glide.load.engine.DecodeHelper.getLoadData(DecodeHelper.java:216)
06-05 15:13:24.175  4527  7882 W ResourceLoader: 	at com.bumptech.glide.load.engine.DecodeHelper.getCacheKeys(DecodeHelper.java:229)
06-05 15:13:24.175  4527  7882 W ResourceLoader: 	at com.bumptech.glide.load.engine.ResourceCacheGenerator.startNext(ResourceCacheGenerator.java:47)
06-05 15:13:24.175  4527  7882 W ResourceLoader: 	at com.bumptech.glide.load.engine.DecodeJob.runGenerators(DecodeJob.java:311)
06-05 15:13:24.175  4527  7882 W ResourceLoader: 	at com.bumptech.glide.load.engine.DecodeJob.runWrapped(DecodeJob.java:277)
06-05 15:13:24.175  4527  7882 W ResourceLoader: 	at com.bumptech.glide.load.engine.DecodeJob.run(DecodeJob.java:235)
06-05 15:13:24.175  4527  7882 W ResourceLoader: 	at java.util.concurrent.ThreadPoolExecutor.runWorker(ThreadPoolExecutor.java:1167)
06-05 15:13:24.175  4527  7882 W ResourceLoader: 	at java.util.concurrent.ThreadPoolExecutor$Worker.run(ThreadPoolExecutor.java:641)
06-05 15:13:24.175  4527  7882 W ResourceLoader: 	at com.bumptech.glide.load.engine.executor.GlideExecutor$DefaultThreadFactory$1.run(GlideExecutor.java:421)
06-05 15:13:24.175  4527  7882 W ResourceLoader: 	at java.lang.Thread.run(Thread.java:923)
06-05 15:13:24.175  4527  7882 W ResourceLoader: 	at com.bumptech.glide.load.engine.executor.GlideExecutor$DefaultPriorityThreadFactory$1.run(GlideExecutor.java:380)
06-05 15:13:24.175   888  4712 W WindowManager: Changing focus fromnull to Window{a569bc6 u0 com.yangcong345.cloud.ui.launcher/com.yangcong345.padmodule.new_home.PadHomeActivity} displayId=0 Callers=com.android.server.wm.RootWindowContainer.updateFocusedWindowLocked:457 com.android.server.wm.WindowManagerService.updateFocusedWindowLocked:5611 com.android.server.wm.RootWindowContainer.performSurfacePlacementNoTrace:882 com.android.server.wm.RootWindowContainer.performSurfacePlacement:805
06-05 15:13:24.175  4527  7882 E oud.ui.launche: No package ID ff found for ID 0xffffffff.
06-05 15:13:24.175  4527  7882 W ResourceLoader: Received invalid resource id: -1
06-05 15:13:24.175  4527  7882 W ResourceLoader: android.content.res.Resources$NotFoundException: Unable to find resource ID #0xffffffff
06-05 15:13:24.175  4527  7882 W ResourceLoader: 	at android.content.res.ResourcesImpl.getResourcePackageName(ResourcesImpl.java:295)
06-05 15:13:24.175  4527  7882 W ResourceLoader: 	at android.content.res.Resources.getResourcePackageName(Resources.java:2199)
06-05 15:13:24.175  4527  7882 W ResourceLoader: 	at com.bumptech.glide.load.model.ResourceLoader.getResourceUri(ResourceLoader.java:45)
06-05 15:13:24.175  4527  7882 W ResourceLoader: 	at com.bumptech.glide.load.model.ResourceLoader.buildLoadData(ResourceLoader.java:35)
06-05 15:13:24.175  4527  7882 W ResourceLoader: 	at com.bumptech.glide.load.model.ResourceLoader.buildLoadData(ResourceLoader.java:20)
06-05 15:13:24.175  4527  7882 W ResourceLoader: 	at com.bumptech.glide.load.engine.DecodeHelper.getLoadData(DecodeHelper.java:216)
06-05 15:13:24.175  4527  7882 W ResourceLoader: 	at com.bumptech.glide.load.engine.DecodeHelper.getCacheKeys(DecodeHelper.java:229)
06-05 15:13:24.175  4527  7882 W ResourceLoader: 	at com.bumptech.glide.load.engine.ResourceCacheGenerator.startNext(ResourceCacheGenerator.java:47)
06-05 15:13:24.175  4527  7882 W ResourceLoader: 	at com.bumptech.glide.load.engine.DecodeJob.runGenerators(DecodeJob.java:311)
06-05 15:13:24.175  4527  7882 W ResourceLoader: 	at com.bumptech.glide.load.engine.DecodeJob.runWrapped(DecodeJob.java:277)
06-05 15:13:24.175  4527  7882 W ResourceLoader: 	at com.bumptech.glide.load.engine.DecodeJob.run(DecodeJob.java:235)
06-05 15:13:24.175  4527  7882 W ResourceLoader: 	at java.util.concurrent.ThreadPoolExecutor.runWorker(ThreadPoolExecutor.java:1167)
06-05 15:13:24.175  4527  7882 W ResourceLoader: 	at java.util.concurrent.ThreadPoolExecutor$Worker.run(ThreadPoolExecutor.java:641)
06-05 15:13:24.175  4527  7882 W ResourceLoader: 	at com.bumptech.glide.load.engine.executor.GlideExecutor$DefaultThreadFactory$1.run(GlideExecutor.java:421)
06-05 15:13:24.175  4527  7882 W ResourceLoader: 	at java.lang.Thread.run(Thread.java:923)
06-05 15:13:24.175  4527  7882 W ResourceLoader: 	at com.bumptech.glide.load.engine.executor.GlideExecutor$DefaultPriorityThreadFactory$1.run(GlideExecutor.java:380)
06-05 15:13:24.176  4527  7882 E oud.ui.launche: No package ID ff found for ID 0xffffffff.
06-05 15:13:24.176  4527  7882 W ResourceLoader: Received invalid resource id: -1
06-05 15:13:24.176  4527  7882 W ResourceLoader: android.content.res.Resources$NotFoundException: Unable to find resource ID #0xffffffff
06-05 15:13:24.176  4527  7882 W ResourceLoader: 	at android.content.res.ResourcesImpl.getResourcePackageName(ResourcesImpl.java:295)
06-05 15:13:24.176  4527  7882 W ResourceLoader: 	at android.content.res.Resources.getResourcePackageName(Resources.java:2199)
06-05 15:13:24.176  4527  7882 W ResourceLoader: 	at com.bumptech.glide.load.model.ResourceLoader.getResourceUri(ResourceLoader.java:45)
06-05 15:13:24.176  4527  7882 W ResourceLoader: 	at com.bumptech.glide.load.model.ResourceLoader.buildLoadData(ResourceLoader.java:35)
06-05 15:13:24.176  4527  7882 W ResourceLoader: 	at com.bumptech.glide.load.model.ResourceLoader.buildLoadData(ResourceLoader.java:20)
06-05 15:13:24.176  4527  7882 W ResourceLoader: 	at com.bumptech.glide.load.engine.DecodeHelper.getLoadData(DecodeHelper.java:216)
06-05 15:13:24.176  4527  7882 W ResourceLoader: 	at com.bumptech.glide.load.engine.DecodeHelper.getCacheKeys(DecodeHelper.java:229)
06-05 15:13:24.176  4527  7882 W ResourceLoader: 	at com.bumptech.glide.load.engine.ResourceCacheGenerator.startNext(ResourceCacheGenerator.java:47)
06-05 15:13:24.176  4527  7882 W ResourceLoader: 	at com.bumptech.glide.load.engine.DecodeJob.runGenerators(DecodeJob.java:311)
06-05 15:13:24.176  4527  7882 W ResourceLoader: 	at com.bumptech.glide.load.engine.DecodeJob.runWrapped(DecodeJob.java:277)
06-05 15:13:24.176  4527  7882 W ResourceLoader: 	at com.bumptech.glide.load.engine.DecodeJob.run(DecodeJob.java:235)
06-05 15:13:24.176  4527  7882 W ResourceLoader: 	at java.util.concurrent.ThreadPoolExecutor.runWorker(ThreadPoolExecutor.java:1167)
06-05 15:13:24.176  4527  7882 W ResourceLoader: 	at java.util.concurrent.ThreadPoolExecutor$Worker.run(ThreadPoolExecutor.java:641)
06-05 15:13:24.176  4527  7882 W ResourceLoader: 	at com.bumptech.glide.load.engine.executor.GlideExecutor$DefaultThreadFactory$1.run(GlideExecutor.java:421)
06-05 15:13:24.176  4527  7882 W ResourceLoader: 	at java.lang.Thread.run(Thread.java:923)
06-05 15:13:24.176  4527  7882 W ResourceLoader: 	at com.bumptech.glide.load.engine.executor.GlideExecutor$DefaultPriorityThreadFactory$1.run(GlideExecutor.java:380)
06-05 15:13:24.177   888   941 I wm_destroy_activity: [0,59953342,49,com.yangcong345.android.phone/com.yangcong345.main.phone.splash.SplashActivity,finish-imm:idle]
06-05 15:13:24.178   888   941 I sysui_multi_action: [757,803,799,window_time_0,802,0]
06-05 15:13:24.181   746   774 I Proximity: distance = 2
06-05 15:13:24.181   888  4712 I InputDispatcher: setInputWindows displayId=0 Window{110f1dc u0 NavigationBar0} Window{616bfc2 u0 StatusBar} Splash Screen com.yangcong345.android.phone#0 recents_animation_input_consumer Window{a569bc6 u0 com.yangcong345.cloud.ui.launcher/com.yangcong345.padmodule.new_home.PadHomeActivity} Window{41ab024 u0 com.android.systemui.ImageWallpaper}
06-05 15:13:24.182  4527 18474 D CacheInterceptor: requestRemoteOnly
06-05 15:13:24.185   888 13042 W ActivityTaskManager: Finishing task with all activities already finished
06-05 15:13:24.185   888 13042 W ActivityTaskManager: Duplicate finish request for r=ActivityRecord{392d0be u0 com.yangcong345.android.phone/com.yangcong345.main.phone.splash.SplashActivity t49 f}}
06-05 15:13:24.186 18581 18581 W 5.android.phon: Accessing hidden field Landroid/view/inputmethod/InputMethodManager;->mCurRootView:Landroid/view/ViewRootImpl; (blacklist, reflection, denied)
06-05 15:13:24.186  4527  4527 I wm_on_top_resumed_gained_called: [177849743,com.yangcong345.padmodule.new_home.PadHomeActivity,topWhenResuming]
06-05 15:13:24.187  4527  4527 V PhoneWindow: DecorView setVisiblity: visibility = 0, Parent = android.view.ViewRootImpl@1ae817, this = DecorView@7f9cec3[PadHomeActivity]
06-05 15:13:24.189   888   942 D View    : [Warning] assignParent to null: this = DecorView@56bea7a[phone]
06-05 15:13:24.192   556   967 I BufferQueueProducer: [Splash Screen com.yangcong345.android.phone#0](id:22c00000171,api:2,p:888,c:556) disconnect(): api=2
06-05 15:13:24.195   888   942 I InputTransport: Destroy ARC handle: 0xb400006eeed60840
06-05 15:13:24.196 18581 18581 I wm_on_destroy_called: [59953342,com.yangcong345.main.phone.splash.SplashActivity,performDestroy]
06-05 15:13:24.197   556   556 I BufferQueueConsumer: [Splash Screen com.yangcong345.android.phone#0](id:22c00000171,api:0,p:-1,c:556) disconnect()
06-05 15:13:24.198   556   556 I BufferQueue: [Splash Screen com.yangcong345.android.phone#0](this:0xb400007762573168,id:369,api:2,p:-1,c:-1) onDestructor()
06-05 15:13:24.198   888 18312 I wm_task_removed: [49,removeChild: last r=ActivityRecord{392d0be u0 com.yangcong345.android.phone/com.yangcong345.main.phone.splash.SplashActivity t-1 f}} in t=Task{b8f10b1 #49 visible=false type=standard mode=fullscreen translucent=true A=10094:com.yangcong345.android.phone U=0 StackId=49 sz=0}]
06-05 15:13:24.198   888 18312 I wm_task_removed: [49,removeTask]
06-05 15:13:24.198   888 18312 I wm_task_removed: [49,removeTask]
06-05 15:13:24.198   888 18312 I wm_stack_removed: 49
06-05 15:13:24.198   888 13042 I InputDispatcher: setInputWindows displayId=0 Window{110f1dc u0 NavigationBar0} Window{616bfc2 u0 StatusBar} recents_animation_input_consumer Window{a569bc6 u0 com.yangcong345.cloud.ui.launcher/com.yangcong345.padmodule.new_home.PadHomeActivity} Window{41ab024 u0 com.android.systemui.ImageWallpaper}
06-05 15:13:24.198   888 13042 I InputDispatcher: Window went away: Splash Screen com.yangcong345.android.phone#0
06-05 15:13:24.199  3318  3318 V PhoneWindow: DecorView setVisiblity: visibility = 8, Parent = android.view.ViewRootImpl@aae8bc5, this = DecorView@a45b91a[InputMethod]
06-05 15:13:24.200  4527  4527 W Glide   : Load failed for [-1] with dimensions [116x116]
06-05 15:13:24.200  4527  4527 W Glide   : class com.bumptech.glide.load.engine.GlideException: Failed to load resource
06-05 15:13:24.201  4527  4527 I Matrix.ActivityThreadHacker: [handleMessage] msg.what:149 begin:11710152 isLaunchActivity:false SDK_INT=30
06-05 15:13:24.201  4527  4527 I Matrix.ActivityThreadHacker: [handleMessage] msg.what:149 begin:11710153 isLaunchActivity:false SDK_INT=30
06-05 15:13:24.208  4527 19118 D CacheInterceptor: requestRemoteFirst
06-05 15:13:24.209  4527 19118 D CacheInterceptor: request local cache success
06-05 15:13:24.214   534   560 I mtkpower@impl: [setMode] type:5, enabled:0
06-05 15:13:24.215   534   583 I libPowerHal: [perfLockRel] hdl:1655, idx:0
06-05 15:13:24.215   534   583 I libPowerHal: [PD] scn:0 hdl:1655 hint:11 comm:mtkpower@1.0-se pid:534
