06-05 15:13:24.215   888  4712 I InputDispatcher: setInputWindows displayId=0 Window{110f1dc u0 NavigationBar0} Window{616bfc2 u0 StatusBar} recents_animation_input_consumer Window{a569bc6 u0 com.yangcong345.cloud.ui.launcher/com.yangcong345.padmodule.new_home.PadHomeActivity} Window{41ab024 u0 com.android.systemui.ImageWallpaper}
06-05 15:13:24.215   534   583 I libPowerHal: [perfLockRel] hdl:1657, idx:2
06-05 15:13:24.215   534   583 I libPowerHal: [PD] scn:2 hdl:1657 hint:22 comm:mtkpower@1.0-se pid:534
06-05 15:13:24.216   556   967 I BufferQueueProducer: [com.yangcong345.cloud.ui.launcher/com.yangcong345.padmodule.new_home.PadHomeActivity#0](this:0xb4000077624da7e8,id:361,api:1,p:4527,c:556) queueBuffer: fps=3.86 dur=2851.49 max=2557.03 min=11.84
06-05 15:13:24.216   534   583 I libPowerHal: MTKPOWER_HINT_PACK_SWITCH: cpu_ctrl set cpu freq: -1 -1 -1 -1
06-05 15:13:24.217   534   583 I libPowerHal: [PD] MTKPOWER_HINT_PACK_SWITCH update cmd:1000000, param:-1
06-05 15:13:24.217   534   583 I libPowerHal: [PD] MTKPOWER_HINT_PACK_SWITCH update cmd:1408300 param:0
06-05 15:13:24.217   534   583 I libPowerHal: [PD] MTKPOWER_HINT_PACK_SWITCH update cmd:1000000 param:-1
06-05 15:13:24.232   888 18312 I InputDispatcher: setInputWindows displayId=0 Window{110f1dc u0 NavigationBar0} Window{616bfc2 u0 StatusBar} recents_animation_input_consumer Window{a569bc6 u0 com.yangcong345.cloud.ui.launcher/com.yangcong345.padmodule.new_home.PadHomeActivity} Window{41ab024 u0 com.android.systemui.ImageWallpaper}
06-05 15:13:24.245   888  4712 I InputDispatcher: setInputWindows displayId=0 Window{110f1dc u0 NavigationBar0} Window{616bfc2 u0 StatusBar} recents_animation_input_consumer Window{a569bc6 u0 com.yangcong345.cloud.ui.launcher/com.yangcong345.padmodule.new_home.PadHomeActivity} Window{41ab024 u0 com.android.systemui.ImageWallpaper}
06-05 15:13:24.294   888  4712 I chatty  : uid=1000(system) Binder:888_C identical 3 lines
06-05 15:13:24.310   888  4712 I InputDispatcher: setInputWindows displayId=0 Window{110f1dc u0 NavigationBar0} Window{616bfc2 u0 StatusBar} recents_animation_input_consumer Window{a569bc6 u0 com.yangcong345.cloud.ui.launcher/com.yangcong345.padmodule.new_home.PadHomeActivity} Window{41ab024 u0 com.android.systemui.ImageWallpaper}
06-05 15:13:24.323  3192  3192 D VibrateSensorServer: VibrateSensorServer  testTime=currentTime - currentTime1 > 1s
06-05 15:13:24.327   888 18312 I InputDispatcher: setInputWindows displayId=0 Window{110f1dc u0 NavigationBar0} Window{616bfc2 u0 StatusBar} recents_animation_input_consumer Window{a569bc6 u0 com.yangcong345.cloud.ui.launcher/com.yangcong345.padmodule.new_home.PadHomeActivity} Window{41ab024 u0 com.android.systemui.ImageWallpaper}
06-05 15:13:24.332  3192  3192 D VibrateSensorServer: Times--->  0
06-05 15:13:24.332  3192  3192 D VibrateSensorServer:  .... else VibrateTip --> Off ....
06-05 15:13:24.343   888  4712 I InputDispatcher: setInputWindows displayId=0 Window{110f1dc u0 NavigationBar0} Window{616bfc2 u0 StatusBar} recents_animation_input_consumer Window{a569bc6 u0 com.yangcong345.cloud.ui.launcher/com.yangcong345.padmodule.new_home.PadHomeActivity} Window{41ab024 u0 com.android.systemui.ImageWallpaper}
06-05 15:13:24.373   888  2449 I commit_sys_config_file: [settings-2-0,9]
06-05 15:13:24.359   888  4712 I chatty  : uid=1000(system) Binder:888_C identical 1 line
06-05 15:13:24.375   888  4712 I InputDispatcher: setInputWindows displayId=0 Window{110f1dc u0 NavigationBar0} Window{616bfc2 u0 StatusBar} recents_animation_input_consumer Window{a569bc6 u0 com.yangcong345.cloud.ui.launcher/com.yangcong345.padmodule.new_home.PadHomeActivity} Window{41ab024 u0 com.android.systemui.ImageWallpaper}
06-05 15:13:24.388   746   774 I Proximity: distance = 2
06-05 15:13:24.391   888  2985 I InputDispatcher: setInputWindows displayId=0 Window{110f1dc u0 NavigationBar0} Window{616bfc2 u0 StatusBar} recents_animation_input_consumer Window{a569bc6 u0 com.yangcong345.cloud.ui.launcher/com.yangcong345.padmodule.new_home.PadHomeActivity} Window{41ab024 u0 com.android.systemui.ImageWallpaper}
06-05 15:13:24.394  4527 18474 I MMKV    : <MMKV.cpp:226::initializeMMKV> root dir: /data/user/0/com.yangcong345.cloud.ui.launcher/files/mmkv
06-05 15:13:24.394  4527 18474 I MMKV    : <MMKV.cpp:1180::sync> MMKV::sync, SyncFlag = 0
06-05 15:13:24.407   888  4712 I InputDispatcher: setInputWindows displayId=0 Window{110f1dc u0 NavigationBar0} Window{616bfc2 u0 StatusBar} recents_animation_input_consumer Window{a569bc6 u0 com.yangcong345.cloud.ui.launcher/com.yangcong345.padmodule.new_home.PadHomeActivity} Window{41ab024 u0 com.android.systemui.ImageWallpaper}
06-05 15:13:24.425   888 13042 I InputDispatcher: setInputWindows displayId=0 Window{110f1dc u0 NavigationBar0} Window{616bfc2 u0 StatusBar} recents_animation_input_consumer Window{a569bc6 u0 com.yangcong345.cloud.ui.launcher/com.yangcong345.padmodule.new_home.PadHomeActivity} Window{41ab024 u0 com.android.systemui.ImageWallpaper}
06-05 15:13:24.439   888 18312 I InputDispatcher: setInputWindows displayId=0 Window{110f1dc u0 NavigationBar0} Window{616bfc2 u0 StatusBar} recents_animation_input_consumer Window{a569bc6 u0 com.yangcong345.cloud.ui.launcher/com.yangcong345.padmodule.new_home.PadHomeActivity} Window{41ab024 u0 com.android.systemui.ImageWallpaper}
06-05 15:13:24.471   888 18312 I chatty  : uid=1000(system) Binder:888_1B identical 2 lines
06-05 15:13:24.488   888 18312 I InputDispatcher: setInputWindows displayId=0 Window{110f1dc u0 NavigationBar0} Window{616bfc2 u0 StatusBar} recents_animation_input_consumer Window{a569bc6 u0 com.yangcong345.cloud.ui.launcher/com.yangcong345.padmodule.new_home.PadHomeActivity} Window{41ab024 u0 com.android.systemui.ImageWallpaper}
06-05 15:13:24.490  4527  4545 I oud.ui.launche: Background concurrent copying GC freed 96392(4725KB) AllocSpace objects, 149(9216KB) LOS objects, 17% free, 27MB/33MB, paused 103us total 114.208ms
06-05 15:13:24.504   888  2985 I InputDispatcher: setInputWindows displayId=0 Window{110f1dc u0 NavigationBar0} Window{616bfc2 u0 StatusBar} recents_animation_input_consumer Window{a569bc6 u0 com.yangcong345.cloud.ui.launcher/com.yangcong345.padmodule.new_home.PadHomeActivity} Window{41ab024 u0 com.android.systemui.ImageWallpaper}
06-05 15:13:24.536   888  2985 I chatty  : uid=1000(system) Binder:888_A identical 2 lines
06-05 15:13:24.553   888  2985 I InputDispatcher: setInputWindows displayId=0 Window{110f1dc u0 NavigationBar0} Window{616bfc2 u0 StatusBar} recents_animation_input_consumer Window{a569bc6 u0 com.yangcong345.cloud.ui.launcher/com.yangcong345.padmodule.new_home.PadHomeActivity} Window{41ab024 u0 com.android.systemui.ImageWallpaper}
06-05 15:13:24.569   888 18312 I InputDispatcher: setInputWindows displayId=0 Window{110f1dc u0 NavigationBar0} Window{616bfc2 u0 StatusBar} recents_animation_input_consumer Window{a569bc6 u0 com.yangcong345.cloud.ui.launcher/com.yangcong345.padmodule.new_home.PadHomeActivity} Window{41ab024 u0 com.android.systemui.ImageWallpaper}
06-05 15:13:24.585   888  2985 I InputDispatcher: setInputWindows displayId=0 Window{110f1dc u0 NavigationBar0} Window{616bfc2 u0 StatusBar} recents_animation_input_consumer Window{a569bc6 u0 com.yangcong345.cloud.ui.launcher/com.yangcong345.padmodule.new_home.PadHomeActivity} Window{41ab024 u0 com.android.systemui.ImageWallpaper}
06-05 15:13:24.592   746   774 I Proximity: distance = 2
06-05 15:13:24.597   888   955 D wujq    : package : 10081
06-05 15:13:24.601   888  2985 I InputDispatcher: setInputWindows displayId=0 Window{110f1dc u0 NavigationBar0} Window{616bfc2 u0 StatusBar} recents_animation_input_consumer Window{a569bc6 u0 com.yangcong345.cloud.ui.launcher/com.yangcong345.padmodule.new_home.PadHomeActivity} Window{41ab024 u0 com.android.systemui.ImageWallpaper}
06-05 15:13:24.617   888  2610 I InputDispatcher: setInputWindows displayId=0 Window{110f1dc u0 NavigationBar0} Window{616bfc2 u0 StatusBar} recents_animation_input_consumer Window{a569bc6 u0 com.yangcong345.cloud.ui.launcher/com.yangcong345.padmodule.new_home.PadHomeActivity} Window{41ab024 u0 com.android.systemui.ImageWallpaper}
06-05 15:13:24.633   888  2610 I InputDispatcher: setInputWindows displayId=0 Window{110f1dc u0 NavigationBar0} Window{616bfc2 u0 StatusBar} recents_animation_input_consumer Window{a569bc6 u0 com.yangcong345.cloud.ui.launcher/com.yangcong345.padmodule.new_home.PadHomeActivity} Window{41ab024 u0 com.android.systemui.ImageWallpaper}
06-05 15:13:24.633   888  2800 E WifiVendorHal: getWifiLinkLayerStats_1_3_Internal(l.973) failed {.code = ERROR_NOT_SUPPORTED, .description = }
06-05 15:13:24.650   888  2610 I InputDispatcher: setInputWindows displayId=0 Window{110f1dc u0 NavigationBar0} Window{616bfc2 u0 StatusBar} recents_animation_input_consumer Window{a569bc6 u0 com.yangcong345.cloud.ui.launcher/com.yangcong345.padmodule.new_home.PadHomeActivity} Window{41ab024 u0 com.android.systemui.ImageWallpaper}
06-05 15:13:24.666   888  2610 I InputDispatcher: setInputWindows displayId=0 Window{110f1dc u0 NavigationBar0} Window{616bfc2 u0 StatusBar} recents_animation_input_consumer Window{a569bc6 u0 com.yangcong345.cloud.ui.launcher/com.yangcong345.padmodule.new_home.PadHomeActivity} Window{41ab024 u0 com.android.systemui.ImageWallpaper}
06-05 15:13:24.667 18581 18601 I 5.android.phon: Explicit concurrent copying GC freed 42267(2444KB) AllocSpace objects, 61(1760KB) LOS objects, 28% free, 15MB/21MB, paused 210us total 132.213ms
06-05 15:13:24.682   888  2985 I InputDispatcher: setInputWindows displayId=0 Window{110f1dc u0 NavigationBar0} Window{616bfc2 u0 StatusBar} recents_animation_input_consumer Window{a569bc6 u0 com.yangcong345.cloud.ui.launcher/com.yangcong345.padmodule.new_home.PadHomeActivity} Window{41ab024 u0 com.android.systemui.ImageWallpaper}
06-05 15:13:24.766   888  2985 W ActivityTaskManager: zzg getRecentTasksImpl res.add: task=Task{b8f10b1 #49 visible=false type=standard mode=fullscreen translucent=true A=10094:com.yangcong345.android.phone U=0 StackId=49 sz=0}
06-05 15:13:24.766   888  2985 W ActivityTaskManager: zzg getRecentTasksImpl res.add: task=Task{259da32 #44 visible=true type=standard mode=fullscreen translucent=false A=10069:com.yangcong345.cloud.toolbox U=0 StackId=44 sz=0}
06-05 15:13:24.766   888  2985 W ActivityTaskManager: zzg getRecentTasksImpl res.add: task=Task{c3b16cf #43 visible=true type=standard mode=fullscreen translucent=false A=10130:com.passmark.pt_mobile U=0 StackId=43 sz=1}
06-05 15:13:24.766   888  2985 W ActivityTaskManager: zzg getRecentTasksImpl res.add: task=Task{d69c89e #37 visible=true type=standard mode=fullscreen translucent=false A=10128:com.antutu.ABenchMark U=0 StackId=37 sz=2}
06-05 15:13:24.766   888  2985 W ActivityTaskManager: zzg getRecentTasksImpl res.add: task=Task{e0eac17 #42 visible=false type=standard mode=fullscreen translucent=true A=10129:com.antutu.benchmark.full.lite U=0 StackId=42 sz=0}
06-05 15:13:24.766   888  2985 W ActivityTaskManager: zzg getRecentTasksImpl res.add: task=Task{4a46ca9 #11 visible=true type=standard mode=fullscreen translucent=false A=10127:com.x1y9.probe U=0 StackId=11 sz=1}
06-05 15:13:24.766   888  2985 W ActivityTaskManager: zzg getRecentTasksImpl ignore task=Task{194c4f4 #8 visible=false type=standard mode=fullscreen translucent=true A=10081:com.yangcong345.cloud.ui.launcher U=0 StackId=8 sz=0}
06-05 15:13:24.766   888  2985 W ActivityTaskManager: zzg recentTasks final item pkgName=com.yangcong345.android.phone
06-05 15:13:24.766   888  2985 W ActivityTaskManager: zzg recentTasks final item pkgName=com.yangcong345.cloud.toolbox
06-05 15:13:24.766   888  2985 W ActivityTaskManager: zzg recentTasks final item pkgName=com.passmark.pt_mobile
06-05 15:13:24.767   888  2985 W ActivityTaskManager: zzg recentTasks final item pkgName=com.antutu.ABenchMark
06-05 15:13:24.767   888  2985 W ActivityTaskManager: zzg recentTasks final item pkgName=com.antutu.benchmark.full.lite
06-05 15:13:24.767   888  2985 W ActivityTaskManager: zzg recentTasks final item pkgName=com.x1y9.probe
06-05 15:13:24.730   888  2985 I chatty  : uid=1000(system) Binder:888_A identical 3 lines
06-05 15:13:24.747   888  2985 I InputDispatcher: setInputWindows displayId=0 Window{110f1dc u0 NavigationBar0} Window{616bfc2 u0 StatusBar} recents_animation_input_consumer Window{a569bc6 u0 com.yangcong345.cloud.ui.launcher/com.yangcong345.padmodule.new_home.PadHomeActivity} Window{41ab024 u0 com.android.systemui.ImageWallpaper}
06-05 15:13:24.797   746   774 I Proximity: distance = 2
06-05 15:13:24.836   888  2985 D HraManager: hra getBlackIntentActionList
06-05 15:13:25.001   746   774 I Proximity: distance = 2
06-05 15:13:25.126 19047 19047 I Monkey  : :Sending Touch (ACTION_DOWN): 0:(1056.0,1145.0)
06-05 15:13:25.128   534   583 I libPowerHal: [perfLockAcq] idx:0 hdl:1658 hint:25 pid:534 duration:10000 => ret_hdl:1658
06-05 15:13:25.128   534   583 I libPowerHal: [PE] scn:0 hdl:1658 hint:25 comm:mtkpower@1.0-se pid:534
06-05 15:13:25.129   534   583 I libPowerHal: [PE] MTKPOWER_HINT_APP_TOUCH update cmd:3408600 param:1
06-05 15:13:25.130 19047 19047 I Monkey  : :Sending Touch (ACTION_UP): 0:(1049.0952,1163.1744)
06-05 15:13:25.131   534   583 I libPowerHal: [perfLockRel] hdl:1658, idx:0
06-05 15:13:25.131   534   583 I libPowerHal: [PD] scn:0 hdl:1658 hint:25 comm:mtkpower@1.0-se pid:534
06-05 15:13:25.131   534   583 I libPowerHal: [PD] MTKPOWER_HINT_APP_TOUCH update cmd:3408600 param:0
06-05 15:13:25.131 19047 19047 I Monkey  : Sleeping for 1000 milliseconds
06-05 15:13:25.134  4527  4527 D test_act: com.yangcong345.cloud.ui.launcher
06-05 15:13:25.134   888  2985 D HraManager: hra getBlackActivityList
06-05 15:13:25.134   888  2985 D HraManagerService:  getBlackActivityList
06-05 15:13:25.134   888  2985 D HraManager: hra getBlackIntentActionList
06-05 15:13:25.135   888  2985 I ActivityTaskManager: START u0 {cmp=com.yangcong345.cloud.ui.launcher/com.yangcong345.padmodule.travel.TravelHomeActivity (has extras)} from uid 10081
06-05 15:13:25.136 19047 19083 I Monkey  :     // Rejecting start of Intent { cmp=com.yangcong345.cloud.ui.launcher/com.yangcong345.padmodule.travel.TravelHomeActivity } in package com.yangcong345.cloud.ui.launcher
06-05 15:13:25.141 18581 18601 I 5.android.phon: oneway function results will be dropped but finished with status OK and parcel size 4
06-05 15:13:25.178 18581 19098 D CacheInterceptor: requestRemoteOnly
06-05 15:13:25.178 18581 19350 I MMKV    : <MMKV.cpp:226::initializeMMKV> root dir: /data/user/0/com.yangcong345.android.phone/files/mmkv
06-05 15:13:25.179 18581 19135 D CacheInterceptor: requestRemoteOnly
06-05 15:13:25.204   746   774 I Proximity: distance = 2
06-05 15:13:25.209   888  3552 E TaskPersister: File error accessing recents directory (directory doesn't exist?).
06-05 15:13:25.294 18581 18581 I MMKV    : <MMKV.cpp:1180::sync> MMKV::sync, SyncFlag = 0
06-05 15:13:25.294 18581 18581 I MMKV    : <MMKV.cpp:1180::sync> MMKV::sync, SyncFlag = 0
06-05 15:13:25.347  3192  3192 D VibrateSensorServer: VibrateSensorServer  testTime=currentTime - currentTime1 > 1s
06-05 15:13:25.355 18581 19134 W System.err: java.text.ParseException: Unparseable date: "2024-06-05T15:13:25.54089504+08:00"
06-05 15:13:25.356 18581 19134 W System.err: 	at java.text.DateFormat.parse(DateFormat.java:362)
06-05 15:13:25.356 18581 19134 W System.err: 	at com.yangcong345.platform.utils.time.DateUtil.str2Date(TbsSdkJava:6)
06-05 15:13:25.356 18581 19134 W System.err: 	at com.yangcong345.platform.utils.time.DateUtil.str2Date$default(Unknown Source:12)
06-05 15:13:25.356 18581 19134 W System.err: 	at com.yangcong345.learn.feature.video.cache.CacheAuthorizationHelper.saveLastOpenCacheTime(TbsSdkJava:7)
06-05 15:13:25.356 18581 19134 W System.err: 	at com.yangcong345.learn.feature.video.cache.CacheAuthorizationHelper.access$saveLastOpenCacheTime(Unknown Source:0)
06-05 15:13:25.356  3192  3192 D VibrateSensorServer: Times--->  0
06-05 15:13:25.356  3192  3192 D VibrateSensorServer:  .... else VibrateTip --> Off ....
06-05 15:13:25.356 18581 19134 W System.err: 	at com.yangcong345.learn.feature.video.cache.CacheAuthorizationHelper$refreshUserVideoAuth$dispose$2.invoke(TbsSdkJava:4)
06-05 15:13:25.356 18581 19134 W System.err: 	at com.yangcong345.learn.feature.video.cache.CacheAuthorizationHelper$refreshUserVideoAuth$dispose$2.invoke(TbsSdkJava:1)
06-05 15:13:25.356 18581 19134 W System.err: 	at com.yangcong345.learn.feature.video.cache.CacheAuthorizationHelper.refreshUserVideoAuth$lambda$1(Unknown Source:5)
06-05 15:13:25.356 18581 19134 W System.err: 	at com.yangcong345.learn.feature.video.cache.CacheAuthorizationHelper.a(Unknown Source:0)
06-05 15:13:25.356 18581 19134 W System.err: 	at com.yangcong345.learn.feature.video.cache.a.accept(Unknown Source:2)
06-05 15:13:25.357 18581 19134 W System.err: 	at io.reactivex.internal.observers.LambdaObserver.onNext(TbsSdkJava:2)
06-05 15:13:25.357 18581 19134 W System.err: 	at io.reactivex.internal.operators.observable.ObservableSubscribeOn$SubscribeOnObserver.onNext(Unknown Source:2)
06-05 15:13:25.357 18581 19134 W System.err: 	at io.reactivex.internal.operators.observable.c1$a.onNext(Unknown Source:2)
06-05 15:13:25.357 18581 19134 W System.err: 	at io.reactivex.internal.operators.observable.x0$a.onNext(TbsSdkJava:5)
06-05 15:13:25.357 18581 19134 W System.err: 	at retrofit2.adapter.rxjava2.BodyObservable$BodyObserver.onNext(TbsSdkJava:3)
06-05 15:13:25.357 18581 19134 W System.err: 	at retrofit2.adapter.rxjava2.BodyObservable$BodyObserver.onNext(TbsSdkJava:1)
06-05 15:13:25.357 18581 19134 W System.err: 	at retrofit2.adapter.rxjava2.CallExecuteObservable.subscribeActual(TbsSdkJava:7)
06-05 15:13:25.357 18581 19134 W System.err: 	at io.reactivex.z.subscribe(TbsSdkJava:14)
06-05 15:13:25.357 18581 19134 W System.err: 	at retrofit2.adapter.rxjava2.BodyObservable.subscribeActual(Unknown Source:7)
06-05 15:13:25.357 18581 19134 W System.err: 	at io.reactivex.z.subscribe(TbsSdkJava:14)
06-05 15:13:25.357 18581 19134 W System.err: 	at io.reactivex.internal.operators.observable.x0.subscribeActual(Unknown Source:9)
06-05 15:13:25.357 18581 19134 W System.err: 	at io.reactivex.z.subscribe(TbsSdkJava:14)
06-05 15:13:25.357 18581 19134 W System.err: 	at io.reactivex.internal.operators.observable.c1.subscribeActual(Unknown Source:9)
06-05 15:13:25.357 18581 19134 W System.err: 	at io.reactivex.z.subscribe(TbsSdkJava:14)
06-05 15:13:25.357 18581 19134 W System.err: 	at io.reactivex.internal.operators.observable.ObservableSubscribeOn$a.run(Unknown Source:6)
06-05 15:13:25.357 18581 19134 W System.err: 	at io.reactivex.h0$a.run(TbsSdkJava:2)
06-05 15:13:25.357 18581 19134 W System.err: 	at io.reactivex.internal.schedulers.ScheduledRunnable.run(TbsSdkJava:2)
06-05 15:13:25.358 18581 19134 W System.err: 	at io.reactivex.internal.schedulers.ScheduledRunnable.call(Unknown Source:0)
06-05 15:13:25.358 18581 19134 W System.err: 	at java.util.concurrent.FutureTask.run(FutureTask.java:266)
06-05 15:13:25.358 18581 19134 W System.err: 	at java.util.concurrent.ScheduledThreadPoolExecutor$ScheduledFutureTask.run(ScheduledThreadPoolExecutor.java:301)
06-05 15:13:25.358 18581 19134 W System.err: 	at java.util.concurrent.ThreadPoolExecutor.runWorker(ThreadPoolExecutor.java:1167)
06-05 15:13:25.358 18581 19134 W System.err: 	at java.util.concurrent.ThreadPoolExecutor$Worker.run(ThreadPoolExecutor.java:641)
06-05 15:13:25.358 18581 19134 W System.err: 	at java.lang.Thread.run(Thread.java:923)
06-05 15:13:25.409   746   774 I Proximity: distance = 2
06-05 15:13:25.412 18581 18704 D DataSailMapper: get instance by url: onion-app-diagnosis.cn-beijing.log.aliyuncs.com/logstores/diagnosis-error/shards/lb
06-05 15:13:25.413 18581 19135 I MMKV    : <MMKV.cpp:226::initializeMMKV> root dir: /data/user/0/com.yangcong345.android.phone/files/mmkv
06-05 15:13:25.413 18581 18704 I System.out: [okhttp]:check permission begin!
06-05 15:13:25.414 18581 18704 I System.out: [okhttp]:not MMS!
06-05 15:13:25.414 18581 19135 I MMKV    : <MMKV.cpp:1180::sync> MMKV::sync, SyncFlag = 0
06-05 15:13:25.414 18581 18704 I System.out: [okhttp]:not Email!
06-05 15:13:25.416 18581 18704 I System.out: [OkHttp] sendRequest>>
06-05 15:13:25.416 18581 18704 I System.out: [OkHttp] sendRequest<<
06-05 15:13:25.616   746   774 I Proximity: distance = 2
06-05 15:13:25.821   746   774 I chatty  : uid=1000(system) sensors@2.0-ser identical 1 line
06-05 15:13:26.025   746   774 I Proximity: distance = 2
06-05 15:13:26.133 19047 19047 I Monkey  : :Sending Touch (ACTION_DOWN): 0:(609.0,824.0)
06-05 15:13:26.135   534   583 I libPowerHal: [perfLockAcq] idx:0 hdl:1659 hint:25 pid:534 duration:10000 => ret_hdl:1659
06-05 15:13:26.136   534   583 I libPowerHal: [PE] scn:0 hdl:1659 hint:25 comm:mtkpower@1.0-se pid:534
06-05 15:13:26.136   534   583 I libPowerHal: [PE] MTKPOWER_HINT_APP_TOUCH update cmd:3408600 param:1
06-05 15:13:26.138 19047 19047 I Monkey  : :Sending Touch (ACTION_UP): 0:(611.96857,826.8418)
06-05 15:13:26.139   534   583 I libPowerHal: [perfLockRel] hdl:1659, idx:0
06-05 15:13:26.139   534   583 I libPowerHal: [PD] scn:0 hdl:1659 hint:25 comm:mtkpower@1.0-se pid:534
06-05 15:13:26.139   534   583 I libPowerHal: [PD] MTKPOWER_HINT_APP_TOUCH update cmd:3408600 param:0
06-05 15:13:26.140 19047 19047 I Monkey  : Sleeping for 1000 milliseconds
06-05 15:13:26.140  4527  4527 D test_act: com.yangcong345.cloud.ui.launcher
06-05 15:13:26.141   888  2985 D HraManager: hra getBlackActivityList
06-05 15:13:26.141   888  2985 D HraManagerService:  getBlackActivityList
06-05 15:13:26.142   888  2985 D HraManager: hra getBlackIntentActionList
06-05 15:13:26.143   888  2985 I ActivityTaskManager: START u0 {cmp=com.yangcong345.cloud.ui.launcher/com.yangcong345.padmodule.chapter.PadChapterListActivity (has extras)} from uid 10081
06-05 15:13:26.144 19047 19083 I Monkey  :     // Rejecting start of Intent { cmp=com.yangcong345.cloud.ui.launcher/com.yangcong345.padmodule.chapter.PadChapterListActivity } in package com.yangcong345.cloud.ui.launcher
06-05 15:13:26.148   888   944 D AES     : AEEIOCTL_GET/SET_SF_STATE IOCTL,cmd= 1074294797, lParam=0.
06-05 15:13:26.148   888   944 D AES     : AEEIOCTL_RT_MON_Kick IOCTL,cmd= 2147774474, lParam=300.
06-05 15:13:26.152 18581 18601 I 5.android.phon: oneway function results will be dropped but finished with status OK and parcel size 4
06-05 15:13:26.228   746   774 I Proximity: distance = 2
06-05 15:13:26.300  3133  3133 D CapRIL  : resetProxyAndRequestList
06-05 15:13:26.301   396   396 I hwservicemanager: getTransport: Cannot find entry vendor.mediatek.hardware.mtkradioex@2.0::IMtkRadioEx/mtkCap1 in either framework or device manifest.
06-05 15:13:26.302  3133  3133 D CapRIL  : MtkRadioProxy getService/setResponseFunctions: java.util.NoSuchElementException
06-05 15:13:26.362  3192  3192 D VibrateSensorServer: VibrateSensorServer  testTime=currentTime - currentTime1 > 1s
06-05 15:13:26.369  3192  3192 D VibrateSensorServer: Times--->  0
06-05 15:13:26.369  3192  3192 D VibrateSensorServer:  .... else VibrateTip --> Off ....
06-05 15:13:26.432   746   774 I Proximity: distance = 2
06-05 15:13:26.787   888  2985 W ActivityTaskManager: zzg getRecentTasksImpl res.add: task=Task{b8f10b1 #49 visible=false type=standard mode=fullscreen translucent=true A=10094:com.yangcong345.android.phone U=0 StackId=49 sz=0}
06-05 15:13:26.788   888  2985 W ActivityTaskManager: zzg getRecentTasksImpl res.add: task=Task{259da32 #44 visible=true type=standard mode=fullscreen translucent=false A=10069:com.yangcong345.cloud.toolbox U=0 StackId=44 sz=0}
06-05 15:13:26.788   888  2985 W ActivityTaskManager: zzg getRecentTasksImpl res.add: task=Task{c3b16cf #43 visible=true type=standard mode=fullscreen translucent=false A=10130:com.passmark.pt_mobile U=0 StackId=43 sz=1}
06-05 15:13:26.788   888  2985 W ActivityTaskManager: zzg getRecentTasksImpl res.add: task=Task{d69c89e #37 visible=true type=standard mode=fullscreen translucent=false A=10128:com.antutu.ABenchMark U=0 StackId=37 sz=2}
06-05 15:13:26.788   888  2985 W ActivityTaskManager: zzg getRecentTasksImpl res.add: task=Task{e0eac17 #42 visible=false type=standard mode=fullscreen translucent=true A=10129:com.antutu.benchmark.full.lite U=0 StackId=42 sz=0}
06-05 15:13:26.788   888  2985 W ActivityTaskManager: zzg getRecentTasksImpl res.add: task=Task{4a46ca9 #11 visible=true type=standard mode=fullscreen translucent=false A=10127:com.x1y9.probe U=0 StackId=11 sz=1}
06-05 15:13:26.788   888  2985 W ActivityTaskManager: zzg getRecentTasksImpl ignore task=Task{194c4f4 #8 visible=false type=standard mode=fullscreen translucent=true A=10081:com.yangcong345.cloud.ui.launcher U=0 StackId=8 sz=0}
06-05 15:13:26.788   888  2985 W ActivityTaskManager: zzg recentTasks final item pkgName=com.yangcong345.android.phone
06-05 15:13:26.788   888  2985 W ActivityTaskManager: zzg recentTasks final item pkgName=com.yangcong345.cloud.toolbox
06-05 15:13:26.788   888  2985 W ActivityTaskManager: zzg recentTasks final item pkgName=com.passmark.pt_mobile
06-05 15:13:26.788   888  2985 W ActivityTaskManager: zzg recentTasks final item pkgName=com.antutu.ABenchMark
06-05 15:13:26.788   888  2985 W ActivityTaskManager: zzg recentTasks final item pkgName=com.antutu.benchmark.full.lite
06-05 15:13:26.788   888  2985 W ActivityTaskManager: zzg recentTasks final item pkgName=com.x1y9.probe
06-05 15:13:26.637   746   774 I chatty  : uid=1000(system) sensors@2.0-ser identical 1 line
06-05 15:13:26.841   746   774 I Proximity: distance = 2
06-05 15:13:26.858   888  2985 D HraManager: hra getBlackIntentActionList
06-05 15:13:26.924   888   898 I system_server: Background young concurrent copying GC freed 136440(5673KB) AllocSpace objects, 9(244KB) LOS objects, 26% free, 14MB/19MB, paused 468us total 119.853ms
06-05 15:13:26.926   888   900 W System  : A resource failed to call release.
06-05 15:13:26.927   888   900 I chatty  : uid=1000(system) FinalizerDaemon identical 3 lines
06-05 15:13:26.927   888   900 W System  : A resource failed to call release.
06-05 15:13:27.045   746   774 I Proximity: distance = 2
06-05 15:13:27.141 19047 19047 I Monkey  : :Switch: #Intent;action=android.intent.action.MAIN;category=android.intent.category.LAUNCHER;launchFlags=0x10200000;component=com.yangcong345.android.phone/com.yangcong345.main.phone.splash.SplashActivity;end
06-05 15:13:27.143   888  4712 D HraManager: hra getBlackActivityList
06-05 15:13:27.143   888  4712 D HraManagerService:  getBlackActivityList
06-05 15:13:27.144   888  4712 D HraManager: hra getBlackIntentActionList
06-05 15:13:27.145   888  4712 I ActivityTaskManager: START u0 {act=android.intent.action.MAIN cat=[android.intent.category.LAUNCHER] flg=0x10200000 cmp=com.yangcong345.android.phone/com.yangcong345.main.phone.splash.SplashActivity} from uid 2000
06-05 15:13:27.147 19047 19047 I Monkey  :     // Allowing start of Intent { act=android.intent.action.MAIN cat=[android.intent.category.LAUNCHER] cmp=com.yangcong345.android.phone/com.yangcong345.main.phone.splash.SplashActivity } in package com.yangcong345.android.phone
06-05 15:13:27.148   888  4712 I wm_task_created: [50,-1]
06-05 15:13:27.149   888  4712 I wm_stack_created: 50
06-05 15:13:27.154   888  2985 I InputDispatcher: setInputWindows displayId=0 Window{110f1dc u0 NavigationBar0} Window{616bfc2 u0 StatusBar} recents_animation_input_consumer Window{a569bc6 u0 com.yangcong345.cloud.ui.launcher/com.yangcong345.padmodule.new_home.PadHomeActivity} Window{41ab024 u0 com.android.systemui.ImageWallpaper}
06-05 15:13:27.157   888  4712 I wm_create_task: [0,50]
06-05 15:13:27.157   888  4712 I wm_create_activity: [0,68463361,50,com.yangcong345.android.phone/com.yangcong345.main.phone.splash.SplashActivity,android.intent.action.MAIN,NULL,NULL,270532608]
06-05 15:13:27.158   519   519 I hwcomposer: [HWCDisplay] [Display_0 (type:1)] fps:13.160847,dur:3039.32,max:2411.11,min:13.27
06-05 15:13:27.158   534   560 I mtkpower@impl: [setMode] type:5, enabled:1
06-05 15:13:27.159   534   583 I libPowerHal: [perfLockAcq] idx:0 hdl:1660 hint:11 pid:534 duration:30000 => ret_hdl:1660
06-05 15:13:27.159   534   583 I libPowerHal: [PE] scn:0 hdl:1660 hint:11 comm:mtkpower@1.0-se pid:534
06-05 15:13:27.159  4527  4527 I Matrix.ActivityThreadHacker: [handleMessage] msg.what:159 begin:11713110 isLaunchActivity:false SDK_INT=30
06-05 15:13:27.159   888  4712 I wm_pause_activity: [0,177849743,com.yangcong345.cloud.ui.launcher/com.yangcong345.padmodule.new_home.PadHomeActivity,userLeaving=true]
06-05 15:13:27.159  4527  4527 I Matrix.ActivityThreadHacker: [handleMessage] msg.what:159 begin:11713111 isLaunchActivity:false SDK_INT=30
06-05 15:13:27.159   534   583 I libPowerHal: LAUNCH: cpu_ctrl set cpu freq: 1989000 -1 1989000 -1
06-05 15:13:27.160   534   583 I libPowerHal: [PE] LAUNCH update cmd:1000000, param:0
06-05 15:13:27.160  4527  4527 I wm_on_top_resumed_lost_called: [177849743,com.yangcong345.padmodule.new_home.PadHomeActivity,topStateChangedWhenResumed]
06-05 15:13:27.160   534   583 I libPowerHal: [PE] LAUNCH update cmd:1408300, param:100
06-05 15:13:27.160   534   583 I libPowerHal: [PE] LAUNCH update cmd:1000000 param:0
06-05 15:13:27.161   534   583 I libPowerHal: [perfLockAcq] idx:1 hdl:1661 hint:22 pid:534 duration:10000 => ret_hdl:1661
06-05 15:13:27.161   534   583 I libPowerHal: [PE] scn:1 hdl:1661 hint:22 comm:mtkpower@1.0-se pid:534
06-05 15:13:27.164 19047 19047 I Monkey  : Sleeping for 1000 milliseconds
06-05 15:13:27.165  4527  4527 I Matrix.ActivityThreadHacker: [handleMessage] msg.what:159 begin:11713116 isLaunchActivity:false SDK_INT=30
06-05 15:13:27.166  4527  4527 I wm_on_paused_called: [177849743,com.yangcong345.padmodule.new_home.PadHomeActivity,performPause]
06-05 15:13:27.167   888  4712 W ActivityTaskManager: Tried to set launchTime (0) < mLastActivityLaunchTime (11710082)
06-05 15:13:27.168   888  4712 I wm_add_to_stopping: [0,177849743,com.yangcong345.cloud.ui.launcher/com.yangcong345.padmodule.new_home.PadHomeActivity,makeInvisible]
06-05 15:13:27.165  4527  4527 I Matrix.ActivityThreadHacker: [handleMessage] msg.what:159 begin:11713116 isLaunchActivity:false SDK_INT=30
06-05 15:13:27.168   556   965 I SurfaceFlinger: [SF client] NEW(0xb4000076b23200f0) for (888:system_server)
06-05 15:13:27.168   888   942 D ViewRootImpl[phone]: hardware acceleration = false , fakeHwAccelerated = true, sRendererDisabled = false, forceHwAccelerated = false, sSystemRendererDisabled = false
06-05 15:13:27.169   888  2985 I InputDispatcher: setInputWindows displayId=0 Window{110f1dc u0 NavigationBar0} Window{616bfc2 u0 StatusBar} recents_animation_input_consumer Window{a569bc6 u0 com.yangcong345.cloud.ui.launcher/com.yangcong345.padmodule.new_home.PadHomeActivity} Window{41ab024 u0 com.android.systemui.ImageWallpaper}
06-05 15:13:27.171   888  4712 I wm_restart_activity: [0,68463361,50,com.yangcong345.android.phone/com.yangcong345.main.phone.splash.SplashActivity]
06-05 15:13:27.173   534   583 I libPowerHal: [perfNotifyAppState] foreground:com.yangcong345.android.phone, pid:18581, uid:10094
06-05 15:13:27.173   534   583 E UxUtility: notifyAppState error = NULL
06-05 15:13:27.173   534   583 I TouchUtility: notifyAppState error = NULL
06-05 15:13:27.173   534   559 I mtkpower@impl: [notifyAppState] pc:0, com.yangcong345.cloud.ui.launcher => com.yangcong345.android.phone
06-05 15:13:27.173   888  4712 W WindowManager: Changing focus fromWindow{a569bc6 u0 com.yangcong345.cloud.ui.launcher/com.yangcong345.padmodule.new_home.PadHomeActivity} to null displayId=0 Callers=com.android.server.wm.RootWindowContainer.updateFocusedWindowLocked:457 com.android.server.wm.WindowManagerService.updateFocusedWindowLocked:5611 com.android.server.wm.DisplayContent.setFocusedApp:5534 com.android.server.wm.ActivityTaskManagerService.setResumedActivityUncheckLocked:5548
06-05 15:13:27.174   888  4712 I wm_set_resumed_activity: [0,com.yangcong345.android.phone/com.yangcong345.main.phone.splash.SplashActivity,minimalResumeActivityLocked]
06-05 15:13:27.180   888   942 I InputTransport: Create ARC handle: 0xb400006eeed54720
06-05 15:13:27.183   888   941 I sysui_multi_action: [757,803,799,window_time_0,802,3]
06-05 15:13:27.185   888  4712 I InputDispatcher: setInputWindows displayId=0 Window{110f1dc u0 NavigationBar0} Window{616bfc2 u0 StatusBar} recents_animation_input_consumer com.yangcong345.cloud.ui.launcher/com.yangcong345.padmodule.new_home.PadHomeActivity#0 Window{41ab024 u0 com.android.systemui.ImageWallpaper}
06-05 15:13:27.185   888  4712 I InputDispatcher: Focus left window: Window{a569bc6 u0 com.yangcong345.cloud.ui.launcher/com.yangcong345.padmodule.new_home.PadHomeActivity} in display 0
06-05 15:13:27.185   888  4712 I InputDispatcher: Window went away: Window{a569bc6 u0 com.yangcong345.cloud.ui.launcher/com.yangcong345.padmodule.new_home.PadHomeActivity}
06-05 15:13:27.187   556   603 I BufferQueueConsumer: [](id:22c00000172,api:0,p:-1,c:556) connect(): controlledByApp=false
06-05 15:13:27.187   556   603 I BufferQueue: [unnamed-556-370](this:0xb4000077624cd718,id:370,api:0,p:-1,c:-1) BufferQueue core=(556:/system/bin/surfaceflinger)
06-05 15:13:27.189  4527  4527 I Matrix.AppMethodBeat: [at] visibleScene[com.yangcong345.padmodule.new_home.PadHomeActivity] has detach focus!
06-05 15:13:27.190   888   942 D Surface : lockCanvas
06-05 15:13:27.190   556   603 I BufferQueueProducer: [Splash Screen com.yangcong345.android.phone#0](id:22c00000172,api:2,p:888,c:556) connect(): api=2 producerControlledByApp=false
06-05 15:13:27.201   888  4712 I InputDispatcher: setInputWindows displayId=0 Window{110f1dc u0 NavigationBar0} Window{616bfc2 u0 StatusBar} Splash Screen com.yangcong345.android.phone#0 recents_animation_input_consumer com.yangcong345.cloud.ui.launcher/com.yangcong345.padmodule.new_home.PadHomeActivity#0 Window{41ab024 u0 com.android.systemui.ImageWallpaper}
06-05 15:13:27.218   888  2985 I InputDispatcher: setInputWindows displayId=0 Window{110f1dc u0 NavigationBar0} Window{616bfc2 u0 StatusBar} Splash Screen com.yangcong345.android.phone#0 recents_animation_input_consumer com.yangcong345.cloud.ui.launcher/com.yangcong345.padmodule.new_home.PadHomeActivity#0 Window{41ab024 u0 com.android.systemui.ImageWallpaper}
06-05 15:13:27.235   888  2985 I InputDispatcher: setInputWindows displayId=0 Window{110f1dc u0 NavigationBar0} Window{616bfc2 u0 StatusBar} Window{68d7c18 u0 Splash Screen com.yangcong345.android.phone} recents_animation_input_consumer com.yangcong345.cloud.ui.launcher/com.yangcong345.padmodule.new_home.PadHomeActivity#0 Window{41ab024 u0 com.android.systemui.ImageWallpaper}
06-05 15:13:27.235   888  2985 I InputDispatcher: Window went away: Splash Screen com.yangcong345.android.phone#0
06-05 15:13:27.238   888   941 I configuration_changed: 536872064
06-05 15:13:27.241   888   941 I ActivityTaskManager: Config changes=20000480 {1.02 ?mcc?mnc [zh_CN] ldltr sw600dp w600dp h936dp 320dpi lrg port finger -keyb/v/h -nav/h winConfig={ mBounds=Rect(0, 0 - 1200, 1920) mAppBounds=Rect(0, 0 - 1200, 1920) mWindowingMode=fullscreen mDisplayWindowingMode=fullscreen mActivityType=undefined mAlwaysOnTop=undefined mRotation=ROTATION_0} s.1361}
06-05 15:13:27.251   888  4712 I InputDispatcher: setInputWindows displayId=0 Window{110f1dc u0 NavigationBar0} Window{616bfc2 u0 StatusBar} Window{68d7c18 u0 Splash Screen com.yangcong345.android.phone} recents_animation_input_consumer com.yangcong345.cloud.ui.launcher/com.yangcong345.padmodule.new_home.PadHomeActivity#0 Window{41ab024 u0 com.android.systemui.ImageWallpaper}
06-05 15:13:27.252   888   941 I WindowManager: Override config changes=20000480 {1.02 ?mcc?mnc [zh_CN] ldltr sw600dp w600dp h936dp 320dpi lrg port finger -keyb/v/h -nav/h winConfig={ mBounds=Rect(0, 0 - 1200, 1920) mAppBounds=Rect(0, 0 - 1200, 1920) mWindowingMode=fullscreen mDisplayWindowingMode=fullscreen mActivityType=undefined mAlwaysOnTop=undefined mRotation=ROTATION_0} s.1361} for displayId=0
06-05 15:13:27.256   888   941 I sysui_multi_action: [757,1659,758,4,759,1,1660,0]
06-05 15:13:27.258  3804  3804 I Matrix.ActivityThreadHacker: [handleMessage] msg.what:159 begin:11713209 isLaunchActivity:false SDK_INT=30
06-05 15:13:27.258  3804  3804 I Matrix.ActivityThreadHacker: [handleMessage] msg.what:159 begin:11713209 isLaunchActivity:false SDK_INT=30
06-05 15:13:27.262   888   941 I InputManager-JNI: Viewport [0] to add: local:0, isActive: true
06-05 15:13:27.264   746   774 I Proximity: distance = 2
06-05 15:13:27.271   888  2520 I InputReader: Reconfiguring input devices, changes=DISPLAY_INFO |
06-05 15:13:27.271   888  2520 I InputReader: Device reconfigured: id=5, name='mtk-common', size 1200x1920, orientation 0, mode 1, display id 0
06-05 15:13:27.271   888  2520 I InputReader: Device reconfigured: id=4, name='mtk-tpd', size 1200x1920, orientation 0, mode 1, display id 0
06-05 15:13:27.274   888   942 D Surface : lockCanvas
06-05 15:13:27.274   888 10934 I InputDispatcher: setInputWindows displayId=0 Window{110f1dc u0 NavigationBar0} Window{616bfc2 u0 StatusBar} Window{68d7c18 u0 Splash Screen com.yangcong345.android.phone} recents_animation_input_consumer com.yangcong345.cloud.ui.launcher/com.yangcong345.padmodule.new_home.PadHomeActivity#0 Window{41ab024 u0 com.android.systemui.ImageWallpaper}
06-05 15:13:27.275  2879  2879 V NavigationBarView: home = true
06-05 15:13:27.276  2879  2879 V NavigationBarView: recent = true
06-05 15:13:27.276  2879  2879 V NavigationBarView: back = true
06-05 15:13:27.281   888  2610 I InputDispatcher: setInputWindows displayId=0 Window{110f1dc u0 NavigationBar0} Window{616bfc2 u0 StatusBar} Window{68d7c18 u0 Splash Screen com.yangcong345.android.phone} recents_animation_input_consumer com.yangcong345.cloud.ui.launcher/com.yangcong345.padmodule.new_home.PadHomeActivity#0 Window{41ab024 u0 com.android.systemui.ImageWallpaper}
06-05 15:13:27.287  3133  3133 D MtkSubscriptionInfoUpdater: onReceive, Action: android.intent.action.CONFIGURATION_CHANGED
06-05 15:13:27.287   556   965 I BufferQueueProducer: [com.yangcong345.cloud.ui.launcher/com.yangcong345.padmodule.new_home.PadHomeActivity#0](id:22c00000169,api:1,p:4527,c:556) disconnect(): api=1
06-05 15:13:27.297   888  4712 I InputDispatcher: setInputWindows displayId=0 Window{110f1dc u0 NavigationBar0} Window{616bfc2 u0 StatusBar} Window{68d7c18 u0 Splash Screen com.yangcong345.android.phone} recents_animation_input_consumer com.yangcong345.cloud.ui.launcher/com.yangcong345.padmodule.new_home.PadHomeActivity#0 Window{41ab024 u0 com.android.systemui.ImageWallpaper}
06-05 15:13:27.301  4527  4527 I Matrix.ActivityThreadHacker: [handleMessage] msg.what:159 begin:11713252 isLaunchActivity:false SDK_INT=30
06-05 15:13:27.301  4527  4527 I Matrix.ActivityThreadHacker: [handleMessage] msg.what:159 begin:11713252 isLaunchActivity:false SDK_INT=30
06-05 15:13:27.304   556   965 I BufferQueueProducer: [NavigationBar0#0](id:22c00000004,api:1,p:2879,c:556) disconnect(): api=1
06-05 15:13:27.305   556   965 I BufferQueueProducer: [NavigationBar0#0](id:22c00000004,api:1,p:2879,c:556) connect(): api=1 producerControlledByApp=false
06-05 15:13:27.306  2879  2879 D StatusBar: disable<e i a s b h r c s > disable2<q i n >
06-05 15:13:27.307  2879  2879 D View    : [Warning] assignParent to null: this = com.android.systemui.assist.AssistOrbContainer{8306e1 G.E...... ......ID 0,0-1920,500}
06-05 15:13:27.307 18581 18581 E ActivityThread: Failed to find provider info for com.example.edcationcloud
06-05 15:13:27.308 18581 18581 D test_act: com.yangcong345.android.phone
06-05 15:13:27.309   556   965 I SurfaceFlinger: [SF client] NEW(0xb4000076b231ff30) for (2879:com.android.systemui)
06-05 15:13:27.310   888  2610 D HraManager: hra getBlackIntentActionList
06-05 15:13:27.308 18581 18581 E ActivityThread: Failed to find provider info for com.example.edcationcloud
06-05 15:13:27.310   888  2610 I ActivityTaskManager: START u0 {act=android.intent.action.VIEW dat=ycmath://padlauncher.com/homePage?position=-1 cmp=com.yangcong345.cloud.ui.launcher/com.yangcong345.support.common.LauncherSchemeActivity} from uid 10094
06-05 15:13:27.310  2879  2879 D ViewRootImpl[AssistPreviewPanel]: hardware acceleration = true , fakeHwAccelerated = false, sRendererDisabled = false, forceHwAccelerated = false, sSystemRendererDisabled = false
06-05 15:13:27.311 19047 19083 I Monkey  :     // Rejecting start of Intent { act=android.intent.action.VIEW dat=ycmath://padlauncher.com/homePage?position=-1 cmp=com.yangcong345.cloud.ui.launcher/com.yangcong345.support.common.LauncherSchemeActivity } in package com.yangcong345.cloud.ui.launcher
06-05 15:13:27.314   888  2610 I InputDispatcher: setInputWindows displayId=0 Window{110f1dc u0 NavigationBar0} Window{616bfc2 u0 StatusBar} Window{68d7c18 u0 Splash Screen com.yangcong345.android.phone} recents_animation_input_consumer com.yangcong345.cloud.ui.launcher/com.yangcong345.padmodule.new_home.PadHomeActivity#0 Window{41ab024 u0 com.android.systemui.ImageWallpaper}
06-05 15:13:27.315   888  2985 I wm_finish_activity: [0,68463361,50,com.yangcong345.android.phone/com.yangcong345.main.phone.splash.SplashActivity,app-request]
06-05 15:13:27.316   888  2985 I wm_focused_stack: [0,0,14,50,finish-top adjustFocusToNextFocusableStack]
06-05 15:13:27.316   888  2985 I wm_task_moved: [15,1,2147483647]
06-05 15:13:27.316   888  2985 I wm_set_resumed_activity: [0,com.yangcong345.cloud.ui.launcher/com.yangcong345.padmodule.new_home.PadHomeActivity,finish-top adjustFocusToNextFocusableStack]
06-05 15:13:27.317  2879  2879 I InputTransport: Create ARC handle: 0xb400006eeecb0a10
06-05 15:13:27.319   556   556 I SurfaceFlinger: operator()(), mtkRenderCntDebug 14349, screenshot (Splash Screen com.yangcong345.android.phone#0)
06-05 15:13:27.327   888  2985 I wm_pause_activity: [0,68463361,com.yangcong345.android.phone/com.yangcong345.main.phone.splash.SplashActivity,userLeaving=false]
06-05 15:13:27.328   534   583 I libPowerHal: [perfLockAcq] idx:2 hdl:1662 hint:22 pid:534 duration:10000 => ret_hdl:1662
06-05 15:13:27.328   534   583 I libPowerHal: [PE] scn:2 hdl:1662 hint:22 comm:mtkpower@1.0-se pid:534
06-05 15:13:27.329   534   583 I libPowerHal: [perfLockRel] hdl:1661, idx:1
06-05 15:13:27.329   534   583 I libPowerHal: [PD] scn:1 hdl:1661 hint:22 comm:mtkpower@1.0-se pid:534
06-05 15:13:27.330   888  2610 I InputDispatcher: setInputWindows displayId=0 Window{110f1dc u0 NavigationBar0} Window{616bfc2 u0 StatusBar} Window{68d7c18 u0 Splash Screen com.yangcong345.android.phone} recents_animation_input_consumer com.yangcong345.cloud.ui.launcher/com.yangcong345.padmodule.new_home.PadHomeActivity#0 Window{41ab024 u0 com.android.systemui.ImageWallpaper}
06-05 15:13:27.330 18581 18581 I wm_on_create_called: [68463361,com.yangcong345.main.phone.splash.SplashActivity,performCreate]
06-05 15:13:27.332   888   941 I sysui_multi_action: [757,1144,758,8,806,com.yangcong345.android.phone,871,com.yangcong345.main.phone.splash.SplashActivity]
06-05 15:13:27.341   888  4712 I wm_add_to_stopping: [0,68463361,com.yangcong345.android.phone/com.yangcong345.main.phone.splash.SplashActivity,completeFinishing]
06-05 15:13:27.341   556   965 I BufferQueueProducer: [NavigationBar0#0](id:22c00000004,api:1,p:2879,c:556) disconnect(): api=1
06-05 15:13:27.342   888   942 D View    : [Warning] assignParent to null: this = DecorView@b5fe8ad[phone]
06-05 15:13:27.342   556   965 I BufferQueueProducer: [NavigationBar0#0](id:22c00000004,api:1,p:2879,c:556) connect(): api=1 producerControlledByApp=false
06-05 15:13:27.343   888  4712 I wm_set_resumed_activity: [0,com.yangcong345.cloud.ui.launcher/com.yangcong345.padmodule.new_home.PadHomeActivity,resumeTopActivityInnerLocked]
06-05 15:13:27.343   534   583 I libPowerHal: [perfNotifyAppState] foreground:com.yangcong345.cloud.ui.launcher, pid:4527, uid:10081
06-05 15:13:27.343   534   583 E UxUtility: notifyAppState error = NULL
06-05 15:13:27.343   534   583 I TouchUtility: notifyAppState error = NULL
06-05 15:13:27.344   534   559 I mtkpower@impl: [notifyAppState] pc:0, com.yangcong345.android.phone => com.yangcong345.cloud.ui.launcher
06-05 15:13:27.346   888  4712 I wm_resume_activity: [0,177849743,15,com.yangcong345.cloud.ui.launcher/com.yangcong345.padmodule.new_home.PadHomeActivity]
06-05 15:13:27.347   888  2985 I InputDispatcher: setInputWindows displayId=0 Window{110f1dc u0 NavigationBar0} Window{616bfc2 u0 StatusBar} Splash Screen com.yangcong345.android.phone#0 recents_animation_input_consumer com.yangcong345.cloud.ui.launcher/com.yangcong345.padmodule.new_home.PadHomeActivity#0 Window{41ab024 u0 com.android.systemui.ImageWallpaper}
06-05 15:13:27.347   888  2985 I InputDispatcher: Window went away: Window{68d7c18 u0 Splash Screen com.yangcong345.android.phone}
06-05 15:13:27.353   556   965 I BufferQueueProducer: [Splash Screen com.yangcong345.android.phone#0](id:22c00000172,api:2,p:888,c:556) disconnect(): api=2
06-05 15:13:27.355   888  5202 I GED     : ged_boost_gpu_freq, level 100, eOrigin 2, final_idx 15, oppidx_max 15, oppidx_min 0
06-05 15:13:27.363   888  4712 I InputDispatcher: setInputWindows displayId=0 Window{110f1dc u0 NavigationBar0} Window{616bfc2 u0 StatusBar} Splash Screen com.yangcong345.android.phone#0 recents_animation_input_consumer com.yangcong345.cloud.ui.launcher/com.yangcong345.padmodule.new_home.PadHomeActivity#0 Window{41ab024 u0 com.android.systemui.ImageWallpaper}
06-05 15:13:27.365   888 10934 I WindowManager: Relayout Window{a569bc6 u0 com.yangcong345.cloud.ui.launcher/com.yangcong345.padmodule.new_home.PadHomeActivity}: oldVis=8 newVis=0 focusMayChange = true
06-05 15:13:27.368   556   965 I BufferQueueProducer: [StatusBar#0](id:22c00000005,api:1,p:2879,c:556) disconnect(): api=1
06-05 15:13:27.368   888 10934 W WindowManager: Changing focus fromnull to Window{a569bc6 u0 com.yangcong345.cloud.ui.launcher/com.yangcong345.padmodule.new_home.PadHomeActivity} displayId=0 Callers=com.android.server.wm.RootWindowContainer.updateFocusedWindowLocked:457 com.android.server.wm.WindowManagerService.updateFocusedWindowLocked:5611 com.android.server.wm.WindowManagerService.relayoutWindow:2398 com.android.server.wm.Session.relayout:213
06-05 15:13:27.369   556   965 I BufferQueueProducer: [StatusBar#0](id:22c00000005,api:1,p:2879,c:556) connect(): api=1 producerControlledByApp=false
06-05 15:13:27.375   556   604 I BufferQueueProducer: [com.yangcong345.cloud.ui.launcher/com.yangcong345.padmodule.new_home.PadHomeActivity#0](id:22c00000169,api:1,p:4527,c:556) connect(): api=1 producerControlledByApp=false
06-05 15:13:27.376   888   942 I InputTransport: Destroy ARC handle: 0xb400006eeed54720
06-05 15:13:27.376   888  5202 I GED     : ged_boost_gpu_freq, level 100, eOrigin 2, final_idx 15, oppidx_max 15, oppidx_min 0
06-05 15:13:27.378   556   604 I BufferQueueProducer: [StatusBar#0](this:0xb4000077624d4788,id:5,api:1,p:2879,c:556) queueBuffer: fps=0.84 dur=5972.11 max=5647.31 min=14.47
06-05 15:13:27.379   556   556 E Layer   : [Surface(name=616bfc2 StatusBar)/@0xf8bfd42 - animation-leash#0] No local sync point found
06-05 15:13:27.380   888  2985 I InputDispatcher: setInputWindows displayId=0 Window{110f1dc u0 NavigationBar0} Window{616bfc2 u0 StatusBar} recents_animation_input_consumer com.yangcong345.cloud.ui.launcher/com.yangcong345.padmodule.new_home.PadHomeActivity#0 Window{41ab024 u0 com.android.systemui.ImageWallpaper}
06-05 15:13:27.380   888  2985 I InputDispatcher: Window went away: Splash Screen com.yangcong345.android.phone#0
06-05 15:13:27.380   888   941 I sysui_multi_action: [757,803,799,window_time_0,802,1]
06-05 15:13:27.380   556   556 I BufferQueueConsumer: [Splash Screen com.yangcong345.android.phone#0](id:22c00000172,api:0,p:-1,c:556) disconnect()
06-05 15:13:27.381   556   556 I BufferQueue: [Splash Screen com.yangcong345.android.phone#0](this:0xb4000077624cd718,id:370,api:2,p:-1,c:-1) onDestructor()
06-05 15:13:27.383   519   659 E hwcomposer: [JOB] (0) Handle a job with no visible layer
06-05 15:13:27.383   519   658 I hwcomposer: [DEV] [DEV] updateOverlayInputs(): No enabling layer
06-05 15:13:27.396  3192  3192 D VibrateSensorServer: VibrateSensorServer  testTime=currentTime - currentTime1 > 1s
06-05 15:13:27.397   888  2985 I InputDispatcher: setInputWindows displayId=0 Window{110f1dc u0 NavigationBar0} Window{616bfc2 u0 StatusBar} recents_animation_input_consumer Window{a569bc6 u0 com.yangcong345.cloud.ui.launcher/com.yangcong345.padmodule.new_home.PadHomeActivity} Window{41ab024 u0 com.android.systemui.ImageWallpaper}
06-05 15:13:27.397   888  2985 I InputDispatcher: Window went away: com.yangcong345.cloud.ui.launcher/com.yangcong345.padmodule.new_home.PadHomeActivity#0
06-05 15:13:27.397   519   659 E hwcomposer: [JOB] (0) Handle a job with no visible layer
06-05 15:13:27.398   519   658 I hwcomposer: [DEV] [DEV] updateOverlayInputs(): No enabling layer
06-05 15:13:27.406  3192  3192 D VibrateSensorServer: Times--->  0
06-05 15:13:27.406   556   603 I BufferQueueProducer: [com.yangcong345.cloud.ui.launcher/com.yangcong345.padmodule.new_home.PadHomeActivity#0](this:0xb4000077624da7e8,id:361,api:1,p:4527,c:556) queueBuffer: fps=1.57 dur=3190.39 max=3071.39 min=10.17
06-05 15:13:27.406  3192  3192 D VibrateSensorServer:  .... else VibrateTip --> Off ....
06-05 15:13:27.409  4527  4527 I Matrix.ActivityThreadHacker: [handleMessage] msg.what:159 begin:11713360 isLaunchActivity:false SDK_INT=30
06-05 15:13:27.410  4527  4527 I Matrix.ActivityThreadHacker: [handleMessage] msg.what:159 begin:11713361 isLaunchActivity:false SDK_INT=30
06-05 15:13:27.410  4527  4527 I chatty  : uid=10081(com.yangcong345.cloud.ui.launcher) identical 1 line
06-05 15:13:27.410  4527  4527 I Matrix.ActivityThreadHacker: [handleMessage] msg.what:159 begin:11713361 isLaunchActivity:false SDK_INT=30
