04-18 11:11:21.496  1852  2045 I Matrix.ProcessLifecycle: com.yangcong345.cloud.launcher task: TaskInfo{userId=0 stackId=44 taskId=44 displayId=0 isRunning=true baseIntent=Intent { act=android.intent.action.VIEW dat=ycmath://padlauncher.com/init flg=0x10000000 cmp=com.yangcong345.cloud.launcher/com.yangcong345.support.common.LauncherSchemeActivity } baseActivity=ComponentInfo{com.yangcong345.cloud.launcher/com.yangcong345.padmodule.home.main.PadHomeActivity} topActivity=ComponentInfo{com.yangcong345.android.phone/com.yangcong345.video.business.player.HorizontalVideoActivity} origActivity=null realActivity=ComponentInfo{com.yangcong345.cloud.launcher/com.yangcong345.support.common.LauncherSchemeActivity} numActivities=2 lastActiveTime=328454 supportsSplitScreenMultiWindow=false resizeMode=1 isResizeable=true token=android.window.WindowContainerToken@98ea805 topActivityType=1 pictureInPictureParams=null topActivityInfo=ActivityInfo{6b59f68 com.yangcong345.video.business.player.HorizontalVideoActivity}
04-18 11:11:21.498  1852  2045 I Matrix.ProcessLifecycle: com.yangcong345.cloud.launcher task: TaskInfo{userId=0 stackId=47 taskId=47 displayId=-1 isRunning=false baseIntent=Intent { act=android.intent.action.MAIN cat=[android.intent.category.HOME] flg=0x10000100 cmp=com.yangcong345.cloud.launcher/com.yangcong345.cloud.control.PadLauncherActivity (has extras) } baseActivity=null topActivity=null origActivity=null realActivity=ComponentInfo{com.yangcong345.cloud.launcher/com.yangcong345.cloud.control.PadLauncherActivity} numActivities=0 lastActiveTime=292624 supportsSplitScreenMultiWindow=false resizeMode=0 isResizeable=false token=android.window.WindowContainerToken@d9c028b topActivityType=2 pictureInPictureParams=null topActivityInfo=null
04-18 11:11:21.498  1852  2045 D Matrix.ProcessLifecycle: hasRunningAppTask run any
04-18 11:11:21.501   732   732 D MtkOmxVdecEx: [0xf3940010] mOutputPortDef eColorFormat(7f000001), eColorFormat(7f000001), meDecodeType(0), mForceOutputBufferCount(0), mIsUsingNativeBuffers(1)
04-18 11:11:21.501   732   732 D MtkOmxVdecEx: [0xf3940010] [OUTPUT] 32x32 Aligned! mOutputPortDef.nBufferSize(576016), nFrameWidth(800), nFrameHeight(450), nStride(800), nSliceHeight(480) nBufferCountActual(7)
04-18 11:11:21.502   732   732 D MtkOmxVdecEx: [0xf3940010] mOutputPortDef eColorFormat(7f000001), eColorFormat(7f000001), meDecodeType(0), mForceOutputBufferCount(0), mIsUsingNativeBuffers(1)
04-18 11:11:21.502   732   732 D MtkOmxVdecEx: [0xf3940010] [OUTPUT] 32x32 Aligned! mOutputPortDef.nBufferSize(576016), nFrameWidth(800), nFrameHeight(450), nStride(800), nSliceHeight(480) nBufferCountActual(7)
04-18 11:11:21.502  2205  4940 D SurfaceUtils: set up nativeWindow 0xb40000737c294a30 for 800x450, color 0x32315679, rotation 0, usage 0x402933
04-18 11:11:21.504  1852  2045 I Matrix.background.Staged: hasRunningAppTask? true
04-18 11:11:21.504  1852  2045 I Matrix.background.Staged: turn ON
04-18 11:11:21.504  1852  2045 I Matrix.background.Staged: need recheck: next 89
04-18 11:11:21.505   732  1080 D MtkOmxVdecEx: [0xf3940010] output port populated
04-18 11:11:21.505   732  4942 D MtkOmxVdecEx: [0xf3940010] Request [OMX_StateIdle]-> [OMX_StateExecuting]
04-18 11:11:21.505   720   976 W ResourceManagerService: Ignoring request to add new resource entry with value <= 0
04-18 11:11:21.514   898   911 I InputDispatcher: setInputWindows displayId=0 Window{26d385e u0 NavigationBar0} Window{367127 u0 StatusBar} Window{1f025bb u0 com.yangcong345.android.phone/com.yangcong345.video.business.player.HorizontalVideoActivity} recents_animation_input_consumer Window{400a8e u0 com.android.systemui.ImageWallpaper}
04-18 11:11:21.514   546   865 I SurfaceFlinger: [SF client] NEW(0xb400007198d53e10) for (2205:com.yangcong345.android.phone)
04-18 11:11:21.515  2205  2205 D ViewRootImpl[]: hardware acceleration = true , fakeHwAccelerated = false, sRendererDisabled = false, forceHwAccelerated = false, sSystemRendererDisabled = false
04-18 11:11:21.516   732  1080 W gralloc4: Buffer descriptor with invalid usage bits 0x2000
04-18 11:11:21.516  2205  4946 D CCodec  : allocate(c2.android.aac.decoder)
04-18 11:11:21.517   732  4943 E BWC     : MTK_IOC_SMI_BWC_INFO_SET failed.:Inappropriate ioctl for device
04-18 11:11:21.517   732  4943 E BWC     : MTK_IOC_SMI_BWC_INFO_GET failed.:Inappropriate ioctl for device
04-18 11:11:21.517   732  4943 E BWC     : MTK_IOC_SMI_BWC_CONFIG failed.:Inappropriate ioctl for device
04-18 11:11:21.517   732  4943 E BWC     : Failed to switch SMI profile, error: -1
04-18 11:11:21.518   732  1080 W gralloc4: Buffer descriptor with invalid usage bits 0x2000
04-18 11:11:21.518   732  4943 E BWC     : MTK_IOC_SMI_BWC_INFO_SET failed.:Inappropriate ioctl for device
04-18 11:11:21.518   732  4943 I BWC     : Profile_Change:[BWCPT_VIDEO_PLAYBACK]:ON,current concurrency is 0x80,DDR=,EMI scenario=BWL_SCN_VPWFD ON
04-18 11:11:21.520   898  1508 I InputDispatcher: setInputWindows displayId=0 Window{26d385e u0 NavigationBar0} Window{367127 u0 StatusBar} Window{1f025bb u0 com.yangcong345.android.phone/com.yangcong345.video.business.player.HorizontalVideoActivity} recents_animation_input_consumer Window{400a8e u0 com.android.systemui.ImageWallpaper}
04-18 11:11:21.520   732  1080 W gralloc4: Buffer descriptor with invalid usage bits 0x2000
04-18 11:11:21.521  2205  4946 I Codec2Client: Available Codec2 services: "software"
04-18 11:11:21.522   732  4943 W VDO_LOG : [Warning] profile: 100, level: 30, bDirect8x8InferenceFlag should be 1 (0)
04-18 11:11:21.522   732  4943 I VDO_LOG : u4FrameTsInterval value is 0x9c40, u4FrameTimingInfo 0x6400
04-18 11:11:21.522   732  4943 I VDO_LOG : u4MaxFixedBufWidth=2048, u4MaxFixedBufHeight=1088
04-18 11:11:21.522   732  4943 I VDO_LOG : getDpbSize, u4LevelIdc 30, u4DpbSize 5
04-18 11:11:21.523  2205  2205 I InputTransport: Create ARC handle: 0xb40000721c254cc0
04-18 11:11:21.527   771   771 V C2Store : in init
04-18 11:11:21.527   771   771 V C2Store : loading dll
04-18 11:11:21.529   732  4943 I VDO_LOG : [Info, h264_dec_init] u4Width 800, u4Height 480, u4PicWidth 800, u4PicHeight 464, u4BitDepthLuma 8, u4BitDepthChroma 8
04-18 11:11:21.529   732  4943 E mtkpower_client: PowerHal_Wrap_scnReg not support!!!
04-18 11:11:21.529   732  4943 E mtkpower_client: PowerHal_Wrap_scnConfig not support!!!
04-18 11:11:21.530   732  4943 I chatty  : uid=1046(mediacodec) MtkOmxVdecDecod identical 4 lines
04-18 11:11:21.530   732  4943 E mtkpower_client: PowerHal_Wrap_scnConfig not support!!!
04-18 11:11:21.530   732  4943 D MtkOmxVdecEx: [0xf3940010] [DECODE INFO] InitHW OK iDisplayWidth(800), iDisplayHeight(464), nFrameWidth(800), nFrameHeight(450), nStride(800), nSliceHeight(480), u4Width(800), u4Height(480), u4StrideAlign(16), u4SliceHeightAlign(32), luma&chroma(8, 8)
04-18 11:11:21.530   732  4943 I VDO_LOG : [DEBUG] VDEC_DRV_GET_TYPE_QUERY_VIDEO_DPB_SIZE 5 5
04-18 11:11:21.530   732  4943 I VDO_LOG : [DEBUG] u4CropLeft 0 u4CropTop 0 u4CropRight 799 u4CropBottom 449
04-18 11:11:21.530   732  4943 D MtkOmxVdecEx: [0xf3940010] --- OMX_EventPortSettingsChanged ---
04-18 11:11:21.530   732   732 D MtkOmxVdecEx: [0xf3940010] mOutputPortDef eColorFormat(7f000001), eColorFormat(7f000001), meDecodeType(0), mForceOutputBufferCount(0), mIsUsingNativeBuffers(1)
04-18 11:11:21.531   732   732 D MtkOmxVdecEx: [0xf3940010] [OUTPUT] 32x32 Aligned! mOutputPortDef.nBufferSize(576016), nFrameWidth(800), nFrameHeight(464), nStride(800), nSliceHeight(480) nBufferCountActual(13)
04-18 11:11:21.531   732   732 I VDO_LOG : [DEBUG] u4CropLeft 0 u4CropTop 0 u4CropRight 799 u4CropBottom 449
04-18 11:11:21.531  1852  1864 I .cloud.launche: Background concurrent copying GC freed 106885(6310KB) AllocSpace objects, 66(1472KB) LOS objects, 16% free, 29MB/35MB, paused 185us total 207.477ms
04-18 11:11:21.532   732  4942 D MtkOmxVdecEx: [0xf3940010] MtkOmxVdec::HandlePortDisable nPortIndex=0x1
04-18 11:11:21.532   732  4942 D MtkOmxVdecEx: [0xf3940010] +FlushOutputPort
04-18 11:11:21.534   732   732 D MtkOmxVdecEx: [0xf3940010] MtkOmxVdec::FreeBuffer all output buffers have been freed!!! signal mOutPortFreeDoneSem(1)
04-18 11:11:21.534  2205  4946 I CCodec  : Created component [c2.android.aac.decoder]
04-18 11:11:21.534  2205  4946 D CCodecConfig: read media type: audio/mp4a-latm
04-18 11:11:21.534   732   732 D MtkOmxVdecEx: [0xf3940010] mOutputPortDef eColorFormat(7f000001), eColorFormat(7f000001), meDecodeType(0), mForceOutputBufferCount(0), mIsUsingNativeBuffers(1)
04-18 11:11:21.534   732   732 D MtkOmxVdecEx: [0xf3940010] [OUTPUT] 32x32 Aligned! mOutputPortDef.nBufferSize(576016), nFrameWidth(800), nFrameHeight(464), nStride(800), nSliceHeight(480) nBufferCountActual(13)
04-18 11:11:21.536   732   732 D MtkOmxVdecEx: [0xf3940010] mOutputPortDef eColorFormat(7f000001), eColorFormat(7f000001), meDecodeType(0), mForceOutputBufferCount(0), mIsUsingNativeBuffers(1)
04-18 11:11:21.536   732   732 D MtkOmxVdecEx: [0xf3940010] [OUTPUT] 32x32 Aligned! mOutputPortDef.nBufferSize(576016), nFrameWidth(800), nFrameHeight(464), nStride(800), nSliceHeight(480) nBufferCountActual(13)
04-18 11:11:21.536   898  1518 I InputDispatcher: setInputWindows displayId=0 Window{26d385e u0 NavigationBar0} Window{367127 u0 StatusBar} Window{1f025bb u0 com.yangcong345.android.phone/com.yangcong345.video.business.player.HorizontalVideoActivity} recents_animation_input_consumer Window{400a8e u0 com.android.systemui.ImageWallpaper}
04-18 11:11:21.537  2205  4940 D SurfaceUtils: set up nativeWindow 0xb40000737c294a30 for 800x464, color 0x32315679, rotation 0, usage 0x402933
04-18 11:11:21.537  1852  1866 W System  : A resource failed to call release.
04-18 11:11:21.539  2205  4946 D ReflectedParamUpdater: extent() != 1 for single value type: algo.buffers.max-count.values
04-18 11:11:21.539   732   732 D MtkOmxVdecEx: [0xf3940010] output port populated
04-18 11:11:21.539  1852  1866 W System  : A resource failed to call release.
04-18 11:11:21.539  2205  4946 D ReflectedParamUpdater: extent() != 1 for single value type: output.subscribed-indices.values
04-18 11:11:21.540  2205  4946 D ReflectedParamUpdater: extent() != 1 for single value type: input.buffers.allocator-ids.values
04-18 11:11:21.540  2205  4946 D ReflectedParamUpdater: extent() != 1 for single value type: output.buffers.allocator-ids.values
04-18 11:11:21.540  2205  4946 D ReflectedParamUpdater: extent() != 1 for single value type: algo.buffers.allocator-ids.values
04-18 11:11:21.541  2205  4946 D ReflectedParamUpdater: extent() != 1 for single value type: output.buffers.pool-ids.values
04-18 11:11:21.541   732   732 W gralloc4: Buffer descriptor with invalid usage bits 0x2000
04-18 11:11:21.542  2205  4946 D ReflectedParamUpdater: extent() != 1 for single value type: algo.buffers.pool-ids.values
04-18 11:11:21.542   732   732 W gralloc4: Buffer descriptor with invalid usage bits 0x2000
04-18 11:11:21.543   732  4943 W VDO_LOG : [Warning] profile: 100, level: 30, bDirect8x8InferenceFlag should be 1 (0)
04-18 11:11:21.543   732  4943 I VDO_LOG : getDpbSize, u4LevelIdc 30, u4DpbSize 5
04-18 11:11:21.543   732  4943 W VDO_LOG : [Warning] profile: 100, level: 30, bDirect8x8InferenceFlag should be 1 (0)
04-18 11:11:21.543   732  4943 I VDO_LOG : getDpbSize, u4LevelIdc 30, u4DpbSize 5
04-18 11:11:21.545   732   732 W gralloc4: Buffer descriptor with invalid usage bits 0x2000
04-18 11:11:21.547   732   732 W gralloc4: Buffer descriptor with invalid usage bits 0x2000
04-18 11:11:21.548  2205  4946 I CCodecConfig: query failed after returning 19 values (BAD_INDEX)
04-18 11:11:21.549  2205  4946 D CCodecConfig: c2 config diff is Dict {
04-18 11:11:21.549  2205  4946 D CCodecConfig:   c2::u32 coded.aac-packaging.value = 0
04-18 11:11:21.549  2205  4946 D CCodecConfig:   c2::u32 coded.bitrate.value = 64000
04-18 11:11:21.549  2205  4946 D CCodecConfig:   c2::u32 coded.pl.level = 0
04-18 11:11:21.549  2205  4946 D CCodecConfig:   c2::u32 coded.pl.profile = 8192
04-18 11:11:21.549  2205  4946 D CCodecConfig:   c2::i32 coding.drc.album-mode.value = 0
04-18 11:11:21.549  2205  4946 D CCodecConfig:   c2::float coding.drc.attenuation-factor.value = 1
04-18 11:11:21.549  2205  4946 D CCodecConfig:   c2::float coding.drc.boost-factor.value = 1
04-18 11:11:21.549  2205  4946 D CCodecConfig:   c2::i32 coding.drc.compression-mode.value = 3
04-18 11:11:21.549  2205  4946 D CCodecConfig:   c2::i32 coding.drc.effect-type.value = 3
04-18 11:11:21.549  2205  4946 D CCodecConfig:   c2::float coding.drc.encoded-level.value = 0.25
04-18 11:11:21.549  2205  4946 D CCodecConfig:   c2::float coding.drc.reference-level.value = -16
04-18 11:11:21.549  2205  4946 D CCodecConfig:   c2::u32 input.buffers.max-size.value = 8192
04-18 11:11:21.549  2205  4946 D CCodecConfig:   c2::u32 input.delay.value = 0
04-18 11:11:21.549  2205  4946 D CCodecConfig:   string input.media-type.value = "audio/mp4a-latm"
04-18 11:11:21.549  2205  4946 D CCodecConfig:   c2::u32 output.delay.value = 2
04-18 11:11:21.549  2205  4946 D CCodecConfig:   c2::float output.drc.output-loudness.value = 0.25
04-18 11:11:21.549  2205  4946 D CCodecConfig:   string output.media-type.value = "audio/raw"
04-18 11:11:21.549  2205  4946 D CCodecConfig:   c2::u32 raw.channel-count.value = 1
04-18 11:11:21.549  2205  4946 D CCodecConfig:   c2::u32 raw.max-channel-count.value = 8
04-18 11:11:21.549  2205  4946 D CCodecConfig:   c2::u32 raw.sample-rate.value = 44100
04-18 11:11:21.549  2205  4946 D CCodecConfig: }
04-18 11:11:21.549   732   732 W gralloc4: Buffer descriptor with invalid usage bits 0x2000
04-18 11:11:21.549  2205  4946 D CCodec  : [c2.android.aac.decoder] buffers are bound to CCodec for this session
04-18 11:11:21.550  2205  4946 D CCodecConfig: no c2 equivalents for flags
04-18 11:11:21.550   732   732 W gralloc4: Buffer descriptor with invalid usage bits 0x2000
04-18 11:11:21.550  2205  4946 D CCodecConfig: c2 config diff is   c2::u32 raw.channel-count.value = 2
04-18 11:11:21.551  2205  4946 W Codec2Client: query -- param skipped: index = 1107298332.
04-18 11:11:21.551   732   732 W gralloc4: Buffer descriptor with invalid usage bits 0x2000
04-18 11:11:21.551  2205  4946 D CCodec  : setup formats input: AMessage(what = 0x00000000) = {
04-18 11:11:21.551  2205  4946 D CCodec  :   int32_t aac-drc-album-mode = 0
04-18 11:11:21.551  2205  4946 D CCodec  :   int32_t aac-drc-boost-level = 127
04-18 11:11:21.551  2205  4946 D CCodec  :   int32_t aac-drc-cut-level = 127
04-18 11:11:21.551  2205  4946 D CCodec  :   int32_t aac-drc-effect-type = 3
04-18 11:11:21.551  2205  4946 D CCodec  :   int32_t aac-drc-heavy-compression = 3
04-18 11:11:21.551  2205  4946 D CCodec  :   int32_t aac-encoded-target-level = -1
04-18 11:11:21.551  2205  4946 D CCodec  :   int32_t aac-max-output-channel_count = 8
04-18 11:11:21.551  2205  4946 D CCodec  :   int32_t aac-target-ref-level = 64
04-18 11:11:21.551  2205  4946 D CCodec  :   int32_t channel-count = 2
04-18 11:11:21.551  2205  4946 D CCodec  :   int32_t level = 0
04-18 11:11:21.551  2205  4946 D CCodec  :   int32_t max-input-size = 8192
04-18 11:11:21.551  2205  4946 D CCodec  :   string mime = "audio/mp4a-latm"
04-18 11:11:21.551  2205  4946 D CCodec  :   int32_t profile = 2
04-18 11:11:21.551  2205  4946 D CCodec  :   int32_t sample-rate = 44100
04-18 11:11:21.551  2205  4946 D CCodec  : } and output: AMessage(what = 0x00000000) = {
04-18 11:11:21.551  2205  4946 D CCodec  :   int32_t aac-drc-album-mode = 0
04-18 11:11:21.551  2205  4946 D CCodec  :   int32_t aac-drc-boost-level = 127
04-18 11:11:21.551  2205  4946 D CCodec  :   int32_t aac-drc-cut-level = 127
04-18 11:11:21.551  2205  4946 D CCodec  :   int32_t aac-drc-effect-type = 3
04-18 11:11:21.551  2205  4946 D CCodec  :   int32_t aac-drc-heavy-compression = 3
04-18 11:11:21.551  2205  4946 D CCodec  :   int32_t aac-drc-output-loudness = -1
04-18 11:11:21.551  2205  4946 D CCodec  :   int32_t aac-encoded-target-level = -1
04-18 11:11:21.551  2205  4946 D CCodec  :   int32_t aac-max-output-channel_count = 8
04-18 11:11:21.551  2205  4946 D CCodec  :   int32_t aac-target-ref-level = 64
04-18 11:11:21.551  2205  4946 D CCodec  :   int32_t channel-count = 2
04-18 11:11:21.551  2205  4946 D CCodec  :   string mime = "audio/raw"
04-18 11:11:21.551  2205  4946 D CCodec  :   int32_t sample-rate = 44100
04-18 11:11:21.551  2205  4946 D CCodec  : }
04-18 11:11:21.553   546   606 I BufferQueueConsumer: [](id:2220000002b,api:0,p:-1,c:546) connect(): controlledByApp=false
04-18 11:11:21.553  2205  4946 W Codec2Client: query -- param skipped: index = 1342179345.
04-18 11:11:21.553  2205  4946 W Codec2Client: query -- param skipped: index = 2415921170.
04-18 11:11:21.553  2205  4946 W Codec2Client: query -- param skipped: index = 1610614798.
04-18 11:11:21.553   732   732 W gralloc4: Buffer descriptor with invalid usage bits 0x2000
04-18 11:11:21.553   546   606 I BufferQueue: [unnamed-546-43](this:0xb400007248f6adb8,id:43,api:0,p:-1,c:-1) BufferQueue core=(546:/system/bin/surfaceflinger)
04-18 11:11:21.554   898   911 I InputDispatcher: setInputWindows displayId=0 Window{26d385e u0 NavigationBar0} Window{367127 u0 StatusBar} Window{1f025bb u0 com.yangcong345.android.phone/com.yangcong345.video.business.player.HorizontalVideoActivity} recents_animation_input_consumer Window{400a8e u0 com.android.systemui.ImageWallpaper}
04-18 11:11:21.557  2205  4946 E FMQ     : grantorIdx must be less than 3
04-18 11:11:21.557  2205  4946 E FMQ     : grantorIdx must be less than 3
04-18 11:11:21.557   546   606 I BufferQueueProducer: [#0](id:2220000002b,api:1,p:2205,c:546) connect(): api=1 producerControlledByApp=false
04-18 11:11:21.557  2205  4946 D CCodecBufferChannel: [c2.android.aac.decoder#166] Created input block pool with allocatorID 16 => poolID 17 - OK (0)
04-18 11:11:21.559   771  1146 E FMQ     : grantorIdx must be less than 3
04-18 11:11:21.559   771  1146 E FMQ     : grantorIdx must be less than 3
04-18 11:11:21.559   898   939 D BufferPoolAccessor2.0: bufferpool2 0xb4000072dc1b3df8 : 0(0 size) total buffers - 0(0 size) used buffers - 2/9 (recycle/alloc) - 7/24 (fetch/transfer)
04-18 11:11:21.559   898  1217 D BufferPoolAccessor2.0: bufferpool2 0xb4000072dc1bbd28 : 0(0 size) total buffers - 0(0 size) used buffers - 2/9 (recycle/alloc) - 7/18 (fetch/transfer)
04-18 11:11:21.559   898  1217 D BufferPoolAccessor2.0: Destruction - bufferpool2 0xb4000072dc1bbd28 cached: 0/0M, 0/0% in use; allocs: 9, 22% recycled; transfers: 18, 61% unfetched
04-18 11:11:21.559   898  1217 D BufferPoolAccessor2.0: bufferpool2 0xb4000072dc1bb3e8 : 0(0 size) total buffers - 0(0 size) used buffers - 2/9 (recycle/alloc) - 10/26 (fetch/transfer)
04-18 11:11:21.559   898  1217 D BufferPoolAccessor2.0: Destruction - bufferpool2 0xb4000072dc1bb3e8 cached: 0/0M, 0/0% in use; allocs: 9, 22% recycled; transfers: 26, 62% unfetched
04-18 11:11:21.560   898   939 D BufferPoolAccessor2.0: Destruction - bufferpool2 0xb4000072dc1b3df8 cached: 0/0M, 0/0% in use; allocs: 9, 22% recycled; transfers: 24, 71% unfetched
04-18 11:11:21.560   898  1293 D BufferPoolAccessor2.0: bufferpool2 0xb4000072dc1ba3b8 : 0(0 size) total buffers - 0(0 size) used buffers - 1/9 (recycle/alloc) - 8/24 (fetch/transfer)
04-18 11:11:21.560   898  1293 D BufferPoolAccessor2.0: Destruction - bufferpool2 0xb4000072dc1ba3b8 cached: 0/0M, 0/0% in use; allocs: 9, 11% recycled; transfers: 24, 67% unfetched
04-18 11:11:21.560   898  1191 D BufferPoolAccessor2.0: bufferpool2 0xb4000072dc1b3268 : 0(0 size) total buffers - 0(0 size) used buffers - 2/9 (recycle/alloc) - 7/34 (fetch/transfer)
04-18 11:11:21.560   898  1191 D BufferPoolAccessor2.0: Destruction - bufferpool2 0xb4000072dc1b3268 cached: 0/0M, 0/0% in use; allocs: 9, 22% recycled; transfers: 34, 79% unfetched
04-18 11:11:21.560   898  1293 D BufferPoolAccessor2.0: bufferpool2 0xb4000072dc1c1508 : 0(0 size) total buffers - 0(0 size) used buffers - 3/9 (recycle/alloc) - 6/34 (fetch/transfer)
04-18 11:11:21.560   898  1293 D BufferPoolAccessor2.0: Destruction - bufferpool2 0xb4000072dc1c1508 cached: 0/0M, 0/0% in use; allocs: 9, 33% recycled; transfers: 34, 82% unfetched
04-18 11:11:21.560  1247  1541 D BufferPoolAccessor2.0: bufferpool2 0xb4000072dc1a8058 : 0(0 size) total buffers - 0(0 size) used buffers - 2/9 (recycle/alloc) - 7/38 (fetch/transfer)
04-18 11:11:21.561  1247  1541 D BufferPoolAccessor2.0: Destruction - bufferpool2 0xb4000072dc1a8058 cached: 0/0M, 0/0% in use; allocs: 9, 22% recycled; transfers: 38, 82% unfetched
04-18 11:11:21.561  1247  1541 D BufferPoolAccessor2.0: bufferpool2 0xb4000072dc1a8998 : 0(0 size) total buffers - 0(0 size) used buffers - 2/9 (recycle/alloc) - 7/36 (fetch/transfer)
04-18 11:11:21.561  1247  1541 D BufferPoolAccessor2.0: Destruction - bufferpool2 0xb4000072dc1a8998 cached: 0/0M, 0/0% in use; allocs: 9, 22% recycled; transfers: 36, 81% unfetched
04-18 11:11:21.561  2205  4946 I CCodecBufferChannel: [c2.android.aac.decoder#166] Created output block pool with allocatorID 16 => poolID 26 - OK
04-18 11:11:21.561  1247  1541 D BufferPoolAccessor2.0: bufferpool2 0xb4000072dc1a5ff8 : 0(0 size) total buffers - 0(0 size) used buffers - 2/9 (recycle/alloc) - 7/18 (fetch/transfer)
04-18 11:11:21.561  1247  1541 D BufferPoolAccessor2.0: Destruction - bufferpool2 0xb4000072dc1a5ff8 cached: 0/0M, 0/0% in use; allocs: 9, 22% recycled; transfers: 18, 61% unfetched
04-18 11:11:21.562  2205  4946 D CCodecBufferChannel: [c2.android.aac.decoder#166] Configured output block pool ids 26 => OK
04-18 11:11:21.562  2205  4946 E ion     : ioctl c0044901 failed with code -1: Invalid argument
04-18 11:11:21.563   771  4950 D SimpleC2Component: Using output block pool with poolID 26 => got 26 - 0
04-18 11:11:21.563  2205  4946 E FMQ     : grantorIdx must be less than 3
04-18 11:11:21.564   771   818 E FMQ     : grantorIdx must be less than 3
04-18 11:11:21.568   771  4950 I C2SoftAacDec: Reconfiguring decoder: 0->44100 Hz, 0->2 channels
04-18 11:11:21.571   898  1518 I InputDispatcher: setInputWindows displayId=0 Window{26d385e u0 NavigationBar0} Window{367127 u0 StatusBar} Window{4d03949 u0 com.yangcong345.android.phone} Window{1f025bb u0 com.yangcong345.android.phone/com.yangcong345.video.business.player.HorizontalVideoActivity} recents_animation_input_consumer Window{400a8e u0 com.android.systemui.ImageWallpaper}
04-18 11:11:21.572   771  4950 E FMQ     : grantorIdx must be less than 3
04-18 11:11:21.572  2205  4941 E FMQ     : grantorIdx must be less than 3
04-18 11:11:21.577  2205  4946 D CCodecConfig: c2 config diff is   c2::i32 coding.drc.compression-mode.value = 1
04-18 11:11:21.577  2205  4946 D CCodecBuffers: [c2.android.aac.decoder#166:Output[N]] popFromStashAndRegister: output format changed to AMessage(what = 0x00000000) = {
04-18 11:11:21.577  2205  4946 D CCodecBuffers:   int32_t aac-drc-album-mode = 0
04-18 11:11:21.577  2205  4946 D CCodecBuffers:   int32_t aac-drc-boost-level = 127
04-18 11:11:21.577  2205  4946 D CCodecBuffers:   int32_t aac-drc-cut-level = 127
04-18 11:11:21.577  2205  4946 D CCodecBuffers:   int32_t aac-drc-effect-type = 3
04-18 11:11:21.577  2205  4946 D CCodecBuffers:   int32_t aac-drc-heavy-compression = 1
04-18 11:11:21.577  2205  4946 D CCodecBuffers:   int32_t aac-drc-output-loudness = -1
04-18 11:11:21.577  2205  4946 D CCodecBuffers:   int32_t aac-encoded-target-level = -1
04-18 11:11:21.577  2205  4946 D CCodecBuffers:   int32_t aac-max-output-channel_count = 8
04-18 11:11:21.577  2205  4946 D CCodecBuffers:   int32_t aac-target-ref-level = 64
04-18 11:11:21.577  2205  4946 D CCodecBuffers:   int32_t channel-count = 2
04-18 11:11:21.577  2205  4946 D CCodecBuffers:   string mime = "audio/raw"
04-18 11:11:21.577  2205  4946 D CCodecBuffers:   int32_t sample-rate = 44100
04-18 11:11:21.577  2205  4946 D CCodecBuffers: }
04-18 11:11:21.578   898   916 I sysui_multi_action: [757,856,758,1,806,android,857,com.android.server.wm.AlertWindowNotification - com.yangcong345.android.phone,858,1]
04-18 11:11:21.586   898  1518 I InputDispatcher: setInputWindows displayId=0 Window{26d385e u0 NavigationBar0} Window{367127 u0 StatusBar} Window{4d03949 u0 com.yangcong345.android.phone} Window{1f025bb u0 com.yangcong345.android.phone/com.yangcong345.video.business.player.HorizontalVideoActivity} recents_animation_input_consumer Window{400a8e u0 com.android.systemui.ImageWallpaper}
04-18 11:11:21.588   898   916 E NotificationManager: notify   lock = 1
04-18 11:11:21.588   898   916 E NotificationManager: notify  ALLOW
04-18 11:11:21.588   898   916 E NotificationManager: notifyAsUser   lock = 1
04-18 11:11:21.588   898   916 E NotificationManager: notifyAsUser  ALLOW
04-18 11:11:21.589   898   916 D HraManager: hra getallowSystemAppsManagerNotification
04-18 11:11:21.589   898   916 D NotificationService: current pckname --> In <-- SystemAppNotificationPckNameListWlist
04-18 11:11:21.589   898   916 D HraManager: hra getAllowNotificationPackageName
04-18 11:11:21.589   898   916 D NotificationService: current pckname --> Not <-- in NotificationPckNameListWlist
04-18 11:11:21.589   898   916 D HraManager: hra getallowNotificationPackageNameAndChannelId
04-18 11:11:21.589   898   916 D NotificationService: current PckNamechannelId --> Not <-- in NotificationChennalIDWlist
04-18 11:11:21.590   898   915 I commit_sys_config_file: [notification-policy,9]
04-18 11:11:21.593  1852  2045 I Matrix.background.Staged: run check task
04-18 11:11:21.593  1852  2045 I Matrix.background.Explicit: checkAndPostIfNeeded
04-18 11:11:21.594  1852  2045 I Matrix.background.Explicit: turn ON
04-18 11:11:21.594   732   732 W gralloc4: Buffer descriptor with invalid usage bits 0x2000
04-18 11:11:21.595  2205  4880 I BufferQueueProducer: [SurfaceTexture-0-2205-0](id:89d00000000,api:1,p:2205,c:2205) disconnect(): api=1
04-18 11:11:21.595  2205  4880 I BufferQueueProducer: [SurfaceTexture-0-2205-0](id:89d00000000,api:1,p:2205,c:2205) connect(): api=1 producerControlledByApp=true
04-18 11:11:21.595  2205  4880 I SpoRenderer: onSurfaceChanged width = 1920  height = 1080
04-18 11:11:21.596   537  2084 V AudioPolicyIntefaceImpl: getOutput()
04-18 11:11:21.597   537  2084 I chatty  : uid=1041(audioserver) Binder:537_5 identical 1 line
04-18 11:11:21.597   537  2084 V AudioPolicyIntefaceImpl: getOutput()
04-18 11:11:21.599  1852  2045 I Matrix.ProcessLifecycle: com.yangcong345.cloud.launcher task: TaskInfo{userId=0 stackId=44 taskId=44 displayId=0 isRunning=true baseIntent=Intent { act=android.intent.action.VIEW dat=ycmath://padlauncher.com/init flg=0x10000000 cmp=com.yangcong345.cloud.launcher/com.yangcong345.support.common.LauncherSchemeActivity } baseActivity=ComponentInfo{com.yangcong345.cloud.launcher/com.yangcong345.padmodule.home.main.PadHomeActivity} topActivity=ComponentInfo{com.yangcong345.android.phone/com.yangcong345.video.business.player.HorizontalVideoActivity} origActivity=null realActivity=ComponentInfo{com.yangcong345.cloud.launcher/com.yangcong345.support.common.LauncherSchemeActivity} numActivities=2 lastActiveTime=328454 supportsSplitScreenMultiWindow=false resizeMode=1 isResizeable=true token=android.window.WindowContainerToken@98ea805 topActivityType=1 pictureInPictureParams=null topActivityInfo=ActivityInfo{456bf81 com.yangcong345.video.business.player.HorizontalVideoActivity}
04-18 11:11:21.599  2205  4883 D AudioTrack: INSP: type=audio,case=1,set=0xb4000072fc2362c0,stream_type=-1,sample_rate=44100,format=0x1,channel_mask=0x3,frame_count=11025,flags=0x0,notification_frames=0,session_id=25,transfer_type=3,uid=-1,pid=-1
04-18 11:11:21.599  2205  4883 D AudioTrack: INSP: type=audio,case=1,attributes=1,content_type=0,usage=1,source=-1,flags=0xa00
04-18 11:11:21.599  2205  4883 D AudioTrack: set(): Building AudioTrack with attributes: usage = 1, content = 0, flags = 0xa00, tags = []
04-18 11:11:21.599  2205  4883 D AudioTrack: set(): 0xb4000072fc2362c0, Create AudioTrackThread, tid = 4951
04-18 11:11:21.599   537  2084 V AudioPolicyIntefaceImpl: getOutputForAttr()
04-18 11:11:21.600  1852  2045 I Matrix.ProcessLifecycle: com.yangcong345.cloud.launcher task: TaskInfo{userId=0 stackId=47 taskId=47 displayId=-1 isRunning=false baseIntent=Intent { act=android.intent.action.MAIN cat=[android.intent.category.HOME] flg=0x10000100 cmp=com.yangcong345.cloud.launcher/com.yangcong345.cloud.control.PadLauncherActivity (has extras) } baseActivity=null topActivity=null origActivity=null realActivity=ComponentInfo{com.yangcong345.cloud.launcher/com.yangcong345.cloud.control.PadLauncherActivity} numActivities=0 lastActiveTime=292624 supportsSplitScreenMultiWindow=false resizeMode=0 isResizeable=false token=android.window.WindowContainerToken@d9c028b topActivityType=2 pictureInPictureParams=null topActivityInfo=null
04-18 11:11:21.600  1852  2045 D Matrix.ProcessLifecycle: hasRunningAppTask run any
04-18 11:11:21.601   537  2084 D APM_AudioPolicyManager: [MTK_APM_Output]getOutputForAttr() returns output 21 requestedPortId 0 selectedDeviceId 3 for port ID 26, sample_rate 44100, format 1, channel_mask 3, flags 8 stream 3
04-18 11:11:21.601   537  2084 D AudioFlinger_Threads: Client defaulted notificationFrames to 3675 for frameCount 11025
04-18 11:11:21.601   537  2084 D AF::Track: Track, track(0xb4000078ad5ff0a0): mFastIndex -1, mStreamType 3, mId 57, mFrameCount 11025, mSampleRate 44100, mFormat 1, mChannelCount 2, mTrackCount 2, thread 0xb400007a30002040, sessionId 25, AudioOut_15, primary-8
04-18 11:11:21.602  1852  2045 I Matrix.background.Staged: hasRunningAppTask? true
04-18 11:11:21.602  1852  2045 I Matrix.background.Staged: turn ON
04-18 11:11:21.602  1852  2045 I Matrix.background.Staged: need recheck: next 144
04-18 11:11:21.602   898   911 I InputDispatcher: setInputWindows displayId=0 Window{26d385e u0 NavigationBar0} Window{367127 u0 StatusBar} Window{4d03949 u0 com.yangcong345.android.phone} Window{1f025bb u0 com.yangcong345.android.phone/com.yangcong345.video.business.player.HorizontalVideoActivity} recents_animation_input_consumer Window{400a8e u0 com.android.systemui.ImageWallpaper}
04-18 11:11:21.602   537  2084 D AF::TrackHandle: OpPlayAudio: track:57 usage:1 not muted
04-18 11:11:21.604  2205  4883 D AudioTrack: createTrack_l(26): 0xb4000072fc2362c0, mCblk = 0x70a6800000, mLatency = 378, mAfLatency = 128, frameCount = 11025, mSampleRate = 44100, mFlags = 0x8, mReqFrameCount = 11025, mNotificationFramesAct = 3675
04-18 11:11:21.610  2205  4883 D AudioTrack: setVolume(26): 0xb4000072fc2362c0, left = 1.000000, right = 1.000000
04-18 11:11:21.612   733   772 I Proximity: distance = 2
04-18 11:11:21.618   898  1518 I InputDispatcher: setInputWindows displayId=0 Window{26d385e u0 NavigationBar0} Window{367127 u0 StatusBar} Window{4d03949 u0 com.yangcong345.android.phone} Window{1f025bb u0 com.yangcong345.android.phone/com.yangcong345.video.business.player.HorizontalVideoActivity} recents_animation_input_consumer Window{400a8e u0 com.android.systemui.ImageWallpaper}
04-18 11:11:21.626   397   397 I hwservicemanager: Since vendor.mediatek.hardware.mms@1.5::IMms/default is not registered, trying to start it as a lazy HAL.
04-18 11:11:21.627   397   397 I hwservicemanager: Since vendor.mediatek.hardware.mms@1.5::IMms/default is not registered, trying to start it as a lazy HAL.
04-18 11:11:21.628  2205  4880 I HidlServiceManagement: getService: Trying again for vendor.mediatek.hardware.mms@1.5::IMms/default...
04-18 11:11:21.630  2205  4883 D AudioTrack: start(26): 0xb4000072fc2362c0, prior state:STATE_STOPPED
04-18 11:11:21.630   898   898 D AudioManager: dispatching onPlaybackConfigChanged()
04-18 11:11:21.630   537  2084 V AudioPolicyIntefaceImpl: startOutput()
04-18 11:11:21.630   537  2084 D APM_AudioPolicyManager: [MTK_APM_Output]startOutput() output 21, stream 3, session 25 portId 26
04-18 11:11:21.631   537  2084 W AudioFlinger: moveEffectChain_l() effect chain for session 0 not on source thread 0xb400007a300c3040
04-18 11:11:21.631  1224  1224 D AudioManager: dispatching onPlaybackConfigChanged()
04-18 11:11:21.633   533   559 I mtkpower@impl: [setMode] type:5, enabled:0
04-18 11:11:21.633   537   766 D AudioSystem: +setParameters(): volumeDevice=2;volumeIndex=12;volumeStreamType=3
04-18 11:11:21.633   533   598 I libPowerHal: [perfLockRel] hdl:114, idx:2
04-18 11:11:21.633   533   598 I libPowerHal: [PD] scn:2 hdl:114 hint:11 comm:mtkpower@1.0-se pid:533
04-18 11:11:21.634   533   558 I mtkpower@impl: [mtkPowerHint] hint:23, hold:0, ext:30, ext_hold:5000
04-18 11:11:21.634   507   571 D AudioALSAStreamOut: +setParameters(): flag 2, volumeDevice=2;volumeIndex=12;volumeStreamType=3
04-18 11:11:21.634   507   571 D AudioMTKGainController: setNormalVolume(), mSceneIndex = 0, stream 3, devices 0x2, index 12, mode 0x0, gainDevice 0x2
04-18 11:11:21.634   507   571 D AudioMTKGainController: setSpeakerGain(), gain = 6, spkAnaType = 1, spkLMixerName = Headset_PGAL_GAIN, spkRMixerName = Headset_PGAR_GAIN
04-18 11:11:21.634   507   571 D AudioALSAStreamManager: setVolumeIndex() stream= 3, device= 2, index= c
04-18 11:11:21.634   533   598 I libPowerHal: [perfLockRel] hdl:113, idx:1
04-18 11:11:21.634   533   598 I libPowerHal: [PD] scn:1 hdl:113 hint:22 comm:mtkpower@1.0-se pid:533
04-18 11:11:21.635   533   598 I libPowerHal: [perfLockRel] hdl:115, idx:3
04-18 11:11:21.635   533   598 I libPowerHal: [PD] scn:3 hdl:115 hint:23 comm:mtkpower@1.0-se pid:533
04-18 11:11:21.635   898  1518 I InputDispatcher: setInputWindows displayId=0 Window{26d385e u0 NavigationBar0} Window{367127 u0 StatusBar} Window{4d03949 u0 com.yangcong345.android.phone} Window{1f025bb u0 com.yangcong345.android.phone/com.yangcong345.video.business.player.HorizontalVideoActivity} recents_animation_input_consumer Window{400a8e u0 com.android.systemui.ImageWallpaper}
04-18 11:11:21.635   537  2084 W APM::AudioPolicyEngine: getDevicesForStrategy() unknown strategy: -1
04-18 11:11:21.635   537  2084 W APM::AudioPolicyEngine: getDevicesForStrategy() unknown strategy: -1
04-18 11:11:21.635   533   598 I libPowerHal: MTKPOWER_HINT_ACT_SWITCH: cpu_ctrl set cpu freq: -1 -1 -1 -1
04-18 11:11:21.635   533   598 I libPowerHal: [PD] MTKPOWER_HINT_ACT_SWITCH update cmd:1000000, param:-1
04-18 11:11:21.636   533   598 I libPowerHal: [PD] MTKPOWER_HINT_ACT_SWITCH update cmd:1408300 param:0
04-18 11:11:21.636   533   598 I libPowerHal: [PD] MTKPOWER_HINT_ACT_SWITCH update cmd:1000000 param:-1
04-18 11:11:21.636   537   838 D AudioFlinger_Threads: 0xb400007a30002040:threadLoop_write write data to hw, mixerStatus 2, muted count 70
04-18 11:11:21.637   533   598 I libPowerHal: [perfLockAcq] idx:0 hdl:117 hint:30 pid:533 duration:5000 => ret_hdl:117
04-18 11:11:21.637   533   598 I libPowerHal: [PE] scn:0 hdl:117 hint:30 comm:mtkpower@1.0-se pid:533
04-18 11:11:21.637   533   598 I libPowerHal: [PE] MTKPOWER_HINT_EXT_LAUNCH update cmd:1000000, param:1
04-18 11:11:21.637   533   598 I libPowerHal: [PE] MTKPOWER_HINT_EXT_LAUNCH update cmd:2020000, param:15
04-18 11:11:21.637   533   598 I libPowerHal: [PE] MTKPOWER_HINT_EXT_LAUNCH update cmd:1408300, param:40
04-18 11:11:21.637   507  1167 D AudioALSAStreamOut: write(), flag 0x8, mStreamAttributeSource.output_devices = 0x2, set usePolicyDevice from true to false
04-18 11:11:21.638   507  1167 D AudioALSAStreamManager: +syncSharedOutDevice(), routingSharedOutDevice: 0x2, mPhoneCallControllerStatusPolicy: 0
04-18 11:11:21.638   507  1167 D AudioMTKGainController: setNormalVolume(), mSceneIndex = 0, stream 3, devices 0x2, index 12, mode 0x0, gainDevice 0x2
04-18 11:11:21.638   507  1167 D AudioMTKGainController: setSpeakerGain(), gain = 6, spkAnaType = 1, spkLMixerName = Headset_PGAL_GAIN, spkRMixerName = Headset_PGAR_GAIN
04-18 11:11:21.638   507  1167 D AudioALSAStreamOut: open(), flags 8
04-18 11:11:21.638   507  1167 D AudioALSAStreamManager: +createPlaybackHandler(), mAudioMode = 0, output_devices = 0x2, isMixerOut = 0, isBypassAurisys = 0, flag = 8
04-18 11:11:21.638   507  1167 D AudioALSAStreamManager: needEnableVoip(), output_devices = 0x2, flags: 0x8, mAvailableOutputFlags: 0x1000e, enable: 0
04-18 11:11:21.638   507  1167 D AudioSpeechEnhanceInfo: IsAPDMNRTuningEnable(), 0
04-18 11:11:21.638   533   598 I libPowerHal: [PE] MTKPOWER_HINT_EXT_LAUNCH update cmd:1000000 param:1
04-18 11:11:21.638   898  1518 I system_server: oneway function results will be dropped but finished with status OK and parcel size 4
04-18 11:11:21.638   507  1167 E AudioALSAPlaybackHandlerNormal: AudioALSAPlaybackHandlerNormal: Awinic dlopen lib failed - dlopen failed: library "/vendor/lib64/hw/awinic.audio.effect.so" not found
04-18 11:11:21.638   507  1167 D AudioALSAPlaybackHandlerNormal: +open(), flag = 8, source output_devices = 0x2, audio_format = 3, buffer_size = 16384, sample_rate = 48000
04-18 11:11:21.638   507  1167 D AudioALSADeviceParser: compare pcm success = 8, stringpair = Deep_Buffer_PLayback
04-18 11:11:21.639   507  1167 D AudioALSAPlaybackHandlerBase: transferAudioFormatToPcmFormat(), audio_format(0x4) => pcm_format(0x1)
04-18 11:11:21.639   507  1167 D AudioALSAPlaybackHandlerNormal: open(), flag = 8, mConfig: channels = 2, sample_rate(target) = 48000, period_size = 3072, period_count = 2, format = 1, avail_min = 2048, start_threshold = 0
04-18 11:11:21.639   507  1167 D AudioALSAPlaybackHandlerNormal: SetLowJitterMode(), bypass low jitter mode, bEnable = 1, device = 0x2, SampleRate = 48000
04-18 11:11:21.644   732   732 W gralloc4: Buffer descriptor with invalid usage bits 0x2000
04-18 11:11:21.644   507  1167 D AudioALSAPlaybackHandlerBase: openPcmDriverWithFlag(), pcm device = 8 flag = 0x8 mPcm = 0xe75c1d20
04-18 11:11:21.644   507  1167 D AudioALSAPlaybackHandlerBase: CreateAurisysLibManager, ph type: 10, voip: 0, mAurisysScenario: 0
04-18 11:11:21.644   507  1167 D aurisys_utility: input dev: 0x80000004, fmt = 0x3, fs: 48000, max fs: 48000, ch: 2, max ch: 2, ch maks: 0x3, hw_info_mask: 0x0; output dev: 0x2, fmt = 0x3, fs: 48000, max fs: 48000, ch: 2, max ch: 2, ch maks: 0x3, hw_info_mask: 0x4; task_scene: 2, audio_mode: 0, stream_type: 3, output_flags: 0x8, input_source: 0, input_flags: 0x0; network_info: 0, enhancement_feature_mask: 0x0
04-18 11:11:21.644   507  1167 D aurisys_utility: lib, working fs: 48000, fmt: 0x3, frame = 0, b_interleave = 1, num_ul_ref_buf_array = 0, num_dl_ref_buf_array = 0
04-18 11:11:21.644   507  1167 D aurisys_utility: dl in[type:2], ch: 2, ch_mask: 0x3, buf fs: 48000, buf content fs: 48000, fmt: 0x3; dl out[type:3], ch: 2, ch_mask: 0x3, buf fs: 48000, buf content fs: 48000, fmt: 0x3
04-18 11:11:21.644   507  1167 I [Awinic]: aw_skt_arsi_query_param_buf_size_by_custom_info:cust_scene[0] ---> aw_scene[0]
04-18 11:11:21.644   507  1167 I [Awinic]: find [] scene_block with id 0
04-18 11:11:21.644   507  1167 I [Awinic]: aw_skt_arsi_query_param_buf_size_by_custom_info:aw_scene[Music] params len is 18300
04-18 11:11:21.644   507  1167 I [Awinic]: aw_skt_arsi_parsing_param_file_by_custom_info:cust_scene[0] ---> aw_scene[0]
04-18 11:11:21.644   507  1167 I [Awinic]: find [] scene_block with id 0
04-18 11:11:21.644   507  1167 I [Awinic]: aw_skt_arsi_parsing_param_file_by_custom_info:load aw_scene[Music] params done
04-18 11:11:21.644   507  1167 D aurisys_lib_handler: aurisys_arsi_parsing_param_file(), gProductInfo "platform=MT6771,device=Q20,model=PF135", file_path "/vendor/etc/smartpa_param", enhancement_mode 0, param_buf_size 18300, data_size 18300, custom_info SetAudioCustomScene=
04-18 11:11:21.645   507  1167 I [Awinic]: SKTune_v5.3.1.15
04-18 11:11:21.645   507  1167 D [Awinic]: spin init done!
04-18 11:11:21.645   507  1167 D [Awinic]: init Done !
04-18 11:11:21.645   507  1167 I [Awinic]: aw_set_vmax_init_pthread: Awinic vmax init success with dev num 0
04-18 11:11:21.645   507  1167 I [Awinic]: aw_set_vmax_init_pthread: Awinic vmax init success with dev num 1
04-18 11:11:21.645   507  1167 I [Awinic]: local_cfg->fade_out_deg_num = 21738
04-18 11:11:21.645   507  1167 I [Awinic]: local_cfg->mute_in_num = 4143606
04-18 11:11:21.645   507  1167 I [Awinic]: local_cfg->fade_in_deg_num = 21108
04-18 11:11:21.645   507  1167 I [Awinic]: unsupport filter order 0 !
04-18 11:11:21.645   507  1167 I [Awinic]: unsupport filter order 0 !
04-18 11:11:21.645   507  4957 I [Awinic]: aw_set_vmax_update_pthread: Awinic dev[0] capacity percent: 52%, set vmax db: 0.0000db(0x00000000), vmax percent: 100.00% done
04-18 11:11:21.645   507  4957 I [Awinic]: aw_set_vmax_update_pthread: Awinic dev[1] capacity percent: 52%, set vmax db: 0.0000db(0x00000000), vmax percent: 100.00% done
04-18 11:11:21.645   507  1167 I [Awinic]: unsupport filter order 0 !
04-18 11:11:21.646   507  1167 I chatty  : uid=1041(audioserver) writer identical 34 lines
04-18 11:11:21.646   507  1167 I [Awinic]: unsupport filter order 0 !
04-18 11:11:21.646   507  1167 E [Awinic]: band num is 1,unsupported !
04-18 11:11:21.646   507  1167 I [Awinic]: unsupport filter order 0 !
04-18 11:11:21.646   507  1167 I chatty  : uid=1041(audioserver) writer identical 39 lines
04-18 11:11:21.646   507  1167 I [Awinic]: unsupport filter order 0 !
04-18 11:11:21.646   507  1167 E [Awinic]: band num is 1,unsupported !
04-18 11:11:21.646   507  1167 I [Awinic]: unsupport filter order 0 !
04-18 11:11:21.646   507  1167 I chatty  : uid=1041(audioserver) writer identical 2 lines
04-18 11:11:21.646   507  1167 I [Awinic]: unsupport filter order 0 !
04-18 11:11:21.646   507  1167 D [Awinic]: set parameter done!
04-18 11:11:21.646   507  1167 D [Awinic]: fade in out backup_params done!
04-18 11:11:21.646   507  1167 D aurisys_lib_handler: aurisys_arsi_create_handler(), lib_name smartpa_aw88xxx, 0xe6242650, memory_size 439628, arsi_handler 0xe680a030, retval 0x0
04-18 11:11:21.646   507  1167 D aurisys_lib_handler: aurisys_arsi_create_handler(), arsi_query_process_unit_bytes, ul 4096, dl 4096, retval 0
04-18 11:11:21.646   507  1167 D aurisys_lib_manager: DL Lib, lib_name smartpa_aw88xxx, 0xe6242650, sample_rate: 48000 => 48000, num_channels: 2 => 2, audio_format: 0x3 => 0x3, interleave: 1 => 1, frame: 0 => 0
04-18 11:11:21.646   507  1167 D aurisys_lib_manager: DL out, sample_rate: 48000 => 48000, num_channels: 2 => 2, audio_format: 0x3 => 0x4, interleave: 1 => 1, frame: 0 => 0
04-18 11:11:21.646   507  1167 D AudioALSAHardwareResourceManager: +startOutputDevice(), new_devices = 0x2, mOutputDevices = 0x0, mStartOutputDevicesCount = 0 SampleRate = 48000
04-18 11:11:21.646   507  1167 D AudioALSADeviceConfigManager: ApplyDeviceTurnonSequenceByName() DeviceName = headphone_output descriptor->DeviceStatusCounte = 0
04-18 11:11:21.651   898  1518 I InputDispatcher: setInputWindows displayId=0 Window{26d385e u0 NavigationBar0} Window{367127 u0 StatusBar} Window{4d03949 u0 com.yangcong345.android.phone} Window{1f025bb u0 com.yangcong345.android.phone/com.yangcong345.video.business.player.HorizontalVideoActivity} recents_animation_input_consumer Window{400a8e u0 com.android.systemui.ImageWallpaper}
04-18 11:11:21.667  4956  4956 D PQCommon: [PQ_PROT] [PQCust] libpq_cust_base.so OK, libpq_cust.so absent
04-18 11:11:21.667   898  1518 I InputDispatcher: setInputWindows displayId=0 Window{26d385e u0 NavigationBar0} Window{367127 u0 StatusBar} Window{4d03949 u0 com.yangcong345.android.phone} Window{1f025bb u0 com.yangcong345.android.phone/com.yangcong345.video.business.player.HorizontalVideoActivity} recents_animation_input_consumer Window{400a8e u0 com.android.systemui.ImageWallpaper}
04-18 11:11:21.668  4956  4956 D MMServer: new mmservice
04-18 11:11:21.670  4956  4956 I HidlServiceManagement: Registered vendor.mediatek.hardware.mms@1.5::IMms/default (start delay of 40ms)
04-18 11:11:21.670  4956  4956 I HidlServiceManagement: Removing namespace from process name vendor.mediatek.hardware.mms@1.5-service to mms@1.5-service.
04-18 11:11:21.670  4956  4956 I LegacySupport: Registration complete for vendor.mediatek.hardware.mms@1.5::IMms/default.
04-18 11:11:21.671   397   397 I hw-BpHwBinder: onLastStrongRef automatically unlinking death recipients
04-18 11:11:21.671  2205  4880 I GPUAUX  : [AUX]GPUAUXContext:69: create: 0xb40000722c1f6650
04-18 11:11:21.672  4956  4960 E ion     : ioctl c0044901 failed with code -1: Invalid argument
04-18 11:11:21.672  4956  4960 D PQ      : [PQ][PQSessionManager] PQSessionManager()...
04-18 11:11:21.672  4956  4960 D PQ      : [PQ][PQSessionManager] m_PQSupport = 2
04-18 11:11:21.672  4956  4960 D PQ      : [PQ][PQConfig] PQConfig()...
04-18 11:11:21.675   507  1167 D AudioALSADeviceConfigManager: ApplyDeviceTurnonSequenceByName() DeviceName = ext_speaker_output descriptor->DeviceStatusCounte = 0
04-18 11:11:21.675  4956  4960 D PQ      : [PQ][PQConfig] PQService is ready
04-18 11:11:21.675  4956  4960 D MDP     : DpAsyncBlit: in: job (1 10) (800, 480, 25600, 12800, C12b, P0), sec0, flush 0 Buffer 0: plane=2 bufVA={0x8,0x8,0x0} bufMVA={0x0,0x0,0x0} bufSize={0x5dc00,0x2ee00,0x0} proxy={0xb400007264723de0,0x0,0x0}fence=-1
04-18 11:11:21.675  4956  4960 D MDP     : DpAsyncBlit: out0: (800, 464, 800, 400, C8s, P0), misc: (X:0, Y:0, R:0, F:0, S:0, A:0, D:0), sec0, flush 1 Buffer 0: plane=3 bufVA={0x9,0x9,0x9} bufMVA={0x0,0x0,0x0} bufSize={0x5aa00,0x16a80,0x16a80} proxy={0xb400007264723890,0x0,0x0}fence=-1
04-18 11:11:21.675  4956  4960 D MDP     : DpAsyncBlit: crop0: (0, 0, 800, 464, 0, 0, 0, 0)
04-18 11:11:21.684   898  1518 I InputDispatcher: setInputWindows displayId=0 Window{26d385e u0 NavigationBar0} Window{367127 u0 StatusBar} Window{4d03949 u0 com.yangcong345.android.phone} Window{1f025bb u0 com.yangcong345.android.phone/com.yangcong345.video.business.player.HorizontalVideoActivity} recents_animation_input_consumer Window{400a8e u0 com.android.systemui.ImageWallpaper}
04-18 11:11:21.701   898   911 I InputDispatcher: setInputWindows displayId=0 Window{26d385e u0 NavigationBar0} Window{367127 u0 StatusBar} Window{4d03949 u0 com.yangcong345.android.phone} Window{1f025bb u0 com.yangcong345.android.phone/com.yangcong345.video.business.player.HorizontalVideoActivity} recents_animation_input_consumer Window{400a8e u0 com.android.systemui.ImageWallpaper}
04-18 11:11:21.717   898  1518 I InputDispatcher: setInputWindows displayId=0 Window{26d385e u0 NavigationBar0} Window{367127 u0 StatusBar} Window{4d03949 u0 com.yangcong345.android.phone} Window{1f025bb u0 com.yangcong345.android.phone/com.yangcong345.video.business.player.HorizontalVideoActivity} recents_animation_input_consumer Window{400a8e u0 com.android.systemui.ImageWallpaper}
04-18 11:11:21.733   898  1518 I InputDispatcher: setInputWindows displayId=0 Window{26d385e u0 NavigationBar0} Window{367127 u0 StatusBar} Window{4d03949 u0 com.yangcong345.android.phone} Window{1f025bb u0 com.yangcong345.android.phone/com.yangcong345.video.business.player.HorizontalVideoActivity} recents_animation_input_consumer Window{400a8e u0 com.android.systemui.ImageWallpaper}
04-18 11:11:21.740   507  1167 D AudioALSAHardwareResourceManager: notifyOutputDeviceStatusChange(), device = 2, status = 0, sampleRate = 48000, mOpenSpeakerPathCount = 1
04-18 11:11:21.740   507  1167 D AudioALSAStreamManager: speakerStatusChangeCb(), status = 0, sampleRate = 48000
04-18 11:11:21.740   507  1167 D AudioALSAPlaybackHandlerNormal: -open()
04-18 11:11:21.740   507  1167 D AudioALSAStreamOut: openWavDump(), mDumpFile is NULL
04-18 11:11:21.740   507  1167 D AudioALSAPlaybackHandlerNormal: setScreenState(), flag = 8, rate = 2048, mInterrupt = 0.042667, mode = 1, sample_rate(target) = 48000, buffer_size = 16384, channel = 2, format = 4, reduceInterruptSize = 1024
04-18 11:11:21.740   507  1167 D AudioALSAPlaybackHandlerNormal: write: enable Awinic Effect
04-18 11:11:21.746  1852  2045 I Matrix.background.Staged: run check task
04-18 11:11:21.746  1852  2045 I Matrix.background.Explicit: checkAndPostIfNeeded
04-18 11:11:21.747   507  1167 D AudioALSAPlaybackHandlerNormal: write: enable Awinic Effect
04-18 11:11:21.747  1852  2045 I Matrix.background.Explicit: turn ON
04-18 11:11:21.749  2205  4883 D AudioTrack: getTimestamp_l(26): device stall time corrected using current time 329669720632
04-18 11:11:21.750   898   911 I InputDispatcher: setInputWindows displayId=0 Window{26d385e u0 NavigationBar0} Window{367127 u0 StatusBar} Window{4d03949 u0 com.yangcong345.android.phone} Window{1f025bb u0 com.yangcong345.android.phone/com.yangcong345.video.business.player.HorizontalVideoActivity} recents_animation_input_consumer Window{400a8e u0 com.android.systemui.ImageWallpaper}
04-18 11:11:21.754  1852  2045 I Matrix.ProcessLifecycle: com.yangcong345.cloud.launcher task: TaskInfo{userId=0 stackId=44 taskId=44 displayId=0 isRunning=true baseIntent=Intent { act=android.intent.action.VIEW dat=ycmath://padlauncher.com/init flg=0x10000000 cmp=com.yangcong345.cloud.launcher/com.yangcong345.support.common.LauncherSchemeActivity } baseActivity=ComponentInfo{com.yangcong345.cloud.launcher/com.yangcong345.padmodule.home.main.PadHomeActivity} topActivity=ComponentInfo{com.yangcong345.android.phone/com.yangcong345.video.business.player.HorizontalVideoActivity} origActivity=null realActivity=ComponentInfo{com.yangcong345.cloud.launcher/com.yangcong345.support.common.LauncherSchemeActivity} numActivities=2 lastActiveTime=328454 supportsSplitScreenMultiWindow=false resizeMode=1 isResizeable=true token=android.window.WindowContainerToken@98ea805 topActivityType=1 pictureInPictureParams=null topActivityInfo=ActivityInfo{60f0826 com.yangcong345.video.business.player.HorizontalVideoActivity}
