04-18 11:11:04.289  2205  2230 I 5.android.phon: oneway function results will be dropped but finished with status OK and parcel size 4
04-18 11:11:04.296  2205  2230 I 5.android.phon: oneway function results will be dropped but finished with status OK and parcel size 4
04-18 11:11:04.298   898   911 I InputDispatcher: setInputWindows displayId=0 Window{26d385e u0 NavigationBar0} Window{367127 u0 StatusBar} Window{412446e u0 com.yangcong345.cloud.launcher/com.yangcong345.padmodule.home.main.PadHomeActivity} Window{b8ca73b u0 com.yangcong345.cloud.launcher/com.yangcong345.padmodule.home.main.PadHomeActivity} recents_animation_input_consumer Window{9588175 u0 com.yangcong345.cloud.launcher/com.yangcong345.padmodule.home.main.PadHomeActivity} Window{400a8e u0 com.android.systemui.ImageWallpaper}
04-18 11:11:04.363   898   911 I chatty  : uid=1000(system) Binder:898_1 identical 4 lines
04-18 11:11:04.379   898   911 I InputDispatcher: setInputWindows displayId=0 Window{26d385e u0 NavigationBar0} Window{367127 u0 StatusBar} Window{412446e u0 com.yangcong345.cloud.launcher/com.yangcong345.padmodule.home.main.PadHomeActivity} Window{b8ca73b u0 com.yangcong345.cloud.launcher/com.yangcong345.padmodule.home.main.PadHomeActivity} recents_animation_input_consumer Window{9588175 u0 com.yangcong345.cloud.launcher/com.yangcong345.padmodule.home.main.PadHomeActivity} Window{400a8e u0 com.android.systemui.ImageWallpaper}
04-18 11:11:04.417   733   772 I Proximity: distance = 2
04-18 11:11:04.566  4261  4261 I auditd  : type=1400 audit(0.0:6525): avc: denied { getattr } for comm="DetectPable" path="/proc/bcctlmt" dev="proc" ino=4026532992 scontext=u:r:shell:s0 tcontext=u:object_r:proc_thermal:s0 tclass=file permissive=1
04-18 11:11:04.566  4261  4261 I DetectPable: type=1400 audit(0.0:6525): avc: denied { getattr } for path="/proc/bcctlmt" dev="proc" ino=4026532992 scontext=u:r:shell:s0 tcontext=u:object_r:proc_thermal:s0 tclass=file permissive=1
04-18 11:11:04.566  4261  4261 I auditd  : type=1400 audit(0.0:6526): avc: denied { getattr } for comm="DetectPable" path="/proc/cmdline" dev="proc" ino=4026532121 scontext=u:r:shell:s0 tcontext=u:object_r:proc_cmdline:s0 tclass=file permissive=1
04-18 11:11:04.566  4261  4261 I DetectPable: type=1400 audit(0.0:6526): avc: denied { getattr } for path="/proc/cmdline" dev="proc" ino=4026532121 scontext=u:r:shell:s0 tcontext=u:object_r:proc_cmdline:s0 tclass=file permissive=1
04-18 11:11:04.620   733   772 I Proximity: distance = 2
04-18 11:11:04.656  4518  4518 I Monkey  : :Sending Key (ACTION_DOWN): 23    // KEYCODE_DPAD_CENTER
04-18 11:11:04.659  4518  4518 I Monkey  : :Sending Key (ACTION_UP): 23    // KEYCODE_DPAD_CENTER
04-18 11:11:04.663  4518  4518 I Monkey  : Sleeping for 1000 milliseconds
04-18 11:11:04.692   515   515 I hwcomposer: [HWCDisplay] [Display_0 (type:1)] fps:43.534832,dur:1010.68,max:307.33,min:13.65
04-18 11:11:04.824   733   772 I Proximity: distance = 2
04-18 11:11:05.028   733   772 I Proximity: distance = 2
04-18 11:11:05.216  2205  2230 I 5.android.phon: Explicit concurrent copying GC freed 14610(655KB) AllocSpace objects, 1(20KB) LOS objects, 28% free, 14MB/20MB, paused 128us total 117.718ms
04-18 11:11:05.236   733   772 I Proximity: distance = 2
04-18 11:11:05.276   546   866 I BufferQueueProducer: [com.yangcong345.cloud.launcher/com.yangcong345.padmodule.home.main.PadHomeActivity#2](id:22200000023,api:1,p:1852,c:546) disconnect(): api=1
04-18 11:11:05.277  1852  1852 D View    : [Warning] assignParent to null: this = DecorView@641434[PadHomeActivity]
04-18 11:11:05.280   898  1508 W WindowManager: Changing focus fromWindow{412446e u0 com.yangcong345.cloud.launcher/com.yangcong345.padmodule.home.main.PadHomeActivity EXITING} to Window{b8ca73b u0 com.yangcong345.cloud.launcher/com.yangcong345.padmodule.home.main.PadHomeActivity} displayId=0 Callers=com.android.server.wm.RootWindowContainer.updateFocusedWindowLocked:457 com.android.server.wm.WindowManagerService.updateFocusedWindowLocked:5611 com.android.server.wm.WindowState.setupWindowForRemoveOnExit:2358 com.android.server.wm.WindowState.removeIfPossible:2327
04-18 11:11:05.281   898   957 I InputDispatcher: setInputWindows displayId=0 Window{26d385e u0 NavigationBar0} Window{367127 u0 StatusBar} Window{412446e u0 com.yangcong345.cloud.launcher/com.yangcong345.padmodule.home.main.PadHomeActivity} Window{b8ca73b u0 com.yangcong345.cloud.launcher/com.yangcong345.padmodule.home.main.PadHomeActivity} recents_animation_input_consumer Window{9588175 u0 com.yangcong345.cloud.launcher/com.yangcong345.padmodule.home.main.PadHomeActivity} Window{400a8e u0 com.android.systemui.ImageWallpaper}
04-18 11:11:05.282   898   957 I InputDispatcher: Focus left window: Window{412446e u0 com.yangcong345.cloud.launcher/com.yangcong345.padmodule.home.main.PadHomeActivity} in display 0
04-18 11:11:05.282   898   957 I InputDispatcher: Window went away: Window{412446e u0 com.yangcong345.cloud.launcher/com.yangcong345.padmodule.home.main.PadHomeActivity}
04-18 11:11:05.286  1852  1852 I InputTransport: Destroy ARC handle: 0xb40000721c286220
04-18 11:11:05.298   898  1508 I InputDispatcher: setInputWindows displayId=0 Window{26d385e u0 NavigationBar0} Window{367127 u0 StatusBar} Window{412446e u0 com.yangcong345.cloud.launcher/com.yangcong345.padmodule.home.main.PadHomeActivity} Window{b8ca73b u0 com.yangcong345.cloud.launcher/com.yangcong345.padmodule.home.main.PadHomeActivity} recents_animation_input_consumer Window{9588175 u0 com.yangcong345.cloud.launcher/com.yangcong345.padmodule.home.main.PadHomeActivity} Window{400a8e u0 com.android.systemui.ImageWallpaper}
04-18 11:11:05.315   898  1508 I InputDispatcher: setInputWindows displayId=0 Window{26d385e u0 NavigationBar0} Window{367127 u0 StatusBar} com.yangcong345.cloud.launcher/com.yangcong345.padmodule.home.main.PadHomeActivity#2 Window{b8ca73b u0 com.yangcong345.cloud.launcher/com.yangcong345.padmodule.home.main.PadHomeActivity} recents_animation_input_consumer Window{9588175 u0 com.yangcong345.cloud.launcher/com.yangcong345.padmodule.home.main.PadHomeActivity} Window{400a8e u0 com.android.systemui.ImageWallpaper}
04-18 11:11:05.315   898  1508 I InputDispatcher: Focus entered window: Window{b8ca73b u0 com.yangcong345.cloud.launcher/com.yangcong345.padmodule.home.main.PadHomeActivity} in display 0
04-18 11:11:05.317   898  1099 E WifiVendorHal: getWifiLinkLayerStats_1_3_Internal(l.973) failed {.code = ERROR_NOT_SUPPORTED, .description = }
04-18 11:11:05.332   898   911 I InputDispatcher: setInputWindows displayId=0 Window{26d385e u0 NavigationBar0} Window{367127 u0 StatusBar} com.yangcong345.cloud.launcher/com.yangcong345.padmodule.home.main.PadHomeActivity#2 Window{b8ca73b u0 com.yangcong345.cloud.launcher/com.yangcong345.padmodule.home.main.PadHomeActivity} recents_animation_input_consumer Window{9588175 u0 com.yangcong345.cloud.launcher/com.yangcong345.padmodule.home.main.PadHomeActivity} Window{400a8e u0 com.android.systemui.ImageWallpaper}
04-18 11:11:05.336   546   605 I BufferQueueProducer: [com.yangcong345.cloud.launcher/com.yangcong345.padmodule.home.main.PadHomeActivity#1](this:0xb400007248f0a7b8,id:34,api:1,p:1852,c:546) queueBuffer: fps=3.02 dur=1324.06 max=1016.05 min=6.69
04-18 11:11:05.348   898   911 I InputDispatcher: setInputWindows displayId=0 Window{26d385e u0 NavigationBar0} Window{367127 u0 StatusBar} com.yangcong345.cloud.launcher/com.yangcong345.padmodule.home.main.PadHomeActivity#2 Window{b8ca73b u0 com.yangcong345.cloud.launcher/com.yangcong345.padmodule.home.main.PadHomeActivity} recents_animation_input_consumer Window{9588175 u0 com.yangcong345.cloud.launcher/com.yangcong345.padmodule.home.main.PadHomeActivity} Window{400a8e u0 com.android.systemui.ImageWallpaper}
04-18 11:11:05.351  2722  2722 V PhoneWindow: DecorView setVisiblity: visibility = 8, Parent = android.view.ViewRootImpl@994e100, this = DecorView@1955ce8[InputMethod]
04-18 11:11:05.364   898   911 I InputDispatcher: setInputWindows displayId=0 Window{26d385e u0 NavigationBar0} Window{367127 u0 StatusBar} com.yangcong345.cloud.launcher/com.yangcong345.padmodule.home.main.PadHomeActivity#2 Window{b8ca73b u0 com.yangcong345.cloud.launcher/com.yangcong345.padmodule.home.main.PadHomeActivity} recents_animation_input_consumer Window{9588175 u0 com.yangcong345.cloud.launcher/com.yangcong345.padmodule.home.main.PadHomeActivity} Window{400a8e u0 com.android.systemui.ImageWallpaper}
04-18 11:11:05.381   898  1508 I InputDispatcher: setInputWindows displayId=0 Window{26d385e u0 NavigationBar0} Window{367127 u0 StatusBar} com.yangcong345.cloud.launcher/com.yangcong345.padmodule.home.main.PadHomeActivity#2 Window{b8ca73b u0 com.yangcong345.cloud.launcher/com.yangcong345.padmodule.home.main.PadHomeActivity} recents_animation_input_consumer Window{9588175 u0 com.yangcong345.cloud.launcher/com.yangcong345.padmodule.home.main.PadHomeActivity} Window{400a8e u0 com.android.systemui.ImageWallpaper}
04-18 11:11:05.412   898  1508 I chatty  : uid=1000(system) Binder:898_8 identical 2 lines
04-18 11:11:05.428   898  1508 I InputDispatcher: setInputWindows displayId=0 Window{26d385e u0 NavigationBar0} Window{367127 u0 StatusBar} com.yangcong345.cloud.launcher/com.yangcong345.padmodule.home.main.PadHomeActivity#2 Window{b8ca73b u0 com.yangcong345.cloud.launcher/com.yangcong345.padmodule.home.main.PadHomeActivity} recents_animation_input_consumer Window{9588175 u0 com.yangcong345.cloud.launcher/com.yangcong345.padmodule.home.main.PadHomeActivity} Window{400a8e u0 com.android.systemui.ImageWallpaper}
04-18 11:11:05.444   733   772 I Proximity: distance = 2
04-18 11:11:05.446   898  1508 I InputDispatcher: setInputWindows displayId=0 Window{26d385e u0 NavigationBar0} Window{367127 u0 StatusBar} com.yangcong345.cloud.launcher/com.yangcong345.padmodule.home.main.PadHomeActivity#2 Window{b8ca73b u0 com.yangcong345.cloud.launcher/com.yangcong345.padmodule.home.main.PadHomeActivity} recents_animation_input_consumer Window{9588175 u0 com.yangcong345.cloud.launcher/com.yangcong345.padmodule.home.main.PadHomeActivity} Window{400a8e u0 com.android.systemui.ImageWallpaper}
04-18 11:11:05.462   546   546 I BufferQueueConsumer: [com.yangcong345.cloud.launcher/com.yangcong345.padmodule.home.main.PadHomeActivity#2](id:22200000023,api:0,p:-1,c:546) disconnect()
04-18 11:11:05.461  1414  1414 D CapRIL  : resetProxyAndRequestList
04-18 11:11:05.462   546   546 I BufferQueue: [com.yangcong345.cloud.launcher/com.yangcong345.padmodule.home.main.PadHomeActivity#2](this:0xb400007248f44b58,id:35,api:1,p:-1,c:-1) onDestructor()
04-18 11:11:05.462   397   397 I hwservicemanager: getTransport: Cannot find entry vendor.mediatek.hardware.mtkradioex@2.0::IMtkRadioEx/mtkCap1 in either framework or device manifest.
04-18 11:11:05.463  1414  1414 D CapRIL  : MtkRadioProxy getService/setResponseFunctions: java.util.NoSuchElementException
04-18 11:11:05.463   898   911 I InputDispatcher: setInputWindows displayId=0 Window{26d385e u0 NavigationBar0} Window{367127 u0 StatusBar} Window{b8ca73b u0 com.yangcong345.cloud.launcher/com.yangcong345.padmodule.home.main.PadHomeActivity} recents_animation_input_consumer Window{9588175 u0 com.yangcong345.cloud.launcher/com.yangcong345.padmodule.home.main.PadHomeActivity} Window{400a8e u0 com.android.systemui.ImageWallpaper}
04-18 11:11:05.464   898   911 I InputDispatcher: Window went away: com.yangcong345.cloud.launcher/com.yangcong345.padmodule.home.main.PadHomeActivity#2
04-18 11:11:05.479   898   911 I InputDispatcher: setInputWindows displayId=0 Window{26d385e u0 NavigationBar0} Window{367127 u0 StatusBar} Window{b8ca73b u0 com.yangcong345.cloud.launcher/com.yangcong345.padmodule.home.main.PadHomeActivity} recents_animation_input_consumer Window{9588175 u0 com.yangcong345.cloud.launcher/com.yangcong345.padmodule.home.main.PadHomeActivity} Window{400a8e u0 com.android.systemui.ImageWallpaper}
04-18 11:11:05.495   898  1508 I InputDispatcher: setInputWindows displayId=0 Window{26d385e u0 NavigationBar0} Window{367127 u0 StatusBar} Window{b8ca73b u0 com.yangcong345.cloud.launcher/com.yangcong345.padmodule.home.main.PadHomeActivity} recents_animation_input_consumer Window{9588175 u0 com.yangcong345.cloud.launcher/com.yangcong345.padmodule.home.main.PadHomeActivity} Window{400a8e u0 com.android.systemui.ImageWallpaper}
04-18 11:11:05.638  4261  4261 I auditd  : type=1400 audit(0.0:6527): avc: denied { getattr } for comm="DetectPable" path="/proc/kmsg" dev="proc" ino=4026532132 scontext=u:r:shell:s0 tcontext=u:object_r:proc_kmsg:s0 tclass=file permissive=1
04-18 11:11:05.638  4261  4261 I DetectPable: type=1400 audit(0.0:6527): avc: denied { getattr } for path="/proc/kmsg" dev="proc" ino=4026532132 scontext=u:r:shell:s0 tcontext=u:object_r:proc_kmsg:s0 tclass=file permissive=1
04-18 11:11:05.642  4261  4261 I auditd  : type=1400 audit(0.0:6531): avc: denied { getattr } for comm="DetectPable" path="/proc/uid_concurrent_active_time" dev="proc" ino=4026531869 scontext=u:r:shell:s0 tcontext=u:object_r:proc_uid_concurrent_active_time:s0 tclass=file permissive=1
04-18 11:11:05.642  4261  4261 I DetectPable: type=1400 audit(0.0:6531): avc: denied { getattr } for path="/proc/uid_concurrent_active_time" dev="proc" ino=4026531869 scontext=u:r:shell:s0 tcontext=u:object_r:proc_uid_concurrent_active_time:s0 tclass=file permissive=1
04-18 11:11:05.648   733   772 I Proximity: distance = 2
04-18 11:11:05.664  4518  4518 I Monkey  : :Sending Key (ACTION_DOWN): 19    // KEYCODE_DPAD_UP
04-18 11:11:05.667  4518  4518 I Monkey  : :Sending Key (ACTION_UP): 19    // KEYCODE_DPAD_UP
04-18 11:11:05.669  4518  4518 I Monkey  : Sleeping for 1000 milliseconds
04-18 11:11:05.853   733   772 I Proximity: distance = 2
04-18 11:11:06.057   733   772 I Proximity: distance = 2
04-18 11:11:06.088   898  1508 D HraManager: hra getBlackIntentActionList
04-18 11:11:06.130   898   909 W System  : A resource failed to call release.
04-18 11:11:06.131   898   909 I chatty  : uid=1000(system) FinalizerDaemon identical 3 lines
04-18 11:11:06.131   898   909 W System  : A resource failed to call release.
04-18 11:11:06.139   898  1508 I InputDispatcher: setInputWindows displayId=0 Window{26d385e u0 NavigationBar0} Window{367127 u0 StatusBar} Window{b8ca73b u0 com.yangcong345.cloud.launcher/com.yangcong345.padmodule.home.main.PadHomeActivity} recents_animation_input_consumer Window{9588175 u0 com.yangcong345.cloud.launcher/com.yangcong345.padmodule.home.main.PadHomeActivity} Window{400a8e u0 com.android.systemui.ImageWallpaper}
04-18 11:11:06.142   515   515 I hwcomposer: [HWCDisplay] [Display_0 (type:1)] fps:12.411781,dur:1450.23,max:646.07,min:14.83
04-18 11:11:06.260   733   772 I Proximity: distance = 2
04-18 11:11:06.468   733   772 I Proximity: distance = 2
04-18 11:11:06.670  4518  4518 I Monkey  : :Switch: #Intent;action=android.intent.action.MAIN;category=android.intent.category.LAUNCHER;launchFlags=0x10200000;component=com.yangcong345.android.phone/com.yangcong345.main.phone.splash.SplashActivity;end
04-18 11:11:06.673   733   772 I Proximity: distance = 2
04-18 11:11:06.673   898  1508 D HraManager: hra getBlackActivityList
04-18 11:11:06.674   898  1508 D HraManagerService:  getBlackActivityList
04-18 11:11:06.674   898  1508 D HraManager: hra getBlackIntentActionList
04-18 11:11:06.675   898  1508 I ActivityTaskManager: START u0 {act=android.intent.action.MAIN cat=[android.intent.category.LAUNCHER] flg=0x10200000 cmp=com.yangcong345.android.phone/com.yangcong345.main.phone.splash.SplashActivity} from uid 2000
04-18 11:11:06.677  4518  4518 I Monkey  :     // Allowing start of Intent { act=android.intent.action.MAIN cat=[android.intent.category.LAUNCHER] cmp=com.yangcong345.android.phone/com.yangcong345.main.phone.splash.SplashActivity } in package com.yangcong345.android.phone
04-18 11:11:06.678   898  1508 I wm_task_created: [50,-1]
04-18 11:11:06.678   898  1508 I wm_stack_created: 50
04-18 11:11:06.683   898   911 I InputDispatcher: setInputWindows displayId=0 Window{26d385e u0 NavigationBar0} Window{367127 u0 StatusBar} Window{b8ca73b u0 com.yangcong345.cloud.launcher/com.yangcong345.padmodule.home.main.PadHomeActivity} recents_animation_input_consumer Window{9588175 u0 com.yangcong345.cloud.launcher/com.yangcong345.padmodule.home.main.PadHomeActivity} Window{400a8e u0 com.android.systemui.ImageWallpaper}
04-18 11:11:06.685   898  1508 I wm_create_task: [0,50]
04-18 11:11:06.685   898  1508 I wm_create_activity: [0,188642361,50,com.yangcong345.android.phone/com.yangcong345.main.phone.splash.SplashActivity,android.intent.action.MAIN,NULL,NULL,270532608]
04-18 11:11:06.685   533   559 I mtkpower@impl: [setMode] type:5, enabled:1
04-18 11:11:06.686  1852  1852 I Matrix.ActivityThreadHacker: [handleMessage] msg.what:159 begin:314606 isLaunchActivity:false SDK_INT=30
04-18 11:11:06.686  1852  1852 I wm_on_top_resumed_lost_called: [145146270,com.yangcong345.padmodule.home.main.PadHomeActivity,topStateChangedWhenResumed]
04-18 11:11:06.686  1852  1852 I Matrix.ActivityThreadHacker: [handleMessage] msg.what:159 begin:314606 isLaunchActivity:false SDK_INT=30
04-18 11:11:06.686   533   598 I libPowerHal: [perfLockAcq] idx:0 hdl:96 hint:11 pid:533 duration:30000 => ret_hdl:96
04-18 11:11:06.686   533   598 I libPowerHal: [PE] scn:0 hdl:96 hint:11 comm:mtkpower@1.0-se pid:533
04-18 11:11:06.687   898  1508 I wm_pause_activity: [0,145146270,com.yangcong345.cloud.launcher/com.yangcong345.padmodule.home.main.PadHomeActivity,userLeaving=true]
04-18 11:11:06.687   533   598 I libPowerHal: LAUNCH: cpu_ctrl set cpu freq: 1989000 -1 1989000 -1
04-18 11:11:06.687   533   598 I libPowerHal: [PE] LAUNCH update cmd:1000000, param:0
04-18 11:11:06.687   533   598 I libPowerHal: [PE] LAUNCH update cmd:1408300, param:100
04-18 11:11:06.688   533   598 I libPowerHal: [PE] LAUNCH update cmd:1000000 param:0
04-18 11:11:06.689   533   598 I libPowerHal: [perfLockAcq] idx:1 hdl:97 hint:22 pid:533 duration:10000 => ret_hdl:97
04-18 11:11:06.689   533   598 I libPowerHal: [PE] scn:1 hdl:97 hint:22 comm:mtkpower@1.0-se pid:533
04-18 11:11:06.693  1852  1852 I Matrix.ActivityThreadHacker: [handleMessage] msg.what:159 begin:314613 isLaunchActivity:false SDK_INT=30
04-18 11:11:06.693  1852  1852 I Matrix.ActivityThreadHacker: [handleMessage] msg.what:159 begin:314613 isLaunchActivity:false SDK_INT=30
04-18 11:11:06.694  4518  4518 I Monkey  : Sleeping for 1000 milliseconds
04-18 11:11:06.695  1852  1852 I wm_on_paused_called: [145146270,com.yangcong345.padmodule.home.main.PadHomeActivity,performPause]
04-18 11:11:06.696   898  3198 W ActivityTaskManager: Tried to set launchTime (0) < mLastActivityLaunchTime (297469)
04-18 11:11:06.696   898  3198 I wm_add_to_stopping: [0,145146270,com.yangcong345.cloud.launcher/com.yangcong345.padmodule.home.main.PadHomeActivity,makeInvisible]
04-18 11:11:06.699   898   911 I InputDispatcher: setInputWindows displayId=0 Window{26d385e u0 NavigationBar0} Window{367127 u0 StatusBar} Window{b8ca73b u0 com.yangcong345.cloud.launcher/com.yangcong345.padmodule.home.main.PadHomeActivity} recents_animation_input_consumer Window{9588175 u0 com.yangcong345.cloud.launcher/com.yangcong345.padmodule.home.main.PadHomeActivity} Window{400a8e u0 com.android.systemui.ImageWallpaper}
04-18 11:11:06.701   898  3198 I wm_restart_activity: [0,188642361,50,com.yangcong345.android.phone/com.yangcong345.main.phone.splash.SplashActivity]
04-18 11:11:06.703   898  3198 W WindowManager: Changing focus fromWindow{b8ca73b u0 com.yangcong345.cloud.launcher/com.yangcong345.padmodule.home.main.PadHomeActivity} to null displayId=0 Callers=com.android.server.wm.RootWindowContainer.updateFocusedWindowLocked:457 com.android.server.wm.WindowManagerService.updateFocusedWindowLocked:5611 com.android.server.wm.DisplayContent.setFocusedApp:5534 com.android.server.wm.ActivityTaskManagerService.setResumedActivityUncheckLocked:5548
04-18 11:11:06.704   898  3198 I wm_set_resumed_activity: [0,com.yangcong345.android.phone/com.yangcong345.main.phone.splash.SplashActivity,minimalResumeActivityLocked]
04-18 11:11:06.707   533   598 I libPowerHal: [perfNotifyAppState] foreground:com.yangcong345.android.phone, pid:2205, uid:10075
04-18 11:11:06.707   533   598 E UxUtility: notifyAppState error = NULL
04-18 11:11:06.707   533   598 I TouchUtility: notifyAppState error = NULL
04-18 11:11:06.707   533   558 I mtkpower@impl: [notifyAppState] pc:0, com.yangcong345.cloud.launcher => com.yangcong345.android.phone
04-18 11:11:06.706  4261  4261 I auditd  : type=1400 audit(0.0:6533): avc: denied { getattr } for comm="DetectPable" path="/proc/fb" dev="proc" ino=4026532067 scontext=u:r:shell:s0 tcontext=u:object_r:proc:s0 tclass=file permissive=1
04-18 11:11:06.706  4261  4261 I DetectPable: type=1400 audit(0.0:6533): avc: denied { getattr } for path="/proc/fb" dev="proc" ino=4026532067 scontext=u:r:shell:s0 tcontext=u:object_r:proc:s0 tclass=file permissive=1
04-18 11:11:06.713   898   916 I sysui_multi_action: [757,803,799,window_time_0,802,17]
04-18 11:11:06.718   898  3198 I InputDispatcher: setInputWindows displayId=0 Window{26d385e u0 NavigationBar0} Window{367127 u0 StatusBar} Window{b8ca73b u0 com.yangcong345.cloud.launcher/com.yangcong345.padmodule.home.main.PadHomeActivity} recents_animation_input_consumer Window{9588175 u0 com.yangcong345.cloud.launcher/com.yangcong345.padmodule.home.main.PadHomeActivity} Window{400a8e u0 com.android.systemui.ImageWallpaper}
04-18 11:11:06.728   898   922 I am_pss  : [3049,10070,com.yangcong345.pad.systemsetting,46824448,36769792,483328,178196480,0,15,8]
04-18 11:11:06.736   898   922 I am_pss  : [1981,10047,android.process.media,11778048,4284416,4826112,83820544,0,19,5]
04-18 11:11:06.741   898   911 I InputDispatcher: setInputWindows displayId=0 Window{26d385e u0 NavigationBar0} Window{367127 u0 StatusBar} Window{b8ca73b u0 com.yangcong345.cloud.launcher/com.yangcong345.padmodule.home.main.PadHomeActivity} recents_animation_input_consumer Window{9588175 u0 com.yangcong345.cloud.launcher/com.yangcong345.padmodule.home.main.PadHomeActivity} Window{400a8e u0 com.android.systemui.ImageWallpaper}
04-18 11:11:06.774   898   911 I chatty  : uid=1000(system) Binder:898_1 identical 2 lines
04-18 11:11:06.791   898   911 I InputDispatcher: setInputWindows displayId=0 Window{26d385e u0 NavigationBar0} Window{367127 u0 StatusBar} Window{b8ca73b u0 com.yangcong345.cloud.launcher/com.yangcong345.padmodule.home.main.PadHomeActivity} recents_animation_input_consumer Window{9588175 u0 com.yangcong345.cloud.launcher/com.yangcong345.padmodule.home.main.PadHomeActivity} Window{400a8e u0 com.android.systemui.ImageWallpaper}
04-18 11:11:06.793   546   865 I SurfaceFlinger: [SF client] NEW(0xb400007198d58790) for (898:system_server)
04-18 11:11:06.794   898   917 D ViewRootImpl[phone]: hardware acceleration = false , fakeHwAccelerated = true, sRendererDisabled = false, forceHwAccelerated = false, sSystemRendererDisabled = false
04-18 11:11:06.796   898   917 I InputTransport: Create ARC handle: 0xb40000721c1d4800
04-18 11:11:06.806   898  3198 I InputDispatcher: setInputWindows displayId=0 Window{26d385e u0 NavigationBar0} Window{367127 u0 StatusBar} Window{b8ca73b u0 com.yangcong345.cloud.launcher/com.yangcong345.padmodule.home.main.PadHomeActivity} recents_animation_input_consumer Window{9588175 u0 com.yangcong345.cloud.launcher/com.yangcong345.padmodule.home.main.PadHomeActivity} Window{400a8e u0 com.android.systemui.ImageWallpaper}
04-18 11:11:06.808   546   865 I BufferQueueConsumer: [](id:22200000024,api:0,p:-1,c:546) connect(): controlledByApp=false
04-18 11:11:06.809   546   865 I BufferQueue: [unnamed-546-36](this:0xb400007248f38a98,id:36,api:0,p:-1,c:-1) BufferQueue core=(546:/system/bin/surfaceflinger)
04-18 11:11:06.812   898   917 D Surface : lockCanvas
04-18 11:11:06.812   546   865 I BufferQueueProducer: [Splash Screen com.yangcong345.android.phone#0](id:22200000024,api:2,p:898,c:546) connect(): api=2 producerControlledByApp=false
04-18 11:11:06.822   898  1518 I InputDispatcher: setInputWindows displayId=0 Window{26d385e u0 NavigationBar0} Window{367127 u0 StatusBar} Splash Screen com.yangcong345.android.phone#0 com.yangcong345.cloud.launcher/com.yangcong345.padmodule.home.main.PadHomeActivity#1 recents_animation_input_consumer com.yangcong345.cloud.launcher/com.yangcong345.padmodule.home.main.PadHomeActivity#0 Window{400a8e u0 com.android.systemui.ImageWallpaper}
04-18 11:11:06.822   898  1518 I InputDispatcher: Focus left window: Window{b8ca73b u0 com.yangcong345.cloud.launcher/com.yangcong345.padmodule.home.main.PadHomeActivity} in display 0
04-18 11:11:06.822   898  1518 I InputDispatcher: Window went away: Window{b8ca73b u0 com.yangcong345.cloud.launcher/com.yangcong345.padmodule.home.main.PadHomeActivity}
04-18 11:11:06.822   898  1518 I InputDispatcher: Window went away: Window{9588175 u0 com.yangcong345.cloud.launcher/com.yangcong345.padmodule.home.main.PadHomeActivity}
04-18 11:11:06.834  2205  2205 E ActivityThread: Failed to find provider info for com.example.edcationcloud
04-18 11:11:06.835  2205  2205 D test_act: com.yangcong345.android.phone
04-18 11:11:06.836   898  1518 D HraManager: hra getBlackIntentActionList
04-18 11:11:06.835  2205  2205 E ActivityThread: Failed to find provider info for com.example.edcationcloud
04-18 11:11:06.836   898  1518 I ActivityTaskManager: START u0 {act=android.intent.action.VIEW dat=ycmath://padlauncher.com/homePage?position=-1 cmp=com.yangcong345.cloud.launcher/com.yangcong345.support.common.LauncherSchemeActivity} from uid 10075
04-18 11:11:06.837  4518  4552 I Monkey  :     // Rejecting start of Intent { act=android.intent.action.VIEW dat=ycmath://padlauncher.com/homePage?position=-1 cmp=com.yangcong345.cloud.launcher/com.yangcong345.support.common.LauncherSchemeActivity } in package com.yangcong345.cloud.launcher
04-18 11:11:06.838   898  1518 I wm_finish_activity: [0,188642361,50,com.yangcong345.android.phone/com.yangcong345.main.phone.splash.SplashActivity,app-request]
04-18 11:11:06.838   898  1518 I wm_focused_stack: [0,0,44,50,finish-top adjustFocusToNextFocusableStack]
04-18 11:11:06.839   898  3198 I InputDispatcher: setInputWindows displayId=0 Window{26d385e u0 NavigationBar0} Window{367127 u0 StatusBar} Splash Screen com.yangcong345.android.phone#0 com.yangcong345.cloud.launcher/com.yangcong345.padmodule.home.main.PadHomeActivity#1 recents_animation_input_consumer com.yangcong345.cloud.launcher/com.yangcong345.padmodule.home.main.PadHomeActivity#0 Window{400a8e u0 com.android.systemui.ImageWallpaper}
04-18 11:11:06.839   898  1518 I wm_pause_activity: [0,188642361,com.yangcong345.android.phone/com.yangcong345.main.phone.splash.SplashActivity,userLeaving=false]
04-18 11:11:06.840   533   598 I libPowerHal: [perfLockAcq] idx:2 hdl:98 hint:22 pid:533 duration:10000 => ret_hdl:98
04-18 11:11:06.840   533   598 I libPowerHal: [PE] scn:2 hdl:98 hint:22 comm:mtkpower@1.0-se pid:533
04-18 11:11:06.841   533   598 I libPowerHal: [perfLockRel] hdl:97, idx:1
04-18 11:11:06.841   533   598 I libPowerHal: [PD] scn:1 hdl:97 hint:22 comm:mtkpower@1.0-se pid:533
04-18 11:11:06.842  2205  2205 I wm_on_create_called: [188642361,com.yangcong345.main.phone.splash.SplashActivity,performCreate]
04-18 11:11:06.842   898   916 I sysui_multi_action: [757,1144,758,8,806,com.yangcong345.android.phone,871,com.yangcong345.main.phone.splash.SplashActivity]
04-18 11:11:06.845   898  1518 I wm_add_to_stopping: [0,188642361,com.yangcong345.android.phone/com.yangcong345.main.phone.splash.SplashActivity,completeFinishing]
04-18 11:11:06.846   533   598 I libPowerHal: [perfNotifyAppState] foreground:com.yangcong345.cloud.launcher, pid:1852, uid:10076
04-18 11:11:06.846  1852  1852 I Matrix.ActivityThreadHacker: [handleMessage] msg.what:159 begin:314766 isLaunchActivity:false SDK_INT=30
04-18 11:11:06.846  1852  1852 I Matrix.ActivityThreadHacker: [handleMessage] msg.what:159 begin:314766 isLaunchActivity:false SDK_INT=30
04-18 11:11:06.846   533   598 E UxUtility: notifyAppState error = NULL
04-18 11:11:06.847   533   598 I TouchUtility: notifyAppState error = NULL
04-18 11:11:06.847   533   558 I mtkpower@impl: [notifyAppState] pc:0, com.yangcong345.android.phone => com.yangcong345.cloud.launcher
04-18 11:11:06.847   898  1518 W WindowManager: Changing focus fromnull to Window{b8ca73b u0 com.yangcong345.cloud.launcher/com.yangcong345.padmodule.home.main.PadHomeActivity} displayId=0 Callers=com.android.server.wm.RootWindowContainer.updateFocusedWindowLocked:457 com.android.server.wm.WindowManagerService.updateFocusedWindowLocked:5611 com.android.server.wm.DisplayContent.setFocusedApp:5534 com.android.server.wm.ActivityTaskManagerService.setResumedActivityUncheckLocked:5548
04-18 11:11:06.847   898  1518 I wm_set_resumed_activity: [0,com.yangcong345.cloud.launcher/com.yangcong345.padmodule.home.main.PadHomeActivity,resumeTopActivityInnerLocked]
04-18 11:11:06.848   898  1518 I wm_resume_activity: [0,145146270,44,com.yangcong345.cloud.launcher/com.yangcong345.padmodule.home.main.PadHomeActivity]
04-18 11:11:06.849  1852  1852 I Matrix.ActivityThreadHacker: [handleMessage] msg.what:159 begin:314769 isLaunchActivity:false SDK_INT=30
04-18 11:11:06.849  1852  1852 I Matrix.ActivityThreadHacker: [handleMessage] msg.what:159 begin:314769 isLaunchActivity:false SDK_INT=30
04-18 11:11:06.856   898   957 I InputDispatcher: setInputWindows displayId=0 Window{26d385e u0 NavigationBar0} Window{367127 u0 StatusBar} Splash Screen com.yangcong345.android.phone#0 com.yangcong345.cloud.launcher/com.yangcong345.padmodule.home.main.PadHomeActivity#1 recents_animation_input_consumer com.yangcong345.cloud.launcher/com.yangcong345.padmodule.home.main.PadHomeActivity#0 Window{400a8e u0 com.android.systemui.ImageWallpaper}
04-18 11:11:06.861   898   916 I wm_destroy_activity: [0,188642361,50,com.yangcong345.android.phone/com.yangcong345.main.phone.splash.SplashActivity,finish-imm:idle]
04-18 11:11:06.863  2205  2231 I 5.android.phon: oneway function results will be dropped but finished with status OK and parcel size 4
04-18 11:11:06.863  2205  2231 I 5.android.phon: oneway function results will be dropped but finished with status OK and parcel size 4
04-18 11:11:06.863   898   917 D View    : [Warning] assignParent to null: this = DecorView@2bb4c92[phone]
04-18 11:11:06.866  1852  1852 I wm_on_resume_called: [145146270,com.yangcong345.padmodule.home.main.PadHomeActivity,RESUME_ACTIVITY]
04-18 11:11:06.866  1852  4448 D CacheInterceptor: requestRemoteOnly
04-18 11:11:06.867   546   865 I BufferQueueProducer: [Splash Screen com.yangcong345.android.phone#0](id:22200000024,api:2,p:898,c:546) disconnect(): api=2
04-18 11:11:06.867   898   916 I sysui_multi_action: [757,803,799,window_time_0,802,0]
04-18 11:11:06.867  2205  2205 W 5.android.phon: Accessing hidden field Landroid/view/inputmethod/InputMethodManager;->mCurRootView:Landroid/view/ViewRootImpl; (blacklist, reflection, denied)
04-18 11:11:06.869  2205  2205 I wm_on_destroy_called: [188642361,com.yangcong345.main.phone.splash.SplashActivity,performDestroy]
04-18 11:11:06.869  1852  4464 D CacheInterceptor: requestRemoteFirst
04-18 11:11:06.870  1852  4464 D CacheInterceptor: request local cache success
04-18 11:11:06.871  1852  1852 I wm_on_top_resumed_gained_called: [145146270,com.yangcong345.padmodule.home.main.PadHomeActivity,topWhenResuming]
04-18 11:11:06.872   546   546 I BufferQueueConsumer: [Splash Screen com.yangcong345.android.phone#0](id:22200000024,api:0,p:-1,c:546) disconnect()
04-18 11:11:06.873   546   546 I BufferQueue: [Splash Screen com.yangcong345.android.phone#0](this:0xb400007248f38a98,id:36,api:2,p:-1,c:-1) onDestructor()
04-18 11:11:06.873  1852  1852 V PhoneWindow: DecorView setVisiblity: visibility = 0, Parent = android.view.ViewRootImpl@e2cc7b1, this = DecorView@f30509[PadHomeActivity]
04-18 11:11:06.873   898  3198 I InputDispatcher: setInputWindows displayId=0 Window{26d385e u0 NavigationBar0} Window{367127 u0 StatusBar} Window{b8ca73b u0 com.yangcong345.cloud.launcher/com.yangcong345.padmodule.home.main.PadHomeActivity} recents_animation_input_consumer Window{9588175 u0 com.yangcong345.cloud.launcher/com.yangcong345.padmodule.home.main.PadHomeActivity} Window{400a8e u0 com.android.systemui.ImageWallpaper}
04-18 11:11:06.873   898  3198 I InputDispatcher: Focus entered window: Window{b8ca73b u0 com.yangcong345.cloud.launcher/com.yangcong345.padmodule.home.main.PadHomeActivity} in display 0
04-18 11:11:06.873   898  3198 I InputDispatcher: Window went away: Splash Screen com.yangcong345.android.phone#0
04-18 11:11:06.873   898  3198 I InputDispatcher: Window went away: com.yangcong345.cloud.launcher/com.yangcong345.padmodule.home.main.PadHomeActivity#1
04-18 11:11:06.873   898  3198 I InputDispatcher: Window went away: com.yangcong345.cloud.launcher/com.yangcong345.padmodule.home.main.PadHomeActivity#0
04-18 11:11:06.876   733   772 I Proximity: distance = 2
04-18 11:11:06.877   898   917 I InputTransport: Destroy ARC handle: 0xb40000721c1d4800
04-18 11:11:06.878  2205  2230 I 5.android.phon: oneway function results will be dropped but finished with status OK and parcel size 4
04-18 11:11:06.880   898   911 I wm_task_removed: [50,removeChild: last r=ActivityRecord{b3e7439 u0 com.yangcong345.android.phone/com.yangcong345.main.phone.splash.SplashActivity t-1 f}} in t=Task{75b302c #50 visible=false type=standard mode=fullscreen translucent=true A=10075:com.yangcong345.android.phone U=0 StackId=50 sz=0}]
04-18 11:11:06.880   898   911 I wm_task_removed: [50,removeTask]
04-18 11:11:06.881   898   911 I wm_task_removed: [50,removeTask]
04-18 11:11:06.881   898   911 I wm_stack_removed: 50
04-18 11:11:06.886  2205  2231 I 5.android.phon: oneway function results will be dropped but finished with status OK and parcel size 4
04-18 11:11:06.889   898   911 I InputDispatcher: setInputWindows displayId=0 Window{26d385e u0 NavigationBar0} Window{367127 u0 StatusBar} Window{b8ca73b u0 com.yangcong345.cloud.launcher/com.yangcong345.padmodule.home.main.PadHomeActivity} recents_animation_input_consumer Window{9588175 u0 com.yangcong345.cloud.launcher/com.yangcong345.padmodule.home.main.PadHomeActivity} Window{400a8e u0 com.android.systemui.ImageWallpaper}
04-18 11:11:06.894  1852  1852 I Matrix.ActivityThreadHacker: [handleMessage] msg.what:149 begin:314814 isLaunchActivity:false SDK_INT=30
04-18 11:11:06.894  1852  1852 I Matrix.ActivityThreadHacker: [handleMessage] msg.what:149 begin:314814 isLaunchActivity:false SDK_INT=30
04-18 11:11:06.894  1852  4449 D CacheInterceptor: requestRemoteFirst
04-18 11:11:06.896  1852  4449 D CacheInterceptor: request local cache success
04-18 11:11:06.896   546   606 I BufferQueueProducer: [com.yangcong345.cloud.launcher/com.yangcong345.padmodule.home.main.PadHomeActivity#0](this:0xb400007248ec93a8,id:29,api:1,p:1852,c:546) queueBuffer: fps=0.62 dur=3228.66 max=2877.34 min=351.33
04-18 11:11:06.899  1852  4754 D CacheInterceptor: requestRemoteFirst
04-18 11:11:06.900  1852  4754 D CacheInterceptor: request local cache success
04-18 11:11:06.906   898   911 I InputDispatcher: setInputWindows displayId=0 Window{26d385e u0 NavigationBar0} Window{367127 u0 StatusBar} Window{b8ca73b u0 com.yangcong345.cloud.launcher/com.yangcong345.padmodule.home.main.PadHomeActivity} recents_animation_input_consumer Window{9588175 u0 com.yangcong345.cloud.launcher/com.yangcong345.padmodule.home.main.PadHomeActivity} Window{400a8e u0 com.android.systemui.ImageWallpaper}
04-18 11:11:06.907   533   559 I mtkpower@impl: [setMode] type:5, enabled:0
04-18 11:11:06.908   533   598 I libPowerHal: [perfLockRel] hdl:96, idx:0
04-18 11:11:06.908   533   598 I libPowerHal: [PD] scn:0 hdl:96 hint:11 comm:mtkpower@1.0-se pid:533
04-18 11:11:06.908   533   598 I libPowerHal: [perfLockRel] hdl:98, idx:2
04-18 11:11:06.908   533   598 I libPowerHal: [PD] scn:2 hdl:98 hint:22 comm:mtkpower@1.0-se pid:533
04-18 11:11:06.909   533   598 I libPowerHal: MTKPOWER_HINT_PACK_SWITCH: cpu_ctrl set cpu freq: -1 -1 -1 -1
04-18 11:11:06.909   533   598 I libPowerHal: [PD] MTKPOWER_HINT_PACK_SWITCH update cmd:1000000, param:-1
04-18 11:11:06.909   533   598 I libPowerHal: [PD] MTKPOWER_HINT_PACK_SWITCH update cmd:1408300 param:0
04-18 11:11:06.909   533   598 I libPowerHal: [PD] MTKPOWER_HINT_PACK_SWITCH update cmd:1000000 param:-1
04-18 11:11:06.939   898  3198 I InputDispatcher: setInputWindows displayId=0 Window{26d385e u0 NavigationBar0} Window{367127 u0 StatusBar} Window{b8ca73b u0 com.yangcong345.cloud.launcher/com.yangcong345.padmodule.home.main.PadHomeActivity} recents_animation_input_consumer Window{9588175 u0 com.yangcong345.cloud.launcher/com.yangcong345.padmodule.home.main.PadHomeActivity} Window{400a8e u0 com.android.systemui.ImageWallpaper}
04-18 11:11:06.941   898   975 I commit_sys_config_file: [settings-2-0,9]
04-18 11:11:06.955   898  3198 I InputDispatcher: setInputWindows displayId=0 Window{26d385e u0 NavigationBar0} Window{367127 u0 StatusBar} Window{b8ca73b u0 com.yangcong345.cloud.launcher/com.yangcong345.padmodule.home.main.PadHomeActivity} recents_animation_input_consumer Window{9588175 u0 com.yangcong345.cloud.launcher/com.yangcong345.padmodule.home.main.PadHomeActivity} Window{400a8e u0 com.android.systemui.ImageWallpaper}
04-18 11:11:06.968  1852  4448 I MMKV    : <MMKV.cpp:226::initializeMMKV> root dir: /data/user/0/com.yangcong345.cloud.launcher/files/mmkv
04-18 11:11:06.968  1852  4448 I MMKV    : <MMKV.cpp:1180::sync> MMKV::sync, SyncFlag = 0
04-18 11:11:06.971   898  3198 I InputDispatcher: setInputWindows displayId=0 Window{26d385e u0 NavigationBar0} Window{367127 u0 StatusBar} Window{b8ca73b u0 com.yangcong345.cloud.launcher/com.yangcong345.padmodule.home.main.PadHomeActivity} recents_animation_input_consumer Window{9588175 u0 com.yangcong345.cloud.launcher/com.yangcong345.padmodule.home.main.PadHomeActivity} Window{400a8e u0 com.android.systemui.ImageWallpaper}
04-18 11:11:06.988   898  3198 I chatty  : uid=1000(system) Binder:898_B identical 1 line
04-18 11:11:07.004   898  3198 I InputDispatcher: setInputWindows displayId=0 Window{26d385e u0 NavigationBar0} Window{367127 u0 StatusBar} Window{b8ca73b u0 com.yangcong345.cloud.launcher/com.yangcong345.padmodule.home.main.PadHomeActivity} recents_animation_input_consumer Window{9588175 u0 com.yangcong345.cloud.launcher/com.yangcong345.padmodule.home.main.PadHomeActivity} Window{400a8e u0 com.android.systemui.ImageWallpaper}
04-18 11:11:07.021   898   957 I InputDispatcher: setInputWindows displayId=0 Window{26d385e u0 NavigationBar0} Window{367127 u0 StatusBar} Window{b8ca73b u0 com.yangcong345.cloud.launcher/com.yangcong345.padmodule.home.main.PadHomeActivity} recents_animation_input_consumer Window{9588175 u0 com.yangcong345.cloud.launcher/com.yangcong345.padmodule.home.main.PadHomeActivity} Window{400a8e u0 com.android.systemui.ImageWallpaper}
04-18 11:11:07.029  2205  2231 I 5.android.phon: oneway function results will be dropped but finished with status OK and parcel size 4
04-18 11:11:07.034  2205  2231 I 5.android.phon: oneway function results will be dropped but finished with status OK and parcel size 4
04-18 11:11:07.037   898   911 I InputDispatcher: setInputWindows displayId=0 Window{26d385e u0 NavigationBar0} Window{367127 u0 StatusBar} Window{b8ca73b u0 com.yangcong345.cloud.launcher/com.yangcong345.padmodule.home.main.PadHomeActivity} recents_animation_input_consumer Window{9588175 u0 com.yangcong345.cloud.launcher/com.yangcong345.padmodule.home.main.PadHomeActivity} Window{400a8e u0 com.android.systemui.ImageWallpaper}
04-18 11:11:07.041  2205  2231 I 5.android.phon: oneway function results will be dropped but finished with status OK and parcel size 4
04-18 11:11:07.047  2205  2231 I 5.android.phon: oneway function results will be dropped but finished with status OK and parcel size 4
04-18 11:11:07.054   898   957 I InputDispatcher: setInputWindows displayId=0 Window{26d385e u0 NavigationBar0} Window{367127 u0 StatusBar} Window{b8ca73b u0 com.yangcong345.cloud.launcher/com.yangcong345.padmodule.home.main.PadHomeActivity} recents_animation_input_consumer Window{9588175 u0 com.yangcong345.cloud.launcher/com.yangcong345.padmodule.home.main.PadHomeActivity} Window{400a8e u0 com.android.systemui.ImageWallpaper}
04-18 11:11:07.057  1852  1864 I .cloud.launche: Background concurrent copying GC freed 57846(4021KB) AllocSpace objects, 52(1868KB) LOS objects, 15% free, 31MB/37MB, paused 222us total 157.176ms
04-18 11:11:07.064   546   606 I BufferQueueProducer: [com.yangcong345.cloud.launcher/com.yangcong345.padmodule.home.main.PadHomeActivity#1](this:0xb400007248f0a7b8,id:34,api:1,p:1852,c:546) queueBuffer: fps=3.47 dur=1728.06 max=1648.26 min=4.88
04-18 11:11:07.070   898   957 I InputDispatcher: setInputWindows displayId=0 Window{26d385e u0 NavigationBar0} Window{367127 u0 StatusBar} Window{b8ca73b u0 com.yangcong345.cloud.launcher/com.yangcong345.padmodule.home.main.PadHomeActivity} recents_animation_input_consumer Window{9588175 u0 com.yangcong345.cloud.launcher/com.yangcong345.padmodule.home.main.PadHomeActivity} Window{400a8e u0 com.android.systemui.ImageWallpaper}
04-18 11:11:07.080   733   772 I Proximity: distance = 2
04-18 11:11:07.087   898   957 I InputDispatcher: setInputWindows displayId=0 Window{26d385e u0 NavigationBar0} Window{367127 u0 StatusBar} Window{b8ca73b u0 com.yangcong345.cloud.launcher/com.yangcong345.padmodule.home.main.PadHomeActivity} recents_animation_input_consumer Window{9588175 u0 com.yangcong345.cloud.launcher/com.yangcong345.padmodule.home.main.PadHomeActivity} Window{400a8e u0 com.android.systemui.ImageWallpaper}
04-18 11:11:07.103   898  3198 I InputDispatcher: setInputWindows displayId=0 Window{26d385e u0 NavigationBar0} Window{367127 u0 StatusBar} Window{b8ca73b u0 com.yangcong345.cloud.launcher/com.yangcong345.padmodule.home.main.PadHomeActivity} recents_animation_input_consumer Window{9588175 u0 com.yangcong345.cloud.launcher/com.yangcong345.padmodule.home.main.PadHomeActivity} Window{400a8e u0 com.android.systemui.ImageWallpaper}
04-18 11:11:07.119   898  3198 I chatty  : uid=1000(system) Binder:898_B identical 1 line
04-18 11:11:07.136   898  3198 I InputDispatcher: setInputWindows displayId=0 Window{26d385e u0 NavigationBar0} Window{367127 u0 StatusBar} Window{b8ca73b u0 com.yangcong345.cloud.launcher/com.yangcong345.padmodule.home.main.PadHomeActivity} recents_animation_input_consumer Window{9588175 u0 com.yangcong345.cloud.launcher/com.yangcong345.padmodule.home.main.PadHomeActivity} Window{400a8e u0 com.android.systemui.ImageWallpaper}
04-18 11:11:07.152   898   957 I InputDispatcher: setInputWindows displayId=0 Window{26d385e u0 NavigationBar0} Window{367127 u0 StatusBar} Window{b8ca73b u0 com.yangcong345.cloud.launcher/com.yangcong345.padmodule.home.main.PadHomeActivity} recents_animation_input_consumer Window{9588175 u0 com.yangcong345.cloud.launcher/com.yangcong345.padmodule.home.main.PadHomeActivity} Window{400a8e u0 com.android.systemui.ImageWallpaper}
04-18 11:11:07.153   515   515 I hwcomposer: [HWCDisplay] [Display_0 (type:1)] fps:29.684071,dur:1010.64,max:544.21,min:6.52
04-18 11:11:07.169   898   911 I InputDispatcher: setInputWindows displayId=0 Window{26d385e u0 NavigationBar0} Window{367127 u0 StatusBar} Window{b8ca73b u0 com.yangcong345.cloud.launcher/com.yangcong345.padmodule.home.main.PadHomeActivity} recents_animation_input_consumer Window{9588175 u0 com.yangcong345.cloud.launcher/com.yangcong345.padmodule.home.main.PadHomeActivity} Window{400a8e u0 com.android.systemui.ImageWallpaper}
04-18 11:11:07.201   898   911 I chatty  : uid=1000(system) Binder:898_1 identical 2 lines
04-18 11:11:07.217   898   911 I InputDispatcher: setInputWindows displayId=0 Window{26d385e u0 NavigationBar0} Window{367127 u0 StatusBar} Window{b8ca73b u0 com.yangcong345.cloud.launcher/com.yangcong345.padmodule.home.main.PadHomeActivity} recents_animation_input_consumer Window{9588175 u0 com.yangcong345.cloud.launcher/com.yangcong345.padmodule.home.main.PadHomeActivity} Window{400a8e u0 com.android.systemui.ImageWallpaper}
04-18 11:11:07.234   898   957 I InputDispatcher: setInputWindows displayId=0 Window{26d385e u0 NavigationBar0} Window{367127 u0 StatusBar} Window{b8ca73b u0 com.yangcong345.cloud.launcher/com.yangcong345.padmodule.home.main.PadHomeActivity} recents_animation_input_consumer Window{9588175 u0 com.yangcong345.cloud.launcher/com.yangcong345.padmodule.home.main.PadHomeActivity} Window{400a8e u0 com.android.systemui.ImageWallpaper}
04-18 11:11:07.267   898   957 I chatty  : uid=1000(system) Binder:898_3 identical 2 lines
04-18 11:11:07.283   898   957 I InputDispatcher: setInputWindows displayId=0 Window{26d385e u0 NavigationBar0} Window{367127 u0 StatusBar} Window{b8ca73b u0 com.yangcong345.cloud.launcher/com.yangcong345.padmodule.home.main.PadHomeActivity} recents_animation_input_consumer Window{9588175 u0 com.yangcong345.cloud.launcher/com.yangcong345.padmodule.home.main.PadHomeActivity} Window{400a8e u0 com.android.systemui.ImageWallpaper}
04-18 11:11:07.284   733   772 I Proximity: distance = 2
04-18 11:11:07.299   898   957 I InputDispatcher: setInputWindows displayId=0 Window{26d385e u0 NavigationBar0} Window{367127 u0 StatusBar} Window{b8ca73b u0 com.yangcong345.cloud.launcher/com.yangcong345.padmodule.home.main.PadHomeActivity} recents_animation_input_consumer Window{9588175 u0 com.yangcong345.cloud.launcher/com.yangcong345.padmodule.home.main.PadHomeActivity} Window{400a8e u0 com.android.systemui.ImageWallpaper}
04-18 11:11:07.332   898   957 I chatty  : uid=1000(system) Binder:898_3 identical 2 lines
04-18 11:11:07.349   898   957 I InputDispatcher: setInputWindows displayId=0 Window{26d385e u0 NavigationBar0} Window{367127 u0 StatusBar} Window{b8ca73b u0 com.yangcong345.cloud.launcher/com.yangcong345.padmodule.home.main.PadHomeActivity} recents_animation_input_consumer Window{9588175 u0 com.yangcong345.cloud.launcher/com.yangcong345.padmodule.home.main.PadHomeActivity} Window{400a8e u0 com.android.systemui.ImageWallpaper}
04-18 11:11:07.365   898  3198 I InputDispatcher: setInputWindows displayId=0 Window{26d385e u0 NavigationBar0} Window{367127 u0 StatusBar} Window{b8ca73b u0 com.yangcong345.cloud.launcher/com.yangcong345.padmodule.home.main.PadHomeActivity} recents_animation_input_consumer Window{9588175 u0 com.yangcong345.cloud.launcher/com.yangcong345.padmodule.home.main.PadHomeActivity} Window{400a8e u0 com.android.systemui.ImageWallpaper}
04-18 11:11:07.382   898  3198 I InputDispatcher: setInputWindows displayId=0 Window{26d385e u0 NavigationBar0} Window{367127 u0 StatusBar} Window{b8ca73b u0 com.yangcong345.cloud.launcher/com.yangcong345.padmodule.home.main.PadHomeActivity} recents_animation_input_consumer Window{9588175 u0 com.yangcong345.cloud.launcher/com.yangcong345.padmodule.home.main.PadHomeActivity} Window{400a8e u0 com.android.systemui.ImageWallpaper}
04-18 11:11:07.398   898   957 I InputDispatcher: setInputWindows displayId=0 Window{26d385e u0 NavigationBar0} Window{367127 u0 StatusBar} Window{b8ca73b u0 com.yangcong345.cloud.launcher/com.yangcong345.padmodule.home.main.PadHomeActivity} recents_animation_input_consumer Window{9588175 u0 com.yangcong345.cloud.launcher/com.yangcong345.padmodule.home.main.PadHomeActivity} Window{400a8e u0 com.android.systemui.ImageWallpaper}
04-18 11:11:07.414   898   957 I InputDispatcher: setInputWindows displayId=0 Window{26d385e u0 NavigationBar0} Window{367127 u0 StatusBar} Window{b8ca73b u0 com.yangcong345.cloud.launcher/com.yangcong345.padmodule.home.main.PadHomeActivity} recents_animation_input_consumer Window{9588175 u0 com.yangcong345.cloud.launcher/com.yangcong345.padmodule.home.main.PadHomeActivity} Window{400a8e u0 com.android.systemui.ImageWallpaper}
04-18 11:11:07.430   898   911 I InputDispatcher: setInputWindows displayId=0 Window{26d385e u0 NavigationBar0} Window{367127 u0 StatusBar} Window{b8ca73b u0 com.yangcong345.cloud.launcher/com.yangcong345.padmodule.home.main.PadHomeActivity} recents_animation_input_consumer Window{9588175 u0 com.yangcong345.cloud.launcher/com.yangcong345.padmodule.home.main.PadHomeActivity} Window{400a8e u0 com.android.systemui.ImageWallpaper}
04-18 11:11:07.448   898   911 I chatty  : uid=1000(system) Binder:898_1 identical 1 line
04-18 11:11:07.464   898   911 I InputDispatcher: setInputWindows displayId=0 Window{26d385e u0 NavigationBar0} Window{367127 u0 StatusBar} Window{b8ca73b u0 com.yangcong345.cloud.launcher/com.yangcong345.padmodule.home.main.PadHomeActivity} recents_animation_input_consumer Window{9588175 u0 com.yangcong345.cloud.launcher/com.yangcong345.padmodule.home.main.PadHomeActivity} Window{400a8e u0 com.android.systemui.ImageWallpaper}
04-18 11:11:07.475  2205  2819 D DataSailMapper: get instance by url: onion-event.cn-hangzhou.log.aliyuncs.com/logstores/native-frontend-event/shards/lb
04-18 11:11:07.476  2205  2819 I System.out: [okhttp]:check permission begin!
04-18 11:11:07.476  2205  2819 I System.out: [okhttp]:not MMS!
04-18 11:11:07.476  2205  2819 I System.out: [okhttp]:not Email!
04-18 11:11:07.478  2205  2819 I System.out: [OkHttp] sendRequest>>
04-18 11:11:07.478  2205  2819 I System.out: [OkHttp] sendRequest<<
04-18 11:11:07.488   733   772 I Proximity: distance = 2
04-18 11:11:07.695  4518  4518 I Monkey  : :Sending Key (ACTION_DOWN): 23    // KEYCODE_DPAD_CENTER
04-18 11:11:07.696   733   772 I Proximity: distance = 2
04-18 11:11:07.699  4518  4518 I Monkey  : :Sending Key (ACTION_UP): 23    // KEYCODE_DPAD_CENTER
04-18 11:11:07.701  4518  4518 I Monkey  : Sleeping for 1000 milliseconds
04-18 11:11:07.708   546   866 I BufferQueueProducer: [com.yangcong345.cloud.launcher/com.yangcong345.padmodule.home.main.PadHomeActivity#1](id:22200000022,api:1,p:1852,c:546) disconnect(): api=1
