04-18 11:10:56.949   898   911 I InputDispatcher: setInputWindows displayId=0 Window{26d385e u0 NavigationBar0} Window{367127 u0 StatusBar} recents_animation_input_consumer Window{9588175 u0 com.yangcong345.cloud.launcher/com.yangcong345.padmodule.home.main.PadHomeActivity} Window{400a8e u0 com.android.systemui.ImageWallpaper}
04-18 11:10:57.057   733   772 I Proximity: distance = 2
04-18 11:10:57.106  4261  4261 I auditd  : type=1400 audit(0.0:6408): avc: denied { getattr } for comm="DetectPable" path="/proc/rid" dev="proc" ino=4026532398 scontext=u:r:shell:s0 tcontext=u:object_r:proc_rid:s0 tclass=file permissive=1
04-18 11:10:57.106  4261  4261 I DetectPable: type=1400 audit(0.0:6408): avc: denied { getattr } for path="/proc/rid" dev="proc" ino=4026532398 scontext=u:r:shell:s0 tcontext=u:object_r:proc_rid:s0 tclass=file permissive=1
04-18 11:10:57.110  4261  4261 I auditd  : type=1400 audit(0.0:6412): avc: denied { getattr } for comm="DetectPable" path="/proc/iomem" dev="proc" ino=4026532286 scontext=u:r:shell:s0 tcontext=u:object_r:proc_iomem:s0 tclass=file permissive=1
04-18 11:10:57.110  4261  4261 I DetectPable: type=1400 audit(0.0:6412): avc: denied { getattr } for path="/proc/iomem" dev="proc" ino=4026532286 scontext=u:r:shell:s0 tcontext=u:object_r:proc_iomem:s0 tclass=file permissive=1
04-18 11:10:57.110  4261  4261 I auditd  : type=1400 audit(0.0:6413): avc: denied { getattr } for comm="DetectPable" path="/proc/locks" dev="proc" ino=4026532120 scontext=u:r:shell:s0 tcontext=u:object_r:proc_locks:s0 tclass=file permissive=1
04-18 11:10:57.110  4261  4261 I DetectPable: type=1400 audit(0.0:6413): avc: denied { getattr } for path="/proc/locks" dev="proc" ino=4026532120 scontext=u:r:shell:s0 tcontext=u:object_r:proc_locks:s0 tclass=file permissive=1
04-18 11:10:57.110  4261  4261 I auditd  : type=1400 audit(0.0:6414): avc: denied { getattr } for comm="DetectPable" path="/proc/mtkfb" dev="proc" ino=4026532786 scontext=u:r:shell:s0 tcontext=u:object_r:proc_mtkfb:s0 tclass=file permissive=1
04-18 11:10:57.110  4261  4261 I DetectPable: type=1400 audit(0.0:6414): avc: denied { getattr } for path="/proc/mtkfb" dev="proc" ino=4026532786 scontext=u:r:shell:s0 tcontext=u:object_r:proc_mtkfb:s0 tclass=file permissive=1
04-18 11:10:57.260   733   772 I Proximity: distance = 2
04-18 11:10:57.452  1414  1414 D CapRIL  : resetProxyAndRequestList
04-18 11:10:57.452   397   397 I hwservicemanager: getTransport: Cannot find entry vendor.mediatek.hardware.mtkradioex@2.0::IMtkRadioEx/mtkCap1 in either framework or device manifest.
04-18 11:10:57.453  1414  1414 D CapRIL  : MtkRadioProxy getService/setResponseFunctions: java.util.NoSuchElementException
04-18 11:10:57.464   733   772 I Proximity: distance = 2
04-18 11:10:57.604  4518  4518 I Monkey  : :Sending Touch (ACTION_DOWN): 0:(1715.0,541.0)
04-18 11:10:57.607   533   598 I libPowerHal: [perfLockAcq] idx:0 hdl:90 hint:25 pid:533 duration:10000 => ret_hdl:90
04-18 11:10:57.607   533   598 I libPowerHal: [PE] scn:0 hdl:90 hint:25 comm:mtkpower@1.0-se pid:533
04-18 11:10:57.607   533   598 I libPowerHal: [PE] MTKPOWER_HINT_APP_TOUCH update cmd:3408600 param:1
04-18 11:10:57.609  4518  4518 I Monkey  : :Sending Touch (ACTION_UP): 0:(1706.7522,539.0342)
04-18 11:10:57.610   533   598 I libPowerHal: [perfLockRel] hdl:90, idx:0
04-18 11:10:57.610   533   598 I libPowerHal: [PD] scn:0 hdl:90 hint:25 comm:mtkpower@1.0-se pid:533
04-18 11:10:57.610   533   598 I libPowerHal: [PD] MTKPOWER_HINT_APP_TOUCH update cmd:3408600 param:0
04-18 11:10:57.610  4518  4518 I Monkey  : Sleeping for 1000 milliseconds
04-18 11:10:57.611   898   957 D YSQ     : checkQueryAllPackages type: queryIntentActivities, pkgName: com.yangcong345.cloud.launcher, callingUid: 10076
04-18 11:10:57.611   898   957 D HraManager: hra getBlackIntentActionList
04-18 11:10:57.611   898   911 D YSQ     : checkQueryAllPackages type: queryIntentActivities, pkgName: com.yangcong345.cloud.launcher, callingUid: 10076
04-18 11:10:57.611   898   911 D HraManager: hra getBlackIntentActionList
04-18 11:10:57.612  1852  1852 D test_act: com.yangcong345.cloud.launcher
04-18 11:10:57.612   898   957 D HraManager: hra getBlackActivityList
04-18 11:10:57.612   898   957 D HraManagerService:  getBlackActivityList
04-18 11:10:57.612   898   957 D HraManager: hra getBlackIntentActionList
04-18 11:10:57.613   898   957 I ActivityTaskManager: START u0 {act=android.intent.action.MAIN cat=[android.intent.category.LAUNCHER] flg=0x10000000 pkg=com.yangcong345.cloud.toolbox cmp=com.yangcong345.cloud.toolbox/.home.MainHomeActivity} from uid 10076
04-18 11:10:57.613  4518  4552 I Monkey  :     // Rejecting start of Intent { act=android.intent.action.MAIN cat=[android.intent.category.LAUNCHER] pkg=com.yangcong345.cloud.toolbox cmp=com.yangcong345.cloud.toolbox/.home.MainHomeActivity } in package com.yangcong345.cloud.toolbox
04-18 11:10:57.614  2205  2230 I 5.android.phon: oneway function results will be dropped but finished with status OK and parcel size 4
04-18 11:10:57.639   533   598 I libPowerHal: perfUserScnCheckAll
04-18 11:10:57.639   533   598 I libPowerHal: perfScnDumpAll cmd:0
04-18 11:10:57.639   533   598 I libPowerHal: ========================
04-18 11:10:57.639   533   598 I libPowerHal: ========================
04-18 11:10:57.668   733   772 I Proximity: distance = 2
04-18 11:10:57.872   733   772 I Proximity: distance = 2
04-18 11:10:57.974   898   911 D HraManager: hra getBlackIntentActionList
04-18 11:10:58.076   733   772 I Proximity: distance = 2
04-18 11:10:58.174  4261  4261 I auditd  : type=1400 audit(0.0:6434): avc: denied { getattr } for comm="DetectPable" path="/proc/kmsg" dev="proc" ino=4026532132 scontext=u:r:shell:s0 tcontext=u:object_r:proc_kmsg:s0 tclass=file permissive=1
04-18 11:10:58.174  4261  4261 I DetectPable: type=1400 audit(0.0:6434): avc: denied { getattr } for path="/proc/kmsg" dev="proc" ino=4026532132 scontext=u:r:shell:s0 tcontext=u:object_r:proc_kmsg:s0 tclass=file permissive=1
04-18 11:10:58.178  4261  4261 I auditd  : type=1400 audit(0.0:6435): avc: denied { getattr } for comm="DetectPable" path="/proc/bootprof" dev="proc" ino=4026532411 scontext=u:r:shell:s0 tcontext=u:object_r:proc_bootprof:s0 tclass=file permissive=1
04-18 11:10:58.178  4261  4261 I DetectPable: type=1400 audit(0.0:6435): avc: denied { getattr } for path="/proc/bootprof" dev="proc" ino=4026532411 scontext=u:r:shell:s0 tcontext=u:object_r:proc_bootprof:s0 tclass=file permissive=1
04-18 11:10:58.280   733   772 I Proximity: distance = 2
04-18 11:10:58.351   749   749 I thermal_repeater: socket -1
04-18 11:10:58.484   733   772 I Proximity: distance = 2
04-18 11:10:58.611  4518  4518 I Monkey  : :Sending Touch (ACTION_DOWN): 0:(1241.0,33.0)
04-18 11:10:58.613   533   598 I libPowerHal: [perfLockAcq] idx:0 hdl:91 hint:25 pid:533 duration:10000 => ret_hdl:91
04-18 11:10:58.613   533   598 I libPowerHal: [PE] scn:0 hdl:91 hint:25 comm:mtkpower@1.0-se pid:533
04-18 11:10:58.613   533   598 I libPowerHal: [PE] MTKPOWER_HINT_APP_TOUCH update cmd:3408600 param:1
04-18 11:10:58.614  4518  4518 I Monkey  : :Sending Touch (ACTION_UP): 0:(1259.8517,41.650173)
04-18 11:10:58.615   533   598 I libPowerHal: [perfLockRel] hdl:91, idx:0
04-18 11:10:58.615   533   598 I libPowerHal: [PD] scn:0 hdl:91 hint:25 comm:mtkpower@1.0-se pid:533
04-18 11:10:58.615   533   598 I libPowerHal: [PD] MTKPOWER_HINT_APP_TOUCH update cmd:3408600 param:0
04-18 11:10:58.616  4518  4518 I Monkey  : Sleeping for 1000 milliseconds
04-18 11:10:58.618  1247  1247 I sysui_multi_action: [757,803,799,panel_open,802,1]
04-18 11:10:58.621   546   546 I SurfaceFlinger: operator()(), mtkRenderCntDebug 7, screenshot (com.yangcong345.cloud.launcher/com.yangcong345.padmodule.home.main.PadHomeActivity#0)
04-18 11:10:58.621   546   546 I SurfaceFlinger: operator()(), mtkRenderCntDebug 7, screenshot (StatusBar#0)
04-18 11:10:58.630  1247  1247 I BufferQueueConsumer: [](id:4df00000000,api:0,p:-1,c:1247) connect(): controlledByApp=true
04-18 11:10:58.631  1247  1643 I BufferQueueProducer: [ImageReader-1920x1200f1u256m2-1247-0](id:4df00000000,api:1,p:1247,c:1247) connect(): api=1 producerControlledByApp=true
04-18 11:10:58.669  1247  1643 E FrameEvents: updateAcquireFence: Did not find frame.
04-18 11:10:58.673  1247  1643 I BufferQueueProducer: [ImageReader-1920x1200f1u256m2-1247-0](id:4df00000000,api:1,p:1247,c:1247) disconnect(): api=1
04-18 11:10:58.673  1247  1247 I BufferQueueConsumer: [ImageReader-1920x1200f1u256m2-1247-0](id:4df00000000,api:0,p:-1,c:1247) disconnect()
04-18 11:10:58.688   733   772 I Proximity: distance = 2
04-18 11:10:58.707  1247  1643 I GED     : ged_boost_gpu_freq, level 100, eOrigin 2, final_idx 15, oppidx_max 15, oppidx_min 0
04-18 11:10:58.785  1247  1356 D WifiSignalController: isWifi6: false,wifiVisible: true
04-18 11:10:58.788  1247  1356 D WifiSignalController: isWifi6: false,wifiVisible: true
04-18 11:10:58.796  1247  1247 D StatusBar: disable<e i a s b h r c s > disable2<q i n >
04-18 11:10:58.798  1247  1247 I sysui_multi_action: [757,1328,758,4,1326,64,1327,2,1329,1]
04-18 11:10:58.798   898   911 I sysui_multi_action: [757,127,758,1]
04-18 11:10:58.799   898   911 I sysui_multi_action: [757,804,799,note_load,801,0,802,1]
04-18 11:10:58.799   898   911 I notification_panel_revealed: 0
04-18 11:10:58.805   898   911 I WindowManager: Relayout Window{338d41a u0 NotificationShade}: oldVis=4 newVis=0 focusMayChange = true
04-18 11:10:58.807   546   866 I BufferQueueConsumer: [](id:22200000021,api:0,p:-1,c:546) connect(): controlledByApp=false
04-18 11:10:58.807   546   866 I BufferQueue: [unnamed-546-33](this:0xb400007248f59ca8,id:33,api:0,p:-1,c:-1) BufferQueue core=(546:/system/bin/surfaceflinger)
04-18 11:10:58.812   546   865 I BufferQueueProducer: [NotificationShade#0](id:22200000021,api:1,p:1247,c:546) connect(): api=1 producerControlledByApp=false
04-18 11:10:58.816   898  1518 I InputDispatcher: setInputWindows displayId=0 Window{26d385e u0 NavigationBar0} NotificationShade#0 Window{367127 u0 StatusBar} recents_animation_input_consumer Window{9588175 u0 com.yangcong345.cloud.launcher/com.yangcong345.padmodule.home.main.PadHomeActivity} Window{400a8e u0 com.android.systemui.ImageWallpaper}
04-18 11:10:58.817   515   515 I hwcomposer: [HWCDisplay] [Display_0 (type:1)] fps:8.256460,dur:2180.11,max:1867.07,min:12.71
04-18 11:10:58.831   546   605 I BufferQueueProducer: [StatusBar#0](this:0xb400007248f04758,id:6,api:1,p:1247,c:546) queueBuffer: fps=0.33 dur=11992.51 max=11684.23 min=7.53
04-18 11:10:58.835   898   911 I InputDispatcher: setInputWindows displayId=0 Window{26d385e u0 NavigationBar0} Window{338d41a u0 NotificationShade} Window{367127 u0 StatusBar} recents_animation_input_consumer Window{9588175 u0 com.yangcong345.cloud.launcher/com.yangcong345.padmodule.home.main.PadHomeActivity} Window{400a8e u0 com.android.systemui.ImageWallpaper}
04-18 11:10:58.835   898   911 I InputDispatcher: Window went away: NotificationShade#0
04-18 11:10:58.837   898   911 I sysui_multi_action: [757,127,758,2]
04-18 11:10:58.838   898   911 I notification_panel_hidden:
04-18 11:10:58.841  1247  1247 D StatusBar: disable<e i a s b h r c s > disable2<q i n >
04-18 11:10:58.843  1247  1643 I GED     : ged_boost_gpu_freq, level 100, eOrigin 2, final_idx 15, oppidx_max 15, oppidx_min 0
04-18 11:10:58.852   898   911 I InputDispatcher: setInputWindows displayId=0 Window{26d385e u0 NavigationBar0} Window{338d41a u0 NotificationShade} Window{367127 u0 StatusBar} recents_animation_input_consumer Window{9588175 u0 com.yangcong345.cloud.launcher/com.yangcong345.padmodule.home.main.PadHomeActivity} Window{400a8e u0 com.android.systemui.ImageWallpaper}
04-18 11:10:58.855   546   605 I BufferQueueProducer: [NotificationShade#0](id:22200000021,api:1,p:1247,c:546) disconnect(): api=1
04-18 11:10:58.856  1247  1262 W System  : A resource failed to call destroy.
04-18 11:10:58.856  1247  1262 I chatty  : uid=10111(com.android.systemui) FinalizerDaemon identical 1 line
04-18 11:10:58.856  1247  1262 W System  : A resource failed to call destroy.
04-18 11:10:58.869   898   911 I InputDispatcher: setInputWindows displayId=0 Window{26d385e u0 NavigationBar0} Window{367127 u0 StatusBar} recents_animation_input_consumer Window{9588175 u0 com.yangcong345.cloud.launcher/com.yangcong345.padmodule.home.main.PadHomeActivity} Window{400a8e u0 com.android.systemui.ImageWallpaper}
04-18 11:10:58.869   898   911 I InputDispatcher: Window went away: Window{338d41a u0 NotificationShade}
04-18 11:10:58.869   546   546 I BufferQueueConsumer: [NotificationShade#0](id:22200000021,api:0,p:-1,c:546) disconnect()
04-18 11:10:58.869   546   546 I BufferQueue: [NotificationShade#0](this:0xb400007248f59ca8,id:33,api:1,p:-1,c:-1) onDestructor()
04-18 11:10:58.885   898   911 I InputDispatcher: setInputWindows displayId=0 Window{26d385e u0 NavigationBar0} Window{367127 u0 StatusBar} recents_animation_input_consumer Window{9588175 u0 com.yangcong345.cloud.launcher/com.yangcong345.padmodule.home.main.PadHomeActivity} Window{400a8e u0 com.android.systemui.ImageWallpaper}
04-18 11:10:58.896   733   772 I Proximity: distance = 2
04-18 11:10:58.900   898   911 I InputDispatcher: setInputWindows displayId=0 Window{26d385e u0 NavigationBar0} Window{367127 u0 StatusBar} recents_animation_input_consumer Window{9588175 u0 com.yangcong345.cloud.launcher/com.yangcong345.padmodule.home.main.PadHomeActivity} Window{400a8e u0 com.android.systemui.ImageWallpaper}
04-18 11:10:58.970   898  1090 I netstats_mobile_sample: [0,0,0,0,0,0,0,0,0,0,0,0,1713409858910]
04-18 11:10:58.970   898  1090 I netstats_wifi_sample: [31390677,23904,2901945,14532,31390677,23904,2901945,14532,31342108,23677,2901945,14532,1713409858910]
04-18 11:10:59.100   733   772 I Proximity: distance = 2
04-18 11:10:59.246  4261  4261 I auditd  : type=1400 audit(0.0:6443): avc: denied { getattr } for comm="DetectPable" path="/proc/fb" dev="proc" ino=4026532067 scontext=u:r:shell:s0 tcontext=u:object_r:proc:s0 tclass=file permissive=1
04-18 11:10:59.246  4261  4261 I DetectPable: type=1400 audit(0.0:6443): avc: denied { getattr } for path="/proc/fb" dev="proc" ino=4026532067 scontext=u:r:shell:s0 tcontext=u:object_r:proc:s0 tclass=file permissive=1
04-18 11:10:59.246  4261  4261 I auditd  : type=1400 audit(0.0:6444): avc: denied { getattr } for comm="DetectPable" path="/proc/m4u" dev="proc" ino=4026532076 scontext=u:r:shell:s0 tcontext=u:object_r:proc_m4u:s0 tclass=file permissive=1
04-18 11:10:59.246  4261  4261 I DetectPable: type=1400 audit(0.0:6444): avc: denied { getattr } for path="/proc/m4u" dev="proc" ino=4026532076 scontext=u:r:shell:s0 tcontext=u:object_r:proc_m4u:s0 tclass=file permissive=1
04-18 11:10:59.293   898  1099 E WifiVendorHal: getWifiLinkLayerStats_1_3_Internal(l.973) failed {.code = ERROR_NOT_SUPPORTED, .description = }
04-18 11:10:59.304   733   772 I Proximity: distance = 2
04-18 11:10:59.445   898  1508 I am_meminfo: [722792448,3375316992,45690880,269332480,585795584]
04-18 11:10:59.508   733   772 I Proximity: distance = 2
04-18 11:10:59.617  4518  4518 I Monkey  : :Sending Touch (ACTION_DOWN): 0:(1284.0,129.0)
04-18 11:10:59.620   533   598 I libPowerHal: [perfLockAcq] idx:0 hdl:92 hint:25 pid:533 duration:10000 => ret_hdl:92
04-18 11:10:59.620   533   598 I libPowerHal: [PE] scn:0 hdl:92 hint:25 comm:mtkpower@1.0-se pid:533
04-18 11:10:59.620  4518  4518 I Monkey  : :Sending Touch (ACTION_UP): 0:(1283.971,129.39507)
04-18 11:10:59.621   533   598 I libPowerHal: [PE] MTKPOWER_HINT_APP_TOUCH update cmd:3408600 param:1
04-18 11:10:59.622   533   598 I libPowerHal: [perfLockRel] hdl:92, idx:0
04-18 11:10:59.622   533   598 I libPowerHal: [PD] scn:0 hdl:92 hint:25 comm:mtkpower@1.0-se pid:533
04-18 11:10:59.622   533   598 I libPowerHal: [PD] MTKPOWER_HINT_APP_TOUCH update cmd:3408600 param:0
04-18 11:10:59.623  4518  4518 I Monkey  : Sleeping for 1000 milliseconds
04-18 11:10:59.713   733   772 I Proximity: distance = 2
04-18 11:10:59.789  1852  1852 I PadModuleLog: onSelectFragmentChange,mCurrentShowFrag=null,targetTag=textbook
04-18 11:10:59.797  2205  2230 I 5.android.phon: oneway function results will be dropped but finished with status OK and parcel size 4
04-18 11:10:59.817  2205  2230 I chatty  : uid=10075(com.yangcong345.android.phone) Binder:2205_1 identical 4 lines
04-18 11:10:59.822  2205  2230 I 5.android.phon: oneway function results will be dropped but finished with status OK and parcel size 4
04-18 11:10:59.857  1852  4445 D CacheInterceptor: requestRemoteFirst
04-18 11:10:59.859  1852  4445 D CacheInterceptor: request local cache success
04-18 11:10:59.916   733   772 I Proximity: distance = 2
04-18 11:10:59.934   898   911 D HraManager: hra getBlackIntentActionList
04-18 11:10:59.936  1852  1852 W Matrix.AppMethodBeat: [checkPileup] index:750787,	isValid:false source:EvilMethodTracer#dispatchBegin
04-18 11:10:59.936  1852  1852 W Matrix.AppMethodBeat: [checkPileup] index:750787,	isValid:false source:AnrTracer#dispatchBegin
04-18 11:10:59.969  2205  2230 I 5.android.phon: Explicit concurrent copying GC freed 13764(765KB) AllocSpace objects, 12(304KB) LOS objects, 28% free, 14MB/20MB, paused 126us total 47.080ms
04-18 11:11:00.026   546   605 I BufferQueueProducer: [StatusBar#0](this:0xb400007248f04758,id:6,api:1,p:1247,c:546) queueBuffer: fps=1.67 dur=1194.93 max=1172.35 min=22.58
04-18 11:11:00.040  1852  2201 D DataSailMapper: get instance by url: intelligent-hardware.cn-beijing.log.aliyuncs.com/logstores/launcher-release-store/shards/lb
04-18 11:11:00.042  1852  2201 I System.out: [okhttp]:check permission begin!
04-18 11:11:00.042  1852  2201 I System.out: [okhttp]:not MMS!
04-18 11:11:00.042  1852  2201 I System.out: [okhttp]:not Email!
04-18 11:11:00.042   515   515 I hwcomposer: [HWCDisplay] [Display_0 (type:1)] fps:4.897327,dur:1225.16,max:1141.73,min:14.20
04-18 11:11:00.042   546   605 I BufferQueueProducer: [com.yangcong345.cloud.launcher/com.yangcong345.padmodule.home.main.PadHomeActivity#0](this:0xb400007248ec93a8,id:29,api:1,p:1852,c:546) queueBuffer: fps=1.36 dur=4417.20 max=4349.15 min=5.52
04-18 11:11:00.043  1852  4445 D CacheInterceptor: requestRemoteFirst
04-18 11:11:00.044  1852  4445 D CacheInterceptor: request local cache fail
04-18 11:11:00.046  2532  2532 I dnsmasq : query[A] intelligent-hardware.cn-beijing.log.aliyuncs.com from 192.168.50.124
04-18 11:11:00.046  2532  2532 I dnsmasq : forwarded intelligent-hardware.cn-beijing.log.aliyuncs.com to 223.5.5.5
04-18 11:11:00.046  2532  2532 I dnsmasq : forwarded intelligent-hardware.cn-beijing.log.aliyuncs.com to 223.6.6.6
04-18 11:11:00.046  2532  2532 I dnsmasq : forwarded intelligent-hardware.cn-beijing.log.aliyuncs.com to 119.29.29.29
04-18 11:11:00.046  2532  2532 I dnsmasq : forwarded intelligent-hardware.cn-beijing.log.aliyuncs.com to 182.254.116.116
04-18 11:11:00.046  2532  2532 I dnsmasq : forwarded intelligent-hardware.cn-beijing.log.aliyuncs.com to 180.76.76.76
04-18 11:11:00.047  2205  2230 I 5.android.phon: oneway function results will be dropped but finished with status OK and parcel size 4
04-18 11:11:00.052  2532  2532 I dnsmasq : reply intelligent-hardware.cn-beijing.log.aliyuncs.com is <CNAME>
04-18 11:11:00.052  2532  2532 I dnsmasq : reply intelligent-hardware.cn-beijing-b.log.aliyuncs.com is 123.56.37.133
04-18 11:11:00.052  2532  2532 I dnsmasq : reply intelligent-hardware.cn-beijing-b.log.aliyuncs.com is 123.56.37.132
04-18 11:11:00.052  2532  2532 I dnsmasq : reply intelligent-hardware.cn-beijing-b.log.aliyuncs.com is 123.56.37.131
04-18 11:11:00.052  2532  2532 I dnsmasq : reply intelligent-hardware.cn-beijing-b.log.aliyuncs.com is 59.110.101.150
04-18 11:11:00.052  2532  2532 I dnsmasq : reply intelligent-hardware.cn-beijing-b.log.aliyuncs.com is 59.110.73.151
04-18 11:11:00.052  2532  2532 I dnsmasq : reply intelligent-hardware.cn-beijing-b.log.aliyuncs.com is 59.110.73.142
04-18 11:11:00.052  2532  2532 I dnsmasq : reply intelligent-hardware.cn-beijing-b.log.aliyuncs.com is 39.106.236.99
04-18 11:11:00.052  2532  2532 I dnsmasq : reply intelligent-hardware.cn-beijing-b.log.aliyuncs.com is 39.97.141.111
04-18 11:11:00.055  1852  2201 I System.out: [socket]:check permission begin!
04-18 11:11:00.124   733   772 I Proximity: distance = 2
04-18 11:11:00.224  1852  4445 D CacheInterceptor: requestRemoteFirst
04-18 11:11:00.224  1852  4445 D CacheInterceptor: request local cache fail
04-18 11:11:00.258  1852  2201 I System.out: [OkHttp] sendRequest<<
04-18 11:11:00.292  1852  4445 D CacheInterceptor: requestRemoteFirst
04-18 11:11:00.292  1852  4445 D CacheInterceptor: request local cache fail
04-18 11:11:00.298  2205  2230 I 5.android.phon: oneway function results will be dropped but finished with status OK and parcel size 4
04-18 11:11:00.318  4261  4261 I auditd  : type=1400 audit(0.0:6468): avc: denied { getattr } for comm="DetectPable" path="/proc/fb" dev="proc" ino=4026532067 scontext=u:r:shell:s0 tcontext=u:object_r:proc:s0 tclass=file permissive=1
04-18 11:11:00.318  4261  4261 I DetectPable: type=1400 audit(0.0:6468): avc: denied { getattr } for path="/proc/fb" dev="proc" ino=4026532067 scontext=u:r:shell:s0 tcontext=u:object_r:proc:s0 tclass=file permissive=1
04-18 11:11:00.328   733   772 I Proximity: distance = 2
04-18 11:11:00.393  1852  1864 I .cloud.launche: Background concurrent copying GC freed 68355(3277KB) AllocSpace objects, 74(5332KB) LOS objects, 17% free, 27MB/33MB, paused 180us total 193.691ms
04-18 11:11:00.406  1852  3624 I System.out: [okhttp]:check permission begin!
04-18 11:11:00.407  1852  3624 I System.out: [okhttp]:not MMS!
04-18 11:11:00.407  1852  3624 I System.out: [okhttp]:not Email!
04-18 11:11:00.407  1852  3622 I System.out: [okhttp]:check permission begin!
04-18 11:11:00.407  1852  3622 I System.out: [okhttp]:not MMS!
04-18 11:11:00.407  1852  3622 I System.out: [okhttp]:not Email!
04-18 11:11:00.408  1852  3623 I System.out: [okhttp]:check permission begin!
04-18 11:11:00.408  1852  3623 I System.out: [okhttp]:not MMS!
04-18 11:11:00.408  1852  3623 I System.out: [okhttp]:not Email!
04-18 11:11:00.409  2532  2532 I dnsmasq : query[A] course.yangcong345.com from 192.168.50.124
04-18 11:11:00.409  1852  3625 I System.out: [okhttp]:check permission begin!
04-18 11:11:00.409  1852  3625 I System.out: [okhttp]:not MMS!
04-18 11:11:00.409  1852  3625 I System.out: [okhttp]:not Email!
04-18 11:11:00.410  2532  2532 I dnsmasq : forwarded course.yangcong345.com to 223.5.5.5
04-18 11:11:00.410  2532  2532 I dnsmasq : forwarded course.yangcong345.com to 223.6.6.6
04-18 11:11:00.410  2532  2532 I dnsmasq : forwarded course.yangcong345.com to 119.29.29.29
04-18 11:11:00.410  2532  2532 I dnsmasq : forwarded course.yangcong345.com to 182.254.116.116
04-18 11:11:00.410  2532  2532 I dnsmasq : forwarded course.yangcong345.com to 180.76.76.76
04-18 11:11:00.412  1852  3891 D launcherTrace: category-tracePadHomeSwitchSubject  eventKey-end duration-615
04-18 11:11:00.414  1852  3891 D launcherTrace: category-tracePadHomeSwitchScene  eventKey-renderUI_textbook duration-342
04-18 11:11:00.532   733   772 I Proximity: distance = 2
04-18 11:11:00.546  2532  2532 I dnsmasq : reply course.yangcong345.com is <CNAME>
04-18 11:11:00.546  2532  2532 I dnsmasq : reply course.yangcong345.com.a.bdydns.com is <CNAME>
04-18 11:11:00.546  2532  2532 I dnsmasq : ipset add iplist 111.174.9.35 opencdn.jomodns.com
04-18 11:11:00.546  2532  2532 I dnsmasq : reply opencdn.jomodns.com is 111.174.9.35
04-18 11:11:00.548  1852  3622 I System.out: [socket]:check permission begin!
04-18 11:11:00.548  1852  3624 I System.out: [socket]:check permission begin!
04-18 11:11:00.548  1852  3623 I System.out: [socket]:check permission begin!
04-18 11:11:00.548  1852  3625 I System.out: [socket]:check permission begin!
04-18 11:11:00.624  4518  4518 I Monkey  : :Sending Touch (ACTION_DOWN): 0:(1179.0,1115.0)
04-18 11:11:00.626   533   598 I libPowerHal: [perfLockAcq] idx:0 hdl:93 hint:25 pid:533 duration:10000 => ret_hdl:93
04-18 11:11:00.626   533   598 I libPowerHal: [PE] scn:0 hdl:93 hint:25 comm:mtkpower@1.0-se pid:533
04-18 11:11:00.627   533   598 I libPowerHal: [PE] MTKPOWER_HINT_APP_TOUCH update cmd:3408600 param:1
04-18 11:11:00.628  4518  4518 I Monkey  : :Sending Touch (ACTION_UP): 0:(1180.5485,1106.6091)
04-18 11:11:00.629   533   598 I libPowerHal: [perfLockRel] hdl:93, idx:0
04-18 11:11:00.629   533   598 I libPowerHal: [PD] scn:0 hdl:93 hint:25 comm:mtkpower@1.0-se pid:533
04-18 11:11:00.629   533   598 I libPowerHal: [PD] MTKPOWER_HINT_APP_TOUCH update cmd:3408600 param:0
04-18 11:11:00.629  4518  4518 I Monkey  : Sleeping for 1000 milliseconds
04-18 11:11:00.718  1852  3622 I System.out: [OkHttp] sendRequest>>
04-18 11:11:00.718  1852  3622 I System.out: [OkHttp] sendRequest<<
04-18 11:11:00.718  1852  3623 I System.out: [OkHttp] sendRequest>>
04-18 11:11:00.718  1852  3623 I System.out: [OkHttp] sendRequest<<
04-18 11:11:00.721  1852  3625 I System.out: [OkHttp] sendRequest>>
04-18 11:11:00.721  1852  3625 I System.out: [OkHttp] sendRequest<<
04-18 11:11:00.732  1852  3624 I System.out: [OkHttp] sendRequest>>
04-18 11:11:00.732  1852  3624 I System.out: [OkHttp] sendRequest<<
04-18 11:11:00.736   733   772 I Proximity: distance = 2
04-18 11:11:00.771  1852  3623 I System.out: [okhttp]:check permission begin!
04-18 11:11:00.771  1852  3623 I System.out: [okhttp]:not MMS!
04-18 11:11:00.771  1852  3623 I System.out: [okhttp]:not Email!
04-18 11:11:00.772  1852  3622 I System.out: [okhttp]:check permission begin!
04-18 11:11:00.772  1852  3622 I System.out: [okhttp]:not MMS!
04-18 11:11:00.772  1852  3622 I System.out: [okhttp]:not Email!
04-18 11:11:00.772  1852  3623 I System.out: [socket]:check permission begin!
04-18 11:11:00.772  1852  3622 I System.out: [socket]:check permission begin!
04-18 11:11:00.778  1852  3625 I System.out: [okhttp]:check permission begin!
04-18 11:11:00.779  1852  3625 I System.out: [okhttp]:not MMS!
04-18 11:11:00.779  1852  3625 I System.out: [okhttp]:not Email!
04-18 11:11:00.779  1852  3625 I System.out: [socket]:check permission begin!
04-18 11:11:00.795  1852  3624 I System.out: [okhttp]:check permission begin!
04-18 11:11:00.795  1852  3624 I System.out: [okhttp]:not MMS!
04-18 11:11:00.795  1852  3624 I System.out: [okhttp]:not Email!
04-18 11:11:00.796  1852  3624 I System.out: [socket]:check permission begin!
04-18 11:11:00.827  1852  3622 I System.out: [OkHttp] sendRequest>>
04-18 11:11:00.827  1852  3623 I System.out: [OkHttp] sendRequest>>
04-18 11:11:00.827  1852  3622 I System.out: [OkHttp] sendRequest<<
04-18 11:11:00.827  1852  3623 I System.out: [OkHttp] sendRequest<<
04-18 11:11:00.834  1852  3625 I System.out: [OkHttp] sendRequest>>
04-18 11:11:00.834  1852  3625 I System.out: [OkHttp] sendRequest<<
04-18 11:11:00.852  1852  3624 I System.out: [OkHttp] sendRequest>>
04-18 11:11:00.853  1852  3624 I System.out: [OkHttp] sendRequest<<
04-18 11:11:00.883  1852  3622 E ion     : ioctl c0044901 failed with code -1: Invalid argument
04-18 11:11:00.945   733   772 I Proximity: distance = 2
04-18 11:11:01.029   898   919 D AES     : AEEIOCTL_GET/SET_SF_STATE IOCTL,cmd= 1074294797, lParam=0.
04-18 11:11:01.029   898   919 D AES     : AEEIOCTL_RT_MON_Kick IOCTL,cmd= 2147774474, lParam=300.
04-18 11:11:01.148   733   772 I Proximity: distance = 2
04-18 11:11:01.378  4261  4261 I auditd  : type=1400 audit(0.0:6496): avc: denied { getattr } for comm="DetectPable" path="/proc/kmsg" dev="proc" ino=4026532132 scontext=u:r:shell:s0 tcontext=u:object_r:proc_kmsg:s0 tclass=file permissive=1
04-18 11:11:01.353   733   772 I Proximity: distance = 2
04-18 11:11:01.378  4261  4261 I DetectPable: type=1400 audit(0.0:6496): avc: denied { getattr } for path="/proc/kmsg" dev="proc" ino=4026532132 scontext=u:r:shell:s0 tcontext=u:object_r:proc_kmsg:s0 tclass=file permissive=1
04-18 11:11:01.382  4261  4261 I auditd  : type=1400 audit(0.0:6500): avc: denied { getattr } for comm="DetectPable" path="/proc/pagetypeinfo" dev="proc" ino=4026531858 scontext=u:r:shell:s0 tcontext=u:object_r:proc_pagetypeinfo:s0 tclass=file permissive=1
04-18 11:11:01.382  4261  4261 I DetectPable: type=1400 audit(0.0:6500): avc: denied { getattr } for path="/proc/pagetypeinfo" dev="proc" ino=4026531858 scontext=u:r:shell:s0 tcontext=u:object_r:proc_pagetypeinfo:s0 tclass=file permissive=1
04-18 11:11:01.456  1414  1414 D CapRIL  : resetProxyAndRequestList
04-18 11:11:01.457   397   397 I hwservicemanager: getTransport: Cannot find entry vendor.mediatek.hardware.mtkradioex@2.0::IMtkRadioEx/mtkCap1 in either framework or device manifest.
04-18 11:11:01.457  1414  1414 D CapRIL  : MtkRadioProxy getService/setResponseFunctions: java.util.NoSuchElementException
04-18 11:11:01.556   733   772 I Proximity: distance = 2
04-18 11:11:01.630  4518  4518 I Monkey  : :Sending Touch (ACTION_DOWN): 0:(1357.0,897.0)
04-18 11:11:01.632   533   598 I libPowerHal: [perfLockAcq] idx:0 hdl:94 hint:25 pid:533 duration:10000 => ret_hdl:94
04-18 11:11:01.632   533   598 I libPowerHal: [PE] scn:0 hdl:94 hint:25 comm:mtkpower@1.0-se pid:533
04-18 11:11:01.633   533   598 I libPowerHal: [PE] MTKPOWER_HINT_APP_TOUCH update cmd:3408600 param:1
04-18 11:11:01.634  4518  4518 I Monkey  : :Sending Touch (ACTION_UP): 0:(1355.7937,885.64685)
04-18 11:11:01.635   533   598 I libPowerHal: [perfLockRel] hdl:94, idx:0
04-18 11:11:01.635   533   598 I libPowerHal: [PD] scn:0 hdl:94 hint:25 comm:mtkpower@1.0-se pid:533
04-18 11:11:01.635   533   598 I libPowerHal: [PD] MTKPOWER_HINT_APP_TOUCH update cmd:3408600 param:0
04-18 11:11:01.635  4518  4518 I Monkey  : Sleeping for 1000 milliseconds
04-18 11:11:01.762   733   772 I Proximity: distance = 2
04-18 11:11:01.964   733   772 I Proximity: distance = 2
04-18 11:11:02.041   898   911 D HraManager: hra getBlackIntentActionList
04-18 11:11:02.168   733   772 I Proximity: distance = 2
04-18 11:11:02.305   898  1099 E WifiVendorHal: getWifiLinkLayerStats_1_3_Internal(l.973) failed {.code = ERROR_NOT_SUPPORTED, .description = }
04-18 11:11:02.372   733   772 I Proximity: distance = 2
04-18 11:11:02.430  4261  4261 I auditd  : type=1400 audit(0.0:6504): avc: denied { getattr } for comm="DetectPable" path="/proc/fb" dev="proc" ino=4026532067 scontext=u:r:shell:s0 tcontext=u:object_r:proc:s0 tclass=file permissive=1
04-18 11:11:02.430  4261  4261 I DetectPable: type=1400 audit(0.0:6504): avc: denied { getattr } for path="/proc/fb" dev="proc" ino=4026532067 scontext=u:r:shell:s0 tcontext=u:object_r:proc:s0 tclass=file permissive=1
04-18 11:11:02.434  4261  4261 I auditd  : type=1400 audit(0.0:6507): avc: denied { getattr } for comm="DetectPable" path="/proc/iomem" dev="proc" ino=4026532286 scontext=u:r:shell:s0 tcontext=u:object_r:proc_iomem:s0 tclass=file permissive=1
04-18 11:11:02.434  4261  4261 I DetectPable: type=1400 audit(0.0:6507): avc: denied { getattr } for path="/proc/iomem" dev="proc" ino=4026532286 scontext=u:r:shell:s0 tcontext=u:object_r:proc_iomem:s0 tclass=file permissive=1
04-18 11:11:02.434  4261  4261 I auditd  : type=1400 audit(0.0:6508): avc: denied { getattr } for comm="DetectPable" path="/proc/pl_lk" dev="proc" ino=4026534110 scontext=u:r:shell:s0 tcontext=u:object_r:proc_pl_lk:s0 tclass=file permissive=1
04-18 11:11:02.434  4261  4261 I DetectPable: type=1400 audit(0.0:6508): avc: denied { getattr } for path="/proc/pl_lk" dev="proc" ino=4026534110 scontext=u:r:shell:s0 tcontext=u:object_r:proc_pl_lk:s0 tclass=file permissive=1
04-18 11:11:02.577   733   772 I Proximity: distance = 2
04-18 11:11:02.636  4518  4518 I Monkey  : :Sending Key (ACTION_DOWN): 19    // KEYCODE_DPAD_UP
04-18 11:11:02.640  4518  4518 I Monkey  : :Sending Key (ACTION_UP): 19    // KEYCODE_DPAD_UP
04-18 11:11:02.647  4518  4518 I Monkey  : Sleeping for 1000 milliseconds
04-18 11:11:02.664   546   605 I BufferQueueProducer: [com.yangcong345.cloud.launcher/com.yangcong345.padmodule.home.main.PadHomeActivity#0](this:0xb400007248ec93a8,id:29,api:1,p:1852,c:546) queueBuffer: fps=8.01 dur=2621.57 max=1716.99 min=7.64
04-18 11:11:02.668   515   515 I hwcomposer: [HWCDisplay] [Display_0 (type:1)] fps:8.378181,dur:2625.87,max:1699.78,min:8.18
04-18 11:11:02.780   733   772 I Proximity: distance = 2
04-18 11:11:02.984   733   772 I Proximity: distance = 2
04-18 11:11:02.996  1437  1437 D lwdebug : Battery level is 52;mBatteryStatus is 3;plugType is 0
04-18 11:11:03.008   546   605 I BufferQueueProducer: [StatusBar#0](this:0xb400007248f04758,id:6,api:1,p:1247,c:546) queueBuffer: fps=0.34 dur=2982.50 max=2982.50 min=2982.50
04-18 11:11:03.188   733   772 I Proximity: distance = 2
04-18 11:11:03.351   749   749 I thermal_repeater: socket -1
04-18 11:11:03.392   733   772 I Proximity: distance = 2
04-18 11:11:03.494  4261  4261 I auditd  : type=1400 audit(0.0:6516): avc: denied { getattr } for comm="DetectPable" path="/proc/m4u" dev="proc" ino=4026532076 scontext=u:r:shell:s0 tcontext=u:object_r:proc_m4u:s0 tclass=file permissive=1
04-18 11:11:03.494  4261  4261 I DetectPable: type=1400 audit(0.0:6516): avc: denied { getattr } for path="/proc/m4u" dev="proc" ino=4026532076 scontext=u:r:shell:s0 tcontext=u:object_r:proc_m4u:s0 tclass=file permissive=1
04-18 11:11:03.596   733   772 I Proximity: distance = 2
04-18 11:11:03.649  4518  4518 I Monkey  : :Sending Touch (ACTION_DOWN): 0:(845.0,1018.0)
04-18 11:11:03.652   533   598 I libPowerHal: [perfLockAcq] idx:0 hdl:95 hint:25 pid:533 duration:10000 => ret_hdl:95
04-18 11:11:03.652   533   598 I libPowerHal: [PE] scn:0 hdl:95 hint:25 comm:mtkpower@1.0-se pid:533
04-18 11:11:03.652   533   598 I libPowerHal: [PE] MTKPOWER_HINT_APP_TOUCH update cmd:3408600 param:1
04-18 11:11:03.653  4518  4518 I Monkey  : :Sending Touch (ACTION_UP): 0:(855.71545,1017.2614)
04-18 11:11:03.654   533   598 I libPowerHal: [perfLockRel] hdl:95, idx:0
04-18 11:11:03.654   533   598 I libPowerHal: [PD] scn:0 hdl:95 hint:25 comm:mtkpower@1.0-se pid:533
04-18 11:11:03.654   533   598 I libPowerHal: [PD] MTKPOWER_HINT_APP_TOUCH update cmd:3408600 param:0
04-18 11:11:03.655  4518  4518 I Monkey  : Sleeping for 1000 milliseconds
04-18 11:11:03.667  1852  1852 D EventBus: No subscribers registered for event class java.lang.String
04-18 11:11:03.667  1852  1852 D EventBus: No subscribers registered for event class org.greenrobot.eventbus.NoSubscriberEvent
04-18 11:11:03.668   546   865 I BufferQueueProducer: [com.yangcong345.cloud.launcher/com.yangcong345.padmodule.home.main.PadHomeActivity#0](this:0xb400007248ec93a8,id:29,api:1,p:1852,c:546) queueBuffer: fps=6.97 dur=1004.04 max=921.76 min=5.41
04-18 11:11:03.681   515   515 I hwcomposer: [HWCDisplay] [Display_0 (type:1)] fps:7.893192,dur:1013.53,max:658.83,min:14.46
04-18 11:11:03.793   898  1162 V cunchu  : totalBytes = 118515748864 ,usableBytes = 116559118336 ,oldLevel = 0 ,newLevel = 0
04-18 11:11:03.800   733   772 I Proximity: distance = 2
04-18 11:11:03.952   546   865 I SurfaceFlinger: [SF client] NEW(0xb400007198d58170) for (1852:com.yangcong345.cloud.launcher)
04-18 11:11:03.953  1852  1852 D ViewRootImpl[PadHomeActivity]: hardware acceleration = true , fakeHwAccelerated = false, sRendererDisabled = false, forceHwAccelerated = false, sSystemRendererDisabled = false
04-18 11:11:03.956  2205  2230 I 5.android.phon: oneway function results will be dropped but finished with status OK and parcel size 4
04-18 11:11:03.975   898   911 D HraManager: hra getBlackIntentActionList
04-18 11:11:03.978   898  1508 W WindowManager: Changing focus fromWindow{9588175 u0 com.yangcong345.cloud.launcher/com.yangcong345.padmodule.home.main.PadHomeActivity} to Window{b8ca73b u0 com.yangcong345.cloud.launcher/com.yangcong345.padmodule.home.main.PadHomeActivity} displayId=0 Callers=com.android.server.wm.RootWindowContainer.updateFocusedWindowLocked:457 com.android.server.wm.WindowManagerService.updateFocusedWindowLocked:5611 com.android.server.wm.WindowManagerService.addWindow:1731 com.android.server.wm.Session.addToDisplayAsUser:176
04-18 11:11:03.982  1852  1852 I InputTransport: Create ARC handle: 0xb40000721c284c60
04-18 11:11:03.985   898  1508 I InputDispatcher: setInputWindows displayId=0 Window{26d385e u0 NavigationBar0} Window{367127 u0 StatusBar} recents_animation_input_consumer Window{9588175 u0 com.yangcong345.cloud.launcher/com.yangcong345.padmodule.home.main.PadHomeActivity} Window{400a8e u0 com.android.systemui.ImageWallpaper}
04-18 11:11:03.993  2205  2230 I 5.android.phon: oneway function results will be dropped but finished with status OK and parcel size 4
04-18 11:11:03.998   546   865 I BufferQueueConsumer: [](id:22200000022,api:0,p:-1,c:546) connect(): controlledByApp=false
04-18 11:11:03.998   546   865 I BufferQueue: [unnamed-546-34](this:0xb400007248f0a7b8,id:34,api:0,p:-1,c:-1) BufferQueue core=(546:/system/bin/surfaceflinger)
04-18 11:11:04.002   898   911 I InputDispatcher: setInputWindows displayId=0 Window{26d385e u0 NavigationBar0} Window{367127 u0 StatusBar} com.yangcong345.cloud.launcher/com.yangcong345.padmodule.home.main.PadHomeActivity#1 recents_animation_input_consumer Window{9588175 u0 com.yangcong345.cloud.launcher/com.yangcong345.padmodule.home.main.PadHomeActivity} Window{400a8e u0 com.android.systemui.ImageWallpaper}
04-18 11:11:04.002   898   911 I InputDispatcher: Focus left window: Window{9588175 u0 com.yangcong345.cloud.launcher/com.yangcong345.padmodule.home.main.PadHomeActivity} in display 0
04-18 11:11:04.004   546   605 I BufferQueueProducer: [com.yangcong345.cloud.launcher/com.yangcong345.padmodule.home.main.PadHomeActivity#1](id:22200000022,api:1,p:1852,c:546) connect(): api=1 producerControlledByApp=false
04-18 11:11:04.004   733   772 I Proximity: distance = 2
04-18 11:11:04.006  1852  1852 W RecyclerView: No adapter attached; skipping layout
04-18 11:11:04.018   898  1508 I InputDispatcher: setInputWindows displayId=0 Window{26d385e u0 NavigationBar0} Window{367127 u0 StatusBar} Window{b8ca73b u0 com.yangcong345.cloud.launcher/com.yangcong345.padmodule.home.main.PadHomeActivity} recents_animation_input_consumer Window{9588175 u0 com.yangcong345.cloud.launcher/com.yangcong345.padmodule.home.main.PadHomeActivity} Window{400a8e u0 com.android.systemui.ImageWallpaper}
04-18 11:11:04.018   898  1508 I InputDispatcher: Window went away: com.yangcong345.cloud.launcher/com.yangcong345.padmodule.home.main.PadHomeActivity#1
04-18 11:11:04.033  2722  2722 V PhoneWindow: DecorView setVisiblity: visibility = 8, Parent = android.view.ViewRootImpl@994e100, this = DecorView@1955ce8[InputMethod]
04-18 11:11:04.033  1852  4445 D CacheInterceptor: requestRemoteFirst
04-18 11:11:04.033  1852  1852 I Matrix.AppMethodBeat: [at] visibleScene[com.yangcong345.padmodule.home.main.PadHomeActivity] has detach focus!
04-18 11:11:04.033  1852  4445 D CacheInterceptor: request local cache fail
04-18 11:11:04.035   898  1508 I InputDispatcher: setInputWindows displayId=0 Window{26d385e u0 NavigationBar0} Window{367127 u0 StatusBar} Window{b8ca73b u0 com.yangcong345.cloud.launcher/com.yangcong345.padmodule.home.main.PadHomeActivity} recents_animation_input_consumer Window{9588175 u0 com.yangcong345.cloud.launcher/com.yangcong345.padmodule.home.main.PadHomeActivity} Window{400a8e u0 com.android.systemui.ImageWallpaper}
04-18 11:11:04.035   898  1508 I InputDispatcher: Focus entered window: Window{b8ca73b u0 com.yangcong345.cloud.launcher/com.yangcong345.padmodule.home.main.PadHomeActivity} in display 0
04-18 11:11:04.040   546   866 I BufferQueueProducer: [com.yangcong345.cloud.launcher/com.yangcong345.padmodule.home.main.PadHomeActivity#1](id:22200000022,api:1,p:1852,c:546) disconnect(): api=1
04-18 11:11:04.041   546   866 I BufferQueueProducer: [com.yangcong345.cloud.launcher/com.yangcong345.padmodule.home.main.PadHomeActivity#1](id:22200000022,api:1,p:1852,c:546) connect(): api=1 producerControlledByApp=false
04-18 11:11:04.053   898  1508 I InputDispatcher: setInputWindows displayId=0 Window{26d385e u0 NavigationBar0} Window{367127 u0 StatusBar} Window{b8ca73b u0 com.yangcong345.cloud.launcher/com.yangcong345.padmodule.home.main.PadHomeActivity} recents_animation_input_consumer Window{9588175 u0 com.yangcong345.cloud.launcher/com.yangcong345.padmodule.home.main.PadHomeActivity} Window{400a8e u0 com.android.systemui.ImageWallpaper}
04-18 11:11:04.055   546   865 I SurfaceFlinger: [SF client] NEW(0xb400007198d547b0) for (1852:com.yangcong345.cloud.launcher)
04-18 11:11:04.056  1852  1852 D ViewRootImpl[PadHomeActivity]: hardware acceleration = true , fakeHwAccelerated = false, sRendererDisabled = false, forceHwAccelerated = false, sSystemRendererDisabled = false
04-18 11:11:04.059   898  1508 W WindowManager: Changing focus fromWindow{b8ca73b u0 com.yangcong345.cloud.launcher/com.yangcong345.padmodule.home.main.PadHomeActivity} to Window{412446e u0 com.yangcong345.cloud.launcher/com.yangcong345.padmodule.home.main.PadHomeActivity} displayId=0 Callers=com.android.server.wm.RootWindowContainer.updateFocusedWindowLocked:457 com.android.server.wm.WindowManagerService.updateFocusedWindowLocked:5611 com.android.server.wm.WindowManagerService.addWindow:1731 com.android.server.wm.Session.addToDisplayAsUser:176
04-18 11:11:04.061  1852  1852 I InputTransport: Create ARC handle: 0xb40000721c286220
04-18 11:11:04.068   898   911 I InputDispatcher: setInputWindows displayId=0 Window{26d385e u0 NavigationBar0} Window{367127 u0 StatusBar} Window{b8ca73b u0 com.yangcong345.cloud.launcher/com.yangcong345.padmodule.home.main.PadHomeActivity} recents_animation_input_consumer Window{9588175 u0 com.yangcong345.cloud.launcher/com.yangcong345.padmodule.home.main.PadHomeActivity} Window{400a8e u0 com.android.systemui.ImageWallpaper}
04-18 11:11:04.073   546   865 I BufferQueueConsumer: [](id:22200000023,api:0,p:-1,c:546) connect(): controlledByApp=false
04-18 11:11:04.073   546   865 I BufferQueue: [unnamed-546-35](this:0xb400007248f44b58,id:35,api:0,p:-1,c:-1) BufferQueue core=(546:/system/bin/surfaceflinger)
04-18 11:11:04.076   546   605 I BufferQueueProducer: [com.yangcong345.cloud.launcher/com.yangcong345.padmodule.home.main.PadHomeActivity#2](id:22200000023,api:1,p:1852,c:546) connect(): api=1 producerControlledByApp=false
04-18 11:11:04.086   898   911 I InputDispatcher: setInputWindows displayId=0 Window{26d385e u0 NavigationBar0} Window{367127 u0 StatusBar} com.yangcong345.cloud.launcher/com.yangcong345.padmodule.home.main.PadHomeActivity#2 Window{b8ca73b u0 com.yangcong345.cloud.launcher/com.yangcong345.padmodule.home.main.PadHomeActivity} recents_animation_input_consumer Window{9588175 u0 com.yangcong345.cloud.launcher/com.yangcong345.padmodule.home.main.PadHomeActivity} Window{400a8e u0 com.android.systemui.ImageWallpaper}
04-18 11:11:04.086   898   911 I InputDispatcher: Focus left window: Window{b8ca73b u0 com.yangcong345.cloud.launcher/com.yangcong345.padmodule.home.main.PadHomeActivity} in display 0
04-18 11:11:04.089  2722  2722 V PhoneWindow: DecorView setVisiblity: visibility = 8, Parent = android.view.ViewRootImpl@994e100, this = DecorView@1955ce8[InputMethod]
04-18 11:11:04.102   898  1518 I InputDispatcher: setInputWindows displayId=0 Window{26d385e u0 NavigationBar0} Window{367127 u0 StatusBar} Window{412446e u0 com.yangcong345.cloud.launcher/com.yangcong345.padmodule.home.main.PadHomeActivity} Window{b8ca73b u0 com.yangcong345.cloud.launcher/com.yangcong345.padmodule.home.main.PadHomeActivity} recents_animation_input_consumer Window{9588175 u0 com.yangcong345.cloud.launcher/com.yangcong345.padmodule.home.main.PadHomeActivity} Window{400a8e u0 com.android.systemui.ImageWallpaper}
04-18 11:11:04.102   898  1518 I InputDispatcher: Focus entered window: Window{412446e u0 com.yangcong345.cloud.launcher/com.yangcong345.padmodule.home.main.PadHomeActivity} in display 0
04-18 11:11:04.102   898  1518 I InputDispatcher: Window went away: com.yangcong345.cloud.launcher/com.yangcong345.padmodule.home.main.PadHomeActivity#2
04-18 11:11:04.118   898   911 I InputDispatcher: setInputWindows displayId=0 Window{26d385e u0 NavigationBar0} Window{367127 u0 StatusBar} Window{412446e u0 com.yangcong345.cloud.launcher/com.yangcong345.padmodule.home.main.PadHomeActivity} Window{b8ca73b u0 com.yangcong345.cloud.launcher/com.yangcong345.padmodule.home.main.PadHomeActivity} recents_animation_input_consumer Window{9588175 u0 com.yangcong345.cloud.launcher/com.yangcong345.padmodule.home.main.PadHomeActivity} Window{400a8e u0 com.android.systemui.ImageWallpaper}
04-18 11:11:04.122  2722  2722 V PhoneWindow: DecorView setVisiblity: visibility = 8, Parent = android.view.ViewRootImpl@994e100, this = DecorView@1955ce8[InputMethod]
04-18 11:11:04.134   898  1518 I InputDispatcher: setInputWindows displayId=0 Window{26d385e u0 NavigationBar0} Window{367127 u0 StatusBar} Window{412446e u0 com.yangcong345.cloud.launcher/com.yangcong345.padmodule.home.main.PadHomeActivity} Window{b8ca73b u0 com.yangcong345.cloud.launcher/com.yangcong345.padmodule.home.main.PadHomeActivity} recents_animation_input_consumer Window{9588175 u0 com.yangcong345.cloud.launcher/com.yangcong345.padmodule.home.main.PadHomeActivity} Window{400a8e u0 com.android.systemui.ImageWallpaper}
04-18 11:11:04.150   898   911 I InputDispatcher: setInputWindows displayId=0 Window{26d385e u0 NavigationBar0} Window{367127 u0 StatusBar} Window{412446e u0 com.yangcong345.cloud.launcher/com.yangcong345.padmodule.home.main.PadHomeActivity} Window{b8ca73b u0 com.yangcong345.cloud.launcher/com.yangcong345.padmodule.home.main.PadHomeActivity} recents_animation_input_consumer Window{9588175 u0 com.yangcong345.cloud.launcher/com.yangcong345.padmodule.home.main.PadHomeActivity} Window{400a8e u0 com.android.systemui.ImageWallpaper}
04-18 11:11:04.167   898   911 I InputDispatcher: setInputWindows displayId=0 Window{26d385e u0 NavigationBar0} Window{367127 u0 StatusBar} Window{412446e u0 com.yangcong345.cloud.launcher/com.yangcong345.padmodule.home.main.PadHomeActivity} Window{b8ca73b u0 com.yangcong345.cloud.launcher/com.yangcong345.padmodule.home.main.PadHomeActivity} recents_animation_input_consumer Window{9588175 u0 com.yangcong345.cloud.launcher/com.yangcong345.padmodule.home.main.PadHomeActivity} Window{400a8e u0 com.android.systemui.ImageWallpaper}
04-18 11:11:04.169  2205  2230 I 5.android.phon: oneway function results will be dropped but finished with status OK and parcel size 4
04-18 11:11:04.183   898   911 I InputDispatcher: setInputWindows displayId=0 Window{26d385e u0 NavigationBar0} Window{367127 u0 StatusBar} Window{412446e u0 com.yangcong345.cloud.launcher/com.yangcong345.padmodule.home.main.PadHomeActivity} Window{b8ca73b u0 com.yangcong345.cloud.launcher/com.yangcong345.padmodule.home.main.PadHomeActivity} recents_animation_input_consumer Window{9588175 u0 com.yangcong345.cloud.launcher/com.yangcong345.padmodule.home.main.PadHomeActivity} Window{400a8e u0 com.android.systemui.ImageWallpaper}
04-18 11:11:04.200   898   911 I InputDispatcher: setInputWindows displayId=0 Window{26d385e u0 NavigationBar0} Window{367127 u0 StatusBar} Window{412446e u0 com.yangcong345.cloud.launcher/com.yangcong345.padmodule.home.main.PadHomeActivity} Window{b8ca73b u0 com.yangcong345.cloud.launcher/com.yangcong345.padmodule.home.main.PadHomeActivity} recents_animation_input_consumer Window{9588175 u0 com.yangcong345.cloud.launcher/com.yangcong345.padmodule.home.main.PadHomeActivity} Window{400a8e u0 com.android.systemui.ImageWallpaper}
04-18 11:11:04.212   733   772 I Proximity: distance = 2
04-18 11:11:04.216   898   911 I InputDispatcher: setInputWindows displayId=0 Window{26d385e u0 NavigationBar0} Window{367127 u0 StatusBar} Window{412446e u0 com.yangcong345.cloud.launcher/com.yangcong345.padmodule.home.main.PadHomeActivity} Window{b8ca73b u0 com.yangcong345.cloud.launcher/com.yangcong345.padmodule.home.main.PadHomeActivity} recents_animation_input_consumer Window{9588175 u0 com.yangcong345.cloud.launcher/com.yangcong345.padmodule.home.main.PadHomeActivity} Window{400a8e u0 com.android.systemui.ImageWallpaper}
04-18 11:11:04.233   898   911 I chatty  : uid=1000(system) Binder:898_1 identical 1 line
04-18 11:11:04.249   898   911 I InputDispatcher: setInputWindows displayId=0 Window{26d385e u0 NavigationBar0} Window{367127 u0 StatusBar} Window{412446e u0 com.yangcong345.cloud.launcher/com.yangcong345.padmodule.home.main.PadHomeActivity} Window{b8ca73b u0 com.yangcong345.cloud.launcher/com.yangcong345.padmodule.home.main.PadHomeActivity} recents_animation_input_consumer Window{9588175 u0 com.yangcong345.cloud.launcher/com.yangcong345.padmodule.home.main.PadHomeActivity} Window{400a8e u0 com.android.systemui.ImageWallpaper}
04-18 11:11:04.265   898  1518 I InputDispatcher: setInputWindows displayId=0 Window{26d385e u0 NavigationBar0} Window{367127 u0 StatusBar} Window{412446e u0 com.yangcong345.cloud.launcher/com.yangcong345.padmodule.home.main.PadHomeActivity} Window{b8ca73b u0 com.yangcong345.cloud.launcher/com.yangcong345.padmodule.home.main.PadHomeActivity} recents_animation_input_consumer Window{9588175 u0 com.yangcong345.cloud.launcher/com.yangcong345.padmodule.home.main.PadHomeActivity} Window{400a8e u0 com.android.systemui.ImageWallpaper}
04-18 11:11:04.279  2205  2230 I 5.android.phon: oneway function results will be dropped but finished with status OK and parcel size 4
04-18 11:11:04.282   898   911 I InputDispatcher: setInputWindows displayId=0 Window{26d385e u0 NavigationBar0} Window{367127 u0 StatusBar} Window{412446e u0 com.yangcong345.cloud.launcher/com.yangcong345.padmodule.home.main.PadHomeActivity} Window{b8ca73b u0 com.yangcong345.cloud.launcher/com.yangcong345.padmodule.home.main.PadHomeActivity} recents_animation_input_consumer Window{9588175 u0 com.yangcong345.cloud.launcher/com.yangcong345.padmodule.home.main.PadHomeActivity} Window{400a8e u0 com.android.systemui.ImageWallpaper}
