04-18 11:11:07.709  2205  2231 I 5.android.phon: oneway function results will be dropped but finished with status OK and parcel size 4
04-18 11:11:07.709  1852  1852 D View    : [Warning] assignParent to null: this = DecorView@23574a2[PadHomeActivity]
04-18 11:11:07.712   898   911 I InputDispatcher: setInputWindows displayId=0 Window{26d385e u0 NavigationBar0} Window{367127 u0 StatusBar} Window{b8ca73b u0 com.yangcong345.cloud.launcher/com.yangcong345.padmodule.home.main.PadHomeActivity} recents_animation_input_consumer Window{9588175 u0 com.yangcong345.cloud.launcher/com.yangcong345.padmodule.home.main.PadHomeActivity} Window{400a8e u0 com.android.systemui.ImageWallpaper}
04-18 11:11:07.713   898   911 I InputDispatcher: Focus left window: Window{b8ca73b u0 com.yangcong345.cloud.launcher/com.yangcong345.padmodule.home.main.PadHomeActivity} in display 0
04-18 11:11:07.713   898   911 I InputDispatcher: Window went away: Window{b8ca73b u0 com.yangcong345.cloud.launcher/com.yangcong345.padmodule.home.main.PadHomeActivity}
04-18 11:11:07.714   898  3198 W WindowManager: Changing focus fromWindow{b8ca73b u0 com.yangcong345.cloud.launcher/com.yangcong345.padmodule.home.main.PadHomeActivity EXITING} to Window{9588175 u0 com.yangcong345.cloud.launcher/com.yangcong345.padmodule.home.main.PadHomeActivity} displayId=0 Callers=com.android.server.wm.RootWindowContainer.updateFocusedWindowLocked:457 com.android.server.wm.WindowManagerService.updateFocusedWindowLocked:5611 com.android.server.wm.WindowState.setupWindowForRemoveOnExit:2358 com.android.server.wm.WindowState.removeIfPossible:2327
04-18 11:11:07.721  1852  1852 I InputTransport: Destroy ARC handle: 0xb40000721c284c60
04-18 11:11:07.722  1852  1852 W InputEventReceiver: Attempted to finish an input event but the input event receiver has already been disposed.
04-18 11:11:07.726   898  3198 I InputDispatcher: setInputWindows displayId=0 Window{26d385e u0 NavigationBar0} Window{367127 u0 StatusBar} Window{b8ca73b u0 com.yangcong345.cloud.launcher/com.yangcong345.padmodule.home.main.PadHomeActivity} recents_animation_input_consumer Window{9588175 u0 com.yangcong345.cloud.launcher/com.yangcong345.padmodule.home.main.PadHomeActivity} Window{400a8e u0 com.android.systemui.ImageWallpaper}
04-18 11:11:07.738  4261  4261 I auditd  : type=1400 audit(0.0:6554): avc: denied { getattr } for comm="DetectPable" path="/proc/swaps" dev="proc" ino=4026532297 scontext=u:r:shell:s0 tcontext=u:object_r:proc_swaps:s0 tclass=file permissive=1
04-18 11:11:07.738  4261  4261 I DetectPable: type=1400 audit(0.0:6554): avc: denied { getattr } for path="/proc/swaps" dev="proc" ino=4026532297 scontext=u:r:shell:s0 tcontext=u:object_r:proc_swaps:s0 tclass=file permissive=1
04-18 11:11:07.742   898   957 I InputDispatcher: setInputWindows displayId=0 Window{26d385e u0 NavigationBar0} Window{367127 u0 StatusBar} com.yangcong345.cloud.launcher/com.yangcong345.padmodule.home.main.PadHomeActivity#1 recents_animation_input_consumer Window{9588175 u0 com.yangcong345.cloud.launcher/com.yangcong345.padmodule.home.main.PadHomeActivity} Window{400a8e u0 com.android.systemui.ImageWallpaper}
04-18 11:11:07.742   898   957 I InputDispatcher: Focus entered window: Window{9588175 u0 com.yangcong345.cloud.launcher/com.yangcong345.padmodule.home.main.PadHomeActivity} in display 0
04-18 11:11:07.745  1852  1852 I Matrix.AppMethodBeat: [at] visibleScene[com.yangcong345.padmodule.home.main.PadHomeActivity] has attach focus!
04-18 11:11:07.759   898   957 I InputDispatcher: setInputWindows displayId=0 Window{26d385e u0 NavigationBar0} Window{367127 u0 StatusBar} com.yangcong345.cloud.launcher/com.yangcong345.padmodule.home.main.PadHomeActivity#1 recents_animation_input_consumer Window{9588175 u0 com.yangcong345.cloud.launcher/com.yangcong345.padmodule.home.main.PadHomeActivity} Window{400a8e u0 com.android.systemui.ImageWallpaper}
04-18 11:11:07.763  2722  2722 V PhoneWindow: DecorView setVisiblity: visibility = 8, Parent = android.view.ViewRootImpl@994e100, this = DecorView@1955ce8[InputMethod]
04-18 11:11:07.775   898  1518 I InputDispatcher: setInputWindows displayId=0 Window{26d385e u0 NavigationBar0} Window{367127 u0 StatusBar} com.yangcong345.cloud.launcher/com.yangcong345.padmodule.home.main.PadHomeActivity#1 recents_animation_input_consumer Window{9588175 u0 com.yangcong345.cloud.launcher/com.yangcong345.padmodule.home.main.PadHomeActivity} Window{400a8e u0 com.android.systemui.ImageWallpaper}
04-18 11:11:07.808   898  1518 I chatty  : uid=1000(system) Binder:898_9 identical 2 lines
04-18 11:11:07.825   898  1518 I InputDispatcher: setInputWindows displayId=0 Window{26d385e u0 NavigationBar0} Window{367127 u0 StatusBar} com.yangcong345.cloud.launcher/com.yangcong345.padmodule.home.main.PadHomeActivity#1 recents_animation_input_consumer Window{9588175 u0 com.yangcong345.cloud.launcher/com.yangcong345.padmodule.home.main.PadHomeActivity} Window{400a8e u0 com.android.systemui.ImageWallpaper}
04-18 11:11:07.840   898   957 I InputDispatcher: setInputWindows displayId=0 Window{26d385e u0 NavigationBar0} Window{367127 u0 StatusBar} com.yangcong345.cloud.launcher/com.yangcong345.padmodule.home.main.PadHomeActivity#1 recents_animation_input_consumer Window{9588175 u0 com.yangcong345.cloud.launcher/com.yangcong345.padmodule.home.main.PadHomeActivity} Window{400a8e u0 com.android.systemui.ImageWallpaper}
04-18 11:11:07.857   898  1518 I InputDispatcher: setInputWindows displayId=0 Window{26d385e u0 NavigationBar0} Window{367127 u0 StatusBar} com.yangcong345.cloud.launcher/com.yangcong345.padmodule.home.main.PadHomeActivity#1 recents_animation_input_consumer Window{9588175 u0 com.yangcong345.cloud.launcher/com.yangcong345.padmodule.home.main.PadHomeActivity} Window{400a8e u0 com.android.systemui.ImageWallpaper}
04-18 11:11:07.868  2205  4490 D CacheInterceptor: requestRemoteOnly
04-18 11:11:07.869  2205  4755 I MMKV    : <MMKV.cpp:226::initializeMMKV> root dir: /data/user/0/com.yangcong345.android.phone/files/mmkv
04-18 11:11:07.871  2205  4495 D CacheInterceptor: requestRemoteOnly
04-18 11:11:07.873   898  1518 I InputDispatcher: setInputWindows displayId=0 Window{26d385e u0 NavigationBar0} Window{367127 u0 StatusBar} com.yangcong345.cloud.launcher/com.yangcong345.padmodule.home.main.PadHomeActivity#1 recents_animation_input_consumer Window{9588175 u0 com.yangcong345.cloud.launcher/com.yangcong345.padmodule.home.main.PadHomeActivity} Window{400a8e u0 com.android.systemui.ImageWallpaper}
04-18 11:11:07.890   898  1518 I InputDispatcher: setInputWindows displayId=0 Window{26d385e u0 NavigationBar0} Window{367127 u0 StatusBar} com.yangcong345.cloud.launcher/com.yangcong345.padmodule.home.main.PadHomeActivity#1 recents_animation_input_consumer Window{9588175 u0 com.yangcong345.cloud.launcher/com.yangcong345.padmodule.home.main.PadHomeActivity} Window{400a8e u0 com.android.systemui.ImageWallpaper}
04-18 11:11:07.898  2722  2722 V PhoneWindow: DecorView setVisiblity: visibility = 8, Parent = android.view.ViewRootImpl@994e100, this = DecorView@1955ce8[InputMethod]
04-18 11:11:07.900   733   772 I Proximity: distance = 2
04-18 11:11:07.906   546   546 I BufferQueueConsumer: [com.yangcong345.cloud.launcher/com.yangcong345.padmodule.home.main.PadHomeActivity#1](id:22200000022,api:0,p:-1,c:546) disconnect()
04-18 11:11:07.906   546   546 I BufferQueue: [com.yangcong345.cloud.launcher/com.yangcong345.padmodule.home.main.PadHomeActivity#1](this:0xb400007248f0a7b8,id:34,api:1,p:-1,c:-1) onDestructor()
04-18 11:11:07.908   898  1518 I InputDispatcher: setInputWindows displayId=0 Window{26d385e u0 NavigationBar0} Window{367127 u0 StatusBar} recents_animation_input_consumer Window{9588175 u0 com.yangcong345.cloud.launcher/com.yangcong345.padmodule.home.main.PadHomeActivity} Window{400a8e u0 com.android.systemui.ImageWallpaper}
04-18 11:11:07.908   898  1518 I InputDispatcher: Window went away: com.yangcong345.cloud.launcher/com.yangcong345.padmodule.home.main.PadHomeActivity#1
04-18 11:11:07.915   546   605 I BufferQueueProducer: [com.yangcong345.cloud.launcher/com.yangcong345.padmodule.home.main.PadHomeActivity#0](this:0xb400007248ec93a8,id:29,api:1,p:1852,c:546) queueBuffer: fps=4.91 dur=1018.90 max=893.57 min=5.21
04-18 11:11:07.923   898  3198 I InputDispatcher: setInputWindows displayId=0 Window{26d385e u0 NavigationBar0} Window{367127 u0 StatusBar} recents_animation_input_consumer Window{9588175 u0 com.yangcong345.cloud.launcher/com.yangcong345.padmodule.home.main.PadHomeActivity} Window{400a8e u0 com.android.systemui.ImageWallpaper}
04-18 11:11:07.941   898  3198 I InputDispatcher: setInputWindows displayId=0 Window{26d385e u0 NavigationBar0} Window{367127 u0 StatusBar} recents_animation_input_consumer Window{9588175 u0 com.yangcong345.cloud.launcher/com.yangcong345.padmodule.home.main.PadHomeActivity} Window{400a8e u0 com.android.systemui.ImageWallpaper}
04-18 11:11:07.949  2205  4492 W System.err: java.text.ParseException: Unparseable date: "2024-04-18T11:11:07.855328627+08:00"
04-18 11:11:07.950  2205  4492 W System.err: 	at java.text.DateFormat.parse(DateFormat.java:362)
04-18 11:11:07.950  2205  4492 W System.err: 	at com.yangcong345.platform.utils.time.DateUtil.str2Date(TbsSdkJava:6)
04-18 11:11:07.950  2205  4492 W System.err: 	at com.yangcong345.platform.utils.time.DateUtil.str2Date$default(Unknown Source:11)
04-18 11:11:07.950  2205  4492 W System.err: 	at com.yangcong345.learn.feature.video.cache.CacheAuthorizationHelper.saveLastOpenCacheTime(TbsSdkJava:7)
04-18 11:11:07.950  2205  4492 W System.err: 	at com.yangcong345.learn.feature.video.cache.CacheAuthorizationHelper.access$saveLastOpenCacheTime(Unknown Source:0)
04-18 11:11:07.950  2205  4492 W System.err: 	at com.yangcong345.learn.feature.video.cache.CacheAuthorizationHelper$refreshUserVideoAuth$dispose$2.invoke(TbsSdkJava:4)
04-18 11:11:07.950  2205  4492 W System.err: 	at com.yangcong345.learn.feature.video.cache.CacheAuthorizationHelper$refreshUserVideoAuth$dispose$2.invoke(TbsSdkJava:1)
04-18 11:11:07.950  2205  4492 W System.err: 	at com.yangcong345.learn.feature.video.cache.CacheAuthorizationHelper.refreshUserVideoAuth$lambda$1(Unknown Source:5)
04-18 11:11:07.950  2205  4492 W System.err: 	at com.yangcong345.learn.feature.video.cache.CacheAuthorizationHelper.a(Unknown Source:0)
04-18 11:11:07.950  2205  4492 W System.err: 	at com.yangcong345.learn.feature.video.cache.a.accept(Unknown Source:2)
04-18 11:11:07.950  2205  4492 W System.err: 	at io.reactivex.internal.observers.LambdaObserver.onNext(TbsSdkJava:2)
04-18 11:11:07.950  2205  4492 W System.err: 	at io.reactivex.internal.operators.observable.ObservableSubscribeOn$SubscribeOnObserver.onNext(Unknown Source:2)
04-18 11:11:07.950  2205  4492 W System.err: 	at io.reactivex.internal.operators.observable.c1$a.onNext(Unknown Source:2)
04-18 11:11:07.950  2205  4492 W System.err: 	at io.reactivex.internal.operators.observable.x0$a.onNext(TbsSdkJava:5)
04-18 11:11:07.950  2205  4492 W System.err: 	at retrofit2.adapter.rxjava2.BodyObservable$BodyObserver.onNext(TbsSdkJava:3)
04-18 11:11:07.950  2205  4492 W System.err: 	at retrofit2.adapter.rxjava2.BodyObservable$BodyObserver.onNext(TbsSdkJava:1)
04-18 11:11:07.950  2205  4492 W System.err: 	at retrofit2.adapter.rxjava2.CallExecuteObservable.subscribeActual(TbsSdkJava:7)
04-18 11:11:07.950  2205  4492 W System.err: 	at io.reactivex.z.subscribe(TbsSdkJava:14)
04-18 11:11:07.950  2205  4492 W System.err: 	at retrofit2.adapter.rxjava2.BodyObservable.subscribeActual(Unknown Source:7)
04-18 11:11:07.950  2205  4492 W System.err: 	at io.reactivex.z.subscribe(TbsSdkJava:14)
04-18 11:11:07.950  2205  4492 W System.err: 	at io.reactivex.internal.operators.observable.x0.subscribeActual(Unknown Source:9)
04-18 11:11:07.950  2205  4492 W System.err: 	at io.reactivex.z.subscribe(TbsSdkJava:14)
04-18 11:11:07.950  2205  4492 W System.err: 	at io.reactivex.internal.operators.observable.c1.subscribeActual(Unknown Source:9)
04-18 11:11:07.950  2205  4492 W System.err: 	at io.reactivex.z.subscribe(TbsSdkJava:14)
04-18 11:11:07.950  2205  4492 W System.err: 	at io.reactivex.internal.operators.observable.ObservableSubscribeOn$a.run(Unknown Source:6)
04-18 11:11:07.950  2205  4492 W System.err: 	at io.reactivex.h0$a.run(TbsSdkJava:2)
04-18 11:11:07.950  2205  4492 W System.err: 	at io.reactivex.internal.schedulers.ScheduledRunnable.run(TbsSdkJava:2)
04-18 11:11:07.950  2205  4492 W System.err: 	at io.reactivex.internal.schedulers.ScheduledRunnable.call(Unknown Source:0)
04-18 11:11:07.950  2205  4492 W System.err: 	at java.util.concurrent.FutureTask.run(FutureTask.java:266)
04-18 11:11:07.950  2205  4492 W System.err: 	at java.util.concurrent.ScheduledThreadPoolExecutor$ScheduledFutureTask.run(ScheduledThreadPoolExecutor.java:301)
04-18 11:11:07.950  2205  4492 W System.err: 	at java.util.concurrent.ThreadPoolExecutor.runWorker(ThreadPoolExecutor.java:1167)
04-18 11:11:07.951  2205  4492 W System.err: 	at java.util.concurrent.ThreadPoolExecutor$Worker.run(ThreadPoolExecutor.java:641)
04-18 11:11:07.951  2205  4492 W System.err: 	at java.lang.Thread.run(Thread.java:923)
04-18 11:11:07.956   898  1518 I InputDispatcher: setInputWindows displayId=0 Window{26d385e u0 NavigationBar0} Window{367127 u0 StatusBar} recents_animation_input_consumer Window{9588175 u0 com.yangcong345.cloud.launcher/com.yangcong345.padmodule.home.main.PadHomeActivity} Window{400a8e u0 com.android.systemui.ImageWallpaper}
04-18 11:11:07.972   898  1518 I InputDispatcher: setInputWindows displayId=0 Window{26d385e u0 NavigationBar0} Window{367127 u0 StatusBar} recents_animation_input_consumer Window{9588175 u0 com.yangcong345.cloud.launcher/com.yangcong345.padmodule.home.main.PadHomeActivity} Window{400a8e u0 com.android.systemui.ImageWallpaper}
04-18 11:11:07.979  2205  2205 I MMKV    : <MMKV.cpp:1180::sync> MMKV::sync, SyncFlag = 0
04-18 11:11:07.980  2205  2205 I MMKV    : <MMKV.cpp:1180::sync> MMKV::sync, SyncFlag = 0
04-18 11:11:07.989   898  1518 I InputDispatcher: setInputWindows displayId=0 Window{26d385e u0 NavigationBar0} Window{367127 u0 StatusBar} recents_animation_input_consumer Window{9588175 u0 com.yangcong345.cloud.launcher/com.yangcong345.padmodule.home.main.PadHomeActivity} Window{400a8e u0 com.android.systemui.ImageWallpaper}
04-18 11:11:07.999   898  3198 D HraManager: hra getBlackIntentActionList
04-18 11:11:08.005   898  1518 I InputDispatcher: setInputWindows displayId=0 Window{26d385e u0 NavigationBar0} Window{367127 u0 StatusBar} recents_animation_input_consumer Window{9588175 u0 com.yangcong345.cloud.launcher/com.yangcong345.padmodule.home.main.PadHomeActivity} Window{400a8e u0 com.android.systemui.ImageWallpaper}
04-18 11:11:08.020  2205  4495 I MMKV    : <MMKV.cpp:226::initializeMMKV> root dir: /data/user/0/com.yangcong345.android.phone/files/mmkv
04-18 11:11:08.020  2205  4495 I MMKV    : <MMKV.cpp:1180::sync> MMKV::sync, SyncFlag = 0
04-18 11:11:08.021   898  1518 I InputDispatcher: setInputWindows displayId=0 Window{26d385e u0 NavigationBar0} Window{367127 u0 StatusBar} recents_animation_input_consumer Window{9588175 u0 com.yangcong345.cloud.launcher/com.yangcong345.padmodule.home.main.PadHomeActivity} Window{400a8e u0 com.android.systemui.ImageWallpaper}
04-18 11:11:08.022  2205  2985 D DataSailMapper: get instance by url: onion-app-diagnosis.cn-beijing.log.aliyuncs.com/logstores/diagnosis-error/shards/lb
04-18 11:11:08.023  2205  2985 I System.out: [okhttp]:check permission begin!
04-18 11:11:08.023  2205  2985 I System.out: [okhttp]:not MMS!
04-18 11:11:08.024  2205  2985 I System.out: [okhttp]:not Email!
04-18 11:11:08.026  2205  2985 I System.out: [OkHttp] sendRequest>>
04-18 11:11:08.026  2205  2985 I System.out: [OkHttp] sendRequest<<
04-18 11:11:08.038   898   911 I InputDispatcher: setInputWindows displayId=0 Window{26d385e u0 NavigationBar0} Window{367127 u0 StatusBar} recents_animation_input_consumer Window{9588175 u0 com.yangcong345.cloud.launcher/com.yangcong345.padmodule.home.main.PadHomeActivity} Window{400a8e u0 com.android.systemui.ImageWallpaper}
04-18 11:11:08.087   898   911 I chatty  : uid=1000(system) Binder:898_1 identical 3 lines
04-18 11:11:08.103   898   911 I InputDispatcher: setInputWindows displayId=0 Window{26d385e u0 NavigationBar0} Window{367127 u0 StatusBar} recents_animation_input_consumer Window{9588175 u0 com.yangcong345.cloud.launcher/com.yangcong345.padmodule.home.main.PadHomeActivity} Window{400a8e u0 com.android.systemui.ImageWallpaper}
04-18 11:11:08.105   733   772 I Proximity: distance = 2
04-18 11:11:08.120   898  3198 I InputDispatcher: setInputWindows displayId=0 Window{26d385e u0 NavigationBar0} Window{367127 u0 StatusBar} recents_animation_input_consumer Window{9588175 u0 com.yangcong345.cloud.launcher/com.yangcong345.padmodule.home.main.PadHomeActivity} Window{400a8e u0 com.android.systemui.ImageWallpaper}
04-18 11:11:08.136   898   911 I InputDispatcher: setInputWindows displayId=0 Window{26d385e u0 NavigationBar0} Window{367127 u0 StatusBar} recents_animation_input_consumer Window{9588175 u0 com.yangcong345.cloud.launcher/com.yangcong345.padmodule.home.main.PadHomeActivity} Window{400a8e u0 com.android.systemui.ImageWallpaper}
04-18 11:11:08.152   898   911 I InputDispatcher: setInputWindows displayId=0 Window{26d385e u0 NavigationBar0} Window{367127 u0 StatusBar} recents_animation_input_consumer Window{9588175 u0 com.yangcong345.cloud.launcher/com.yangcong345.padmodule.home.main.PadHomeActivity} Window{400a8e u0 com.android.systemui.ImageWallpaper}
04-18 11:11:08.154   515   515 I hwcomposer: [HWCDisplay] [Display_0 (type:1)] fps:46.938667,dur:1001.31,max:249.42,min:11.78
04-18 11:11:08.169   898   911 I InputDispatcher: setInputWindows displayId=0 Window{26d385e u0 NavigationBar0} Window{367127 u0 StatusBar} recents_animation_input_consumer Window{9588175 u0 com.yangcong345.cloud.launcher/com.yangcong345.padmodule.home.main.PadHomeActivity} Window{400a8e u0 com.android.systemui.ImageWallpaper}
04-18 11:11:08.185   898   911 I chatty  : uid=1000(system) Binder:898_1 identical 1 line
04-18 11:11:08.201   898   911 I InputDispatcher: setInputWindows displayId=0 Window{26d385e u0 NavigationBar0} Window{367127 u0 StatusBar} recents_animation_input_consumer Window{9588175 u0 com.yangcong345.cloud.launcher/com.yangcong345.padmodule.home.main.PadHomeActivity} Window{400a8e u0 com.android.systemui.ImageWallpaper}
04-18 11:11:08.308   733   772 I Proximity: distance = 2
04-18 11:11:08.326   898  1099 E WifiVendorHal: getWifiLinkLayerStats_1_3_Internal(l.973) failed {.code = ERROR_NOT_SUPPORTED, .description = }
04-18 11:11:08.352   749   749 I thermal_repeater: socket -1
04-18 11:11:08.512   733   772 I Proximity: distance = 2
04-18 11:11:08.702  4518  4518 I Monkey  : :Sending Touch (ACTION_DOWN): 0:(1816.0,935.0)
04-18 11:11:08.705   533   598 I libPowerHal: [perfLockAcq] idx:0 hdl:99 hint:25 pid:533 duration:10000 => ret_hdl:99
04-18 11:11:08.705   533   598 I libPowerHal: [PE] scn:0 hdl:99 hint:25 comm:mtkpower@1.0-se pid:533
04-18 11:11:08.706   533   598 I libPowerHal: [PE] MTKPOWER_HINT_APP_TOUCH update cmd:3408600 param:1
04-18 11:11:08.706  4518  4518 I Monkey  : :Sending Touch (ACTION_UP): 0:(1822.1869,945.45874)
04-18 11:11:08.707   533   598 I libPowerHal: [perfLockRel] hdl:99, idx:0
04-18 11:11:08.707   533   598 I libPowerHal: [PD] scn:0 hdl:99 hint:25 comm:mtkpower@1.0-se pid:533
04-18 11:11:08.708   533   598 I libPowerHal: [PD] MTKPOWER_HINT_APP_TOUCH update cmd:3408600 param:0
04-18 11:11:08.709  4518  4518 I Monkey  : Sleeping for 1000 milliseconds
04-18 11:11:08.716   733   772 I Proximity: distance = 2
04-18 11:11:08.766  4261  4261 I auditd  : type=1400 audit(0.0:6557): avc: denied { getattr } for comm="DetectPable" path="/proc/rid" dev="proc" ino=4026532398 scontext=u:r:shell:s0 tcontext=u:object_r:proc_rid:s0 tclass=file permissive=1
04-18 11:11:08.766  4261  4261 I DetectPable: type=1400 audit(0.0:6557): avc: denied { getattr } for path="/proc/rid" dev="proc" ino=4026532398 scontext=u:r:shell:s0 tcontext=u:object_r:proc_rid:s0 tclass=file permissive=1
04-18 11:11:08.766  4261  4261 I auditd  : type=1400 audit(0.0:6558): avc: denied { getattr } for comm="DetectPable" path="/proc/keys" dev="proc" ino=4026532301 scontext=u:r:shell:s0 tcontext=u:object_r:proc_keys:s0 tclass=file permissive=1
04-18 11:11:08.766  4261  4261 I DetectPable: type=1400 audit(0.0:6558): avc: denied { getattr } for path="/proc/keys" dev="proc" ino=4026532301 scontext=u:r:shell:s0 tcontext=u:object_r:proc_keys:s0 tclass=file permissive=1
04-18 11:11:08.770  4261  4261 I auditd  : type=1400 audit(0.0:6561): avc: denied { getattr } for comm="DetectPable" path="/proc/iomem" dev="proc" ino=4026532286 scontext=u:r:shell:s0 tcontext=u:object_r:proc_iomem:s0 tclass=file permissive=1
04-18 11:11:08.770  4261  4261 I DetectPable: type=1400 audit(0.0:6561): avc: denied { getattr } for path="/proc/iomem" dev="proc" ino=4026532286 scontext=u:r:shell:s0 tcontext=u:object_r:proc_iomem:s0 tclass=file permissive=1
04-18 11:11:08.921   733   772 I Proximity: distance = 2
04-18 11:11:09.468  1414  1414 D CapRIL  : resetProxyAndRequestList
04-18 11:11:09.125   733   772 I chatty  : uid=1000(system) sensors@2.0-ser identical 1 line
04-18 11:11:09.329   733   772 I Proximity: distance = 2
04-18 11:11:09.469   397   397 I hwservicemanager: getTransport: Cannot find entry vendor.mediatek.hardware.mtkradioex@2.0::IMtkRadioEx/mtkCap1 in either framework or device manifest.
04-18 11:11:09.469  1414  1414 D CapRIL  : MtkRadioProxy getService/setResponseFunctions: java.util.NoSuchElementException
04-18 11:11:09.533   733   772 I Proximity: distance = 2
04-18 11:11:09.710  4518  4518 I Monkey  : :Switch: #Intent;action=android.intent.action.MAIN;category=android.intent.category.LAUNCHER;launchFlags=0x10200000;component=com.yangcong345.android.phone/com.yangcong345.main.phone.splash.SplashActivity;end
04-18 11:11:09.713   898  3198 D HraManager: hra getBlackActivityList
04-18 11:11:09.713   898  3198 D HraManagerService:  getBlackActivityList
04-18 11:11:09.714   898  3198 D HraManager: hra getBlackIntentActionList
04-18 11:11:09.714   898  3198 I ActivityTaskManager: START u0 {act=android.intent.action.MAIN cat=[android.intent.category.LAUNCHER] flg=0x10200000 cmp=com.yangcong345.android.phone/com.yangcong345.main.phone.splash.SplashActivity} from uid 2000
04-18 11:11:09.715  4518  4518 I Monkey  :     // Allowing start of Intent { act=android.intent.action.MAIN cat=[android.intent.category.LAUNCHER] cmp=com.yangcong345.android.phone/com.yangcong345.main.phone.splash.SplashActivity } in package com.yangcong345.android.phone
04-18 11:11:09.716   898  3198 I wm_task_created: [51,-1]
04-18 11:11:09.717   898  3198 I wm_stack_created: 51
04-18 11:11:09.722   898  3198 I wm_create_task: [0,51]
04-18 11:11:09.722   898  3198 I wm_create_activity: [0,39347484,51,com.yangcong345.android.phone/com.yangcong345.main.phone.splash.SplashActivity,android.intent.action.MAIN,NULL,NULL,270532608]
04-18 11:11:09.723  1852  1852 I Matrix.ActivityThreadHacker: [handleMessage] msg.what:159 begin:317643 isLaunchActivity:false SDK_INT=30
04-18 11:11:09.723  1852  1852 I wm_on_top_resumed_lost_called: [145146270,com.yangcong345.padmodule.home.main.PadHomeActivity,topStateChangedWhenResumed]
04-18 11:11:09.723  1852  1852 I Matrix.ActivityThreadHacker: [handleMessage] msg.what:159 begin:317643 isLaunchActivity:false SDK_INT=30
04-18 11:11:09.724   898  1518 I InputDispatcher: setInputWindows displayId=0 Window{26d385e u0 NavigationBar0} Window{367127 u0 StatusBar} recents_animation_input_consumer Window{9588175 u0 com.yangcong345.cloud.launcher/com.yangcong345.padmodule.home.main.PadHomeActivity} Window{400a8e u0 com.android.systemui.ImageWallpaper}
04-18 11:11:09.724   898  3198 I wm_pause_activity: [0,145146270,com.yangcong345.cloud.launcher/com.yangcong345.padmodule.home.main.PadHomeActivity,userLeaving=true]
04-18 11:11:09.725   533   559 I mtkpower@impl: [setMode] type:5, enabled:1
04-18 11:11:09.725   515   515 I hwcomposer: [HWCDisplay] [Display_0 (type:1)] fps:6.367836,dur:1570.39,max:916.42,min:14.53
04-18 11:11:09.725   533   598 I libPowerHal: [perfLockAcq] idx:0 hdl:100 hint:11 pid:533 duration:30000 => ret_hdl:100
04-18 11:11:09.725   533   598 I libPowerHal: [PE] scn:0 hdl:100 hint:11 comm:mtkpower@1.0-se pid:533
04-18 11:11:09.726   533   598 I libPowerHal: LAUNCH: cpu_ctrl set cpu freq: 1989000 -1 1989000 -1
04-18 11:11:09.726   533   598 I libPowerHal: [PE] LAUNCH update cmd:1000000, param:0
04-18 11:11:09.726   533   598 I libPowerHal: [PE] LAUNCH update cmd:1408300, param:100
04-18 11:11:09.727   533   598 I libPowerHal: [PE] LAUNCH update cmd:1000000 param:0
04-18 11:11:09.727   533   598 I libPowerHal: [perfLockAcq] idx:1 hdl:101 hint:22 pid:533 duration:10000 => ret_hdl:101
04-18 11:11:09.727   533   598 I libPowerHal: [PE] scn:1 hdl:101 hint:22 comm:mtkpower@1.0-se pid:533
04-18 11:11:09.729  4518  4518 I Monkey  : Sleeping for 1000 milliseconds
04-18 11:11:09.731  1852  1852 I Matrix.ActivityThreadHacker: [handleMessage] msg.what:159 begin:317651 isLaunchActivity:false SDK_INT=30
04-18 11:11:09.732  1852  1852 I wm_on_paused_called: [145146270,com.yangcong345.padmodule.home.main.PadHomeActivity,performPause]
04-18 11:11:09.733   898  3198 W ActivityTaskManager: Tried to set launchTime (0) < mLastActivityLaunchTime (314621)
04-18 11:11:09.733   898  3198 I wm_add_to_stopping: [0,145146270,com.yangcong345.cloud.launcher/com.yangcong345.padmodule.home.main.PadHomeActivity,makeInvisible]
04-18 11:11:09.731  1852  1852 I Matrix.ActivityThreadHacker: [handleMessage] msg.what:159 begin:317651 isLaunchActivity:false SDK_INT=30
04-18 11:11:09.734   546  1663 I SurfaceFlinger: [SF client] NEW(0xb400007198d55f50) for (898:system_server)
04-18 11:11:09.735   898   917 D ViewRootImpl[phone]: hardware acceleration = false , fakeHwAccelerated = true, sRendererDisabled = false, forceHwAccelerated = false, sSystemRendererDisabled = false
04-18 11:11:09.736   733   772 I Proximity: distance = 2
04-18 11:11:09.736   898  3198 I wm_restart_activity: [0,39347484,51,com.yangcong345.android.phone/com.yangcong345.main.phone.splash.SplashActivity]
04-18 11:11:09.738   533   598 I libPowerHal: [perfNotifyAppState] foreground:com.yangcong345.android.phone, pid:2205, uid:10075
04-18 11:11:09.738   898  3198 W WindowManager: Changing focus fromWindow{9588175 u0 com.yangcong345.cloud.launcher/com.yangcong345.padmodule.home.main.PadHomeActivity} to null displayId=0 Callers=com.android.server.wm.RootWindowContainer.updateFocusedWindowLocked:457 com.android.server.wm.WindowManagerService.updateFocusedWindowLocked:5611 com.android.server.wm.DisplayContent.setFocusedApp:5534 com.android.server.wm.ActivityTaskManagerService.setResumedActivityUncheckLocked:5548
04-18 11:11:09.738   533   598 E UxUtility: notifyAppState error = NULL
04-18 11:11:09.738   533   598 I TouchUtility: notifyAppState error = NULL
04-18 11:11:09.738   533   558 I mtkpower@impl: [notifyAppState] pc:0, com.yangcong345.cloud.launcher => com.yangcong345.android.phone
04-18 11:11:09.738   898  3198 I wm_set_resumed_activity: [0,com.yangcong345.android.phone/com.yangcong345.main.phone.splash.SplashActivity,minimalResumeActivityLocked]
04-18 11:11:09.740   898   911 I InputDispatcher: setInputWindows displayId=0 Window{26d385e u0 NavigationBar0} Window{367127 u0 StatusBar} recents_animation_input_consumer Window{9588175 u0 com.yangcong345.cloud.launcher/com.yangcong345.padmodule.home.main.PadHomeActivity} Window{400a8e u0 com.android.systemui.ImageWallpaper}
04-18 11:11:09.744   898   917 I InputTransport: Create ARC handle: 0xb40000721c287090
04-18 11:11:09.746   898   916 I sysui_multi_action: [757,803,799,window_time_0,802,3]
04-18 11:11:09.748   546  1663 I BufferQueueConsumer: [](id:22200000025,api:0,p:-1,c:546) connect(): controlledByApp=false
04-18 11:11:09.748   546  1663 I BufferQueue: [unnamed-546-37](this:0xb400007248f64d58,id:37,api:0,p:-1,c:-1) BufferQueue core=(546:/system/bin/surfaceflinger)
04-18 11:11:09.751   898   917 D Surface : lockCanvas
04-18 11:11:09.751   546  1663 I BufferQueueProducer: [Splash Screen com.yangcong345.android.phone#0](id:22200000025,api:2,p:898,c:546) connect(): api=2 producerControlledByApp=false
04-18 11:11:09.757   898  3198 I InputDispatcher: setInputWindows displayId=0 Window{26d385e u0 NavigationBar0} Window{367127 u0 StatusBar} Splash Screen com.yangcong345.android.phone#0 recents_animation_input_consumer Window{9588175 u0 com.yangcong345.cloud.launcher/com.yangcong345.padmodule.home.main.PadHomeActivity} Window{400a8e u0 com.android.systemui.ImageWallpaper}
04-18 11:11:09.765  2205  2205 E ActivityThread: Failed to find provider info for com.example.edcationcloud
04-18 11:11:09.766  2205  2205 D test_act: com.yangcong345.android.phone
04-18 11:11:09.767   898  3198 D HraManager: hra getBlackIntentActionList
04-18 11:11:09.766  2205  2205 E ActivityThread: Failed to find provider info for com.example.edcationcloud
04-18 11:11:09.767   898  3198 I ActivityTaskManager: START u0 {act=android.intent.action.VIEW dat=ycmath://padlauncher.com/homePage?position=-1 cmp=com.yangcong345.cloud.launcher/com.yangcong345.support.common.LauncherSchemeActivity} from uid 10075
04-18 11:11:09.768  4518  4552 I Monkey  :     // Rejecting start of Intent { act=android.intent.action.VIEW dat=ycmath://padlauncher.com/homePage?position=-1 cmp=com.yangcong345.cloud.launcher/com.yangcong345.support.common.LauncherSchemeActivity } in package com.yangcong345.cloud.launcher
04-18 11:11:09.769   898  3198 I wm_finish_activity: [0,39347484,51,com.yangcong345.android.phone/com.yangcong345.main.phone.splash.SplashActivity,app-request]
04-18 11:11:09.770   898  3198 I wm_focused_stack: [0,0,44,51,finish-top adjustFocusToNextFocusableStack]
04-18 11:11:09.770   898  3198 I wm_pause_activity: [0,39347484,com.yangcong345.android.phone/com.yangcong345.main.phone.splash.SplashActivity,userLeaving=false]
04-18 11:11:09.771   533   598 I libPowerHal: [perfLockAcq] idx:2 hdl:102 hint:22 pid:533 duration:10000 => ret_hdl:102
04-18 11:11:09.771   533   598 I libPowerHal: [PE] scn:2 hdl:102 hint:22 comm:mtkpower@1.0-se pid:533
04-18 11:11:09.772   533   598 I libPowerHal: [perfLockRel] hdl:101, idx:1
04-18 11:11:09.772   533   598 I libPowerHal: [PD] scn:1 hdl:101 hint:22 comm:mtkpower@1.0-se pid:533
04-18 11:11:09.773  2205  2205 I wm_on_create_called: [39347484,com.yangcong345.main.phone.splash.SplashActivity,performCreate]
04-18 11:11:09.773   898   916 I sysui_multi_action: [757,1144,758,8,806,com.yangcong345.android.phone,871,com.yangcong345.main.phone.splash.SplashActivity]
04-18 11:11:09.775   898  3198 I InputDispatcher: setInputWindows displayId=0 Window{26d385e u0 NavigationBar0} Window{367127 u0 StatusBar} Splash Screen com.yangcong345.android.phone#0 recents_animation_input_consumer Window{9588175 u0 com.yangcong345.cloud.launcher/com.yangcong345.padmodule.home.main.PadHomeActivity} Window{400a8e u0 com.android.systemui.ImageWallpaper}
04-18 11:11:09.776   898   911 I wm_add_to_stopping: [0,39347484,com.yangcong345.android.phone/com.yangcong345.main.phone.splash.SplashActivity,completeFinishing]
04-18 11:11:09.778  1852  1852 I Matrix.ActivityThreadHacker: [handleMessage] msg.what:159 begin:317698 isLaunchActivity:false SDK_INT=30
04-18 11:11:09.778   533   598 I libPowerHal: [perfNotifyAppState] foreground:com.yangcong345.cloud.launcher, pid:1852, uid:10076
04-18 11:11:09.778  1852  1852 I Matrix.ActivityThreadHacker: [handleMessage] msg.what:159 begin:317698 isLaunchActivity:false SDK_INT=30
04-18 11:11:09.778   533   598 E UxUtility: notifyAppState error = NULL
04-18 11:11:09.778   533   598 I TouchUtility: notifyAppState error = NULL
04-18 11:11:09.778   533   558 I mtkpower@impl: [notifyAppState] pc:0, com.yangcong345.android.phone => com.yangcong345.cloud.launcher
04-18 11:11:09.778   898   911 W WindowManager: Changing focus fromnull to Window{9588175 u0 com.yangcong345.cloud.launcher/com.yangcong345.padmodule.home.main.PadHomeActivity} displayId=0 Callers=com.android.server.wm.RootWindowContainer.updateFocusedWindowLocked:457 com.android.server.wm.WindowManagerService.updateFocusedWindowLocked:5611 com.android.server.wm.DisplayContent.setFocusedApp:5534 com.android.server.wm.ActivityTaskManagerService.setResumedActivityUncheckLocked:5548
04-18 11:11:09.779   898   911 I wm_set_resumed_activity: [0,com.yangcong345.cloud.launcher/com.yangcong345.padmodule.home.main.PadHomeActivity,resumeTopActivityInnerLocked]
04-18 11:11:09.779   898   911 I wm_resume_activity: [0,145146270,44,com.yangcong345.cloud.launcher/com.yangcong345.padmodule.home.main.PadHomeActivity]
04-18 11:11:09.780  1852  1852 I Matrix.ActivityThreadHacker: [handleMessage] msg.what:159 begin:317700 isLaunchActivity:false SDK_INT=30
04-18 11:11:09.789   898   916 I wm_destroy_activity: [0,39347484,51,com.yangcong345.android.phone/com.yangcong345.main.phone.splash.SplashActivity,finish-imm:idle]
04-18 11:11:09.780  1852  1852 I Matrix.ActivityThreadHacker: [handleMessage] msg.what:159 begin:317700 isLaunchActivity:false SDK_INT=30
04-18 11:11:09.790  2205  2230 I 5.android.phon: oneway function results will be dropped but finished with status OK and parcel size 4
04-18 11:11:09.791   898   916 I sysui_multi_action: [757,803,799,window_time_0,802,0]
04-18 11:11:09.792  1852  1852 I wm_on_resume_called: [145146270,com.yangcong345.padmodule.home.main.PadHomeActivity,RESUME_ACTIVITY]
04-18 11:11:09.790  2205  2230 I 5.android.phon: oneway function results will be dropped but finished with status OK and parcel size 4
04-18 11:11:09.793   898  1518 I InputDispatcher: setInputWindows displayId=0 Window{26d385e u0 NavigationBar0} Window{367127 u0 StatusBar} Splash Screen com.yangcong345.android.phone#0 recents_animation_input_consumer Window{9588175 u0 com.yangcong345.cloud.launcher/com.yangcong345.padmodule.home.main.PadHomeActivity} Window{400a8e u0 com.android.systemui.ImageWallpaper}
04-18 11:11:09.795  2205  2205 W 5.android.phon: Accessing hidden field Landroid/view/inputmethod/InputMethodManager;->mCurRootView:Landroid/view/ViewRootImpl; (blacklist, reflection, denied)
04-18 11:11:09.795  1852  1852 I wm_on_top_resumed_gained_called: [145146270,com.yangcong345.padmodule.home.main.PadHomeActivity,topWhenResuming]
04-18 11:11:09.796  1852  4450 D CacheInterceptor: requestRemoteFirst
04-18 11:11:09.796  2205  2205 I wm_on_destroy_called: [39347484,com.yangcong345.main.phone.splash.SplashActivity,performDestroy]
04-18 11:11:09.797  1852  4450 D CacheInterceptor: request local cache success
04-18 11:11:09.797  1852  1852 V PhoneWindow: DecorView setVisiblity: visibility = 0, Parent = android.view.ViewRootImpl@e2cc7b1, this = DecorView@f30509[PadHomeActivity]
04-18 11:11:09.799   898   917 D View    : [Warning] assignParent to null: this = DecorView@5e7f238[phone]
04-18 11:11:09.800  1852  4448 D CacheInterceptor: requestRemoteOnly
04-18 11:11:09.801  2205  2231 I 5.android.phon: oneway function results will be dropped but finished with status OK and parcel size 4
04-18 11:11:09.803   898   911 I wm_task_removed: [51,removeChild: last r=ActivityRecord{258651c u0 com.yangcong345.android.phone/com.yangcong345.main.phone.splash.SplashActivity t-1 f}} in t=Task{c85f8c6 #51 visible=false type=standard mode=fullscreen translucent=true A=10075:com.yangcong345.android.phone U=0 StackId=51 sz=0}]
04-18 11:11:09.803   898   911 I wm_task_removed: [51,removeTask]
04-18 11:11:09.803   898   911 I wm_task_removed: [51,removeTask]
04-18 11:11:09.803   898   911 I wm_stack_removed: 51
04-18 11:11:09.806   898   917 W WindowManager: Cannot find window which accessibility connection is added to
04-18 11:11:09.806   546   865 I BufferQueueProducer: [Splash Screen com.yangcong345.android.phone#0](id:22200000025,api:2,p:898,c:546) disconnect(): api=2
04-18 11:11:09.807   898   917 W WindowManager: Failed looking up window session=Session{ca5d355 898:1000} callers=com.android.server.wm.WindowManagerService.windowForClientLocked:5494 com.android.server.wm.WindowManagerService.removeWindow:1928 com.android.server.wm.Session.remove:193
04-18 11:11:09.807   898   917 I InputTransport: Destroy ARC handle: 0xb40000721c287090
04-18 11:11:09.809   546   546 I BufferQueueConsumer: [Splash Screen com.yangcong345.android.phone#0](id:22200000025,api:0,p:-1,c:546) disconnect()
04-18 11:11:09.809   546   546 I BufferQueue: [Splash Screen com.yangcong345.android.phone#0](this:0xb400007248f64d58,id:37,api:2,p:-1,c:-1) onDestructor()
04-18 11:11:09.812   898   957 I InputDispatcher: setInputWindows displayId=0 Window{26d385e u0 NavigationBar0} Window{367127 u0 StatusBar} recents_animation_input_consumer Window{9588175 u0 com.yangcong345.cloud.launcher/com.yangcong345.padmodule.home.main.PadHomeActivity} Window{400a8e u0 com.android.systemui.ImageWallpaper}
04-18 11:11:09.812   898   957 I InputDispatcher: Window went away: Splash Screen com.yangcong345.android.phone#0
04-18 11:11:09.814  2722  2722 V PhoneWindow: DecorView setVisiblity: visibility = 8, Parent = android.view.ViewRootImpl@994e100, this = DecorView@1955ce8[InputMethod]
04-18 11:11:09.815  1852  1852 I Matrix.ActivityThreadHacker: [handleMessage] msg.what:149 begin:317734 isLaunchActivity:false SDK_INT=30
04-18 11:11:09.815  1852  1852 I Matrix.ActivityThreadHacker: [handleMessage] msg.what:149 begin:317735 isLaunchActivity:false SDK_INT=30
04-18 11:11:09.819  1852  4464 D CacheInterceptor: requestRemoteFirst
04-18 11:11:09.820   546   865 I BufferQueueProducer: [com.yangcong345.cloud.launcher/com.yangcong345.padmodule.home.main.PadHomeActivity#0](this:0xb400007248ec93a8,id:29,api:1,p:1852,c:546) queueBuffer: fps=3.68 dur=1904.27 max=1025.26 min=14.35
04-18 11:11:09.820  1852  4464 D CacheInterceptor: request local cache success
04-18 11:11:09.826   898   911 I InputDispatcher: setInputWindows displayId=0 Window{26d385e u0 NavigationBar0} Window{367127 u0 StatusBar} recents_animation_input_consumer Window{9588175 u0 com.yangcong345.cloud.launcher/com.yangcong345.padmodule.home.main.PadHomeActivity} Window{400a8e u0 com.android.systemui.ImageWallpaper}
04-18 11:11:09.827   533   559 I mtkpower@impl: [setMode] type:5, enabled:0
04-18 11:11:09.827   533   598 I libPowerHal: [perfLockRel] hdl:100, idx:0
04-18 11:11:09.827   533   598 I libPowerHal: [PD] scn:0 hdl:100 hint:11 comm:mtkpower@1.0-se pid:533
04-18 11:11:09.826  4261  4261 I auditd  : type=1400 audit(0.0:6577): avc: denied { getattr } for comm="DetectPable" path="/proc/mtk_jpeg" dev="proc" ino=4026532811 scontext=u:r:shell:s0 tcontext=u:object_r:proc_mtk_jpeg:s0 tclass=file permissive=1
04-18 11:11:09.826  4261  4261 I DetectPable: type=1400 audit(0.0:6577): avc: denied { getattr } for path="/proc/mtk_jpeg" dev="proc" ino=4026532811 scontext=u:r:shell:s0 tcontext=u:object_r:proc_mtk_jpeg:s0 tclass=file permissive=1
04-18 11:11:09.828   533   598 I libPowerHal: [perfLockRel] hdl:102, idx:2
04-18 11:11:09.828   533   598 I libPowerHal: [PD] scn:2 hdl:102 hint:22 comm:mtkpower@1.0-se pid:533
04-18 11:11:09.826  4261  4261 I auditd  : type=1400 audit(0.0:6579): avc: denied { getattr } for comm="DetectPable" path="/proc/partitions" dev="proc" ino=4026532305 scontext=u:r:shell:s0 tcontext=u:object_r:proc_partition:s0 tclass=file permissive=1
04-18 11:11:09.826  4261  4261 I DetectPable: type=1400 audit(0.0:6579): avc: denied { getattr } for path="/proc/partitions" dev="proc" ino=4026532305 scontext=u:r:shell:s0 tcontext=u:object_r:proc_partition:s0 tclass=file permissive=1
04-18 11:11:09.829   533   598 I libPowerHal: [PD] MTKPOWER_HINT_PACK_SWITCH update cmd:1408300 param:0
04-18 11:11:09.829   533   598 I libPowerHal: [PD] MTKPOWER_HINT_PACK_SWITCH update cmd:1000000 param:-1
04-18 11:11:09.834  4261  4261 I auditd  : type=1400 audit(0.0:6581): avc: denied { getattr } for comm="DetectPable" path="/proc/bcctlmt" dev="proc" ino=4026532992 scontext=u:r:shell:s0 tcontext=u:object_r:proc_thermal:s0 tclass=file permissive=1
04-18 11:11:09.834  4261  4261 I DetectPable: type=1400 audit(0.0:6581): avc: denied { getattr } for path="/proc/bcctlmt" dev="proc" ino=4026532992 scontext=u:r:shell:s0 tcontext=u:object_r:proc_thermal:s0 tclass=file permissive=1
04-18 11:11:09.841   898   911 I InputDispatcher: setInputWindows displayId=0 Window{26d385e u0 NavigationBar0} Window{367127 u0 StatusBar} recents_animation_input_consumer Window{9588175 u0 com.yangcong345.cloud.launcher/com.yangcong345.padmodule.home.main.PadHomeActivity} Window{400a8e u0 com.android.systemui.ImageWallpaper}
04-18 11:11:09.874   898   911 I chatty  : uid=1000(system) Binder:898_1 identical 2 lines
04-18 11:11:09.890   898   911 I InputDispatcher: setInputWindows displayId=0 Window{26d385e u0 NavigationBar0} Window{367127 u0 StatusBar} recents_animation_input_consumer Window{9588175 u0 com.yangcong345.cloud.launcher/com.yangcong345.padmodule.home.main.PadHomeActivity} Window{400a8e u0 com.android.systemui.ImageWallpaper}
04-18 11:11:09.907   898  3198 I InputDispatcher: setInputWindows displayId=0 Window{26d385e u0 NavigationBar0} Window{367127 u0 StatusBar} recents_animation_input_consumer Window{9588175 u0 com.yangcong345.cloud.launcher/com.yangcong345.padmodule.home.main.PadHomeActivity} Window{400a8e u0 com.android.systemui.ImageWallpaper}
04-18 11:11:09.911  1852  4448 I MMKV    : <MMKV.cpp:226::initializeMMKV> root dir: /data/user/0/com.yangcong345.cloud.launcher/files/mmkv
04-18 11:11:09.911  1852  4448 I MMKV    : <MMKV.cpp:1180::sync> MMKV::sync, SyncFlag = 0
04-18 11:11:09.923   898  3198 I InputDispatcher: setInputWindows displayId=0 Window{26d385e u0 NavigationBar0} Window{367127 u0 StatusBar} recents_animation_input_consumer Window{9588175 u0 com.yangcong345.cloud.launcher/com.yangcong345.padmodule.home.main.PadHomeActivity} Window{400a8e u0 com.android.systemui.ImageWallpaper}
04-18 11:11:09.941   898  3198 I InputDispatcher: setInputWindows displayId=0 Window{26d385e u0 NavigationBar0} Window{367127 u0 StatusBar} recents_animation_input_consumer Window{9588175 u0 com.yangcong345.cloud.launcher/com.yangcong345.padmodule.home.main.PadHomeActivity} Window{400a8e u0 com.android.systemui.ImageWallpaper}
04-18 11:11:09.941   733   772 I Proximity: distance = 2
04-18 11:11:09.957   898  3198 I InputDispatcher: setInputWindows displayId=0 Window{26d385e u0 NavigationBar0} Window{367127 u0 StatusBar} recents_animation_input_consumer Window{9588175 u0 com.yangcong345.cloud.launcher/com.yangcong345.padmodule.home.main.PadHomeActivity} Window{400a8e u0 com.android.systemui.ImageWallpaper}
04-18 11:11:09.983   898   975 I commit_sys_config_file: [settings-2-0,11]
04-18 11:11:09.973   898  3198 I chatty  : uid=1000(system) Binder:898_B identical 1 line
04-18 11:11:09.990   898  3198 I InputDispatcher: setInputWindows displayId=0 Window{26d385e u0 NavigationBar0} Window{367127 u0 StatusBar} recents_animation_input_consumer Window{9588175 u0 com.yangcong345.cloud.launcher/com.yangcong345.padmodule.home.main.PadHomeActivity} Window{400a8e u0 com.android.systemui.ImageWallpaper}
04-18 11:11:09.992   898  1508 D HraManager: hra getBlackIntentActionList
04-18 11:11:10.006   898  3198 I InputDispatcher: setInputWindows displayId=0 Window{26d385e u0 NavigationBar0} Window{367127 u0 StatusBar} recents_animation_input_consumer Window{9588175 u0 com.yangcong345.cloud.launcher/com.yangcong345.padmodule.home.main.PadHomeActivity} Window{400a8e u0 com.android.systemui.ImageWallpaper}
04-18 11:11:10.022   898  1508 I InputDispatcher: setInputWindows displayId=0 Window{26d385e u0 NavigationBar0} Window{367127 u0 StatusBar} recents_animation_input_consumer Window{9588175 u0 com.yangcong345.cloud.launcher/com.yangcong345.padmodule.home.main.PadHomeActivity} Window{400a8e u0 com.android.systemui.ImageWallpaper}
04-18 11:11:10.038   898  1508 I InputDispatcher: setInputWindows displayId=0 Window{26d385e u0 NavigationBar0} Window{367127 u0 StatusBar} recents_animation_input_consumer Window{9588175 u0 com.yangcong345.cloud.launcher/com.yangcong345.padmodule.home.main.PadHomeActivity} Window{400a8e u0 com.android.systemui.ImageWallpaper}
04-18 11:11:10.043  2205  2231 I 5.android.phon: Explicit concurrent copying GC freed 46486(2960KB) AllocSpace objects, 25(752KB) LOS objects, 28% free, 14MB/20MB, paused 118us total 89.248ms
04-18 11:11:10.055   898  1518 I InputDispatcher: setInputWindows displayId=0 Window{26d385e u0 NavigationBar0} Window{367127 u0 StatusBar} recents_animation_input_consumer Window{9588175 u0 com.yangcong345.cloud.launcher/com.yangcong345.padmodule.home.main.PadHomeActivity} Window{400a8e u0 com.android.systemui.ImageWallpaper}
04-18 11:11:10.071   898  1518 I InputDispatcher: setInputWindows displayId=0 Window{26d385e u0 NavigationBar0} Window{367127 u0 StatusBar} recents_animation_input_consumer Window{9588175 u0 com.yangcong345.cloud.launcher/com.yangcong345.padmodule.home.main.PadHomeActivity} Window{400a8e u0 com.android.systemui.ImageWallpaper}
04-18 11:11:10.088   898  1508 I InputDispatcher: setInputWindows displayId=0 Window{26d385e u0 NavigationBar0} Window{367127 u0 StatusBar} recents_animation_input_consumer Window{9588175 u0 com.yangcong345.cloud.launcher/com.yangcong345.padmodule.home.main.PadHomeActivity} Window{400a8e u0 com.android.systemui.ImageWallpaper}
04-18 11:11:10.105   898  3198 I InputDispatcher: setInputWindows displayId=0 Window{26d385e u0 NavigationBar0} Window{367127 u0 StatusBar} recents_animation_input_consumer Window{9588175 u0 com.yangcong345.cloud.launcher/com.yangcong345.padmodule.home.main.PadHomeActivity} Window{400a8e u0 com.android.systemui.ImageWallpaper}
04-18 11:11:10.115   898   907 I system_server: Background concurrent copying GC freed 169588(6443KB) AllocSpace objects, 13(260KB) LOS objects, 30% free, 13MB/19MB, paused 166us total 146.622ms
04-18 11:11:10.117   898   909 W System  : A resource failed to call release.
04-18 11:11:10.117   898   909 I chatty  : uid=1000(system) FinalizerDaemon identical 1 line
04-18 11:11:10.117   898   909 W System  : A resource failed to call release.
04-18 11:11:10.120   898   957 I InputDispatcher: setInputWindows displayId=0 Window{26d385e u0 NavigationBar0} Window{367127 u0 StatusBar} recents_animation_input_consumer Window{9588175 u0 com.yangcong345.cloud.launcher/com.yangcong345.padmodule.home.main.PadHomeActivity} Window{400a8e u0 com.android.systemui.ImageWallpaper}
04-18 11:11:10.137   898   957 I InputDispatcher: setInputWindows displayId=0 Window{26d385e u0 NavigationBar0} Window{367127 u0 StatusBar} recents_animation_input_consumer Window{9588175 u0 com.yangcong345.cloud.launcher/com.yangcong345.padmodule.home.main.PadHomeActivity} Window{400a8e u0 com.android.systemui.ImageWallpaper}
04-18 11:11:10.144   733   772 I Proximity: distance = 2
04-18 11:11:10.154   898   957 I InputDispatcher: setInputWindows displayId=0 Window{26d385e u0 NavigationBar0} Window{367127 u0 StatusBar} recents_animation_input_consumer Window{9588175 u0 com.yangcong345.cloud.launcher/com.yangcong345.padmodule.home.main.PadHomeActivity} Window{400a8e u0 com.android.systemui.ImageWallpaper}
04-18 11:11:10.170   898  3198 I InputDispatcher: setInputWindows displayId=0 Window{26d385e u0 NavigationBar0} Window{367127 u0 StatusBar} recents_animation_input_consumer Window{9588175 u0 com.yangcong345.cloud.launcher/com.yangcong345.padmodule.home.main.PadHomeActivity} Window{400a8e u0 com.android.systemui.ImageWallpaper}
04-18 11:11:10.186   898  3198 I InputDispatcher: setInputWindows displayId=0 Window{26d385e u0 NavigationBar0} Window{367127 u0 StatusBar} recents_animation_input_consumer Window{9588175 u0 com.yangcong345.cloud.launcher/com.yangcong345.padmodule.home.main.PadHomeActivity} Window{400a8e u0 com.android.systemui.ImageWallpaper}
04-18 11:11:10.202   898   957 I InputDispatcher: setInputWindows displayId=0 Window{26d385e u0 NavigationBar0} Window{367127 u0 StatusBar} recents_animation_input_consumer Window{9588175 u0 com.yangcong345.cloud.launcher/com.yangcong345.padmodule.home.main.PadHomeActivity} Window{400a8e u0 com.android.systemui.ImageWallpaper}
04-18 11:11:10.235   898   957 I chatty  : uid=1000(system) Binder:898_3 identical 2 lines
04-18 11:11:10.252   898   957 I InputDispatcher: setInputWindows displayId=0 Window{26d385e u0 NavigationBar0} Window{367127 u0 StatusBar} recents_animation_input_consumer Window{9588175 u0 com.yangcong345.cloud.launcher/com.yangcong345.padmodule.home.main.PadHomeActivity} Window{400a8e u0 com.android.systemui.ImageWallpaper}
04-18 11:11:10.268   898  3198 I InputDispatcher: setInputWindows displayId=0 Window{26d385e u0 NavigationBar0} Window{367127 u0 StatusBar} recents_animation_input_consumer Window{9588175 u0 com.yangcong345.cloud.launcher/com.yangcong345.padmodule.home.main.PadHomeActivity} Window{400a8e u0 com.android.systemui.ImageWallpaper}
04-18 11:11:10.317   898  3198 I chatty  : uid=1000(system) Binder:898_B identical 3 lines
04-18 11:11:10.334   898  3198 I InputDispatcher: setInputWindows displayId=0 Window{26d385e u0 NavigationBar0} Window{367127 u0 StatusBar} recents_animation_input_consumer Window{9588175 u0 com.yangcong345.cloud.launcher/com.yangcong345.padmodule.home.main.PadHomeActivity} Window{400a8e u0 com.android.systemui.ImageWallpaper}
04-18 11:11:10.348   733   772 I Proximity: distance = 2
04-18 11:11:10.350   898   911 I InputDispatcher: setInputWindows displayId=0 Window{26d385e u0 NavigationBar0} Window{367127 u0 StatusBar} recents_animation_input_consumer Window{9588175 u0 com.yangcong345.cloud.launcher/com.yangcong345.padmodule.home.main.PadHomeActivity} Window{400a8e u0 com.android.systemui.ImageWallpaper}
