03-28 11:47:57.524 11928 12016 D OK-HTTP : lottiefiles.com/packages/lf20_dfjv6fw3.json","clickNavTabPosition":"myzone"}}},"newTabBarConfig":{"itemBGI":{"phone":"https://fp.yangcong345.com/middle/1.0.3/bg_item_lottie_selected.png","pad":"https://fp.yangcong345.com/middle/1.0.3/bg_item_lottie_selected_pad.png"},"default":{"tabDiscovery":{"url":"https://7to12-stage.yangcong345.com/study-app/tabLife/tabLife","lottiePhone":"https://fp.yangcong345.com/middle/1.0.3/tabbar_treasure_phone.json","lottiePad":"https://fp.yangcong345.com/middle/1.0.3/tabbar_treasure_pad.json","lottiePhoneVip":"https://fp.yangcong345.com/middle/1.0.3/tabbar_treasure_phone.json","lottiePadVip":"https://fp.yangcong345.com/middle/1.0.3/tabbar_treasure_pad.json","clickNavTabPosition":"discovery"},"tabStudy":{"url":"https://7to12-stage.yangcong345.com/study-experience/study","lottiePhone":"https://fp.yangcong345.com/middle/1.0.3/tabbar_study_phone.json","lottiePad":"https://fp.yangcong345.com/middle/1.0.3/tabbar_study_pad.json","lottiePhoneVip":"https://fp.yangcong345.com/middle/1.0.3/tabbar_study_phone.json","lottiePadVip":"https://fp.yangcong345.com/middle/1.0.3/tabbar_study_pad.json","clickNavTabPosition":"learn"},"tabExperience":{"url":"https://7to12-stage.yangcong345.com/study-app/tabStudyCompany","lottiePhone":"https://fp.yangcong345.com/middle/1.0.3/tabbar_social_phone.json","lottiePad":"https://fp.yangcong345.com/middle/1.0.3/tabbar_social_pad.json","lottiePhoneVip":"https://fp.yangcong345.com/middle/1.0.3/tabbar_social_phone.json","lottiePadVip":"https://fp.yangcong345.com/middle/1.0.3/tabbar_social_pad.json","clickNavTabPosition":"learntogether"},"tabGrowth":{"url":"https://7to12-stage.yangcong345.com/study-app/tabGrowth","lottiePhone":"https://fp.yangcong345.com/middle/1.0.3/tabbar_growth_phone.json","lottiePad":"https://fp.yangcong345.com/middle/1.0.3/tabbar_growth_pad.json","lottiePhoneVip":"https://fp.yangcong345.com/middle/1.0.3/tabbar_growth_phone.json","lottiePadVip":"https://fp.yangcong345.com/middle/1.0.3/tabbar_growth_pad.json","clickNavTabPosition":"growup"},"tabMine":{"url":"/userCenter/UserCenterFragment","lottiePhone":"https://fp.yangcong345.com/middle/1.0.3/tabbar_mine_phone.json","lottiePad":"https://fp.yangcong345.com/middle/1.0.3/tabbar_mine_pad.json","lottiePhoneVip":"","lottiePadVip":"https://fp.yangcong345.com/middle/1.0.3/tabbar_mine_pad.json","clickNavTabPosition":"myzone"}}},"clockSwitch":{"key":"[\"finalClock\", \"resumeClassClock\", \"weekFreeTaskClock\", \"termBegin\"]","close":"false"},"marketGradeDialog":{"show":true,"supportChannel":[{"channel":"huawei","deepLink":""},{"channel":"oppokeke","deepLink":""},{"channel":"vivo","deepLink":""},{"channel":"xiaomi","deepLink":""}]},"taskEntrance":{"h5Switch":"false","taskH5Url":"http://test.yangcong345.com/student_app/task"},"appUrlMaps2":{"tabStudy":"https://7to12-stage.yangcong345.com/study-experience/study/tab?schoolYear={schoolYear}","tabExperience":"https://7to12-stage.yangcong345.com/study-app/tabStudyCompany","tabDiscovery":"https://7to12-stage.yangcong345.com/study-app/tabLife/tabLife","addressPage":"https
03-28 11:47:57.524 11928 12016 D OK-HTTP : ://7to12-stage.yangcong345.com/middle-resident/address-page","setSchool":"https://7to12-stage.yangcong345.com/mobileH5V2-mobile-set-school-info.html?schoolYear={schoolYear}","bindMail":"https://7to12-stage.yangcong345.com/mobileH5V2-mobile-mail.html?omvd={omvd}","bindPhone":"https://7to12-stage.yangcong345.com/mobileH5V2-mobile-bind-phone.html?omvd={omvd}","setPassword":"https://7to12-stage.yangcong345.com/mobileH5V2-mobile-password.html","userAgreement":"https://7to12-stage.yangcong345.com/mobileH5V2-mobile-user-agreement.html","messageCenter":"https://7to12-stage.yangcong345.com/mobileH5V2-message-center.html?channel={channel}","wrongBook":"https://7to12-stage.yangcong345.com/student_app/wrong-book?practiceScene=wrongTest","myFavorites":"https://7to12-stage.yangcong345.com/student_app/problem-favorites?subjectId={subjectId}&stageId={stageId}&publisherId={publisherId}&semesterId={semesterId}","purchaseHistory":"https://7to12-stage.yangcong345.com/middle-resident/purchase-history?c_hideBottomHistoryBar=true","myOnionCoin":"https://7to12-stage.yangcong345.com/study-experience/UserCenter/OnionCoin","myWelfare":"https://7to12-stage.yangcong345.com/activity/welfare","parentMode":"https://7to12-stage.yangcong345.com/parent-app-parent-mode.html","fqa":"https://7to12-stage.yangcong345.com/mobileH5V2-mobile-faq.html","setNickName":"https://7to12-stage.yangcong345.com/mobileH5V2-set-nickname.html","myPowerView":"https://7to12-stage.yangcong345.com/capacityH5-powerView.html","satisfactionSurvey":"https://7to12-stage.yangcong345.com/ZXH5-satisfaction-survey.html","cdnTest":"https://7to12-stage.yangcong345.com/mobileH5V2-cdn_test.html","messageFeedback":"https://7to12-stage.yangcong345.com/mobileH5V2-message-feedback.html","teacherLogin":"https://7to12-stage.yangcong345.com/teacherH5.html#/teacherWelcomeLoginUser"},"diagnosisSceneConfig":{"v5":{"isOpen":true,"netType":"wifi","clearLogDb":false,"clearSlsDb":false,"enableDbCache":true,"closeAlyDbDeviceList":["BZC-W00"],"slsBlackDevices":[],"scene":[{"sceneName":"test D","sceneId":"xxxxxx","matchConfig":{"priorityCondition":{"userIds":["android_test_ys"]}},"uploadConfig":{"logRangeDays":2}}]}},"KratosPageList":{"kratosPageList":[{"pageName":"demonstration","dsl":{"version":"1.1","md5":"d32h89hr9458hf295","url":"http://10.8.2.58:8888/learn_dsl_v2.json"},"code":{"version":"1.2","md5":"d32h89hr9458hf285","url":"http://10.8.2.58:8888/study_v2.js"}}]},"videoConfig":{"diagnose":{"uid":"617a61e2fcd8420001ff9a40","videoId":"a87776da-b71b-11ec-b564-075496f46c87","headerPath":"/data/user/0/com.yangcong345.android.phone/files/SubVideo/C790FB653559D5C0CA9BF800054B2C92","deviceBrand":"Xiaomi","deviceModel":"M2011K2C","ignoreRepeat":false,"ignoreNetType":false},"androidConfig":{"userUrl":false,"autoRefresh":false,"student":{"useUrl":true,"autoRefresh":false,"enablePad":false,"maxVersionCode":0,"timeSuffix":[0,1,2,3,4,5]},"school":{"useUrl":true,"autoRefresh":false,"enablePad":false,"maxVersionCode":0},"teacher":{"useUrl":true,"autoRefresh":false,"enablePad":false,"maxVersionCode":0}}},"webviewMo
03-28 11:47:57.524 11928 12016 D OK-HTTP : nitorConfig":{"captureTime":2000,"ratio":75},"ignoreToken2":{"ignore":true}},"description":"Android统一开关配置平台","status":1,"isDeleted":0,"createTime":"2022-06-24T09:15:15.224Z","createBy":"7ce78048-69c0-4674-831d-0bf3b1f4706d","updateTime":"2023-11-28T06:54:24.621Z","updateBy":"c4b00776-a28b-4d0f-8ef0-d6a35b178528","whiteList":null,"name":"task","groupDescription":"任务"}
03-28 11:47:57.524 11928 12016 D OK-HTTP :
03-28 11:47:57.529 11928 11928 I wm_on_start_called: [66794160,com.yangcong345.main.phone.splash.SplashActivity,handleStartActivity]
03-28 11:47:57.530   970  1677 D hookLogPlugin: PackageManagerService.shouldFilterApplicationLocked:不执行原方法,跳过检测ContentProvider权限false
03-28 11:47:57.530   970  1677 I chatty  : uid=1000(system) Binder:970_7 identical 2 lines
03-28 11:47:57.530   970  1677 D hookLogPlugin: PackageManagerService.shouldFilterApplicationLocked:不执行原方法,跳过检测ContentProvider权限false
03-28 11:47:57.531   970  2394 I InputDispatcher: setInputWindows displayId=0 Window{79c8145 u0 NavigationBar0} Window{1d318ff u0 StatusBar} Window{2b7ffc5 u0 Splash Screen com.yangcong345.android.phone} recents_animation_input_consumer com.android.launcher3/com.android.launcher3.uioverrides.QuickstepLauncher#0 Window{e9aebfb u0 com.android.systemui.ImageWallpaper}
03-28 11:47:57.531   970  2394 I InputDispatcher: setInputWindows displayId=3 Window{d10e46c u0 com.qihoo360.mobilesafe}
03-28 11:47:57.531   970  2394 I InputDispatcher: setInputWindows displayId=4 Window{4913713 u0 com.qihoo360.mobilesafe}
03-28 11:47:57.532 11928 11928 D tag     : EyeProtectionHandler onActivityResumed isShowEyeProtectionTip = false activity = com.yangcong345.main.phone.splash.SplashActivity@e6d2a9a
03-28 11:47:57.532 11928 11928 I wm_on_resume_called: [66794160,com.yangcong345.main.phone.splash.SplashActivity,RESUME_ACTIVITY]
03-28 11:47:57.534   970  2394 D hookLogPlugin: PackageManagerService.shouldFilterApplicationLocked:不执行原方法,跳过检测ContentProvider权限false
03-28 11:47:57.535   970  2394 I chatty  : uid=1000(system) Binder:970_B identical 4 lines
03-28 11:47:57.535   970  2394 D hookLogPlugin: PackageManagerService.shouldFilterApplicationLocked:不执行原方法,跳过检测ContentProvider权限false
03-28 11:47:57.536 11928 11928 I SurfaceFactory: [static] sSurfaceFactory = com.mediatek.view.impl.SurfaceFactoryImpl@29bcf78
03-28 11:47:57.536   585  1024 I SurfaceFlinger: [SF client] NEW(0xb40000719641f430) for (11928:com.yangcong345.android.phone)
03-28 11:47:57.536 11928 12003 I MMKV    : <MMKV_IO.cpp:372::ensureMemorySize> extending [yc_shared_prefer] file size from 4096 to 16384, incoming size:1551, future usage:12472
03-28 11:47:57.536 11928 12003 I MMKV    : <MMKV_IO.cpp:456::writeActualSize> [yc_shared_prefer] increase sequence to 1, crc 1285129681, actualSize 4
03-28 11:47:57.540   970  2394 D hookLogPlugin: PackageManagerService.shouldFilterApplicationLocked:不执行原方法,跳过检测ContentProvider权限false
03-28 11:47:57.540   970  2394 I chatty  : uid=1000(system) Binder:970_B identical 2 lines
03-28 11:47:57.540   970  2394 D hookLogPlugin: PackageManagerService.shouldFilterApplicationLocked:不执行原方法,跳过检测ContentProvider权限false
03-28 11:47:57.541 11928 11928 D ViewRootImpl[SplashActivity]: hardware acceleration = true , fakeHwAccelerated = false, sRendererDisabled = false, forceHwAccelerated = false, sSystemRendererDisabled = false
03-28 11:47:57.543   585  1024 I SurfaceFlinger: [SF client] NEW(0xb40000719642c550) for (970:system_server)
03-28 11:47:57.546 11928 11928 I InputTransport: Create ARC handle: 0xb400006eaa6f9500
03-28 11:47:57.547   970  2394 I InputDispatcher: setInputWindows displayId=0 Window{79c8145 u0 NavigationBar0} Window{1d318ff u0 StatusBar} Window{2b7ffc5 u0 Splash Screen com.yangcong345.android.phone} recents_animation_input_consumer com.android.launcher3/com.android.launcher3.uioverrides.QuickstepLauncher#0 Window{e9aebfb u0 com.android.systemui.ImageWallpaper}
03-28 11:47:57.547   970  2394 I InputDispatcher: setInputWindows displayId=3 Window{d10e46c u0 com.qihoo360.mobilesafe}
03-28 11:47:57.547   970  2394 I InputDispatcher: setInputWindows displayId=4 Window{4913713 u0 com.qihoo360.mobilesafe}
03-28 11:47:57.547   970  2833 D hookLogPlugin: PackageManagerService.shouldFilterApplicationLocked:不执行原方法,跳过检测ContentProvider权限false
03-28 11:47:57.549 11928 12003 I Preload : 获取到预加载开关：PreLoadDataResponse(staticResList=[StaticResEntity(sort=0, url=https://fp.yangcong345.com/middle/7.10.5/polyfill.min.js), StaticResEntity(sort=0, url=https://fp.yangcong345.com/middle/0.7.0/intersection-observer.min.js), StaticResEntity(sort=0, url=https://fp.yangcong345.com/middle/1.0.0/scrollingElementPolyfill.js), StaticResEntity(sort=0, url=https://fp.yangcong345.com/middle/1.0.1/skeleton.js), StaticResEntity(sort=0, url=https://fp.yangcong345.com/middle/2.6.12/vue.js), StaticResEntity(sort=0, url=https://fp.yangcong345.com/middle/3.4.7/vue-router.min.js), StaticResEntity(sort=0, url=https://fp.yangcong345.com/middle/3.5.1/vuex.min.js), StaticResEntity(sort=0, url=https://fp.yangcong345.com/middle/0.6.0/YCWebViewBridge.js), StaticResEntity(sort=0, url=https://fp.yangcong345.com/middle/1.8.29/dayjs.min.js), StaticResEntity(sort=0, url=https://fp.yangcong345.com/middle/0.19.2/axios.min.js), StaticResEntity(sort=0, url=https://fp.yangcong345.com/middle/4.0.0/crypto.min.js), StaticResEntity(sort=0, url=https://fp.yangcong345.com/middle/2.1.0/onion-utils.min.js), StaticResEntity(sort=0, url=https://fp.yangcong345.com/middle/5.3.7/swiper.min.js), StaticResEntity(sort=1, url=https://fp.yangcong345.com/middle/2.4.36/onion-task.min.js), StaticResEntity(sort=1, url=https://fp.yangcong345.com/middle/1.0.0/vue-lazyload.js), StaticResEntity(sort=1, url=https://fp.yangcong345.com/tqxb5exvttg8zhfhxxv79wubnyd2h30q.png), StaticResEntity(sort=1, url=https://fp.yangcong345.com/0rxzeg5mx18d87zd0dty984hz5f3ezcz.png), StaticResEntity(sort=1, url=https://fp.yangcong345.com/8wgewu4adrfku2uz6fazm32vw2rhneb4.png), StaticResEntity(sort=1, url=https://fp.yangcong345.com/r6qqkkw3mw0aa69ktc1k161ptvuwb3uw.png), StaticResEntity(sort=1, url=https://fp.yangcong345.com/middle/1.0.0/hot_function_bg@3x.png)], dynamicData=DynamicData(apiList=[com.yangcong345.webpage.preload.Api@ca5059a, com.yangcong345.webpage.preload.Api@9147ecb, com.yangcong345.webpage.preload.Api@85e06a8], htmlList=[]), httpCache=HttpCache(apiCacheEnable=true, otherCacheEnable=true, preLoadUrl=null, blackList=[], systemVersion=23, interceptorList=null, okHttpCache=null, oldResCache=null, oldHtmlCacheEnable=null))
03-28 11:47:57.549 11928 11928 V PhoneWindow: DecorView setVisiblity: visibility = 0, Parent = android.view.ViewRootImpl@40035c1, this = DecorView@8bde166[SplashActivity]
03-28 11:47:57.549 11928 11928 I wm_on_top_resumed_gained_called: [66794160,com.yangcong345.main.phone.splash.SplashActivity,topStateChangedWhenResumed]
03-28 11:47:57.550 11928 12004 I preLoadWebView: 资源拦截url:[/study-app/tabLife/tabLife, /study-experience/study, /study-app/tabStudyCompany, /study-app/tabGrowth, /userCenter/UserCenterFragment, null],true,false,false
03-28 11:47:57.552   970  2833 D hookLogPlugin: PackageManagerService.shouldFilterApplicationLocked:不执行原方法,跳过检测ContentProvider权限false
03-28 11:47:57.552   970  2833 D hookLogPlugin: PackageManagerService.shouldFilterApplicationLocked:不执行原方法,跳过检测ContentProvider权限false
03-28 11:47:57.555 11928 11928 D CompatibilityChangeReporter: Compat change id reported: 147798919; UID 10125; state: ENABLED
03-28 11:47:57.556   970  2833 D hookLogPlugin: PackageManagerService.shouldFilterApplicationLocked:不执行原方法,跳过检测ContentProvider权限false
03-28 11:47:57.558 11928 11928 D HraManager: hra getToastBlackList
03-28 11:47:57.558   970  2833 V HraManagerService: -->getToastBlackList
03-28 11:47:57.558 11928 11928 E Toast   : Toast--->show(),pkg BList,is:[[]]
03-28 11:47:57.559   970  2833 D hookLogPlugin: PackageManagerService.shouldFilterApplicationLocked:不执行原方法,跳过检测ContentProvider权限false
03-28 11:47:57.560   970  2833 I chatty  : uid=1000(system) Binder:970_18 identical 6 lines
03-28 11:47:57.562   970  2833 D hookLogPlugin: PackageManagerService.shouldFilterApplicationLocked:不执行原方法,跳过检测ContentProvider权限false
03-28 11:47:57.563   970  2394 I InputDispatcher: setInputWindows displayId=0 Window{79c8145 u0 NavigationBar0} Window{1d318ff u0 StatusBar} Window{2b7ffc5 u0 Splash Screen com.yangcong345.android.phone} recents_animation_input_consumer com.android.launcher3/com.android.launcher3.uioverrides.QuickstepLauncher#0 Window{e9aebfb u0 com.android.systemui.ImageWallpaper}
03-28 11:47:57.563   970  2394 I InputDispatcher: setInputWindows displayId=3 Window{d10e46c u0 com.qihoo360.mobilesafe}
03-28 11:47:57.563   970  2394 I InputDispatcher: setInputWindows displayId=4 Window{4913713 u0 com.qihoo360.mobilesafe}
03-28 11:47:57.568   585   629 I SurfaceFlinger: [SF client] NEW(0xb40000719642b4b0) for (1326:com.android.systemui)
03-28 11:47:57.569  1326  1326 D ViewRootImpl[Toast]: hardware acceleration = true , fakeHwAccelerated = false, sRendererDisabled = false, forceHwAccelerated = false, sSystemRendererDisabled = false
03-28 11:47:57.570   970  2833 D hookLogPlugin: PackageManagerService.shouldFilterApplicationLocked:不执行原方法,跳过检测ContentProvider权限false
03-28 11:47:57.573  1326  1326 I InputTransport: Create ARC handle: 0xb400006eaa768f20
03-28 11:47:57.575   970  2833 D hookLogPlugin: PackageManagerService.shouldFilterApplicationLocked:不执行原方法,跳过检测ContentProvider权限false
03-28 11:47:57.579   970  2394 I InputDispatcher: setInputWindows displayId=0 Window{79c8145 u0 NavigationBar0} Window{1d318ff u0 StatusBar} Window{2b7ffc5 u0 Splash Screen com.yangcong345.android.phone} recents_animation_input_consumer com.android.launcher3/com.android.launcher3.uioverrides.QuickstepLauncher#0 Window{e9aebfb u0 com.android.systemui.ImageWallpaper}
03-28 11:47:57.579   970  2394 I InputDispatcher: setInputWindows displayId=3 Window{d10e46c u0 com.qihoo360.mobilesafe}
03-28 11:47:57.579   970  2394 I InputDispatcher: setInputWindows displayId=4 Window{4913713 u0 com.qihoo360.mobilesafe}
03-28 11:47:57.581   585   629 I BufferQueueConsumer: [](id:24900000122,api:0,p:-1,c:585) connect(): controlledByApp=false
03-28 11:47:57.581   585   629 I BufferQueue: [unnamed-585-290](this:0xb400007246624c08,id:290,api:0,p:-1,c:-1) BufferQueue core=(585:/system/bin/surfaceflinger)
03-28 11:47:57.585   585   629 I BufferQueueProducer: [Toast#0](id:24900000122,api:1,p:1326,c:585) connect(): api=1 producerControlledByApp=false
03-28 11:47:57.590   970  2833 I WindowManager: Relayout Window{32a432 u0 com.yangcong345.android.phone/com.yangcong345.main.phone.splash.SplashActivity}: oldVis=4 newVis=0 focusMayChange = true
03-28 11:47:57.593 11874 11874 I Monkey  : :Sending Touch (ACTION_DOWN): 0:(876.0,964.0)
03-28 11:47:57.594   585   629 I BufferQueueConsumer: [](id:24900000123,api:0,p:-1,c:585) connect(): controlledByApp=false
03-28 11:47:57.594   585   629 I BufferQueue: [unnamed-585-291](this:0xb400007246662fe8,id:291,api:0,p:-1,c:-1) BufferQueue core=(585:/system/bin/surfaceflinger)
03-28 11:47:57.595   970  2755 D hookLogPlugin: PackageManagerService.shouldFilterApplicationLocked:不执行原方法,跳过检测ContentProvider权限false
03-28 11:47:57.595   564   608 I libPowerHal: [perfLockAcq] idx:3 hdl:115 hint:25 pid:564 duration:10000 => ret_hdl:115
03-28 11:47:57.595   564   608 I libPowerHal: [PE] scn:3 hdl:115 hint:25 comm:mtkpower@1.0-se pid:564
03-28 11:47:57.595   970  2755 D hookLogPlugin: PackageManagerService.shouldFilterApplicationLocked:不执行原方法,跳过检测ContentProvider权限false
03-28 11:47:57.595   564   608 I libPowerHal: [PE] MTKPOWER_HINT_APP_TOUCH update cmd:3408600 param:1
03-28 11:47:57.595   970  2755 D hookLogPlugin: PackageManagerService.shouldFilterApplicationLocked:不执行原方法,跳过检测ContentProvider权限false
03-28 11:47:57.595   970  2755 D hookLogPlugin: PackageManagerService.shouldFilterApplicationLocked:不执行原方法,跳过检测ContentProvider权限false
03-28 11:47:57.595   970  1677 I InputDispatcher: setInputWindows displayId=0 Window{79c8145 u0 NavigationBar0} Window{1d318ff u0 StatusBar} Window{f40cdf5 u0 Toast} Window{2b7ffc5 u0 Splash Screen com.yangcong345.android.phone} com.yangcong345.android.phone/com.yangcong345.main.phone.splash.SplashActivity#0 recents_animation_input_consumer com.android.launcher3/com.android.launcher3.uioverrides.QuickstepLauncher#0 Window{e9aebfb u0 com.android.systemui.ImageWallpaper}
03-28 11:47:57.595   970  1677 I InputDispatcher: setInputWindows displayId=3 Window{d10e46c u0 com.qihoo360.mobilesafe}
03-28 11:47:57.595   970  1677 I InputDispatcher: setInputWindows displayId=4 Window{4913713 u0 com.qihoo360.mobilesafe}
03-28 11:47:57.597   970  2833 W WindowManager: Changing focus fromnull to Window{32a432 u0 com.yangcong345.android.phone/com.yangcong345.main.phone.splash.SplashActivity} displayId=0 Callers=com.android.server.wm.RootWindowContainer.updateFocusedWindowLocked:457 com.android.server.wm.WindowManagerService.updateFocusedWindowLocked:5611 com.android.server.wm.WindowManagerService.relayoutWindow:2398 com.android.server.wm.Session.relayout:213
03-28 11:47:57.597 11874 11874 I Monkey  : :Sending Touch (ACTION_UP): 0:(876.8796,943.9431)
03-28 11:47:57.598 11874 11874 I Monkey  : Sleeping for 1000 milliseconds
03-28 11:47:57.598   564   608 I libPowerHal: [perfLockRel] hdl:115, idx:3
03-28 11:47:57.598   564   608 I libPowerHal: [PD] scn:3 hdl:115 hint:25 comm:mtkpower@1.0-se pid:564
03-28 11:47:57.598   564   608 I libPowerHal: [PD] MTKPOWER_HINT_APP_TOUCH update cmd:3408600 param:0
03-28 11:47:57.608   397   397 I hwservicemanager: getTransport: Cannot find entry android.hardware.configstore@1.0::ISurfaceFlingerConfigs/default in either framework or device manifest.
03-28 11:47:57.612   970  2833 I InputDispatcher: setInputWindows displayId=0 Window{79c8145 u0 NavigationBar0} Window{1d318ff u0 StatusBar} Window{f40cdf5 u0 Toast} Window{2b7ffc5 u0 Splash Screen com.yangcong345.android.phone} Window{32a432 u0 com.yangcong345.android.phone/com.yangcong345.main.phone.splash.SplashActivity} recents_animation_input_consumer com.android.launcher3/com.android.launcher3.uioverrides.QuickstepLauncher#0 Window{e9aebfb u0 com.android.systemui.ImageWallpaper}
03-28 11:47:57.612   970  2833 I InputDispatcher: Window went away: com.yangcong345.android.phone/com.yangcong345.main.phone.splash.SplashActivity#0
03-28 11:47:57.612   970  2833 I InputDispatcher: setInputWindows displayId=3 Window{d10e46c u0 com.qihoo360.mobilesafe}
03-28 11:47:57.612   970  2833 I InputDispatcher: setInputWindows displayId=4 Window{4913713 u0 com.qihoo360.mobilesafe}
03-28 11:47:57.613   970  1001 D Surface : lockCanvas
03-28 11:47:57.614   547   547 I hwcomposer: [HWCDisplay] [Display_0 (type:1)] fps:60.025146,dur:1016.24,max:92.46,min:4.34
03-28 11:47:57.615   585  1025 I BufferQueueProducer: [com.yangcong345.android.phone/com.yangcong345.main.phone.splash.SplashActivity#0](id:24900000123,api:1,p:11928,c:585) connect(): api=1 producerControlledByApp=false
03-28 11:47:57.617   970  2755 D hookLogPlugin: PackageManagerService.shouldFilterApplicationLocked:不执行原方法,跳过检测ContentProvider权限false
03-28 11:47:57.622   777   797 I Proximity: distance = 2
03-28 11:47:57.623  4358  4358 I android_os_HwBinder: HwBinder: Starting thread pool for getting: vendor.mediatek.hardware.nvram@1.0::INvram/default
03-28 11:47:57.624   565   565 D NVRAM   : NVM_GetLIDByName /mnt/vendor/nvcfg/HWMON_PS
03-28 11:47:57.624   565   565 D NVRAM   : NVRAM: NVM_GetLIDByName Lid =18
03-28 11:47:57.624   565   565 D NVRAM   : NVM_GetFileDesc: Open /mnt/vendor/nvcfg/HWMON_PS,LID:18
03-28 11:47:57.624   565   565 D NVRAM   : NVM_CmpFileVerNo 18
03-28 11:47:57.624   565   565 D NVRAM   : Load File Version: 000, NvRam File Version: 000
03-28 11:47:57.624   565   565 D NVRAM   : NVM_ProtectDataFile : 18 ++
03-28 11:47:57.624   565   565 D NVRAM   : NVM_ProtectUserData:Check Success
03-28 11:47:57.624   565   565 E vendor.mediatek.hardware.nvram@1.1-service: RecNum is 1
03-28 11:47:57.625 11928 12006 E ion     : ioctl c0044901 failed with code -1: Invalid argument
03-28 11:47:57.626   565   565 D NVRAM   : NVM_CloseFileDesc: Open by Readonly, no need to check when close
03-28 11:47:57.626   565   565 D NVRAM   : Read Done!Size is 4
03-28 11:47:57.626   565   565 D NVRAM   : nvramstr 00000108
03-28 11:47:57.626   565   565 D NVRAM   :
03-28 11:47:57.626  4358  4358 I ProximityService: --->readFileByName--->Succeed
03-28 11:47:57.626  4358  4358 D SENSOR-JNI: zt Enter getPsensorData()
03-28 11:47:57.626  4358  4358 D SENSOR-JNI: zt getPsensorData() returned 18
03-28 11:47:57.626  4358  4358 I ProximityService: getData -->18--- thresholdValue --->264
03-28 11:47:57.627  4358  4358 W ContextImpl: Calling a method in the system process without a qualified user: android.app.ContextImpl.stopService:1681 android.content.ContextWrapper.stopService:730 com.android.settings.hraservice.ProximityService.setSleepOrWakeup:161 com.android.settings.hraservice.ProximityService.uploadPDate:283 com.android.settings.hraservice.ProximityService.access$100:46
03-28 11:47:57.627   970  2833 I InputDispatcher: setInputWindows displayId=0 Window{79c8145 u0 NavigationBar0} Window{1d318ff u0 StatusBar} Window{f40cdf5 u0 Toast} Window{2b7ffc5 u0 Splash Screen com.yangcong345.android.phone} Window{32a432 u0 com.yangcong345.android.phone/com.yangcong345.main.phone.splash.SplashActivity} recents_animation_input_consumer com.android.launcher3/com.android.launcher3.uioverrides.QuickstepLauncher#0 Window{e9aebfb u0 com.android.systemui.ImageWallpaper}
03-28 11:47:57.628   970  2833 I InputDispatcher: setInputWindows displayId=3 Window{d10e46c u0 com.qihoo360.mobilesafe}
03-28 11:47:57.628   970  2833 I InputDispatcher: setInputWindows displayId=4 Window{4913713 u0 com.qihoo360.mobilesafe}
03-28 11:47:57.628   970  2755 D hookLogPlugin: PackageManagerService.shouldFilterApplicationLocked:不执行原方法,跳过检测ContentProvider权限false
03-28 11:47:57.628   970  2755 D hookLogPlugin: PackageManagerService.shouldFilterApplicationLocked:不执行原方法,跳过检测ContentProvider权限false
03-28 11:47:57.644   970  2755 I InputDispatcher: setInputWindows displayId=0 Window{79c8145 u0 NavigationBar0} Window{1d318ff u0 StatusBar} Window{f40cdf5 u0 Toast} Window{2b7ffc5 u0 Splash Screen com.yangcong345.android.phone} Window{32a432 u0 com.yangcong345.android.phone/com.yangcong345.main.phone.splash.SplashActivity} recents_animation_input_consumer com.android.launcher3/com.android.launcher3.uioverrides.QuickstepLauncher#0 Window{e9aebfb u0 com.android.systemui.ImageWallpaper}
03-28 11:47:57.644   970  2755 I InputDispatcher: setInputWindows displayId=3 Window{d10e46c u0 com.qihoo360.mobilesafe}
03-28 11:47:57.644   970  2755 I InputDispatcher: setInputWindows displayId=4 Window{4913713 u0 com.qihoo360.mobilesafe}
03-28 11:47:57.660   970  2755 I InputDispatcher: setInputWindows displayId=0 Window{79c8145 u0 NavigationBar0} Window{1d318ff u0 StatusBar} Window{f40cdf5 u0 Toast} Window{2b7ffc5 u0 Splash Screen com.yangcong345.android.phone} Window{32a432 u0 com.yangcong345.android.phone/com.yangcong345.main.phone.splash.SplashActivity} recents_animation_input_consumer com.android.launcher3/com.android.launcher3.uioverrides.QuickstepLauncher#0 Window{e9aebfb u0 com.android.systemui.ImageWallpaper}
03-28 11:47:57.660   970  2755 I InputDispatcher: setInputWindows displayId=3 Window{d10e46c u0 com.qihoo360.mobilesafe}
03-28 11:47:57.660   970  2755 I InputDispatcher: setInputWindows displayId=4 Window{4913713 u0 com.qihoo360.mobilesafe}
03-28 11:47:57.676   970  2755 I InputDispatcher: setInputWindows displayId=0 Window{79c8145 u0 NavigationBar0} Window{1d318ff u0 StatusBar} Window{f40cdf5 u0 Toast} Window{2b7ffc5 u0 Splash Screen com.yangcong345.android.phone} Window{32a432 u0 com.yangcong345.android.phone/com.yangcong345.main.phone.splash.SplashActivity} recents_animation_input_consumer com.android.launcher3/com.android.launcher3.uioverrides.QuickstepLauncher#0 Window{e9aebfb u0 com.android.systemui.ImageWallpaper}
03-28 11:47:57.676   970  2755 I InputDispatcher: setInputWindows displayId=3 Window{d10e46c u0 com.qihoo360.mobilesafe}
03-28 11:47:57.676   970  2755 I InputDispatcher: setInputWindows displayId=4 Window{4913713 u0 com.qihoo360.mobilesafe}
03-28 11:47:57.685   970  1001 D Surface : lockCanvas
03-28 11:47:57.694   970  2755 I InputDispatcher: setInputWindows displayId=0 Window{79c8145 u0 NavigationBar0} Window{1d318ff u0 StatusBar} Window{f40cdf5 u0 Toast} Window{2b7ffc5 u0 Splash Screen com.yangcong345.android.phone} Window{32a432 u0 com.yangcong345.android.phone/com.yangcong345.main.phone.splash.SplashActivity} recents_animation_input_consumer com.android.launcher3/com.android.launcher3.uioverrides.QuickstepLauncher#0 Window{e9aebfb u0 com.android.systemui.ImageWallpaper}
03-28 11:47:57.694   970  2755 I InputDispatcher: setInputWindows displayId=3 Window{d10e46c u0 com.qihoo360.mobilesafe}
03-28 11:47:57.694   970  2755 I InputDispatcher: setInputWindows displayId=4 Window{4913713 u0 com.qihoo360.mobilesafe}
03-28 11:47:57.708   970  2755 I InputDispatcher: setInputWindows displayId=0 Window{79c8145 u0 NavigationBar0} Window{1d318ff u0 StatusBar} Window{f40cdf5 u0 Toast} Window{2b7ffc5 u0 Splash Screen com.yangcong345.android.phone} Window{32a432 u0 com.yangcong345.android.phone/com.yangcong345.main.phone.splash.SplashActivity} recents_animation_input_consumer com.android.launcher3/com.android.launcher3.uioverrides.QuickstepLauncher#0 Window{e9aebfb u0 com.android.systemui.ImageWallpaper}
03-28 11:47:57.708   970  2755 I InputDispatcher: setInputWindows displayId=3 Window{d10e46c u0 com.qihoo360.mobilesafe}
03-28 11:47:57.708   970  2755 I InputDispatcher: setInputWindows displayId=4 Window{4913713 u0 com.qihoo360.mobilesafe}
03-28 11:47:57.724   970  2755 I InputDispatcher: setInputWindows displayId=0 Window{79c8145 u0 NavigationBar0} Window{1d318ff u0 StatusBar} Window{f40cdf5 u0 Toast} Window{2b7ffc5 u0 Splash Screen com.yangcong345.android.phone} Window{32a432 u0 com.yangcong345.android.phone/com.yangcong345.main.phone.splash.SplashActivity} recents_animation_input_consumer com.android.launcher3/com.android.launcher3.uioverrides.QuickstepLauncher#0 Window{e9aebfb u0 com.android.systemui.ImageWallpaper}
03-28 11:47:57.725   970  2755 I InputDispatcher: setInputWindows displayId=3 Window{d10e46c u0 com.qihoo360.mobilesafe}
03-28 11:47:57.725   970  2755 I InputDispatcher: setInputWindows displayId=4 Window{4913713 u0 com.qihoo360.mobilesafe}
03-28 11:47:57.740   970  2755 I InputDispatcher: setInputWindows displayId=0 Window{79c8145 u0 NavigationBar0} Window{1d318ff u0 StatusBar} Window{f40cdf5 u0 Toast} Window{2b7ffc5 u0 Splash Screen com.yangcong345.android.phone} Window{32a432 u0 com.yangcong345.android.phone/com.yangcong345.main.phone.splash.SplashActivity} recents_animation_input_consumer com.android.launcher3/com.android.launcher3.uioverrides.QuickstepLauncher#0 Window{e9aebfb u0 com.android.systemui.ImageWallpaper}
03-28 11:47:57.741   970  2755 I InputDispatcher: setInputWindows displayId=3 Window{d10e46c u0 com.qihoo360.mobilesafe}
03-28 11:47:57.741   970  2755 I InputDispatcher: setInputWindows displayId=4 Window{4913713 u0 com.qihoo360.mobilesafe}
03-28 11:47:57.743   970  2755 D YSQ     : checkQueryAllPackages type: queryIntentActivities, pkgName: com.qihoo360.mobilesafe, callingUid: 10090
03-28 11:47:57.743   970  2755 D HraManager: hra getBlackIntentActionList
03-28 11:47:57.744   970  2755 D hookLogPlugin: PackageManagerService.shouldFilterApplicationLocked:不执行原方法,跳过检测ContentProvider权限false
03-28 11:47:57.747   970  2755 I chatty  : uid=1000(system) Binder:970_12 identical 16 lines
03-28 11:47:57.748   970  2755 D hookLogPlugin: PackageManagerService.shouldFilterApplicationLocked:不执行原方法,跳过检测ContentProvider权限false
03-28 11:47:57.757   970  2833 I InputDispatcher: setInputWindows displayId=0 Window{79c8145 u0 NavigationBar0} Window{1d318ff u0 StatusBar} Window{f40cdf5 u0 Toast} Window{2b7ffc5 u0 Splash Screen com.yangcong345.android.phone} Window{32a432 u0 com.yangcong345.android.phone/com.yangcong345.main.phone.splash.SplashActivity} recents_animation_input_consumer com.android.launcher3/com.android.launcher3.uioverrides.QuickstepLauncher#0 Window{e9aebfb u0 com.android.systemui.ImageWallpaper}
03-28 11:47:57.757   970  2833 I InputDispatcher: setInputWindows displayId=3 Window{d10e46c u0 com.qihoo360.mobilesafe}
03-28 11:47:57.757   970  2833 I InputDispatcher: setInputWindows displayId=4 Window{4913713 u0 com.qihoo360.mobilesafe}
03-28 11:47:57.773   970  2833 I InputDispatcher: setInputWindows displayId=0 Window{79c8145 u0 NavigationBar0} Window{1d318ff u0 StatusBar} Window{f40cdf5 u0 Toast} Window{2b7ffc5 u0 Splash Screen com.yangcong345.android.phone} Window{32a432 u0 com.yangcong345.android.phone/com.yangcong345.main.phone.splash.SplashActivity} recents_animation_input_consumer com.android.launcher3/com.android.launcher3.uioverrides.QuickstepLauncher#0 Window{e9aebfb u0 com.android.systemui.ImageWallpaper}
03-28 11:47:57.773   970  2833 I InputDispatcher: setInputWindows displayId=3 Window{d10e46c u0 com.qihoo360.mobilesafe}
03-28 11:47:57.773   970  2833 I InputDispatcher: setInputWindows displayId=4 Window{4913713 u0 com.qihoo360.mobilesafe}
03-28 11:47:57.789   970  2833 I InputDispatcher: setInputWindows displayId=0 Window{79c8145 u0 NavigationBar0} Window{1d318ff u0 StatusBar} Window{f40cdf5 u0 Toast} Window{2b7ffc5 u0 Splash Screen com.yangcong345.android.phone} Window{32a432 u0 com.yangcong345.android.phone/com.yangcong345.main.phone.splash.SplashActivity} recents_animation_input_consumer com.android.launcher3/com.android.launcher3.uioverrides.QuickstepLauncher#0 Window{e9aebfb u0 com.android.systemui.ImageWallpaper}
03-28 11:47:57.789   970  2833 I InputDispatcher: setInputWindows displayId=3 Window{d10e46c u0 com.qihoo360.mobilesafe}
03-28 11:47:57.789   970  2833 I InputDispatcher: setInputWindows displayId=4 Window{4913713 u0 com.qihoo360.mobilesafe}
03-28 11:47:57.805   970  2833 I InputDispatcher: setInputWindows displayId=0 Window{79c8145 u0 NavigationBar0} Window{1d318ff u0 StatusBar} Window{f40cdf5 u0 Toast} Window{2b7ffc5 u0 Splash Screen com.yangcong345.android.phone} Window{32a432 u0 com.yangcong345.android.phone/com.yangcong345.main.phone.splash.SplashActivity} recents_animation_input_consumer com.android.launcher3/com.android.launcher3.uioverrides.QuickstepLauncher#0 Window{e9aebfb u0 com.android.systemui.ImageWallpaper}
03-28 11:47:57.805   970  2833 I InputDispatcher: setInputWindows displayId=3 Window{d10e46c u0 com.qihoo360.mobilesafe}
03-28 11:47:57.805   970  2833 I InputDispatcher: setInputWindows displayId=4 Window{4913713 u0 com.qihoo360.mobilesafe}
03-28 11:47:57.821   970  2833 I InputDispatcher: setInputWindows displayId=0 Window{79c8145 u0 NavigationBar0} Window{1d318ff u0 StatusBar} Window{f40cdf5 u0 Toast} Window{2b7ffc5 u0 Splash Screen com.yangcong345.android.phone} Window{32a432 u0 com.yangcong345.android.phone/com.yangcong345.main.phone.splash.SplashActivity} recents_animation_input_consumer com.android.launcher3/com.android.launcher3.uioverrides.QuickstepLauncher#0 Window{e9aebfb u0 com.android.systemui.ImageWallpaper}
03-28 11:47:57.821   970  2833 I InputDispatcher: setInputWindows displayId=3 Window{d10e46c u0 com.qihoo360.mobilesafe}
03-28 11:47:57.821   970  2833 I InputDispatcher: setInputWindows displayId=4 Window{4913713 u0 com.qihoo360.mobilesafe}
03-28 11:47:57.826   777   797 I Proximity: distance = 2
03-28 11:47:57.837   970  2833 I InputDispatcher: setInputWindows displayId=0 Window{79c8145 u0 NavigationBar0} Window{1d318ff u0 StatusBar} Window{f40cdf5 u0 Toast} Window{2b7ffc5 u0 Splash Screen com.yangcong345.android.phone} Window{32a432 u0 com.yangcong345.android.phone/com.yangcong345.main.phone.splash.SplashActivity} recents_animation_input_consumer com.android.launcher3/com.android.launcher3.uioverrides.QuickstepLauncher#0 Window{e9aebfb u0 com.android.systemui.ImageWallpaper}
03-28 11:47:57.837   970  2833 I InputDispatcher: setInputWindows displayId=3 Window{d10e46c u0 com.qihoo360.mobilesafe}
03-28 11:47:57.837   970  2833 I InputDispatcher: setInputWindows displayId=4 Window{4913713 u0 com.qihoo360.mobilesafe}
03-28 11:47:57.854   970  2833 I InputDispatcher: setInputWindows displayId=0 Window{79c8145 u0 NavigationBar0} Window{1d318ff u0 StatusBar} Window{f40cdf5 u0 Toast} Window{2b7ffc5 u0 Splash Screen com.yangcong345.android.phone} Window{32a432 u0 com.yangcong345.android.phone/com.yangcong345.main.phone.splash.SplashActivity} recents_animation_input_consumer com.android.launcher3/com.android.launcher3.uioverrides.QuickstepLauncher#0 Window{e9aebfb u0 com.android.systemui.ImageWallpaper}
03-28 11:47:57.854   970  2833 I InputDispatcher: setInputWindows displayId=3 Window{d10e46c u0 com.qihoo360.mobilesafe}
03-28 11:47:57.854   970  2833 I InputDispatcher: setInputWindows displayId=4 Window{4913713 u0 com.qihoo360.mobilesafe}
03-28 11:47:57.864   970  1001 D lwdebug : onWindowsDrawn com.yangcong345.android.phone/com.yangcong345.main.phone.splash.SplashActivity
03-28 11:47:57.865   970  2833 D hookLogPlugin: PackageManagerService.shouldFilterApplicationLocked:不执行原方法,跳过检测ContentProvider权限false
03-28 11:47:57.866   970  2833 D hookLogPlugin: PackageManagerService.shouldFilterApplicationLocked:不执行原方法,跳过检测ContentProvider权限false
03-28 11:47:57.867   585   632 W ServiceManager: Permission failure: android.permission.ACCESS_SURFACE_FLINGER from uid=10125 pid=11928
03-28 11:47:57.867   585   632 D PermissionCache: checking android.permission.ACCESS_SURFACE_FLINGER for uid=10125 => denied (1821 us)
03-28 11:47:57.867   970  1001 D View    : [Warning] assignParent to null: this = DecorView@621aa28[phone]
03-28 11:47:57.868   585   632 I BufferQueueProducer: [Splash Screen com.yangcong345.android.phone#0](id:24900000121,api:2,p:970,c:585) disconnect(): api=2
03-28 11:47:57.870   970  1006 D ArtManagerInternalImpl: /data/misc/iorapd/com.yangcong345.android.phone/751000/com.yangcong345.main.phone.splash.SplashActivity/compiled_traces/compiled_trace.pb doesn't exist
03-28 11:47:57.870   970  1006 I sysui_multi_action: [319,362,321,360,322,1293,325,120435,757,761,758,7,759,1,806,com.yangcong345.android.phone,871,com.yangcong345.main.phone.splash.SplashActivity,904,com.android.shell,905,0,945,113,1320,8,1321,4]
03-28 11:47:57.870   970  2833 I InputDispatcher: setInputWindows displayId=0 Window{79c8145 u0 NavigationBar0} Window{1d318ff u0 StatusBar} Window{f40cdf5 u0 Toast} Window{2b7ffc5 u0 Splash Screen com.yangcong345.android.phone} Window{32a432 u0 com.yangcong345.android.phone/com.yangcong345.main.phone.splash.SplashActivity} recents_animation_input_consumer com.android.launcher3/com.android.launcher3.uioverrides.QuickstepLauncher#0 Window{e9aebfb u0 com.android.systemui.ImageWallpaper}
03-28 11:47:57.870   970  2833 I InputDispatcher: Focus entered window: Window{32a432 u0 com.yangcong345.android.phone/com.yangcong345.main.phone.splash.SplashActivity} in display 0
03-28 11:47:57.871   970  2833 I InputDispatcher: setInputWindows displayId=3 Window{d10e46c u0 com.qihoo360.mobilesafe}
03-28 11:47:57.871   970  2833 I InputDispatcher: setInputWindows displayId=4 Window{4913713 u0 com.qihoo360.mobilesafe}
03-28 11:47:57.872   970  1006 I wm_activity_launch_time: [0,66794160,com.yangcong345.android.phone/com.yangcong345.main.phone.splash.SplashActivity,1293]
03-28 11:47:57.872   970  1006 I ActivityTaskManager: Displayed com.yangcong345.android.phone/com.yangcong345.main.phone.splash.SplashActivity: +1s293ms
03-28 11:47:57.874   970  1001 I InputTransport: Destroy ARC handle: 0xb400006eaa7caed0
03-28 11:47:57.886   970  2394 I InputDispatcher: setInputWindows displayId=0 Window{79c8145 u0 NavigationBar0} Window{1d318ff u0 StatusBar} Window{f40cdf5 u0 Toast} Splash Screen com.yangcong345.android.phone#0 Window{32a432 u0 com.yangcong345.android.phone/com.yangcong345.main.phone.splash.SplashActivity} recents_animation_input_consumer com.android.launcher3/com.android.launcher3.uioverrides.QuickstepLauncher#0 Window{e9aebfb u0 com.android.systemui.ImageWallpaper}
03-28 11:47:57.886   970  2394 I InputDispatcher: Window went away: Window{2b7ffc5 u0 Splash Screen com.yangcong345.android.phone}
03-28 11:47:57.886   970  2394 I InputDispatcher: setInputWindows displayId=3 Window{d10e46c u0 com.qihoo360.mobilesafe}
03-28 11:47:57.886   970  2394 I InputDispatcher: setInputWindows displayId=4 Window{4913713 u0 com.qihoo360.mobilesafe}
03-28 11:47:57.891   585   632 I BufferQueueProducer: [com.yangcong345.android.phone/com.yangcong345.main.phone.splash.SplashActivity#0](id:24900000123,api:1,p:11928,c:585) disconnect(): api=1
03-28 11:47:57.892   585   632 I BufferQueueProducer: [com.yangcong345.android.phone/com.yangcong345.main.phone.splash.SplashActivity#0](id:24900000123,api:1,p:11928,c:585) connect(): api=1 producerControlledByApp=false
03-28 11:47:57.902   970  2755 I InputDispatcher: setInputWindows displayId=0 Window{79c8145 u0 NavigationBar0} Window{1d318ff u0 StatusBar} Window{f40cdf5 u0 Toast} Splash Screen com.yangcong345.android.phone#0 Window{32a432 u0 com.yangcong345.android.phone/com.yangcong345.main.phone.splash.SplashActivity} recents_animation_input_consumer com.android.launcher3/com.android.launcher3.uioverrides.QuickstepLauncher#0 Window{e9aebfb u0 com.android.systemui.ImageWallpaper}
03-28 11:47:57.903   970  2755 I InputDispatcher: setInputWindows displayId=3 Window{d10e46c u0 com.qihoo360.mobilesafe}
03-28 11:47:57.903   970  2755 I InputDispatcher: setInputWindows displayId=4 Window{4913713 u0 com.qihoo360.mobilesafe}
03-28 11:47:57.918   970  2755 I InputDispatcher: setInputWindows displayId=0 Window{79c8145 u0 NavigationBar0} Window{1d318ff u0 StatusBar} Window{f40cdf5 u0 Toast} Splash Screen com.yangcong345.android.phone#0 Window{32a432 u0 com.yangcong345.android.phone/com.yangcong345.main.phone.splash.SplashActivity} recents_animation_input_consumer com.android.launcher3/com.android.launcher3.uioverrides.QuickstepLauncher#0 Window{e9aebfb u0 com.android.systemui.ImageWallpaper}
03-28 11:47:57.918   970  2755 I InputDispatcher: setInputWindows displayId=3 Window{d10e46c u0 com.qihoo360.mobilesafe}
03-28 11:47:57.918   970  2755 I InputDispatcher: setInputWindows displayId=4 Window{4913713 u0 com.qihoo360.mobilesafe}
03-28 11:47:57.930   970  2755 D hookLogPlugin: PackageManagerService.shouldFilterApplicationLocked:不执行原方法,跳过检测ContentProvider权限false
03-28 11:47:57.931   970  2755 D hookLogPlugin: PackageManagerService.shouldFilterApplicationLocked:不执行原方法,跳过检测ContentProvider权限false
03-28 11:47:57.934 17931 17931 I InputTransport: Create ARC handle: 0xef3b91f0
03-28 11:47:57.935   970  2755 I InputDispatcher: setInputWindows displayId=0 Window{79c8145 u0 NavigationBar0} Window{1d318ff u0 StatusBar} Window{f40cdf5 u0 Toast} Splash Screen com.yangcong345.android.phone#0 Window{32a432 u0 com.yangcong345.android.phone/com.yangcong345.main.phone.splash.SplashActivity} recents_animation_input_consumer com.android.launcher3/com.android.launcher3.uioverrides.QuickstepLauncher#0 Window{e9aebfb u0 com.android.systemui.ImageWallpaper}
03-28 11:47:57.935   970  2755 I InputDispatcher: setInputWindows displayId=3 Window{d10e46c u0 com.qihoo360.mobilesafe}
03-28 11:47:57.935   970  2755 I InputDispatcher: setInputWindows displayId=4 Window{4913713 u0 com.qihoo360.mobilesafe}
03-28 11:47:57.936   970  2755 D hookLogPlugin: PackageManagerService.shouldFilterApplicationLocked:不执行原方法,跳过检测ContentProvider权限false
03-28 11:47:57.936   970  2755 D hookLogPlugin: PackageManagerService.shouldFilterApplicationLocked:不执行原方法,跳过检测ContentProvider权限false
03-28 11:47:57.943   970  2394 D hookLogPlugin: PackageManagerService.shouldFilterApplicationLocked:不执行原方法,跳过检测ContentProvider权限false
03-28 11:47:57.944   970  2394 D hookLogPlugin: PackageManagerService.shouldFilterApplicationLocked:不执行原方法,跳过检测ContentProvider权限false
03-28 11:47:57.952   970  2394 I InputDispatcher: setInputWindows displayId=0 Window{79c8145 u0 NavigationBar0} Window{1d318ff u0 StatusBar} Window{f40cdf5 u0 Toast} Splash Screen com.yangcong345.android.phone#0 Window{32a432 u0 com.yangcong345.android.phone/com.yangcong345.main.phone.splash.SplashActivity} recents_animation_input_consumer com.android.launcher3/com.android.launcher3.uioverrides.QuickstepLauncher#0 Window{e9aebfb u0 com.android.systemui.ImageWallpaper}
03-28 11:47:57.952   970  2394 I InputDispatcher: setInputWindows displayId=3 Window{d10e46c u0 com.qihoo360.mobilesafe}
03-28 11:47:57.952   970  2394 I InputDispatcher: setInputWindows displayId=4 Window{4913713 u0 com.qihoo360.mobilesafe}
03-28 11:47:57.967   970  2394 I InputDispatcher: setInputWindows displayId=0 Window{79c8145 u0 NavigationBar0} Window{1d318ff u0 StatusBar} Window{f40cdf5 u0 Toast} Splash Screen com.yangcong345.android.phone#0 Window{32a432 u0 com.yangcong345.android.phone/com.yangcong345.main.phone.splash.SplashActivity} recents_animation_input_consumer com.android.launcher3/com.android.launcher3.uioverrides.QuickstepLauncher#0 Window{e9aebfb u0 com.android.systemui.ImageWallpaper}
03-28 11:47:57.967   970  2394 I InputDispatcher: setInputWindows displayId=3 Window{d10e46c u0 com.qihoo360.mobilesafe}
03-28 11:47:57.967   970  2394 I InputDispatcher: setInputWindows displayId=4 Window{4913713 u0 com.qihoo360.mobilesafe}
03-28 11:47:57.976 17931 17931 V PhoneWindow: DecorView setVisiblity: visibility = 8, Parent = android.view.ViewRootImpl@5bf24f9, this = DecorView@3b733a8[InputMethod]
03-28 11:47:57.983   970  2755 I InputDispatcher: setInputWindows displayId=0 Window{79c8145 u0 NavigationBar0} Window{1d318ff u0 StatusBar} Window{f40cdf5 u0 Toast} Splash Screen com.yangcong345.android.phone#0 Window{32a432 u0 com.yangcong345.android.phone/com.yangcong345.main.phone.splash.SplashActivity} recents_animation_input_consumer com.android.launcher3/com.android.launcher3.uioverrides.QuickstepLauncher#0 Window{e9aebfb u0 com.android.systemui.ImageWallpaper}
03-28 11:47:57.983   970  2755 I InputDispatcher: setInputWindows displayId=3 Window{d10e46c u0 com.qihoo360.mobilesafe}
03-28 11:47:57.983   970  2755 I InputDispatcher: setInputWindows displayId=4 Window{4913713 u0 com.qihoo360.mobilesafe}
03-28 11:47:57.999   970  2755 I InputDispatcher: setInputWindows displayId=0 Window{79c8145 u0 NavigationBar0} Window{1d318ff u0 StatusBar} Window{f40cdf5 u0 Toast} Splash Screen com.yangcong345.android.phone#0 Window{32a432 u0 com.yangcong345.android.phone/com.yangcong345.main.phone.splash.SplashActivity} recents_animation_input_consumer com.android.launcher3/com.android.launcher3.uioverrides.QuickstepLauncher#0 Window{e9aebfb u0 com.android.systemui.ImageWallpaper}
03-28 11:47:57.999   970  2755 I InputDispatcher: setInputWindows displayId=3 Window{d10e46c u0 com.qihoo360.mobilesafe}
03-28 11:47:57.999   970  2755 I InputDispatcher: setInputWindows displayId=4 Window{4913713 u0 com.qihoo360.mobilesafe}
03-28 11:47:58.015   970  2755 I InputDispatcher: setInputWindows displayId=0 Window{79c8145 u0 NavigationBar0} Window{1d318ff u0 StatusBar} Window{f40cdf5 u0 Toast} Splash Screen com.yangcong345.android.phone#0 Window{32a432 u0 com.yangcong345.android.phone/com.yangcong345.main.phone.splash.SplashActivity} recents_animation_input_consumer com.android.launcher3/com.android.launcher3.uioverrides.QuickstepLauncher#0 Window{e9aebfb u0 com.android.systemui.ImageWallpaper}
03-28 11:47:58.015   970  2755 I InputDispatcher: setInputWindows displayId=3 Window{d10e46c u0 com.qihoo360.mobilesafe}
03-28 11:47:58.015   970  2755 I InputDispatcher: setInputWindows displayId=4 Window{4913713 u0 com.qihoo360.mobilesafe}
03-28 11:47:58.030   777   797 I Proximity: distance = 2
03-28 11:47:58.031   970  2755 I InputDispatcher: setInputWindows displayId=0 Window{79c8145 u0 NavigationBar0} Window{1d318ff u0 StatusBar} Window{f40cdf5 u0 Toast} Splash Screen com.yangcong345.android.phone#0 Window{32a432 u0 com.yangcong345.android.phone/com.yangcong345.main.phone.splash.SplashActivity} recents_animation_input_consumer com.android.launcher3/com.android.launcher3.uioverrides.QuickstepLauncher#0 Window{e9aebfb u0 com.android.systemui.ImageWallpaper}
03-28 11:47:58.032   970  2755 I InputDispatcher: setInputWindows displayId=3 Window{d10e46c u0 com.qihoo360.mobilesafe}
03-28 11:47:58.032   970  2755 I InputDispatcher: setInputWindows displayId=4 Window{4913713 u0 com.qihoo360.mobilesafe}
03-28 11:47:58.048   970  2755 I InputDispatcher: setInputWindows displayId=0 Window{79c8145 u0 NavigationBar0} Window{1d318ff u0 StatusBar} Window{f40cdf5 u0 Toast} Splash Screen com.yangcong345.android.phone#0 Window{32a432 u0 com.yangcong345.android.phone/com.yangcong345.main.phone.splash.SplashActivity} recents_animation_input_consumer com.android.launcher3/com.android.launcher3.uioverrides.QuickstepLauncher#0 Window{e9aebfb u0 com.android.systemui.ImageWallpaper}
03-28 11:47:58.048   970  2755 I InputDispatcher: setInputWindows displayId=3 Window{d10e46c u0 com.qihoo360.mobilesafe}
03-28 11:47:58.048   970  2755 I InputDispatcher: setInputWindows displayId=4 Window{4913713 u0 com.qihoo360.mobilesafe}
03-28 11:47:58.065   970  2755 I InputDispatcher: setInputWindows displayId=0 Window{79c8145 u0 NavigationBar0} Window{1d318ff u0 StatusBar} Window{f40cdf5 u0 Toast} Window{32a432 u0 com.yangcong345.android.phone/com.yangcong345.main.phone.splash.SplashActivity} recents_animation_input_consumer com.android.launcher3/com.android.launcher3.uioverrides.QuickstepLauncher#0 Window{e9aebfb u0 com.android.systemui.ImageWallpaper}
03-28 11:47:58.065   970  2755 I InputDispatcher: Window went away: Splash Screen com.yangcong345.android.phone#0
03-28 11:47:58.065   970  2755 I InputDispatcher: setInputWindows displayId=3 Window{d10e46c u0 com.qihoo360.mobilesafe}
03-28 11:47:58.065   970  2755 I InputDispatcher: setInputWindows displayId=4 Window{4913713 u0 com.qihoo360.mobilesafe}
03-28 11:47:58.066   585   585 I BufferQueueConsumer: [Splash Screen com.yangcong345.android.phone#0](id:24900000121,api:0,p:-1,c:585) disconnect()
03-28 11:47:58.066   585   585 I BufferQueue: [Splash Screen com.yangcong345.android.phone#0](this:0xb4000072466a13c8,id:289,api:2,p:-1,c:-1) onDestructor()
03-28 11:47:58.080   970  2755 I InputDispatcher: setInputWindows displayId=0 Window{79c8145 u0 NavigationBar0} Window{1d318ff u0 StatusBar} Window{f40cdf5 u0 Toast} Window{32a432 u0 com.yangcong345.android.phone/com.yangcong345.main.phone.splash.SplashActivity} recents_animation_input_consumer com.android.launcher3/com.android.launcher3.uioverrides.QuickstepLauncher#0 Window{e9aebfb u0 com.android.systemui.ImageWallpaper}
03-28 11:47:58.081   970  2755 I InputDispatcher: setInputWindows displayId=3 Window{d10e46c u0 com.qihoo360.mobilesafe}
03-28 11:47:58.081   970  2755 I InputDispatcher: setInputWindows displayId=4 Window{4913713 u0 com.qihoo360.mobilesafe}
03-28 11:47:58.096   970  2755 I InputDispatcher: setInputWindows displayId=0 Window{79c8145 u0 NavigationBar0} Window{1d318ff u0 StatusBar} Window{f40cdf5 u0 Toast} Window{32a432 u0 com.yangcong345.android.phone/com.yangcong345.main.phone.splash.SplashActivity} recents_animation_input_consumer com.android.launcher3/com.android.launcher3.uioverrides.QuickstepLauncher#0 Window{e9aebfb u0 com.android.systemui.ImageWallpaper}
03-28 11:47:58.096   970  2755 I InputDispatcher: setInputWindows displayId=3 Window{d10e46c u0 com.qihoo360.mobilesafe}
03-28 11:47:58.096   970  2755 I InputDispatcher: setInputWindows displayId=4 Window{4913713 u0 com.qihoo360.mobilesafe}
