03-28 11:48:02.092   970  1187 D hookLogPlugin: PackageManagerService.shouldFilterApplicationLocked:不执行原方法,跳过检测ContentProvider权限false
03-28 11:48:02.093   970  1187 D hookLogPlugin: PackageManagerService.shouldFilterApplicationLocked:不执行原方法,跳过检测ContentProvider权限false
03-28 11:48:02.102   970  3041 I InputDispatcher: setInputWindows displayId=0 Window{79c8145 u0 NavigationBar0} Window{1d318ff u0 StatusBar} Window{db06af u0 com.yangcong345.android.phone/com.yangcong345.main.phone.splash.ui.NormalWebViewActivity} com.yangcong345.android.phone/com.yangcong345.main.phone.splash.SplashActivity#0 recents_animation_input_consumer Window{e9aebfb u0 com.android.systemui.ImageWallpaper}
03-28 11:48:02.102   970  3041 I InputDispatcher: setInputWindows displayId=3 Window{d10e46c u0 com.qihoo360.mobilesafe}
03-28 11:48:02.102   970  3041 I InputDispatcher: setInputWindows displayId=4 Window{4913713 u0 com.qihoo360.mobilesafe}
03-28 11:48:02.106   585   585 I BufferQueueProducer: [FramebufferSurface](this:0xb400007236424710,id:-1,api:1,p:585,c:585) queueBuffer: fps=0.00 dur=93034330.96 max=93034216.97 min=15.28
03-28 11:48:02.110   777   797 I Proximity: distance = 2
03-28 11:48:02.111 17931 17931 V PhoneWindow: DecorView setVisiblity: visibility = 8, Parent = android.view.ViewRootImpl@5bf24f9, this = DecorView@3b733a8[InputMethod]
03-28 11:48:02.112 17931 17931 V PhoneWindow: DecorView setVisiblity: visibility = 8, Parent = android.view.ViewRootImpl@5bf24f9, this = DecorView@3b733a8[InputMethod]
03-28 11:48:02.120   970  1358 I InputDispatcher: setInputWindows displayId=0 Window{79c8145 u0 NavigationBar0} Window{1d318ff u0 StatusBar} Window{db06af u0 com.yangcong345.android.phone/com.yangcong345.main.phone.splash.ui.NormalWebViewActivity} com.yangcong345.android.phone/com.yangcong345.main.phone.splash.SplashActivity#0 recents_animation_input_consumer Window{e9aebfb u0 com.android.systemui.ImageWallpaper}
03-28 11:48:02.120   970  1358 I InputDispatcher: setInputWindows displayId=3 Window{d10e46c u0 com.qihoo360.mobilesafe}
03-28 11:48:02.120   970  1358 I InputDispatcher: setInputWindows displayId=4 Window{4913713 u0 com.qihoo360.mobilesafe}
03-28 11:48:02.126   970  1089 I am_compact: [6499,com.google.android.webview:webview_service,all,84144,71716,12124,20848,-7844,0,-7844,7844,36,2,119769351,100,3,1914724,-2560]
03-28 11:48:02.134   970  3041 D hookLogPlugin: PackageManagerService.shouldFilterApplicationLocked:不执行原方法,跳过检测ContentProvider权限false
03-28 11:48:02.134   970  3041 I chatty  : uid=1000(system) Binder:970_1C identical 2 lines
03-28 11:48:02.134   970  3041 D hookLogPlugin: PackageManagerService.shouldFilterApplicationLocked:不执行原方法,跳过检测ContentProvider权限false
03-28 11:48:02.136   970  1358 I InputDispatcher: setInputWindows displayId=0 Window{79c8145 u0 NavigationBar0} Window{1d318ff u0 StatusBar} Window{db06af u0 com.yangcong345.android.phone/com.yangcong345.main.phone.splash.ui.NormalWebViewActivity} com.yangcong345.android.phone/com.yangcong345.main.phone.splash.SplashActivity#0 recents_animation_input_consumer Window{e9aebfb u0 com.android.systemui.ImageWallpaper}
03-28 11:48:02.136   970  1358 I InputDispatcher: setInputWindows displayId=3 Window{d10e46c u0 com.qihoo360.mobilesafe}
03-28 11:48:02.136   970  1358 I InputDispatcher: setInputWindows displayId=4 Window{4913713 u0 com.qihoo360.mobilesafe}
03-28 11:48:02.151   970  1358 I InputDispatcher: setInputWindows displayId=0 Window{79c8145 u0 NavigationBar0} Window{1d318ff u0 StatusBar} Window{db06af u0 com.yangcong345.android.phone/com.yangcong345.main.phone.splash.ui.NormalWebViewActivity} com.yangcong345.android.phone/com.yangcong345.main.phone.splash.SplashActivity#0 recents_animation_input_consumer Window{e9aebfb u0 com.android.systemui.ImageWallpaper}
03-28 11:48:02.151   970  1358 I InputDispatcher: setInputWindows displayId=3 Window{d10e46c u0 com.qihoo360.mobilesafe}
03-28 11:48:02.152   970  1358 I InputDispatcher: setInputWindows displayId=4 Window{4913713 u0 com.qihoo360.mobilesafe}
03-28 11:48:02.167   970  1358 I InputDispatcher: setInputWindows displayId=0 Window{79c8145 u0 NavigationBar0} Window{1d318ff u0 StatusBar} Window{db06af u0 com.yangcong345.android.phone/com.yangcong345.main.phone.splash.ui.NormalWebViewActivity} com.yangcong345.android.phone/com.yangcong345.main.phone.splash.SplashActivity#0 recents_animation_input_consumer Window{e9aebfb u0 com.android.systemui.ImageWallpaper}
03-28 11:48:02.167   970  1358 I InputDispatcher: setInputWindows displayId=3 Window{d10e46c u0 com.qihoo360.mobilesafe}
03-28 11:48:02.167   970  1358 I InputDispatcher: setInputWindows displayId=4 Window{4913713 u0 com.qihoo360.mobilesafe}
03-28 11:48:02.181 17931 17931 V PhoneWindow: DecorView setVisiblity: visibility = 8, Parent = android.view.ViewRootImpl@5bf24f9, this = DecorView@3b733a8[InputMethod]
03-28 11:48:02.181   585  1024 I BufferQueueProducer: [com.yangcong345.android.phone/com.yangcong345.main.phone.splash.ui.NormalWebViewActivity#0](id:24900000125,api:1,p:11928,c:585) disconnect(): api=1
03-28 11:48:02.182   585  1024 I BufferQueueProducer: [com.yangcong345.android.phone/com.yangcong345.main.phone.splash.ui.NormalWebViewActivity#0](id:24900000125,api:1,p:11928,c:585) connect(): api=1 producerControlledByApp=false
03-28 11:48:02.183   970  1358 I InputDispatcher: setInputWindows displayId=0 Window{79c8145 u0 NavigationBar0} Window{1d318ff u0 StatusBar} Window{db06af u0 com.yangcong345.android.phone/com.yangcong345.main.phone.splash.ui.NormalWebViewActivity} com.yangcong345.android.phone/com.yangcong345.main.phone.splash.SplashActivity#0 recents_animation_input_consumer Window{e9aebfb u0 com.android.systemui.ImageWallpaper}
03-28 11:48:02.183   970  1358 I InputDispatcher: setInputWindows displayId=3 Window{d10e46c u0 com.qihoo360.mobilesafe}
03-28 11:48:02.184   970  1358 I InputDispatcher: setInputWindows displayId=4 Window{4913713 u0 com.qihoo360.mobilesafe}
03-28 11:48:02.187   547   547 I hwcomposer: [DBQ] (q2:0xb40000799d7cedb0) Buffer queue is created with size(3), m_id(84)
03-28 11:48:02.188   547   547 I hwcomposer: [DBQ] (q2:0xb40000799d7cedb0) Reallocate Slot(0), pool(0 -> 0) size(0 -> 9216000)
03-28 11:48:02.189   547   547 I hwcomposer: [DBQ] (q2:0xb40000799d7cedb0) Alloc Slot(0), handle=0xb40000795d7c0df0 c=0 w=1200 h=1920 p=1200 ys=1200 vs=1920 f=2
03-28 11:48:02.190   547   682 D MDP     : DpAsyncBlit: in: job (207 72) (1200, 1920, 4800, 0, C2s, P0), sec0, flush 0 Buffer 103: plane=1 bufVA={0x5a,0x0,0x0} bufMVA={0x0,0x0,0x0} bufSize={0x8ca000,0x0,0x0} proxy={0xb4000078dd7cdd00,0x0,0x0}fence=72
03-28 11:48:02.190   547   682 D MDP     : DpAsyncBlit: out0: (1166, 1866, 4800, 0, C2s, P0), misc: (X:0, Y:0, R:0, F:0, S:0, A:0, D:0), sec0, flush 0 Buffer 103: plane=1 bufVA={0x5f,0x0,0x0} bufMVA={0x0,0x0,0x0} bufSize={0x8ca000,0x0,0x0} proxy={0xb4000078dd7ce0c0,0x0,0x0}fence=-1
03-28 11:48:02.190   547   682 D MDP     : DpAsyncBlit: crop0: (0, 0, 1200, 1920, 0, 0, 0, 0)
03-28 11:48:02.191   547   682 D MDP     : [PQ][PQRSZAdaptor(0)] SUPPORT_VIDEO_UR
03-28 11:48:02.193 17931 17931 V PhoneWindow: DecorView setVisiblity: visibility = 8, Parent = android.view.ViewRootImpl@5bf24f9, this = DecorView@3b733a8[InputMethod]
03-28 11:48:02.200   970  3041 I InputDispatcher: setInputWindows displayId=0 Window{79c8145 u0 NavigationBar0} Window{1d318ff u0 StatusBar} Window{db06af u0 com.yangcong345.android.phone/com.yangcong345.main.phone.splash.ui.NormalWebViewActivity} com.yangcong345.android.phone/com.yangcong345.main.phone.splash.SplashActivity#0 recents_animation_input_consumer Window{e9aebfb u0 com.android.systemui.ImageWallpaper}
03-28 11:48:02.200   970  3041 I InputDispatcher: setInputWindows displayId=3 Window{d10e46c u0 com.qihoo360.mobilesafe}
03-28 11:48:02.200   970  3041 I InputDispatcher: setInputWindows displayId=4 Window{4913713 u0 com.qihoo360.mobilesafe}
03-28 11:48:02.207   547   547 I hwcomposer: [DBQ] (q2:0xb40000799d7cedb0) Reallocate Slot(1), pool(0 -> 0) size(0 -> 9216000)
03-28 11:48:02.211   547   547 I hwcomposer: [DBQ] (q2:0xb40000799d7cedb0) Alloc Slot(1), handle=0xb40000795d7c3470 c=0 w=1200 h=1920 p=1200 ys=1200 vs=1920 f=2
03-28 11:48:02.212   547   682 D MDP     : Buffer 103: plane=1 bufVA={0x5a,0x0,0x0} bufMVA={0x0,0x0,0x0} bufSize={0x8ca000,0x0,0x0} proxy={0xb4000078dd7cdd00,0x0,0x0}fence=72
03-28 11:48:02.212   547   682 D MDP     : Buffer 104: plane=1 bufVA={0x6b,0x0,0x0} bufMVA={0x0,0x0,0x0} bufSize={0x8ca000,0x0,0x0} proxy={0xb4000078dd7c8f30,0x0,0x0}fence=104
03-28 11:48:02.212   547   682 D MDP     : DpAsyncBlit: in: job (209 104) (1200, 1920, 4800, 0, C2s, P0), sec0, flush 0
03-28 11:48:02.212   547   682 D MDP     : Buffer 103: plane=1 bufVA={0x5f,0x0,0x0} bufMVA={0x0,0x0,0x0} bufSize={0x8ca000,0x0,0x0} proxy={0xb4000078dd7ce0c0,0x0,0x0}fence=-1
03-28 11:48:02.212   547   682 D MDP     : Buffer 104: plane=1 bufVA={0x70,0x0,0x0} bufMVA={0x0,0x0,0x0} bufSize={0x8ca000,0x0,0x0} proxy={0xb4000078dd7ce250,0x0,0x0}fence=-1
03-28 11:48:02.212   547   682 D MDP     : DpAsyncBlit: out0: (1174, 1878, 4800, 0, C2s, P0), misc: (X:0, Y:0, R:0, F:0, S:0, A:0, D:0), sec0, flush 0
03-28 11:48:02.212   547   682 D MDP     : DpAsyncBlit: crop0: (0, 0, 1200, 1920, 0, 0, 0, 0)
03-28 11:48:02.213   547   682 D MDP     : [PQ][PQRSZAdaptor(0)] SUPPORT_VIDEO_UR
03-28 11:48:02.216   970  3041 I InputDispatcher: setInputWindows displayId=0 Window{79c8145 u0 NavigationBar0} Window{1d318ff u0 StatusBar} Window{db06af u0 com.yangcong345.android.phone/com.yangcong345.main.phone.splash.ui.NormalWebViewActivity} com.yangcong345.android.phone/com.yangcong345.main.phone.splash.SplashActivity#0 recents_animation_input_consumer Window{e9aebfb u0 com.android.systemui.ImageWallpaper}
03-28 11:48:02.216   970  3041 I InputDispatcher: setInputWindows displayId=3 Window{d10e46c u0 com.qihoo360.mobilesafe}
03-28 11:48:02.216   970  3041 I InputDispatcher: setInputWindows displayId=4 Window{4913713 u0 com.qihoo360.mobilesafe}
03-28 11:48:02.219   547   547 I hwcomposer: [DBQ] (q2:0xb40000799d7cedb0) Reallocate Slot(2), pool(0 -> 0) size(0 -> 9216000)
03-28 11:48:02.223   547   547 I hwcomposer: [DBQ] (q2:0xb40000799d7cedb0) Alloc Slot(2), handle=0xb40000795d7be610 c=0 w=1200 h=1920 p=1200 ys=1200 vs=1920 f=2
03-28 11:48:02.224   547   682 D MDP     : DpAsyncBlit: in: job (211 93) (1200, 1920, 4800, 0, C2s, P0), sec0, flush 0 Buffer 105: plane=1 bufVA={0x66,0x0,0x0} bufMVA={0x0,0x0,0x0} bufSize={0x8ca000,0x0,0x0} proxy={0xb4000078dd7ce250,0x0,0x0}fence=93
03-28 11:48:02.225   547   682 D MDP     : DpAsyncBlit: out0: (1180, 1888, 4800, 0, C2s, P0), misc: (X:0, Y:0, R:0, F:0, S:0, A:0, D:0), sec0, flush 0 Buffer 105: plane=1 bufVA={0x61,0x0,0x0} bufMVA={0x0,0x0,0x0} bufSize={0x8ca000,0x0,0x0} proxy={0xb4000078dd7ce980,0x0,0x0}fence=-1
03-28 11:48:02.225   547   682 D MDP     : DpAsyncBlit: crop0: (0, 0, 1200, 1920, 0, 0, 0, 0)
03-28 11:48:02.225   547   682 D MDP     : [PQ][PQRSZAdaptor(0)] SUPPORT_VIDEO_UR
03-28 11:48:02.229  4358  4358 D VibrateSensorServer: VibrateSensorServer  testTime=currentTime - currentTime1 > 1s
03-28 11:48:02.233   970  3041 I InputDispatcher: setInputWindows displayId=0 Window{79c8145 u0 NavigationBar0} Window{1d318ff u0 StatusBar} Window{db06af u0 com.yangcong345.android.phone/com.yangcong345.main.phone.splash.ui.NormalWebViewActivity} com.yangcong345.android.phone/com.yangcong345.main.phone.splash.SplashActivity#0 recents_animation_input_consumer Window{e9aebfb u0 com.android.systemui.ImageWallpaper}
03-28 11:48:02.233   970  3041 I InputDispatcher: setInputWindows displayId=3 Window{d10e46c u0 com.qihoo360.mobilesafe}
03-28 11:48:02.233   970  3041 I InputDispatcher: setInputWindows displayId=4 Window{4913713 u0 com.qihoo360.mobilesafe}
03-28 11:48:02.238   547   682 D MDP     : DpAsyncBlit: in: job (213 99) (1200, 1920, 4800, 0, C2s, P0), sec0, flush 0 Buffer 106: plane=1 bufVA={0x6b,0x0,0x0} bufMVA={0x0,0x0,0x0} bufSize={0x8ca000,0x0,0x0} proxy={0xb4000078dd7ce980,0x0,0x0}fence=99
03-28 11:48:02.238   547   682 D MDP     : DpAsyncBlit: out0: (1184, 1894, 4800, 0, C2s, P0), misc: (X:0, Y:0, R:0, F:0, S:0, A:0, D:0), sec0, flush 0 Buffer 106: plane=1 bufVA={0x5f,0x0,0x0} bufMVA={0x0,0x0,0x0} bufSize={0x8ca000,0x0,0x0} proxy={0xb4000078dd7cdc10,0x0,0x0}fence=117
03-28 11:48:02.238   547   682 D MDP     : DpAsyncBlit: crop0: (0, 0, 1200, 1920, 0, 0, 0, 0)
03-28 11:48:02.239   547   682 D MDP     : [PQ][PQRSZAdaptor(0)] SUPPORT_VIDEO_UR
03-28 11:48:02.242  4358  4358 D VibrateSensorServer: Times--->  0
03-28 11:48:02.242  4358  4358 D VibrateSensorServer:  .... else VibrateTip --> Off ....
03-28 11:48:02.243  4358  4358 W ContextImpl: Calling a method in the system process without a qualified user: android.app.ContextImpl.stopService:1681 android.content.ContextWrapper.stopService:730 com.android.settings.hraservice.VibrateSensorServer.onSensorChanged:183 android.hardware.SystemSensorManager$SensorEventQueue.dispatchSensorEvent:847 android.os.MessageQueue.nativePollOnce:-2
03-28 11:48:02.244   970  3041 D hookLogPlugin: PackageManagerService.shouldFilterApplicationLocked:不执行原方法,跳过检测ContentProvider权限false
03-28 11:48:02.244   970  3041 D hookLogPlugin: PackageManagerService.shouldFilterApplicationLocked:不执行原方法,跳过检测ContentProvider权限false
03-28 11:48:02.249   970  3041 I InputDispatcher: setInputWindows displayId=0 Window{79c8145 u0 NavigationBar0} Window{1d318ff u0 StatusBar} Window{db06af u0 com.yangcong345.android.phone/com.yangcong345.main.phone.splash.ui.NormalWebViewActivity} com.yangcong345.android.phone/com.yangcong345.main.phone.splash.SplashActivity#0 recents_animation_input_consumer Window{e9aebfb u0 com.android.systemui.ImageWallpaper}
03-28 11:48:02.249   970  3041 I InputDispatcher: setInputWindows displayId=3 Window{d10e46c u0 com.qihoo360.mobilesafe}
03-28 11:48:02.249   970  3041 I InputDispatcher: setInputWindows displayId=4 Window{4913713 u0 com.qihoo360.mobilesafe}
03-28 11:48:02.252   547   682 D MDP     : DpAsyncBlit: in: job (215 93) (1200, 1920, 4800, 0, C2s, P0), sec0, flush 0 Buffer 107: plane=1 bufVA={0x68,0x0,0x0} bufMVA={0x0,0x0,0x0} bufSize={0x8ca000,0x0,0x0} proxy={0xb4000078dd7cdc10,0x0,0x0}fence=93
03-28 11:48:02.252   547   682 D MDP     : DpAsyncBlit: out0: (1188, 1900, 4800, 0, C2s, P0), misc: (X:0, Y:0, R:0, F:0, S:0, A:0, D:0), sec0, flush 0 Buffer 107: plane=1 bufVA={0x70,0x0,0x0} bufMVA={0x0,0x0,0x0} bufSize={0x8ca000,0x0,0x0} proxy={0xb4000078dd7cdda0,0x0,0x0}fence=117
03-28 11:48:02.252   547   682 D MDP     : DpAsyncBlit: crop0: (0, 0, 1200, 1920, 0, 0, 0, 0)
03-28 11:48:02.253   547   682 D MDP     : [PQ][PQRSZAdaptor(0)] SUPPORT_VIDEO_UR
03-28 11:48:02.264   970  3041 I InputDispatcher: setInputWindows displayId=0 Window{79c8145 u0 NavigationBar0} Window{1d318ff u0 StatusBar} Window{db06af u0 com.yangcong345.android.phone/com.yangcong345.main.phone.splash.ui.NormalWebViewActivity} com.yangcong345.android.phone/com.yangcong345.main.phone.splash.SplashActivity#0 recents_animation_input_consumer Window{e9aebfb u0 com.android.systemui.ImageWallpaper}
03-28 11:48:02.265   970  3041 I InputDispatcher: setInputWindows displayId=3 Window{d10e46c u0 com.qihoo360.mobilesafe}
03-28 11:48:02.265   970  3041 I InputDispatcher: setInputWindows displayId=4 Window{4913713 u0 com.qihoo360.mobilesafe}
03-28 11:48:02.268   547   682 D MDP     : DpAsyncBlit: in: job (217 93) (1200, 1920, 4800, 0, C2s, P0), sec0, flush 0 Buffer 108: plane=1 bufVA={0x69,0x0,0x0} bufMVA={0x0,0x0,0x0} bufSize={0x8ca000,0x0,0x0} proxy={0xb4000078dd7cdda0,0x0,0x0}fence=93
03-28 11:48:02.269   547   682 D MDP     : DpAsyncBlit: out0: (1190, 1904, 4800, 0, C2s, P0), misc: (X:0, Y:0, R:0, F:0, S:0, A:0, D:0), sec0, flush 0 Buffer 108: plane=1 bufVA={0x61,0x0,0x0} bufMVA={0x0,0x0,0x0} bufSize={0x8ca000,0x0,0x0} proxy={0xb4000078dd7c8f30,0x0,0x0}fence=117
03-28 11:48:02.269   547   682 D MDP     : DpAsyncBlit: crop0: (0, 0, 1200, 1920, 0, 0, 0, 0)
03-28 11:48:02.269   547   682 D MDP     : [PQ][PQRSZAdaptor(0)] SUPPORT_VIDEO_UR
03-28 11:48:02.276   970  3041 D hookLogPlugin: PackageManagerService.shouldFilterApplicationLocked:不执行原方法,跳过检测ContentProvider权限false
03-28 11:48:02.276   970  3041 D hookLogPlugin: PackageManagerService.shouldFilterApplicationLocked:不执行原方法,跳过检测ContentProvider权限false
03-28 11:48:02.280   970  3041 I InputDispatcher: setInputWindows displayId=0 Window{79c8145 u0 NavigationBar0} Window{1d318ff u0 StatusBar} Window{db06af u0 com.yangcong345.android.phone/com.yangcong345.main.phone.splash.ui.NormalWebViewActivity} com.yangcong345.android.phone/com.yangcong345.main.phone.splash.SplashActivity#0 recents_animation_input_consumer Window{e9aebfb u0 com.android.systemui.ImageWallpaper}
03-28 11:48:02.281   970  3041 I InputDispatcher: setInputWindows displayId=3 Window{d10e46c u0 com.qihoo360.mobilesafe}
03-28 11:48:02.281   970  3041 I InputDispatcher: setInputWindows displayId=4 Window{4913713 u0 com.qihoo360.mobilesafe}
03-28 11:48:02.285   547   682 D MDP     : DpAsyncBlit: in: job (219 89) (1200, 1920, 4800, 0, C2s, P0), sec0, flush 0 Buffer 109: plane=1 bufVA={0x63,0x0,0x0} bufMVA={0x0,0x0,0x0} bufSize={0x8ca000,0x0,0x0} proxy={0xb4000078dd7c8f30,0x0,0x0}fence=89
03-28 11:48:02.285   547   682 D MDP     : DpAsyncBlit: out0: (1192, 1908, 4800, 0, C2s, P0), misc: (X:0, Y:0, R:0, F:0, S:0, A:0, D:0), sec0, flush 0 Buffer 109: plane=1 bufVA={0x5f,0x0,0x0} bufMVA={0x0,0x0,0x0} bufSize={0x8ca000,0x0,0x0} proxy={0xb4000078dd7ce250,0x0,0x0}fence=117
03-28 11:48:02.285   547   682 D MDP     : DpAsyncBlit: crop0: (0, 0, 1200, 1920, 0, 0, 0, 0)
03-28 11:48:02.286   547   682 D MDP     : [PQ][PQRSZAdaptor(0)] SUPPORT_VIDEO_UR
03-28 11:48:02.297   970  1358 I InputDispatcher: setInputWindows displayId=0 Window{79c8145 u0 NavigationBar0} Window{1d318ff u0 StatusBar} Window{db06af u0 com.yangcong345.android.phone/com.yangcong345.main.phone.splash.ui.NormalWebViewActivity} com.yangcong345.android.phone/com.yangcong345.main.phone.splash.SplashActivity#0 recents_animation_input_consumer Window{e9aebfb u0 com.android.systemui.ImageWallpaper}
03-28 11:48:02.297   970  1358 I InputDispatcher: setInputWindows displayId=3 Window{d10e46c u0 com.qihoo360.mobilesafe}
03-28 11:48:02.297   970  1358 I InputDispatcher: setInputWindows displayId=4 Window{4913713 u0 com.qihoo360.mobilesafe}
03-28 11:48:02.302   547   682 D MDP     : DpAsyncBlit: in: job (221 71) (1200, 1920, 4800, 0, C2s, P0), sec0, flush 0 Buffer 110: plane=1 bufVA={0x68,0x0,0x0} bufMVA={0x0,0x0,0x0} bufSize={0x8ca000,0x0,0x0} proxy={0xb4000078dd7ce250,0x0,0x0}fence=71
03-28 11:48:02.302   547   682 D MDP     : DpAsyncBlit: out0: (1194, 1910, 4800, 0, C2s, P0), misc: (X:0, Y:0, R:0, F:0, S:0, A:0, D:0), sec0, flush 0 Buffer 110: plane=1 bufVA={0x70,0x0,0x0} bufMVA={0x0,0x0,0x0} bufSize={0x8ca000,0x0,0x0} proxy={0xb4000078dd7ce980,0x0,0x0}fence=117
03-28 11:48:02.302   547   682 D MDP     : DpAsyncBlit: crop0: (0, 0, 1200, 1920, 0, 0, 0, 0)
03-28 11:48:02.302   547   682 D MDP     : [PQ][PQRSZAdaptor(0)] SUPPORT_VIDEO_UR
03-28 11:48:02.304  1789  1789 I dnsmasq : query[A] fp.yangcong345.com from 192.168.0.104
03-28 11:48:02.305  1789  1789 I dnsmasq : forwarded fp.yangcong345.com to 223.5.5.5
03-28 11:48:02.305  1789  1789 I dnsmasq : forwarded fp.yangcong345.com to 223.6.6.6
03-28 11:48:02.313   970  3041 I InputDispatcher: setInputWindows displayId=0 Window{79c8145 u0 NavigationBar0} Window{1d318ff u0 StatusBar} Window{db06af u0 com.yangcong345.android.phone/com.yangcong345.main.phone.splash.ui.NormalWebViewActivity} com.yangcong345.android.phone/com.yangcong345.main.phone.splash.SplashActivity#0 recents_animation_input_consumer Window{e9aebfb u0 com.android.systemui.ImageWallpaper}
03-28 11:48:02.313   970  3041 I InputDispatcher: setInputWindows displayId=3 Window{d10e46c u0 com.qihoo360.mobilesafe}
03-28 11:48:02.313   970  3041 I InputDispatcher: setInputWindows displayId=4 Window{4913713 u0 com.qihoo360.mobilesafe}
03-28 11:48:02.314   777   797 I Proximity: distance = 2
03-28 11:48:02.318   547   682 D MDP     : DpAsyncBlit: in: job (223 71) (1200, 1920, 4800, 0, C2s, P0), sec0, flush 0 Buffer 111: plane=1 bufVA={0x68,0x0,0x0} bufMVA={0x0,0x0,0x0} bufSize={0x8ca000,0x0,0x0} proxy={0xb4000078dd7ce980,0x0,0x0}fence=71
03-28 11:48:02.318   547   682 D MDP     : DpAsyncBlit: out0: (1196, 1912, 4800, 0, C2s, P0), misc: (X:0, Y:0, R:0, F:0, S:0, A:0, D:0), sec0, flush 0 Buffer 111: plane=1 bufVA={0x61,0x0,0x0} bufMVA={0x0,0x0,0x0} bufSize={0x8ca000,0x0,0x0} proxy={0xb4000078dd7cdc10,0x0,0x0}fence=117
03-28 11:48:02.318   547   682 D MDP     : DpAsyncBlit: crop0: (0, 0, 1200, 1920, 0, 0, 0, 0)
03-28 11:48:02.318   547   682 D MDP     : [PQ][PQRSZAdaptor(0)] SUPPORT_VIDEO_UR
03-28 11:48:02.324  1789  1789 I dnsmasq : reply fp.yangcong345.com is <CNAME>
03-28 11:48:02.324  1789  1789 I dnsmasq : reply fp.yangcong345.com.a.bdydns.com is <CNAME>
03-28 11:48:02.324  1789  1789 I dnsmasq : reply opencdnspyv6.jomodns.com is <CNAME>
03-28 11:48:02.324  1789  1789 I dnsmasq : reply opencdnspyv6.cdnc0.cloudcsp.com is 183.232.149.65
03-28 11:48:02.324  1789  1789 I dnsmasq : reply opencdnspyv6.cdnc0.cloudcsp.com is 183.240.238.35
03-28 11:48:02.330   970  1358 I InputDispatcher: setInputWindows displayId=0 Window{79c8145 u0 NavigationBar0} Window{1d318ff u0 StatusBar} Window{db06af u0 com.yangcong345.android.phone/com.yangcong345.main.phone.splash.ui.NormalWebViewActivity} com.yangcong345.android.phone/com.yangcong345.main.phone.splash.SplashActivity#0 recents_animation_input_consumer Window{e9aebfb u0 com.android.systemui.ImageWallpaper}
03-28 11:48:02.330   970  1358 I InputDispatcher: setInputWindows displayId=3 Window{d10e46c u0 com.qihoo360.mobilesafe}
03-28 11:48:02.330   970  1358 I InputDispatcher: setInputWindows displayId=4 Window{4913713 u0 com.qihoo360.mobilesafe}
03-28 11:48:02.333   547   682 D MDP     : DpAsyncBlit: in: job (225 89) (1200, 1920, 4800, 0, C2s, P0), sec0, flush 0 Buffer 112: plane=1 bufVA={0x68,0x0,0x0} bufMVA={0x0,0x0,0x0} bufSize={0x8ca000,0x0,0x0} proxy={0xb4000078dd7cdc10,0x0,0x0}fence=89
03-28 11:48:02.333   547   682 D MDP     : DpAsyncBlit: out0: (1196, 1914, 4800, 0, C2s, P0), misc: (X:0, Y:0, R:0, F:0, S:0, A:0, D:0), sec0, flush 0 Buffer 112: plane=1 bufVA={0x5f,0x0,0x0} bufMVA={0x0,0x0,0x0} bufSize={0x8ca000,0x0,0x0} proxy={0xb4000078dd7cdda0,0x0,0x0}fence=117
03-28 11:48:02.333   547   682 D MDP     : DpAsyncBlit: crop0: (0, 0, 1200, 1920, 0, 0, 0, 0)
03-28 11:48:02.334   547   682 D MDP     : [PQ][PQRSZAdaptor(0)] SUPPORT_VIDEO_UR
03-28 11:48:02.345   970  3041 I InputDispatcher: setInputWindows displayId=0 Window{79c8145 u0 NavigationBar0} Window{1d318ff u0 StatusBar} Window{db06af u0 com.yangcong345.android.phone/com.yangcong345.main.phone.splash.ui.NormalWebViewActivity} com.yangcong345.android.phone/com.yangcong345.main.phone.splash.SplashActivity#0 recents_animation_input_consumer Window{e9aebfb u0 com.android.systemui.ImageWallpaper}
03-28 11:48:02.345   970  3041 I InputDispatcher: setInputWindows displayId=3 Window{d10e46c u0 com.qihoo360.mobilesafe}
03-28 11:48:02.345   970  3041 I InputDispatcher: setInputWindows displayId=4 Window{4913713 u0 com.qihoo360.mobilesafe}
03-28 11:48:02.349   547   682 D MDP     : DpAsyncBlit: in: job (227 71) (1200, 1920, 4800, 0, C2s, P0), sec0, flush 0 Buffer 113: plane=1 bufVA={0x63,0x0,0x0} bufMVA={0x0,0x0,0x0} bufSize={0x8ca000,0x0,0x0} proxy={0xb4000078dd7cdda0,0x0,0x0}fence=71
03-28 11:48:02.349   547   682 D MDP     : DpAsyncBlit: out0: (1198, 1916, 4800, 0, C2s, P0), misc: (X:0, Y:0, R:0, F:0, S:0, A:0, D:0), sec0, flush 0 Buffer 113: plane=1 bufVA={0x70,0x0,0x0} bufMVA={0x0,0x0,0x0} bufSize={0x8ca000,0x0,0x0} proxy={0xb4000078dd7c8f30,0x0,0x0}fence=117
03-28 11:48:02.349   547   682 D MDP     : DpAsyncBlit: crop0: (0, 0, 1200, 1920, 0, 0, 0, 0)
03-28 11:48:02.349   547   682 D MDP     : [PQ][PQRSZAdaptor(0)] SUPPORT_VIDEO_UR
03-28 11:48:02.361   970  3041 I InputDispatcher: setInputWindows displayId=0 Window{79c8145 u0 NavigationBar0} Window{1d318ff u0 StatusBar} Window{db06af u0 com.yangcong345.android.phone/com.yangcong345.main.phone.splash.ui.NormalWebViewActivity} com.yangcong345.android.phone/com.yangcong345.main.phone.splash.SplashActivity#0 recents_animation_input_consumer Window{e9aebfb u0 com.android.systemui.ImageWallpaper}
03-28 11:48:02.361   970  3041 I InputDispatcher: setInputWindows displayId=3 Window{d10e46c u0 com.qihoo360.mobilesafe}
03-28 11:48:02.361   970  3041 I InputDispatcher: setInputWindows displayId=4 Window{4913713 u0 com.qihoo360.mobilesafe}
03-28 11:48:02.377   970  1358 I InputDispatcher: setInputWindows displayId=0 Window{79c8145 u0 NavigationBar0} Window{1d318ff u0 StatusBar} Window{db06af u0 com.yangcong345.android.phone/com.yangcong345.main.phone.splash.ui.NormalWebViewActivity} com.yangcong345.android.phone/com.yangcong345.main.phone.splash.SplashActivity#0 recents_animation_input_consumer Window{e9aebfb u0 com.android.systemui.ImageWallpaper}
03-28 11:48:02.377   970  1358 I InputDispatcher: setInputWindows displayId=3 Window{d10e46c u0 com.qihoo360.mobilesafe}
03-28 11:48:02.377   970  1358 I InputDispatcher: setInputWindows displayId=4 Window{4913713 u0 com.qihoo360.mobilesafe}
03-28 11:48:02.381   547   682 D MDP     : DpAsyncBlit: in: job (231 69) (1200, 1920, 4800, 0, C2s, P0), sec0, flush 0 Buffer 115: plane=1 bufVA={0x68,0x0,0x0} bufMVA={0x0,0x0,0x0} bufSize={0x8ca000,0x0,0x0} proxy={0xb4000078dd7ce250,0x0,0x0}fence=69
03-28 11:48:02.381   547   682 D MDP     : DpAsyncBlit: out0: (1198, 1918, 4800, 0, C2s, P0), misc: (X:0, Y:0, R:0, F:0, S:0, A:0, D:0), sec0, flush 0 Buffer 115: plane=1 bufVA={0x5f,0x0,0x0} bufMVA={0x0,0x0,0x0} bufSize={0x8ca000,0x0,0x0} proxy={0xb4000078dd7ce980,0x0,0x0}fence=117
03-28 11:48:02.381   547   682 D MDP     : DpAsyncBlit: crop0: (0, 0, 1200, 1920, 0, 0, 0, 0)
03-28 11:48:02.382   547   682 D MDP     : [PQ][PQRSZAdaptor(0)] SUPPORT_VIDEO_UR
03-28 11:48:02.382   970  1358 D hookLogPlugin: PackageManagerService.shouldFilterApplicationLocked:不执行原方法,跳过检测ContentProvider权限false
03-28 11:48:02.386   970  1358 I chatty  : uid=1000(system) Binder:970_5 identical 12 lines
03-28 11:48:02.386   970  1358 D hookLogPlugin: PackageManagerService.shouldFilterApplicationLocked:不执行原方法,跳过检测ContentProvider权限false
03-28 11:48:02.394   970  1358 I InputDispatcher: setInputWindows displayId=0 Window{79c8145 u0 NavigationBar0} Window{1d318ff u0 StatusBar} Window{db06af u0 com.yangcong345.android.phone/com.yangcong345.main.phone.splash.ui.NormalWebViewActivity} com.yangcong345.android.phone/com.yangcong345.main.phone.splash.SplashActivity#0 recents_animation_input_consumer Window{e9aebfb u0 com.android.systemui.ImageWallpaper}
03-28 11:48:02.394   970  1358 I InputDispatcher: setInputWindows displayId=3 Window{d10e46c u0 com.qihoo360.mobilesafe}
03-28 11:48:02.394   970  1358 I InputDispatcher: setInputWindows displayId=4 Window{4913713 u0 com.qihoo360.mobilesafe}
03-28 11:48:02.409   970  1358 I InputDispatcher: setInputWindows displayId=0 Window{79c8145 u0 NavigationBar0} Window{1d318ff u0 StatusBar} Window{db06af u0 com.yangcong345.android.phone/com.yangcong345.main.phone.splash.ui.NormalWebViewActivity} com.yangcong345.android.phone/com.yangcong345.main.phone.splash.SplashActivity#0 recents_animation_input_consumer Window{e9aebfb u0 com.android.systemui.ImageWallpaper}
03-28 11:48:02.409   970  1358 I InputDispatcher: setInputWindows displayId=3 Window{d10e46c u0 com.qihoo360.mobilesafe}
03-28 11:48:02.409   970  1358 I InputDispatcher: setInputWindows displayId=4 Window{4913713 u0 com.qihoo360.mobilesafe}
03-28 11:48:02.413   547   682 D MDP     : DpAsyncBlit: in: job (235 69) (1200, 1920, 4800, 0, C2s, P0), sec0, flush 0 Buffer 117: plane=1 bufVA={0x5d,0x0,0x0} bufMVA={0x0,0x0,0x0} bufSize={0x8ca000,0x0,0x0} proxy={0xb4000078dd7cdc10,0x0,0x0}fence=69
03-28 11:48:02.413   547   682 D MDP     : DpAsyncBlit: out0: (1200, 1918, 4800, 0, C2s, P0), misc: (X:0, Y:0, R:0, F:0, S:0, A:0, D:0), sec0, flush 0 Buffer 117: plane=1 bufVA={0x61,0x0,0x0} bufMVA={0x0,0x0,0x0} bufSize={0x8ca000,0x0,0x0} proxy={0xb4000078dd7cdda0,0x0,0x0}fence=117
03-28 11:48:02.413   547   682 D MDP     : DpAsyncBlit: crop0: (0, 0, 1200, 1920, 0, 0, 0, 0)
03-28 11:48:02.413   547   682 D MDP     : [PQ][PQRSZAdaptor(0)] SUPPORT_VIDEO_UR
03-28 11:48:02.426   970  1358 I InputDispatcher: setInputWindows displayId=0 Window{79c8145 u0 NavigationBar0} Window{1d318ff u0 StatusBar} Window{db06af u0 com.yangcong345.android.phone/com.yangcong345.main.phone.splash.ui.NormalWebViewActivity} com.yangcong345.android.phone/com.yangcong345.main.phone.splash.SplashActivity#0 recents_animation_input_consumer Window{e9aebfb u0 com.android.systemui.ImageWallpaper}
03-28 11:48:02.426   970  1358 I InputDispatcher: setInputWindows displayId=3 Window{d10e46c u0 com.qihoo360.mobilesafe}
03-28 11:48:02.426   970  1358 I InputDispatcher: setInputWindows displayId=4 Window{4913713 u0 com.qihoo360.mobilesafe}
03-28 11:48:02.427   547   547 I hwcomposer: [HWCLayer] setHwlayerType(), id:84, release queue sp, type 3 -> 2
03-28 11:48:02.427   547   547 I hwcomposer: [DBQ] (q2:0xb40000799d7cedb0) Buffer queue is destroyed, m_id(84)
03-28 11:48:02.427   547   547 I hwcomposer: [DBQ] (q2:0xb40000799d7cedb0) ~DisplayBufferQueue(), m_id(84), release buf
03-28 11:48:02.427   547   547 I hwcomposer: [DBQ] (q2:0xb40000799d7cedb0) Free Slot(0), handle=0xb40000795d7c0df0, 9216000 -> 0
03-28 11:48:02.427   547   547 I hwcomposer: [DBQ] (q2:0xb40000799d7cedb0) Free Slot(1), handle=0xb40000795d7c3470, 9216000 -> 0
03-28 11:48:02.427   547   547 I hwcomposer: [DBQ] (q2:0xb40000799d7cedb0) Free Slot(2), handle=0xb40000795d7be610, 9216000 -> 0
03-28 11:48:02.442   970  1358 I InputDispatcher: setInputWindows displayId=0 Window{79c8145 u0 NavigationBar0} Window{1d318ff u0 StatusBar} Window{db06af u0 com.yangcong345.android.phone/com.yangcong345.main.phone.splash.ui.NormalWebViewActivity} com.yangcong345.android.phone/com.yangcong345.main.phone.splash.SplashActivity#0 recents_animation_input_consumer Window{e9aebfb u0 com.android.systemui.ImageWallpaper}
03-28 11:48:02.442   970  1358 I InputDispatcher: setInputWindows displayId=3 Window{d10e46c u0 com.qihoo360.mobilesafe}
03-28 11:48:02.442   970  1358 I InputDispatcher: setInputWindows displayId=4 Window{4913713 u0 com.qihoo360.mobilesafe}
03-28 11:48:02.457   970  1358 I InputDispatcher: setInputWindows displayId=0 Window{79c8145 u0 NavigationBar0} Window{1d318ff u0 StatusBar} Window{db06af u0 com.yangcong345.android.phone/com.yangcong345.main.phone.splash.ui.NormalWebViewActivity} com.yangcong345.android.phone/com.yangcong345.main.phone.splash.SplashActivity#0 recents_animation_input_consumer Window{e9aebfb u0 com.android.systemui.ImageWallpaper}
03-28 11:48:02.458   970  1358 I InputDispatcher: setInputWindows displayId=3 Window{d10e46c u0 com.qihoo360.mobilesafe}
03-28 11:48:02.458   970  1358 I InputDispatcher: setInputWindows displayId=4 Window{4913713 u0 com.qihoo360.mobilesafe}
03-28 11:48:02.464   970  1000 I wm_stop_activity: [0,66794160,com.yangcong345.android.phone/com.yangcong345.main.phone.splash.SplashActivity]
03-28 11:48:02.474   970  1358 I InputDispatcher: setInputWindows displayId=0 Window{79c8145 u0 NavigationBar0} Window{1d318ff u0 StatusBar} Window{db06af u0 com.yangcong345.android.phone/com.yangcong345.main.phone.splash.ui.NormalWebViewActivity} com.yangcong345.android.phone/com.yangcong345.main.phone.splash.SplashActivity#0 recents_animation_input_consumer Window{e9aebfb u0 com.android.systemui.ImageWallpaper}
03-28 11:48:02.474   970  1358 I InputDispatcher: setInputWindows displayId=3 Window{d10e46c u0 com.qihoo360.mobilesafe}
03-28 11:48:02.475   970  1358 I InputDispatcher: setInputWindows displayId=4 Window{4913713 u0 com.qihoo360.mobilesafe}
03-28 11:48:02.490   970  1358 I InputDispatcher: setInputWindows displayId=0 Window{79c8145 u0 NavigationBar0} Window{1d318ff u0 StatusBar} Window{db06af u0 com.yangcong345.android.phone/com.yangcong345.main.phone.splash.ui.NormalWebViewActivity} com.yangcong345.android.phone/com.yangcong345.main.phone.splash.SplashActivity#0 recents_animation_input_consumer Window{e9aebfb u0 com.android.systemui.ImageWallpaper}
03-28 11:48:02.490   970  1358 I InputDispatcher: setInputWindows displayId=3 Window{d10e46c u0 com.qihoo360.mobilesafe}
03-28 11:48:02.490   970  1358 I InputDispatcher: setInputWindows displayId=4 Window{4913713 u0 com.qihoo360.mobilesafe}
03-28 11:48:02.500   585  1024 I BufferQueueProducer: [com.yangcong345.android.phone/com.yangcong345.main.phone.splash.SplashActivity#0](id:24900000123,api:1,p:11928,c:585) disconnect(): api=1
03-28 11:48:02.500  4358  4358 I ReverseSensorServer: ------ limitTime is 0 or >10min  ------
03-28 11:48:02.507   970  1358 I InputDispatcher: setInputWindows displayId=0 Window{79c8145 u0 NavigationBar0} Window{1d318ff u0 StatusBar} Window{db06af u0 com.yangcong345.android.phone/com.yangcong345.main.phone.splash.ui.NormalWebViewActivity} com.yangcong345.android.phone/com.yangcong345.main.phone.splash.SplashActivity#0 recents_animation_input_consumer Window{e9aebfb u0 com.android.systemui.ImageWallpaper}
03-28 11:48:02.507   970  1358 I InputDispatcher: setInputWindows displayId=3 Window{d10e46c u0 com.qihoo360.mobilesafe}
03-28 11:48:02.507   970  1358 I InputDispatcher: setInputWindows displayId=4 Window{4913713 u0 com.qihoo360.mobilesafe}
03-28 11:48:02.508  4358  4358 D ReverseSensorServer: 1.current is ---获取状态--- Val: x->8.06295 y->0.064050004 z->5.56605
03-28 11:48:02.508  4358  4358 D ReverseSensorServer:  .... else ReverseOn ....
03-28 11:48:02.508 11928 11928 I wm_on_stop_called: [66794160,com.yangcong345.main.phone.splash.SplashActivity,STOP_ACTIVITY_ITEM]
03-28 11:48:02.509  4358  4358 W ContextImpl: Calling a method in the system process without a qualified user: android.app.ContextImpl.stopService:1681 android.content.ContextWrapper.stopService:730 com.android.settings.hraservice.ReverseSensorServer.onSensorChanged:238 android.hardware.SystemSensorManager$SensorEventQueue.dispatchSensorEvent:847 android.os.MessageQueue.nativePollOnce:-2
03-28 11:48:02.511 11928 11928 V PhoneWindow: DecorView setVisiblity: visibility = 4, Parent = android.view.ViewRootImpl@40035c1, this = DecorView@8bde166[SplashActivity]
03-28 11:48:02.511   970  1358 D hookLogPlugin: PackageManagerService.shouldFilterApplicationLocked:不执行原方法,跳过检测ContentProvider权限false
03-28 11:48:02.512   970  1358 D hookLogPlugin: PackageManagerService.shouldFilterApplicationLocked:不执行原方法,跳过检测ContentProvider权限false
03-28 11:48:02.518   777   797 I Proximity: distance = 2
03-28 11:48:02.521   564   581 I mtkpower@impl: [setMode] type:5, enabled:0
03-28 11:48:02.522   564   580 I mtkpower@impl: [mtkPowerHint] hint:23, hold:0, ext:30, ext_hold:5000
03-28 11:48:02.523   970  3041 I InputDispatcher: setInputWindows displayId=0 Window{79c8145 u0 NavigationBar0} Window{1d318ff u0 StatusBar} Window{db06af u0 com.yangcong345.android.phone/com.yangcong345.main.phone.splash.ui.NormalWebViewActivity} recents_animation_input_consumer Window{e9aebfb u0 com.android.systemui.ImageWallpaper}
03-28 11:48:02.523   970  3041 I InputDispatcher: Window went away: com.yangcong345.android.phone/com.yangcong345.main.phone.splash.SplashActivity#0
03-28 11:48:02.523   970  3041 I InputDispatcher: setInputWindows displayId=3 Window{d10e46c u0 com.qihoo360.mobilesafe}
03-28 11:48:02.523   970  3041 I InputDispatcher: setInputWindows displayId=4 Window{4913713 u0 com.qihoo360.mobilesafe}
03-28 11:48:02.523   564   580 I mtkpower@impl: [mtkPowerHint] hint:21, hold:6000, ext:30, ext_hold:35000
03-28 11:48:02.524   564   608 I libPowerHal: [perfLockRel] hdl:120, idx:3
03-28 11:48:02.524   564   608 I libPowerHal: [PD] scn:3 hdl:120 hint:11 comm:mtkpower@1.0-se pid:564
03-28 11:48:02.524   564   608 I libPowerHal: [perfLockRel] hdl:113, idx:1
03-28 11:48:02.524   564   608 I libPowerHal: [PD] scn:1 hdl:113 hint:22 comm:mtkpower@1.0-se pid:564
03-28 11:48:02.524   564   608 I libPowerHal: [perfLockRel] hdl:121, idx:0
03-28 11:48:02.525   564   608 I libPowerHal: [PD] scn:0 hdl:121 hint:23 comm:mtkpower@1.0-se pid:564
03-28 11:48:02.525   564   608 I libPowerHal: [perfLockAcq] idx:4 hdl:122 hint:30 pid:564 duration:5000 => ret_hdl:122
03-28 11:48:02.525   564   608 I libPowerHal: [PE] scn:4 hdl:122 hint:30 comm:mtkpower@1.0-se pid:564
03-28 11:48:02.525   564   608 I libPowerHal: [perfLockAcq] idx:5 hdl:123 hint:21 pid:564 duration:6000 => ret_hdl:123
03-28 11:48:02.525   564   608 I libPowerHal: [PE] scn:5 hdl:123 hint:21 comm:mtkpower@1.0-se pid:564
03-28 11:48:02.525   564   608 I libPowerHal: [perfLockRel] hdl:114, idx:2
03-28 11:48:02.525   564   608 I libPowerHal: [PD] scn:2 hdl:114 hint:21 comm:mtkpower@1.0-se pid:564
03-28 11:48:02.526   564   608 I libPowerHal: [perfLockAcq] idx:6 hdl:124 hint:30 pid:564 duration:35000 => ret_hdl:124
03-28 11:48:02.526   564   608 I libPowerHal: [PE] scn:6 hdl:124 hint:30 comm:mtkpower@1.0-se pid:564
03-28 11:48:02.533   970   970 W WindowManager: removeWindowToken: Attempted to remove non-existing token: android.os.Binder@2e6ad44
03-28 11:48:02.538   585   585 I BufferQueueConsumer: [com.yangcong345.android.phone/com.yangcong345.main.phone.splash.SplashActivity#0](id:24900000123,api:0,p:-1,c:585) disconnect()
03-28 11:48:02.538   585   585 I BufferQueue: [com.yangcong345.android.phone/com.yangcong345.main.phone.splash.SplashActivity#0](this:0xb400007246662fe8,id:291,api:1,p:-1,c:-1) onDestructor()
03-28 11:48:02.540   970  1358 I InputDispatcher: setInputWindows displayId=0 Window{79c8145 u0 NavigationBar0} Window{1d318ff u0 StatusBar} Window{db06af u0 com.yangcong345.android.phone/com.yangcong345.main.phone.splash.ui.NormalWebViewActivity} recents_animation_input_consumer Window{e9aebfb u0 com.android.systemui.ImageWallpaper}
03-28 11:48:02.541   970  1358 I InputDispatcher: setInputWindows displayId=3 Window{d10e46c u0 com.qihoo360.mobilesafe}
03-28 11:48:02.541   970  1358 I InputDispatcher: setInputWindows displayId=4 Window{4913713 u0 com.qihoo360.mobilesafe}
03-28 11:48:02.635 11874 11874 I Monkey  : :Sending Touch (ACTION_DOWN): 0:(402.0,351.0)
03-28 11:48:02.636   564   608 I libPowerHal: [perfLockAcq] idx:0 hdl:125 hint:25 pid:564 duration:10000 => ret_hdl:125
03-28 11:48:02.636   564   608 I libPowerHal: [PE] scn:0 hdl:125 hint:25 comm:mtkpower@1.0-se pid:564
03-28 11:48:02.636   564   608 I libPowerHal: [PE] MTKPOWER_HINT_APP_TOUCH update cmd:3408600 param:1
03-28 11:48:02.636   970  3041 D hookLogPlugin: PackageManagerService.shouldFilterApplicationLocked:不执行原方法,跳过检测ContentProvider权限false
03-28 11:48:02.637   970  3041 I chatty  : uid=1000(system) Binder:970_1C identical 2 lines
03-28 11:48:02.637   970  3041 D hookLogPlugin: PackageManagerService.shouldFilterApplicationLocked:不执行原方法,跳过检测ContentProvider权限false
03-28 11:48:02.637 11874 11874 I Monkey  : :Sending Touch (ACTION_UP): 0:(400.90994,341.67175)
03-28 11:48:02.638   564   608 I libPowerHal: [perfLockRel] hdl:125, idx:0
03-28 11:48:02.638   564   608 I libPowerHal: [PD] scn:0 hdl:125 hint:25 comm:mtkpower@1.0-se pid:564
03-28 11:48:02.638   564   608 I libPowerHal: [PD] MTKPOWER_HINT_APP_TOUCH update cmd:3408600 param:0
03-28 11:48:02.639 11874 11874 I Monkey  : Sleeping for 1000 milliseconds
03-28 11:48:02.726   777   797 I Proximity: distance = 2
03-28 11:48:02.783   970  3041 D YSQ     : checkQueryAllPackages type: queryIntentActivities, pkgName: com.qihoo360.mobilesafe, callingUid: 10090
03-28 11:48:02.783   970  3041 D HraManager: hra getBlackIntentActionList
03-28 11:48:02.784   970  3041 D hookLogPlugin: PackageManagerService.shouldFilterApplicationLocked:不执行原方法,跳过检测ContentProvider权限false
03-28 11:48:02.855   970  3041 I chatty  : uid=1000(system) Binder:970_1C identical 22 lines
03-28 11:48:02.855   970  3041 D hookLogPlugin: PackageManagerService.shouldFilterApplicationLocked:不执行原方法,跳过检测ContentProvider权限false
03-28 11:48:02.866 11928 12006 E GPUAUX  : [AUX]GuiExtAuxCheckAuxPath:639: Null anb
03-28 11:48:02.867 11928 12006 E GPUAUX  : [AUX]GuiExtAuxCheckAuxPath:639: Null anb
03-28 11:48:02.896   547   547 I hwcomposer: [HWCDisplay] [Display_0 (type:1)] fps:42.853050,dur:1260.12,max:354.76,min:10.22
03-28 11:48:02.930   777   797 I Proximity: distance = 2
03-28 11:48:02.931  4358  4358 I android_os_HwBinder: HwBinder: Starting thread pool for getting: vendor.mediatek.hardware.nvram@1.0::INvram/default
03-28 11:48:02.931   565   565 D NVRAM   : NVM_GetLIDByName /mnt/vendor/nvcfg/HWMON_PS
03-28 11:48:02.931   565   565 D NVRAM   : NVRAM: NVM_GetLIDByName Lid =18
03-28 11:48:02.932   565   565 D NVRAM   : NVM_GetFileDesc: Open /mnt/vendor/nvcfg/HWMON_PS,LID:18
03-28 11:48:02.932   565   565 D NVRAM   : NVM_CmpFileVerNo 18
03-28 11:48:02.932   565   565 D NVRAM   : Load File Version: 000, NvRam File Version: 000
03-28 11:48:02.932   565   565 D NVRAM   : NVM_ProtectDataFile : 18 ++
03-28 11:48:02.932   565   565 D NVRAM   : NVM_ProtectUserData:Check Success
03-28 11:48:02.932   565   565 E vendor.mediatek.hardware.nvram@1.1-service: RecNum is 1
03-28 11:48:02.933   565   565 D NVRAM   : NVM_CloseFileDesc: Open by Readonly, no need to check when close
03-28 11:48:02.933   565   565 D NVRAM   : Read Done!Size is 4
03-28 11:48:02.933   565   565 D NVRAM   : nvramstr 00000108
03-28 11:48:02.933   565   565 D NVRAM   :
03-28 11:48:02.933  4358  4358 I ProximityService: --->readFileByName--->Succeed
03-28 11:48:02.933  4358  4358 D SENSOR-JNI: zt Enter getPsensorData()
03-28 11:48:02.934  4358  4358 D SENSOR-JNI: zt getPsensorData() returned 19
03-28 11:48:02.934  4358  4358 I ProximityService: getData -->19--- thresholdValue --->264
03-28 11:48:02.934  4358  4358 W ContextImpl: Calling a method in the system process without a qualified user: android.app.ContextImpl.stopService:1681 android.content.ContextWrapper.stopService:730 com.android.settings.hraservice.ProximityService.setSleepOrWakeup:161 com.android.settings.hraservice.ProximityService.uploadPDate:283 com.android.settings.hraservice.ProximityService.access$100:46
03-28 11:48:02.935   970  1358 D hookLogPlugin: PackageManagerService.shouldFilterApplicationLocked:不执行原方法,跳过检测ContentProvider权限false
03-28 11:48:02.947   970  1358 I chatty  : uid=1000(system) Binder:970_5 identical 2 lines
03-28 11:48:02.947   970  1358 D hookLogPlugin: PackageManagerService.shouldFilterApplicationLocked:不执行原方法,跳过检测ContentProvider权限false
03-28 11:48:02.947   970  3041 D hookLogPlugin: PackageManagerService.shouldFilterApplicationLocked:不执行原方法,跳过检测ContentProvider权限false
03-28 11:48:02.947   970  3041 D hookLogPlugin: PackageManagerService.shouldFilterApplicationLocked:不执行原方法,跳过检测ContentProvider权限false
03-28 11:48:02.947   970  2833 D hookLogPlugin: PackageManagerService.shouldFilterApplicationLocked:不执行原方法,跳过检测ContentProvider权限false
03-28 11:48:02.948   970  2833 D hookLogPlugin: PackageManagerService.shouldFilterApplicationLocked:不执行原方法,跳过检测ContentProvider权限false
03-28 11:48:03.038 11928 12006 E GPUAUX  : [AUX]GuiExtAuxCheckAuxPath:639: Null anb
03-28 11:48:03.039 11928 12006 E GPUAUX  : [AUX]GuiExtAuxCheckAuxPath:639: Null anb
03-28 11:48:03.134   777   797 I Proximity: distance = 2
03-28 11:48:03.154 11928 12006 E GPUAUX  : [AUX]GuiExtAuxCheckAuxPath:639: Null anb
03-28 11:48:03.156   585   629 I BufferQueueProducer: [com.yangcong345.android.phone/com.yangcong345.main.phone.splash.ui.NormalWebViewActivity#0](this:0xb4000072466a13c8,id:293,api:1,p:11928,c:585) queueBuffer: fps=15.45 dur=1100.48 max=446.50 min=19.01
03-28 11:48:03.252  4358  4358 D VibrateSensorServer: VibrateSensorServer  testTime=currentTime - currentTime1 > 1s
03-28 11:48:03.258  4358  4358 D VibrateSensorServer: Times--->  0
03-28 11:48:03.258  4358  4358 D VibrateSensorServer:  .... else VibrateTip --> Off ....
03-28 11:48:03.259  4358  4358 W ContextImpl: Calling a method in the system process without a qualified user: android.app.ContextImpl.stopService:1681 android.content.ContextWrapper.stopService:730 com.android.settings.hraservice.VibrateSensorServer.onSensorChanged:183 android.hardware.SystemSensorManager$SensorEventQueue.dispatchSensorEvent:847 android.os.MessageQueue.nativePollOnce:-2
03-28 11:48:03.259   970  2833 D hookLogPlugin: PackageManagerService.shouldFilterApplicationLocked:不执行原方法,跳过检测ContentProvider权限false
03-28 11:48:03.260   970  2833 D hookLogPlugin: PackageManagerService.shouldFilterApplicationLocked:不执行原方法,跳过检测ContentProvider权限false
03-28 11:48:03.338   777   797 I Proximity: distance = 2
03-28 11:48:03.338 11928 12006 E GPUAUX  : [AUX]GuiExtAuxCheckAuxPath:639: Null anb
03-28 11:48:03.338 11928 12006 E GPUAUX  : [AUX]GuiExtAuxCheckAuxPath:639: Null anb
03-28 11:48:03.358   970  2833 D hookLogPlugin: PackageManagerService.shouldFilterApplicationLocked:不执行原方法,跳过检测ContentProvider权限false
03-28 11:48:03.358   970  2833 D hookLogPlugin: PackageManagerService.shouldFilterApplicationLocked:不执行原方法,跳过检测ContentProvider权限false
03-28 11:48:03.385   970  1189 E WifiVendorHal: getWifiLinkLayerStats_1_3_Internal(l.973) failed {.code = ERROR_NOT_SUPPORTED, .description = }
03-28 11:48:03.525  4358  4358 I ReverseSensorServer: ------ limitTime is 0 or >10min  ------
03-28 11:48:03.531  4358  4358 D ReverseSensorServer: 1.current is ---获取状态--- Val: x->8.0460005 y->0.04095 z->5.5729504
03-28 11:48:03.531  4358  4358 D ReverseSensorServer:  .... else ReverseOn ....
03-28 11:48:03.531  4358  4358 W ContextImpl: Calling a method in the system process without a qualified user: android.app.ContextImpl.stopService:1681 android.content.ContextWrapper.stopService:730 com.android.settings.hraservice.ReverseSensorServer.onSensorChanged:238 android.hardware.SystemSensorManager$SensorEventQueue.dispatchSensorEvent:847 android.os.MessageQueue.nativePollOnce:-2
03-28 11:48:03.532   970  2833 D hookLogPlugin: PackageManagerService.shouldFilterApplicationLocked:不执行原方法,跳过检测ContentProvider权限false
03-28 11:48:03.532   970  2833 D hookLogPlugin: PackageManagerService.shouldFilterApplicationLocked:不执行原方法,跳过检测ContentProvider权限false
03-28 11:48:03.542   777   797 I Proximity: distance = 2
03-28 11:48:03.639 11874 11874 I Monkey  : :Sending Touch (ACTION_DOWN): 0:(1058.0,867.0)
03-28 11:48:03.640   564   608 I libPowerHal: [perfLockAcq] idx:0 hdl:126 hint:25 pid:564 duration:10000 => ret_hdl:126
03-28 11:48:03.641   564   608 I libPowerHal: [PE] scn:0 hdl:126 hint:25 comm:mtkpower@1.0-se pid:564
03-28 11:48:03.641   564   608 I libPowerHal: [PE] MTKPOWER_HINT_APP_TOUCH update cmd:3408600 param:1
03-28 11:48:03.641   970  3041 D hookLogPlugin: PackageManagerService.shouldFilterApplicationLocked:不执行原方法,跳过检测ContentProvider权限false
03-28 11:48:03.642   970  3041 I chatty  : uid=1000(system) Binder:970_1C identical 2 lines
03-28 11:48:03.642   970  3041 D hookLogPlugin: PackageManagerService.shouldFilterApplicationLocked:不执行原方法,跳过检测ContentProvider权限false
03-28 11:48:03.642 11874 11874 I Monkey  : :Sending Touch (ACTION_UP): 0:(1060.5566,870.0394)
03-28 11:48:03.643   564   608 I libPowerHal: [perfLockRel] hdl:126, idx:0
03-28 11:48:03.643   564   608 I libPowerHal: [PD] scn:0 hdl:126 hint:25 comm:mtkpower@1.0-se pid:564
03-28 11:48:03.644   564   608 I libPowerHal: [PD] MTKPOWER_HINT_APP_TOUCH update cmd:3408600 param:0
03-28 11:48:03.644 11874 11874 I Monkey  : Sleeping for 1000 milliseconds
03-28 11:48:03.746   777   797 I Proximity: distance = 2
03-28 11:48:03.790   970  3041 D YSQ     : checkQueryAllPackages type: queryIntentActivities, pkgName: com.qihoo360.mobilesafe, callingUid: 10090
03-28 11:48:03.790   970  3041 D HraManager: hra getBlackIntentActionList
03-28 11:48:03.791   970  3041 D hookLogPlugin: PackageManagerService.shouldFilterApplicationLocked:不执行原方法,跳过检测ContentProvider权限false
03-28 11:48:03.794   970  3041 I chatty  : uid=1000(system) Binder:970_1C identical 16 lines
03-28 11:48:03.794   970  3041 D hookLogPlugin: PackageManagerService.shouldFilterApplicationLocked:不执行原方法,跳过检测ContentProvider权限false
03-28 11:48:03.950   777   797 I Proximity: distance = 2
03-28 11:48:03.951  4358  4358 I android_os_HwBinder: HwBinder: Starting thread pool for getting: vendor.mediatek.hardware.nvram@1.0::INvram/default
03-28 11:48:03.951   565   565 D NVRAM   : NVM_GetLIDByName /mnt/vendor/nvcfg/HWMON_PS
03-28 11:48:03.951   565   565 D NVRAM   : NVRAM: NVM_GetLIDByName Lid =18
03-28 11:48:03.951   565   565 D NVRAM   : NVM_GetFileDesc: Open /mnt/vendor/nvcfg/HWMON_PS,LID:18
03-28 11:48:03.952   565   565 D NVRAM   : NVM_CmpFileVerNo 18
03-28 11:48:03.952   565   565 D NVRAM   : Load File Version: 000, NvRam File Version: 000
03-28 11:48:03.952   565   565 D NVRAM   : NVM_ProtectDataFile : 18 ++
03-28 11:48:03.952   565   565 D NVRAM   : NVM_ProtectUserData:Check Success
03-28 11:48:03.952   565   565 E vendor.mediatek.hardware.nvram@1.1-service: RecNum is 1
03-28 11:48:03.953   565   565 D NVRAM   : NVM_CloseFileDesc: Open by Readonly, no need to check when close
03-28 11:48:03.953   565   565 D NVRAM   : Read Done!Size is 4
03-28 11:48:03.953   565   565 D NVRAM   : nvramstr 00000108
03-28 11:48:03.953   565   565 D NVRAM   :
03-28 11:48:03.953  4358  4358 I ProximityService: --->readFileByName--->Succeed
03-28 11:48:03.953  4358  4358 D SENSOR-JNI: zt Enter getPsensorData()
03-28 11:48:03.954  4358  4358 D SENSOR-JNI: zt getPsensorData() returned 22
03-28 11:48:03.954  4358  4358 I ProximityService: getData -->22--- thresholdValue --->264
03-28 11:48:03.954  4358  4358 W ContextImpl: Calling a method in the system process without a qualified user: android.app.ContextImpl.stopService:1681 android.content.ContextWrapper.stopService:730 com.android.settings.hraservice.ProximityService.setSleepOrWakeup:161 com.android.settings.hraservice.ProximityService.uploadPDate:283 com.android.settings.hraservice.ProximityService.access$100:46
