03-28 11:48:01.634   970  3041 I InputDispatcher: setInputWindows displayId=0 Window{79c8145 u0 NavigationBar0} Window{d36d091 u0 VolumeDialogImpl} Window{1d318ff u0 StatusBar} Window{32a432 u0 com.yangcong345.android.phone/com.yangcong345.main.phone.splash.SplashActivity} recents_animation_input_consumer com.android.launcher3/com.android.launcher3.uioverrides.QuickstepLauncher#0 Window{e9aebfb u0 com.android.systemui.ImageWallpaper}
03-28 11:48:01.634   970  3041 I InputDispatcher: setInputWindows displayId=3 Window{d10e46c u0 com.qihoo360.mobilesafe}
03-28 11:48:01.634   970  3041 I InputDispatcher: setInputWindows displayId=4 Window{4913713 u0 com.qihoo360.mobilesafe}
03-28 11:48:01.635   547   547 I hwcomposer: [HWCDisplay] [Display_0 (type:1)] fps:61.808792,dur:1003.09,max:18.67,min:13.57
03-28 11:48:01.638 11928 11928 I visitorTracer: initEvent : pointTask 普通游客
03-28 11:48:01.643 11928 11928 D test_act: com.yangcong345.android.phone
03-28 11:48:01.644   970  1358 D HraManager: hra getBlackActivityList
03-28 11:48:01.644   970  1358 D HraManagerService:  getBlackActivityList
03-28 11:48:01.644   970  1358 D hookLogPlugin: PackageManagerService.shouldFilterApplicationLocked:不执行原方法,跳过检测ContentProvider权限false
03-28 11:48:01.644   970  1358 D HraManager: hra getBlackIntentActionList
03-28 11:48:01.645   970  1358 D hookLogPlugin: PackageManagerService.shouldFilterApplicationLocked:不执行原方法,跳过检测ContentProvider权限false
03-28 11:48:01.645   970  1358 I ActivityTaskManager: START u0 {cmp=com.yangcong345.android.phone/com.yangcong345.main.phone.splash.ui.NormalWebViewActivity (has extras)} from uid 10125
03-28 11:48:01.646   970  1358 I chatty  : uid=1000(system) Binder:970_5 identical 1 line
03-28 11:48:01.646   970  1358 D hookLogPlugin: PackageManagerService.shouldFilterApplicationLocked:不执行原方法,跳过检测ContentProvider权限false
03-28 11:48:01.647 11874 11923 I Monkey  :     // Allowing start of Intent { cmp=com.yangcong345.android.phone/com.yangcong345.main.phone.splash.ui.NormalWebViewActivity } in package com.yangcong345.android.phone
03-28 11:48:01.650   970  2755 I InputDispatcher: setInputWindows displayId=0 Window{79c8145 u0 NavigationBar0} Window{d36d091 u0 VolumeDialogImpl} Window{1d318ff u0 StatusBar} Window{32a432 u0 com.yangcong345.android.phone/com.yangcong345.main.phone.splash.SplashActivity} recents_animation_input_consumer com.android.launcher3/com.android.launcher3.uioverrides.QuickstepLauncher#0 Window{e9aebfb u0 com.android.systemui.ImageWallpaper}
03-28 11:48:01.650   970  2755 I InputDispatcher: setInputWindows displayId=3 Window{d10e46c u0 com.qihoo360.mobilesafe}
03-28 11:48:01.650   970  2755 I InputDispatcher: setInputWindows displayId=4 Window{4913713 u0 com.qihoo360.mobilesafe}
03-28 11:48:01.651   970  1358 I wm_create_activity: [0,234210254,464,com.yangcong345.android.phone/com.yangcong345.main.phone.splash.ui.NormalWebViewActivity,NULL,NULL,NULL,0]
03-28 11:48:01.651   564   581 I mtkpower@impl: [setMode] type:5, enabled:1
03-28 11:48:01.651   564   608 I libPowerHal: [perfLockAcq] idx:3 hdl:120 hint:11 pid:564 duration:30000 => ret_hdl:120
03-28 11:48:01.651   564   608 I libPowerHal: [PE] scn:3 hdl:120 hint:11 comm:mtkpower@1.0-se pid:564
03-28 11:48:01.651   970  1358 I wm_pause_activity: [0,66794160,com.yangcong345.android.phone/com.yangcong345.main.phone.splash.SplashActivity,userLeaving=true]
03-28 11:48:01.651   564   608 I libPowerHal: [perfLockRel] hdl:112, idx:0
03-28 11:48:01.651   564   608 I libPowerHal: [PD] scn:0 hdl:112 hint:11 comm:mtkpower@1.0-se pid:564
03-28 11:48:01.652   564   608 I libPowerHal: [perfLockAcq] idx:0 hdl:121 hint:23 pid:564 duration:10000 => ret_hdl:121
03-28 11:48:01.652   564   608 I libPowerHal: [PE] scn:0 hdl:121 hint:23 comm:mtkpower@1.0-se pid:564
03-28 11:48:01.656 11928 11928 I wm_on_top_resumed_lost_called: [66794160,com.yangcong345.main.phone.splash.SplashActivity,topStateChangedWhenResumed]
03-28 11:48:01.661 11928 11928 I wm_on_paused_called: [66794160,com.yangcong345.main.phone.splash.SplashActivity,performPause]
03-28 11:48:01.662   970  1358 D hookLogPlugin: PackageManagerService.shouldFilterApplicationLocked:不执行原方法,跳过检测ContentProvider权限false
03-28 11:48:01.662   970  1358 W ActivityTaskManager: Tried to set launchTime (0) < mLastActivityLaunchTime (120435652)
03-28 11:48:01.662   970  1006 D hookLogPlugin: PackageManagerService.shouldFilterApplicationLocked:不执行原方法,跳过检测ContentProvider权限false
03-28 11:48:01.662   970  1358 I wm_add_to_stopping: [0,66794160,com.yangcong345.android.phone/com.yangcong345.main.phone.splash.SplashActivity,makeInvisible]
03-28 11:48:01.663   970  1358 I wm_restart_activity: [0,234210254,464,com.yangcong345.android.phone/com.yangcong345.main.phone.splash.ui.NormalWebViewActivity]
03-28 11:48:01.664   564   580 I mtkpower@impl: [notifyAppState] act com.qihoo360.mobilesafe.ka.ShowOnScreenOffActivity => com.yangcong345.main.phone.splash.ui.NormalWebViewActivity
03-28 11:48:01.665   970  1358 W WindowManager: Changing focus fromWindow{32a432 u0 com.yangcong345.android.phone/com.yangcong345.main.phone.splash.SplashActivity} to null displayId=0 Callers=com.android.server.wm.RootWindowContainer.updateFocusedWindowLocked:457 com.android.server.wm.WindowManagerService.updateFocusedWindowLocked:5611 com.android.server.wm.DisplayContent.setFocusedApp:5534 com.android.server.wm.ActivityTaskManagerService.setResumedActivityUncheckLocked:5548
03-28 11:48:01.666   970  1358 I wm_set_resumed_activity: [0,com.yangcong345.android.phone/com.yangcong345.main.phone.splash.ui.NormalWebViewActivity,minimalResumeActivityLocked]
03-28 11:48:01.666   970  2833 I InputDispatcher: setInputWindows displayId=0 Window{79c8145 u0 NavigationBar0} Window{d36d091 u0 VolumeDialogImpl} Window{1d318ff u0 StatusBar} Window{32a432 u0 com.yangcong345.android.phone/com.yangcong345.main.phone.splash.SplashActivity} recents_animation_input_consumer com.android.launcher3/com.android.launcher3.uioverrides.QuickstepLauncher#0 Window{e9aebfb u0 com.android.systemui.ImageWallpaper}
03-28 11:48:01.666   970  2833 I InputDispatcher: setInputWindows displayId=3 Window{d10e46c u0 com.qihoo360.mobilesafe}
03-28 11:48:01.666   970  2833 I InputDispatcher: setInputWindows displayId=4 Window{4913713 u0 com.qihoo360.mobilesafe}
03-28 11:48:01.672   970  1000 I wm_stop_activity: [0,185131389,com.android.launcher3/.uioverrides.QuickstepLauncher]
03-28 11:48:01.673   970  1000 I sysui_multi_action: [757,803,799,window_time_0,802,5]
03-28 11:48:01.674   970  1006 D hookLogPlugin: PackageManagerService.shouldFilterApplicationLocked:不执行原方法,跳过检测ContentProvider权限false
03-28 11:48:01.675   970  2755 D hookLogPlugin: PackageManagerService.shouldFilterApplicationLocked:不执行原方法,跳过检测ContentProvider权限false
03-28 11:48:01.675   970  2833 D hookLogPlugin: PackageManagerService.shouldFilterApplicationLocked:不执行原方法,跳过检测ContentProvider权限false
03-28 11:48:01.676   970  2833 D hookLogPlugin: PackageManagerService.shouldFilterApplicationLocked:不执行原方法,跳过检测ContentProvider权限false
03-28 11:48:01.676   970  1358 D hookLogPlugin: PackageManagerService.shouldFilterApplicationLocked:不执行原方法,跳过检测ContentProvider权限false
03-28 11:48:01.676   970  2755 D hookLogPlugin: PackageManagerService.shouldFilterApplicationLocked:不执行原方法,跳过检测ContentProvider权限false
03-28 11:48:01.676   970  3041 D hookLogPlugin: PackageManagerService.shouldFilterApplicationLocked:不执行原方法,跳过检测ContentProvider权限false
03-28 11:48:01.677  1635  1635 I wm_on_stop_called: [185131389,com.android.launcher3.uioverrides.QuickstepLauncher,STOP_ACTIVITY_ITEM]
03-28 11:48:01.676   970  3041 D hookLogPlugin: PackageManagerService.shouldFilterApplicationLocked:不执行原方法,跳过检测ContentProvider权限false
03-28 11:48:01.678  1635  1635 V PhoneWindow: DecorView setVisiblity: visibility = 4, Parent = android.view.ViewRootImpl@8c831e5, this = DecorView@1aa0bae[QuickstepLauncher]
03-28 11:48:01.683   970  1358 I InputDispatcher: setInputWindows displayId=0 Window{79c8145 u0 NavigationBar0} Window{d36d091 u0 VolumeDialogImpl} Window{1d318ff u0 StatusBar} Window{32a432 u0 com.yangcong345.android.phone/com.yangcong345.main.phone.splash.SplashActivity} recents_animation_input_consumer com.android.launcher3/com.android.launcher3.uioverrides.QuickstepLauncher#0 Window{e9aebfb u0 com.android.systemui.ImageWallpaper}
03-28 11:48:01.683   970  1358 I InputDispatcher: setInputWindows displayId=3 Window{d10e46c u0 com.qihoo360.mobilesafe}
03-28 11:48:01.683   970  1358 I InputDispatcher: setInputWindows displayId=4 Window{4913713 u0 com.qihoo360.mobilesafe}
03-28 11:48:01.695   970  3041 D hookLogPlugin: PackageManagerService.shouldFilterApplicationLocked:不执行原方法,跳过检测ContentProvider权限false
03-28 11:48:01.695   970  3041 D hookLogPlugin: PackageManagerService.shouldFilterApplicationLocked:不执行原方法,跳过检测ContentProvider权限false
03-28 11:48:01.698   585   585 I BufferQueueConsumer: [com.android.launcher3/com.android.launcher3.uioverrides.QuickstepLauncher#0](id:24900000117,api:0,p:-1,c:585) disconnect()
03-28 11:48:01.698   585   585 I BufferQueue: [com.android.launcher3/com.android.launcher3.uioverrides.QuickstepLauncher#0](this:0xb40000724668f2a8,id:279,api:1,p:-1,c:-1) onDestructor()
03-28 11:48:01.700   970  3041 I InputDispatcher: setInputWindows displayId=0 Window{79c8145 u0 NavigationBar0} Window{d36d091 u0 VolumeDialogImpl} Window{1d318ff u0 StatusBar} com.yangcong345.android.phone/com.yangcong345.main.phone.splash.SplashActivity#0 recents_animation_input_consumer Window{e9aebfb u0 com.android.systemui.ImageWallpaper}
03-28 11:48:01.700   970  3041 I InputDispatcher: Focus left window: Window{32a432 u0 com.yangcong345.android.phone/com.yangcong345.main.phone.splash.SplashActivity} in display 0
03-28 11:48:01.701   970  3041 I InputDispatcher: Window went away: Window{32a432 u0 com.yangcong345.android.phone/com.yangcong345.main.phone.splash.SplashActivity}
03-28 11:48:01.701   970  3041 I InputDispatcher: Window went away: com.android.launcher3/com.android.launcher3.uioverrides.QuickstepLauncher#0
03-28 11:48:01.701   970  3041 I InputDispatcher: setInputWindows displayId=3 Window{d10e46c u0 com.qihoo360.mobilesafe}
03-28 11:48:01.701   970  3041 I InputDispatcher: setInputWindows displayId=4 Window{4913713 u0 com.qihoo360.mobilesafe}
03-28 11:48:01.702   777   797 I Proximity: distance = 2
03-28 11:48:01.704   970  3041 D hookLogPlugin: PackageManagerService.shouldFilterApplicationLocked:不执行原方法,跳过检测ContentProvider权限false
03-28 11:48:01.713   970  3041 I chatty  : uid=1000(system) Binder:970_1C identical 6 lines
03-28 11:48:01.713   970  3041 D hookLogPlugin: PackageManagerService.shouldFilterApplicationLocked:不执行原方法,跳过检测ContentProvider权限false
03-28 11:48:01.714   970  3041 I InputDispatcher: setInputWindows displayId=0 Window{79c8145 u0 NavigationBar0} Window{d36d091 u0 VolumeDialogImpl} Window{1d318ff u0 StatusBar} com.yangcong345.android.phone/com.yangcong345.main.phone.splash.SplashActivity#0 recents_animation_input_consumer Window{e9aebfb u0 com.android.systemui.ImageWallpaper}
03-28 11:48:01.715   970  3041 I InputDispatcher: setInputWindows displayId=3 Window{d10e46c u0 com.qihoo360.mobilesafe}
03-28 11:48:01.715   970  3041 I InputDispatcher: setInputWindows displayId=4 Window{4913713 u0 com.qihoo360.mobilesafe}
03-28 11:48:01.719 11928 11928 I WebViewFactory: Loading com.google.android.webview version 97.0.4692.87 (code 469208703)
03-28 11:48:01.721   970  3041 D hookLogPlugin: PackageManagerService.shouldFilterApplicationLocked:不执行原方法,跳过检测ContentProvider权限false
03-28 11:48:01.722   970  3041 I chatty  : uid=1000(system) Binder:970_1C identical 2 lines
03-28 11:48:01.722   970  3041 D hookLogPlugin: PackageManagerService.shouldFilterApplicationLocked:不执行原方法,跳过检测ContentProvider权限false
03-28 11:48:01.724 11928 11928 D nativeloader: classloader namespace configured for unbundled product apk. library_path=/product/app/webview/lib/arm64:/product/app/webview/webview.apk!/lib/arm64-v8a:/product/lib64:/system/product/lib64
03-28 11:48:01.725   970  3041 D hookLogPlugin: PackageManagerService.shouldFilterApplicationLocked:不执行原方法,跳过检测ContentProvider权限false
03-28 11:48:01.725   970  3041 D hookLogPlugin: PackageManagerService.shouldFilterApplicationLocked:不执行原方法,跳过检测ContentProvider权限false
03-28 11:48:01.731   970  3041 I InputDispatcher: setInputWindows displayId=0 Window{79c8145 u0 NavigationBar0} Window{d36d091 u0 VolumeDialogImpl} Window{1d318ff u0 StatusBar} com.yangcong345.android.phone/com.yangcong345.main.phone.splash.SplashActivity#0 recents_animation_input_consumer Window{e9aebfb u0 com.android.systemui.ImageWallpaper}
03-28 11:48:01.731   970  3041 I InputDispatcher: setInputWindows displayId=3 Window{d10e46c u0 com.qihoo360.mobilesafe}
03-28 11:48:01.731   970  3041 I InputDispatcher: setInputWindows displayId=4 Window{4913713 u0 com.qihoo360.mobilesafe}
03-28 11:48:01.734   970  3041 D hookLogPlugin: PackageManagerService.shouldFilterApplicationLocked:不执行原方法,跳过检测ContentProvider权限false
03-28 11:48:01.735   970  3041 D hookLogPlugin: PackageManagerService.shouldFilterApplicationLocked:不执行原方法,跳过检测ContentProvider权限false
03-28 11:48:01.743 11928 11928 I cr_WVCFactoryProvider: Loaded version=97.0.4692.87 minSdkVersion=23 isBundle=true multiprocess=true packageId=2
03-28 11:48:01.743   970  2833 D hookLogPlugin: PackageManagerService.shouldFilterApplicationLocked:不执行原方法,跳过检测ContentProvider权限false
03-28 11:48:01.747   970  3041 I InputDispatcher: setInputWindows displayId=0 Window{79c8145 u0 NavigationBar0} Window{d36d091 u0 VolumeDialogImpl} Window{1d318ff u0 StatusBar} com.yangcong345.android.phone/com.yangcong345.main.phone.splash.SplashActivity#0 recents_animation_input_consumer Window{e9aebfb u0 com.android.systemui.ImageWallpaper}
03-28 11:48:01.747   970  3041 I InputDispatcher: setInputWindows displayId=3 Window{d10e46c u0 com.qihoo360.mobilesafe}
03-28 11:48:01.747   970  3041 I InputDispatcher: setInputWindows displayId=4 Window{4913713 u0 com.qihoo360.mobilesafe}
03-28 11:48:01.752   970  2833 D hookLogPlugin: PackageManagerService.shouldFilterApplicationLocked:不执行原方法,跳过检测ContentProvider权限false
03-28 11:48:01.757   970  2833 D CompatibilityChangeReporter: Compat change id reported: 136274596; UID 10125; state: ENABLED
03-28 11:48:01.757   970  2833 I am_uid_active: 10104
03-28 11:48:01.759   970  2833 I chatty  : uid=1000(system) Binder:970_18 identical 9 lines
03-28 11:48:01.759   970  2833 D hookLogPlugin: PackageManagerService.shouldFilterApplicationLocked:不执行原方法,跳过检测ContentProvider权限false
03-28 11:48:01.760   970  3041 D hookLogPlugin: PackageManagerService.shouldFilterApplicationLocked:不执行原方法,跳过检测ContentProvider权限false
03-28 11:48:01.760   970  3041 D hookLogPlugin: PackageManagerService.shouldFilterApplicationLocked:不执行原方法,跳过检测ContentProvider权限false
03-28 11:48:01.760   970  1187 D hookLogPlugin: PackageManagerService.shouldFilterApplicationLocked:不执行原方法,跳过检测ContentProvider权限false
03-28 11:48:01.760   970  1187 D hookLogPlugin: PackageManagerService.shouldFilterApplicationLocked:不执行原方法,跳过检测ContentProvider权限false
03-28 11:48:01.761   970  2833 D hookLogPlugin: PackageManagerService.shouldFilterApplicationLocked:不执行原方法,跳过检测ContentProvider权限false
03-28 11:48:01.761   970  2833 D hookLogPlugin: PackageManagerService.shouldFilterApplicationLocked:不执行原方法,跳过检测ContentProvider权限false
03-28 11:48:01.765   970  3041 D hookLogPlugin: PackageManagerService.shouldFilterApplicationLocked:不执行原方法,跳过检测ContentProvider权限false
03-28 11:48:01.765   970  3041 D hookLogPlugin: PackageManagerService.shouldFilterApplicationLocked:不执行原方法,跳过检测ContentProvider权限false
03-28 11:48:01.769 11928 11928 I cr_LibraryLoader: Successfully loaded native library
03-28 11:48:01.769 11928 11928 I cr_CachingUmaRecorder: Flushed 9 samples from 9 histograms.
03-28 11:48:01.771   970  3041 D hookLogPlugin: PackageManagerService.shouldFilterApplicationLocked:不执行原方法,跳过检测ContentProvider权限false
03-28 11:48:01.773   970  3041 I chatty  : uid=1000(system) Binder:970_1C identical 2 lines
03-28 11:48:01.773   970  3041 D hookLogPlugin: PackageManagerService.shouldFilterApplicationLocked:不执行原方法,跳过检测ContentProvider权限false
03-28 11:48:01.773   970  2833 D YSQ     : checkQueryAllPackages type: queryIntentActivities, pkgName: com.qihoo360.mobilesafe, callingUid: 10090
03-28 11:48:01.773   970  3041 D hookLogPlugin: PackageManagerService.shouldFilterApplicationLocked:不执行原方法,跳过检测ContentProvider权限false
03-28 11:48:01.773   970  3041 D hookLogPlugin: PackageManagerService.shouldFilterApplicationLocked:不执行原方法,跳过检测ContentProvider权限false
03-28 11:48:01.774   970  2833 D HraManager: hra getBlackIntentActionList
03-28 11:48:01.774   970  3041 D hookLogPlugin: PackageManagerService.shouldFilterApplicationLocked:不执行原方法,跳过检测ContentProvider权限false
03-28 11:48:01.775   970  3041 I chatty  : uid=1000(system) Binder:970_1C identical 2 lines
03-28 11:48:01.775   970  3041 D hookLogPlugin: PackageManagerService.shouldFilterApplicationLocked:不执行原方法,跳过检测ContentProvider权限false
03-28 11:48:01.775   970  2833 D hookLogPlugin: PackageManagerService.shouldFilterApplicationLocked:不执行原方法,跳过检测ContentProvider权限false
03-28 11:48:01.775   970  2833 D hookLogPlugin: PackageManagerService.shouldFilterApplicationLocked:不执行原方法,跳过检测ContentProvider权限false
03-28 11:48:01.776   970  3041 D hookLogPlugin: PackageManagerService.shouldFilterApplicationLocked:不执行原方法,跳过检测ContentProvider权限false
03-28 11:48:01.776   970  3041 I chatty  : uid=1000(system) Binder:970_1C identical 2 lines
03-28 11:48:01.776   970  3041 D hookLogPlugin: PackageManagerService.shouldFilterApplicationLocked:不执行原方法,跳过检测ContentProvider权限false
03-28 11:48:01.776   970  1358 D hookLogPlugin: PackageManagerService.shouldFilterApplicationLocked:不执行原方法,跳过检测ContentProvider权限false
03-28 11:48:01.776   970  1358 D hookLogPlugin: PackageManagerService.shouldFilterApplicationLocked:不执行原方法,跳过检测ContentProvider权限false
03-28 11:48:01.777   970  3041 D hookLogPlugin: PackageManagerService.shouldFilterApplicationLocked:不执行原方法,跳过检测ContentProvider权限false
03-28 11:48:01.777   970  3041 D hookLogPlugin: PackageManagerService.shouldFilterApplicationLocked:不执行原方法,跳过检测ContentProvider权限false
03-28 11:48:01.777   970  2833 D hookLogPlugin: PackageManagerService.shouldFilterApplicationLocked:不执行原方法,跳过检测ContentProvider权限false
03-28 11:48:01.777   970  2833 D hookLogPlugin: PackageManagerService.shouldFilterApplicationLocked:不执行原方法,跳过检测ContentProvider权限false
03-28 11:48:01.777   970  3041 D hookLogPlugin: PackageManagerService.shouldFilterApplicationLocked:不执行原方法,跳过检测ContentProvider权限false
03-28 11:48:01.780   970  3041 I chatty  : uid=1000(system) Binder:970_1C identical 10 lines
03-28 11:48:01.780   970  3041 D hookLogPlugin: PackageManagerService.shouldFilterApplicationLocked:不执行原方法,跳过检测ContentProvider权限false
03-28 11:48:01.780   970  2833 D hookLogPlugin: PackageManagerService.shouldFilterApplicationLocked:不执行原方法,跳过检测ContentProvider权限false
03-28 11:48:01.780   970  2833 D hookLogPlugin: PackageManagerService.shouldFilterApplicationLocked:不执行原方法,跳过检测ContentProvider权限false
03-28 11:48:01.784   970  1358 D hookLogPlugin: PackageManagerService.shouldFilterApplicationLocked:不执行原方法,跳过检测ContentProvider权限false
03-28 11:48:01.785   970  1358 I chatty  : uid=1000(system) Binder:970_5 identical 2 lines
03-28 11:48:01.785   970  1358 D hookLogPlugin: PackageManagerService.shouldFilterApplicationLocked:不执行原方法,跳过检测ContentProvider权限false
03-28 11:48:01.785   970  3041 D hookLogPlugin: PackageManagerService.shouldFilterApplicationLocked:不执行原方法,跳过检测ContentProvider权限false
03-28 11:48:01.785   970  3041 D hookLogPlugin: PackageManagerService.shouldFilterApplicationLocked:不执行原方法,跳过检测ContentProvider权限false
03-28 11:48:01.786   970  1358 D hookLogPlugin: PackageManagerService.shouldFilterApplicationLocked:不执行原方法,跳过检测ContentProvider权限false
03-28 11:48:01.787 11928 11928 W cr_PlatformSer-Internal: Unable to find GMS package on device
03-28 11:48:01.789   970  3041 D hookLogPlugin: PackageManagerService.shouldFilterApplicationLocked:不执行原方法,跳过检测ContentProvider权限false
03-28 11:48:01.790   970  3041 D ActivityManager: XSHX bringUpServiceLocked from:{com.yangcong345.android.phone} to: {com.yangcong345.android.phone} {ApplicationInfo{28228a com.yangcong345.android.phone}} with: {Intent { cmp=com.yangcong345.android.phone/org.chromium.content.app.SandboxedProcessService0:0 }}
03-28 11:48:01.791   970  3041 I am_uid_running: 99002
03-28 11:48:01.791   970  3041 D CompatibilityChangeReporter: Compat change id reported: 135634846; UID 10125; state: DISABLED
03-28 11:48:01.792   970  1008 D CompatibilityChangeReporter: Compat change id reported: 143937733; UID 10125; state: ENABLED
03-28 11:48:01.792   970  3041 I chatty  : uid=1000(system) Binder:970_1C identical 8 lines
03-28 11:48:01.792   970  3041 D hookLogPlugin: PackageManagerService.shouldFilterApplicationLocked:不执行原方法,跳过检测ContentProvider权限false
03-28 11:48:01.792   970  1358 D hookLogPlugin: PackageManagerService.shouldFilterApplicationLocked:不执行原方法,跳过检测ContentProvider权限false
03-28 11:48:01.808   970  1358 I chatty  : uid=1000(system) Binder:970_5 identical 29 lines
03-28 11:48:01.808   970  1358 D hookLogPlugin: PackageManagerService.shouldFilterApplicationLocked:不执行原方法,跳过检测ContentProvider权限false
03-28 11:48:01.808  1484  1484 D Zygote  : Forked child process 12112
03-28 11:48:01.810   970  1358 D hookLogPlugin: PackageManagerService.shouldFilterApplicationLocked:不执行原方法,跳过检测ContentProvider权限false
03-28 11:48:01.811   970  1008 D hookLogPlugin: PackageManagerService.shouldFilterApplicationLocked:不执行原方法,跳过检测ContentProvider权限false
03-28 11:48:01.811   970  1008 I am_proc_start: [0,12112,99002,com.google.android.webview:sandboxed_process0:org.chromium.content.app.SandboxedProcessService0:0,,{com.yangcong345.android.phone/org.chromium.content.app.SandboxedProcessService0:0}]
03-28 11:48:01.811   970  1008 I ActivityManager: Start proc 12112:com.google.android.webview:sandboxed_process0:org.chromium.content.app.SandboxedProcessService0:0/u0i2 for  {com.yangcong345.android.phone/org.chromium.content.app.SandboxedProcessService0:0}
03-28 11:48:01.812 12112 12112 I Zygote  : seccomp disabled by setenforce 0
03-28 11:48:01.813   970  1358 D hookLogPlugin: PackageManagerService.shouldFilterApplicationLocked:不执行原方法,跳过检测ContentProvider权限false
03-28 11:48:01.815   970  1358 V SettingsProvider: packageValueForCallResult, name = enabled_accessibility_services, value : Bundle[{_track_generation=android.util.MemoryIntArray@85, value=com.yangcong345.cloud.ruledetect/com.yangcong345.cloud.ruledetect.auto_click.AccessibilityMonitorService, _generation_index=3, _generation=54}]
03-28 11:48:01.815   970  1358 I chatty  : uid=1000(system) Binder:970_5 identical 3 lines
03-28 11:48:01.815   970  1358 D hookLogPlugin: PackageManagerService.shouldFilterApplicationLocked:不执行原方法,跳过检测ContentProvider权限false
03-28 11:48:01.822 12112 12112 E ocessService0:: Not starting debugger since process cannot load the jdwp agent.
03-28 11:48:01.824   970  1358 D hookLogPlugin: PackageManagerService.shouldFilterApplicationLocked:不执行原方法,跳过检测ContentProvider权限false
03-28 11:48:01.835   970  3041 V ActivityManager: New death recipient com.android.server.am.ActivityManagerService$AppDeathRecipient@252aec7 for thread android.os.BinderProxy@35f3cf4
03-28 11:48:01.835   970  3041 I am_proc_bound: [0,12112,com.google.android.webview:sandboxed_process0:org.chromium.content.app.SandboxedProcessService0:0]
03-28 11:48:01.837   970  3041 D CompatibilityChangeReporter: Compat change id reported: 136274596; UID 10125; state: ENABLED
03-28 11:48:01.838   970  3041 I am_uid_active: 99002
03-28 11:48:01.852   970  1358 V SettingsProvider: packageValueForCallResult, name = null, value : Bundle[{_track_generation=android.util.MemoryIntArray@85, value=null, _generation_index=2, _generation=6}]
03-28 11:48:01.855   970  1358 I chatty  : uid=1000(system) Binder:970_5 identical 14 lines
03-28 11:48:01.855   970  1358 D hookLogPlugin: PackageManagerService.shouldFilterApplicationLocked:不执行原方法,跳过检测ContentProvider权限false
03-28 11:48:01.859 12112 12112 I LoadedApk: No resource references to update in package com.google.android.webview_translations
03-28 11:48:01.859 12112 12112 D NetworkSecurityConfig: No Network Security Config specified, using platform default
03-28 11:48:01.860 12112 12112 D NetworkSecurityConfig: No Network Security Config specified, using platform default
03-28 11:48:01.861   970  1358 D hookLogPlugin: PackageManagerService.shouldFilterApplicationLocked:不执行原方法,跳过检测ContentProvider权限false
03-28 11:48:01.861   970  1358 D hookLogPlugin: PackageManagerService.shouldFilterApplicationLocked:不执行原方法,跳过检测ContentProvider权限false
03-28 11:48:01.861 12112 12112 I cr_WebViewApkApp: Launched version=97.0.4692.87 minSdkVersion=23 isBundle=true processName=com.google.android.webview:sandboxed_process0:org.chromium.content.app.SandboxedProcessService0:0
03-28 11:48:01.862   970  1358 D hookLogPlugin: PackageManagerService.shouldFilterApplicationLocked:不执行原方法,跳过检测ContentProvider权限false
03-28 11:48:01.865   970  1358 I chatty  : uid=1000(system) Binder:970_5 identical 7 lines
03-28 11:48:01.865   970  1358 D hookLogPlugin: PackageManagerService.shouldFilterApplicationLocked:不执行原方法,跳过检测ContentProvider权限false
03-28 11:48:01.865 12112 12112 I cr_ChildProcessService: Creating new ChildProcessService pid=12112
03-28 11:48:01.865   970  1358 D hookLogPlugin: PackageManagerService.shouldFilterApplicationLocked:不执行原方法,跳过检测ContentProvider权限false
03-28 11:48:01.866   970  1358 I chatty  : uid=1000(system) Binder:970_5 identical 1 line
03-28 11:48:01.866   970  1358 D hookLogPlugin: PackageManagerService.shouldFilterApplicationLocked:不执行原方法,跳过检测ContentProvider权限false
03-28 11:48:01.867   970  2833 D hookLogPlugin: PackageManagerService.shouldFilterApplicationLocked:不执行原方法,跳过检测ContentProvider权限false
03-28 11:48:01.867   970  2833 D hookLogPlugin: PackageManagerService.shouldFilterApplicationLocked:不执行原方法,跳过检测ContentProvider权限false
03-28 11:48:01.867   970  1284 D Ethernet: got request NetworkRequest [ TRACK_DEFAULT id=50, [ Capabilities: INTERNET&NOT_RESTRICTED&TRUSTED Uid: 10125 AdministratorUids: [] RequestorUid: 10125 RequestorPackageName: com.yangcong345.android.phone] ] with score 60 and providerId 4
03-28 11:48:01.867   970  1189 D WifiNetworkFactory: got request NetworkRequest [ TRACK_DEFAULT id=50, [ Capabilities: INTERNET&NOT_RESTRICTED&TRUSTED Uid: 10125 AdministratorUids: [] RequestorUid: 10125 RequestorPackageName: com.yangcong345.android.phone] ] with score 60 and providerId 4
03-28 11:48:01.868   970  1358 D hookLogPlugin: PackageManagerService.shouldFilterApplicationLocked:不执行原方法,跳过检测ContentProvider权限false
03-28 11:48:01.868   970  1358 I chatty  : uid=1000(system) Binder:970_5 identical 1 line
03-28 11:48:01.868   970  1358 D hookLogPlugin: PackageManagerService.shouldFilterApplicationLocked:不执行原方法,跳过检测ContentProvider权限false
03-28 11:48:01.868  1508  1508 D PhoneSwitcherNetworkRequstListener: got request NetworkRequest [ TRACK_DEFAULT id=50, [ Capabilities: INTERNET&NOT_RESTRICTED&TRUSTED Uid: 10125 AdministratorUids: [] RequestorUid: 10125 RequestorPackageName: com.yangcong345.android.phone] ] with score 60 and providerId 4
03-28 11:48:01.868   970  1358 D hookLogPlugin: PackageManagerService.shouldFilterApplicationLocked:不执行原方法,跳过检测ContentProvider权限false
03-28 11:48:01.868   970  1246 D hookLogPlugin: PackageManagerService.shouldFilterApplicationLocked:不执行原方法,跳过检测ContentProvider权限false
03-28 11:48:01.868  1508  1508 D TelephonyNetworkFactory[0]: got request NetworkRequest [ TRACK_DEFAULT id=50, [ Capabilities: INTERNET&NOT_RESTRICTED&TRUSTED Uid: 10125 AdministratorUids: [] RequestorUid: 10125 RequestorPackageName: com.yangcong345.android.phone] ] with score 60 and providerId 4
03-28 11:48:01.868   970  1246 I chatty  : uid=1000(system) ConnectivitySer identical 2 lines
03-28 11:48:01.868   970  1246 D hookLogPlugin: PackageManagerService.shouldFilterApplicationLocked:不执行原方法,跳过检测ContentProvider权限false
03-28 11:48:01.868   970  1189 D UntrustedWifiNetworkFactory: got request NetworkRequest [ TRACK_DEFAULT id=50, [ Capabilities: INTERNET&NOT_RESTRICTED&TRUSTED Uid: 10125 AdministratorUids: [] RequestorUid: 10125 RequestorPackageName: com.yangcong345.android.phone] ] with score 60 and providerId 4
03-28 11:48:01.868   970  1358 D hookLogPlugin: PackageManagerService.shouldFilterApplicationLocked:不执行原方法,跳过检测ContentProvider权限false
03-28 11:48:01.870  1508  1508 D DcRequest: Cellular request confirmed: NetworkRequest [ TRACK_DEFAULT id=50, [ Capabilities: INTERNET&NOT_RESTRICTED&TRUSTED Uid: 10125 AdministratorUids: [] RequestorUid: 10125 RequestorPackageName: com.yangcong345.android.phone] ]
03-28 11:48:01.871  1508  1508 D PhoneSwitcher: No phones: unable to reset preferred phone for emergency
03-28 11:48:01.871  1508  1508 D PhoneSwitcher: evaluating due to netRequest
03-28 11:48:01.871  1508  1508 D MtkPhoneSwitcher: newActivePhones is empty
03-28 11:48:01.871  1508  1508 D DcHelper: isSimInserted:phoneId =0
03-28 11:48:01.871  1508  1508 D MtkUiccCtrl: getIccid: slotId = 0
03-28 11:48:01.871  1508  1508 V MtkPhoneSwitcher: mPrioritizedDcRequests[NetworkRequest [ BACKGROUND_REQUEST id=2, [ Transports: CELLULAR Capabilities: INTERNET&NOT_RESTRICTED&TRUSTED&NOT_VPN AdministratorUids: [] RequestorUid: 1000 RequestorPackageName: android] ], priority=0, apnType=17, NetworkRequest [ REQUEST id=1, [ Capabilities: INTERNET&NOT_RESTRICTED&TRUSTED&NOT_VPN AdministratorUids: [] RequestorUid: 1000 RequestorPackageName: android] ], priority=0, apnType=17, NetworkRequest [ REQUEST id=12, [ Capabilities: INTERNET&NOT_RESTRICTED&TRUSTED&NOT_VPN AdministratorUids: [] RequestorUid: 1073 RequestorPackageName: com.android.networkstack] ], priority=0, apnType=17, NetworkRequest [ TRACK_DEFAULT id=10, [ Capabilities: INTERNET&NOT_RESTRICTED&TRUSTED Uid: 1073 AdministratorUids: [] RequestorUid: 1073 RequestorPackageName: com.android.networkstack] ], priority=0, apnType=17, NetworkRequest [ TRACK_DEFAULT id=15, [ Capabilities: INTERNET&NOT_RESTRICTED&TRUSTED Uid: 10116 AdministratorUids: [] RequestorUid: 10116 RequestorPackageName: com.android.systemui] ], priority=0, apnType=17, NetworkRequest [ TRACK_DEFAULT id=9, [ Capabilities: INTERNET&NOT_RESTRICTED&TRUSTED Uid: 1000 AdministratorUids: [] RequestorUid: 1000 RequestorPackageName: android] ], priority=0, apnType=17, NetworkRequest [ TRACK_DEFAULT id=14, [ Capabilities: INTERNET&NOT_RESTRICTED&TRUSTED Uid: 10116 AdministratorUids: [] RequestorUid: 10116 RequestorPackageName: com.android.systemui] ], priority=0, apnType=17, NetworkRequest [ TRACK_DEFAULT id=17, [ Capabilities: INTERNET&NOT_RESTRICTED&TRUSTED Uid: 1001 AdministratorUids: [] RequestorUid: 1001 RequestorPackageName: com.android.phone] ], priority=0, apnType=17, NetworkRequest [ TRACK_DEFAULT id=29, [ Capabilities: INTERNET&NOT_RESTRICTED&TRUSTED Uid: 10092 AdministratorUids: [] RequestorUid: 10092 RequestorPackageName: com.tencent.android.qqdownloader] ], priority=0, apnType=17, NetworkRequest [ TRACK_DEFAULT id=34, [ Capabilities: INTERNET&NOT_RESTRICTED&TRUSTED Uid: 10090 AdministratorUids: [] RequestorUid: 10090 RequestorPackageName: com.qihoo360.mobilesafe] ], priority=0, apnType=17, NetworkRequest [ TRACK_DEFAULT id=35, [ Capabilities: INTERNET&NOT_RESTRICTED&TRUSTED Uid: 10090 AdministratorUids: [] RequestorUid: 10090 RequestorPackageName: com.qihoo360.mobilesafe] ], priority=0, apnType=17, NetworkRequest [ TRACK_DEFAULT id=37, [ Capabilities: INTERNET&NOT_RESTRICTED&TRUSTED Uid: 10090 AdministratorUids: [] RequestorUid: 10090 RequestorPackageName: com.qihoo360.mobilesafe] ], priority=0, apnType=17, NetworkRequest [ TRACK_DEFAULT id=45, [ Capabilities: INTERNET&NOT_RESTRICTED&TRUSTED Uid: 10090 AdministratorUids: [] RequestorUid: 10090 RequestorPackageName: com.qihoo360.mobilesafe] ], priority=0, apnType=17, NetworkRequest [ TRACK_DEFAULT id=50, [ Capabilities: INTERNET&NOT_RESTRICTED&TRUSTED Uid: 10125 AdministratorUids: [] RequestorUid: 10125 RequestorPackageName: com.yangcong345.android.phone] ], priority=0, apnType=17]
03-28 11:48:01.871  1508  1508 D MtkPhoneSwitcher: ECC w/o SIM
03-28 11:48:01.871  1508  1508 E MtkPhoneSwitcher: isAllowEims, NetworkRequest not include EIMS capability
03-28 11:48:01.871  1508  1508 I chatty  : uid=1001(radio) com.android.phone identical 12 lines
03-28 11:48:01.872  1508  1508 E MtkPhoneSwitcher: isAllowEims, NetworkRequest not include EIMS capability
03-28 11:48:01.872  1508  1508 D PhoneSwitcher: notifyPreferredDataSubIdChanged to -1
03-28 11:48:01.872   970  1358 I chatty  : uid=1000(system) Binder:970_5 identical 16 lines
03-28 11:48:01.872   970  1358 D hookLogPlugin: PackageManagerService.shouldFilterApplicationLocked:不执行原方法,跳过检测ContentProvider权限false
03-28 11:48:01.872   970  3041 D hookLogPlugin: PackageManagerService.shouldFilterApplicationLocked:不执行原方法,跳过检测ContentProvider权限false
03-28 11:48:01.872   970  3041 D hookLogPlugin: PackageManagerService.shouldFilterApplicationLocked:不执行原方法,跳过检测ContentProvider权限false
03-28 11:48:01.872   970  1358 D hookLogPlugin: PackageManagerService.shouldFilterApplicationLocked:不执行原方法,跳过检测ContentProvider权限false
03-28 11:48:01.872   970  1358 D hookLogPlugin: PackageManagerService.shouldFilterApplicationLocked:不执行原方法,跳过检测ContentProvider权限false
03-28 11:48:01.872  1326  1326 V KeyguardUpdateMonitor: onSubscriptionInfoChanged()
03-28 11:48:01.873  1508  1508 D PhoneSwitcher: Added DcRequest, size: 14
03-28 11:48:01.873   970  2755 D hookLogPlugin: PackageManagerService.shouldFilterApplicationLocked:不执行原方法,跳过检测ContentProvider权限false
03-28 11:48:01.873   970  2755 D hookLogPlugin: PackageManagerService.shouldFilterApplicationLocked:不执行原方法,跳过检测ContentProvider权限false
03-28 11:48:01.874   970  1246 D hookLogPlugin: PackageManagerService.shouldFilterApplicationLocked:不执行原方法,跳过检测ContentProvider权限false
03-28 11:48:01.874   970  1246 D hookLogPlugin: PackageManagerService.shouldFilterApplicationLocked:不执行原方法,跳过检测ContentProvider权限false
03-28 11:48:01.874   970  3041 D hookLogPlugin: PackageManagerService.shouldFilterApplicationLocked:不执行原方法,跳过检测ContentProvider权限false
03-28 11:48:01.874   970  3041 D hookLogPlugin: PackageManagerService.shouldFilterApplicationLocked:不执行原方法,跳过检测ContentProvider权限false
03-28 11:48:01.874   970  1246 D hookLogPlugin: PackageManagerService.shouldFilterApplicationLocked:不执行原方法,跳过检测ContentProvider权限false
03-28 11:48:01.874   970  1246 D hookLogPlugin: PackageManagerService.shouldFilterApplicationLocked:不执行原方法,跳过检测ContentProvider权限false
03-28 11:48:01.874   970  1358 D hookLogPlugin: PackageManagerService.shouldFilterApplicationLocked:不执行原方法,跳过检测ContentProvider权限false
03-28 11:48:01.875   970  2833 D hookLogPlugin: PackageManagerService.shouldFilterApplicationLocked:不执行原方法,跳过检测ContentProvider权限false
03-28 11:48:01.875   970  3041 D hookLogPlugin: PackageManagerService.shouldFilterApplicationLocked:不执行原方法,跳过检测ContentProvider权限false
03-28 11:48:01.890   970  3041 I chatty  : uid=1000(system) Binder:970_1C identical 15 lines
03-28 11:48:01.890   970  3041 D hookLogPlugin: PackageManagerService.shouldFilterApplicationLocked:不执行原方法,跳过检测ContentProvider权限false
03-28 11:48:01.906   777   797 I Proximity: distance = 2
03-28 11:48:01.908  4358  4358 I android_os_HwBinder: HwBinder: Starting thread pool for getting: vendor.mediatek.hardware.nvram@1.0::INvram/default
03-28 11:48:01.909   565   565 D NVRAM   : NVM_GetLIDByName /mnt/vendor/nvcfg/HWMON_PS
03-28 11:48:01.909   565   565 D NVRAM   : NVRAM: NVM_GetLIDByName Lid =18
03-28 11:48:01.909   565   565 D NVRAM   : NVM_GetFileDesc: Open /mnt/vendor/nvcfg/HWMON_PS,LID:18
03-28 11:48:01.909   565   565 D NVRAM   : NVM_CmpFileVerNo 18
03-28 11:48:01.910   565   565 D NVRAM   : Load File Version: 000, NvRam File Version: 000
03-28 11:48:01.910   565   565 D NVRAM   : NVM_ProtectDataFile : 18 ++
03-28 11:48:01.910   565   565 D NVRAM   : NVM_ProtectUserData:Check Success
03-28 11:48:01.910   565   565 E vendor.mediatek.hardware.nvram@1.1-service: RecNum is 1
03-28 11:48:01.910   565   565 D NVRAM   : NVM_CloseFileDesc: Open by Readonly, no need to check when close
03-28 11:48:01.910   565   565 D NVRAM   : Read Done!Size is 4
03-28 11:48:01.910   565   565 D NVRAM   : nvramstr 00000108
03-28 11:48:01.910   565   565 D NVRAM   :
03-28 11:48:01.910  4358  4358 I ProximityService: --->readFileByName--->Succeed
03-28 11:48:01.910  4358  4358 D SENSOR-JNI: zt Enter getPsensorData()
03-28 11:48:01.911  4358  4358 D SENSOR-JNI: zt getPsensorData() returned 16
03-28 11:48:01.911  4358  4358 I ProximityService: getData -->16--- thresholdValue --->264
03-28 11:48:01.911  4358  4358 W ContextImpl: Calling a method in the system process without a qualified user: android.app.ContextImpl.stopService:1681 android.content.ContextWrapper.stopService:730 com.android.settings.hraservice.ProximityService.setSleepOrWakeup:161 com.android.settings.hraservice.ProximityService.uploadPDate:283 com.android.settings.hraservice.ProximityService.access$100:46
03-28 11:48:01.912   970  3041 D hookLogPlugin: PackageManagerService.shouldFilterApplicationLocked:不执行原方法,跳过检测ContentProvider权限false
03-28 11:48:01.926   970  3041 I chatty  : uid=1000(system) Binder:970_1C identical 2 lines
03-28 11:48:01.926   970  3041 D hookLogPlugin: PackageManagerService.shouldFilterApplicationLocked:不执行原方法,跳过检测ContentProvider权限false
03-28 11:48:01.929   970  2833 D hookLogPlugin: PackageManagerService.shouldFilterApplicationLocked:不执行原方法,跳过检测ContentProvider权限false
03-28 11:48:01.935 11928 11928 I wm_on_create_called: [234210254,com.yangcong345.main.phone.splash.ui.NormalWebViewActivity,performCreate]
03-28 11:48:01.934   970  2833 I chatty  : uid=1000(system) Binder:970_18 identical 4 lines
03-28 11:48:01.934   970  2833 D hookLogPlugin: PackageManagerService.shouldFilterApplicationLocked:不执行原方法,跳过检测ContentProvider权限false
03-28 11:48:01.936 12112 12140 I cr_LibraryLoader: Successfully loaded native library
03-28 11:48:01.937 12112 12140 I cr_CachingUmaRecorder: Flushed 3 samples from 3 histograms.
03-28 11:48:01.938 11928 11928 I wm_on_start_called: [234210254,com.yangcong345.main.phone.splash.ui.NormalWebViewActivity,handleStartActivity]
03-28 11:48:01.939 11928 11928 D tag     : EyeProtectionHandler onActivityResumed isShowEyeProtectionTip = false activity = com.yangcong345.main.phone.splash.ui.NormalWebViewActivity@703100f
03-28 11:48:01.939 11928 11928 I wm_on_resume_called: [234210254,com.yangcong345.main.phone.splash.ui.NormalWebViewActivity,RESUME_ACTIVITY]
03-28 11:48:01.939 11928 11928 V PhoneWindow: DecorView setVisiblity: visibility = 4, Parent = null, this = DecorView@56d6ba7[]
03-28 11:48:01.940   970  3041 D hookLogPlugin: PackageManagerService.shouldFilterApplicationLocked:不执行原方法,跳过检测ContentProvider权限false
03-28 11:48:01.940   970  3041 D hookLogPlugin: PackageManagerService.shouldFilterApplicationLocked:不执行原方法,跳过检测ContentProvider权限false
03-28 11:48:01.940   585  1024 I SurfaceFlinger: [SF client] NEW(0xb40000719642fab0) for (11928:com.yangcong345.android.phone)
03-28 11:48:01.941 11928 11928 D ViewRootImpl[NormalWebViewActivity]: hardware acceleration = true , fakeHwAccelerated = false, sRendererDisabled = false, forceHwAccelerated = false, sSystemRendererDisabled = false
03-28 11:48:01.942 11928 12142 I GED     : ged_boost_gpu_freq, level 100, eOrigin 2, final_idx 15, oppidx_max 15, oppidx_min 0
03-28 11:48:01.945 11928 11928 I InputTransport: Create ARC handle: 0xb400006eaa717dd0
03-28 11:48:01.946   970  2833 D hookLogPlugin: PackageManagerService.shouldFilterApplicationLocked:不执行原方法,跳过检测ContentProvider权限false
03-28 11:48:01.946   585  1024 I BufferQueueProducer: [VolumeDialogImpl#0](id:24900000124,api:1,p:1326,c:585) disconnect(): api=1
03-28 11:48:01.947 11928 11928 V PhoneWindow: DecorView setVisiblity: visibility = 0, Parent = android.view.ViewRootImpl@8fae8f2, this = DecorView@56d6ba7[NormalWebViewActivity]
03-28 11:48:01.949   970  2833 D hookLogPlugin: PackageManagerService.shouldFilterApplicationLocked:不执行原方法,跳过检测ContentProvider权限false
03-28 11:48:01.949  1326  1326 D View    : [Warning] assignParent to null: this = DecorView@52ced46[VolumeDialogImpl]
03-28 11:48:01.950   970  3041 D hookLogPlugin: PackageManagerService.shouldFilterApplicationLocked:不执行原方法,跳过检测ContentProvider权限false
03-28 11:48:01.950   970  3041 I chatty  : uid=1000(system) Binder:970_1C identical 1 line
03-28 11:48:01.950   970  3041 D hookLogPlugin: PackageManagerService.shouldFilterApplicationLocked:不执行原方法,跳过检测ContentProvider权限false
03-28 11:48:01.951 12112 12140 W SystemServiceRegistry: No service published for: uimode
03-28 11:48:01.951   970  3041 D hookLogPlugin: PackageManagerService.shouldFilterApplicationLocked:不执行原方法,跳过检测ContentProvider权限false
03-28 11:48:01.954 11928 11928 I wm_on_top_resumed_gained_called: [234210254,com.yangcong345.main.phone.splash.ui.NormalWebViewActivity,topStateChangedWhenResumed]
03-28 11:48:01.951   970  3041 I chatty  : uid=1000(system) Binder:970_1C identical 1 line
03-28 11:48:01.951   970  3041 D hookLogPlugin: PackageManagerService.shouldFilterApplicationLocked:不执行原方法,跳过检测ContentProvider权限false
03-28 11:48:01.956  1326  1326 I InputTransport: Destroy ARC handle: 0xb400006eaa76cbe0
03-28 11:48:01.958   970  2833 I InputDispatcher: setInputWindows displayId=0 Window{79c8145 u0 NavigationBar0} Window{1d318ff u0 StatusBar} com.yangcong345.android.phone/com.yangcong345.main.phone.splash.SplashActivity#0 recents_animation_input_consumer Window{e9aebfb u0 com.android.systemui.ImageWallpaper}
03-28 11:48:01.958   970  2833 I InputDispatcher: Window went away: Window{d36d091 u0 VolumeDialogImpl}
03-28 11:48:01.958   970  2833 I InputDispatcher: setInputWindows displayId=3 Window{d10e46c u0 com.qihoo360.mobilesafe}
03-28 11:48:01.958   970  2833 I InputDispatcher: setInputWindows displayId=4 Window{4913713 u0 com.qihoo360.mobilesafe}
03-28 11:48:01.959   585   585 I BufferQueueConsumer: [VolumeDialogImpl#0](id:24900000124,api:0,p:-1,c:585) disconnect()
03-28 11:48:01.959   585   585 I BufferQueue: [VolumeDialogImpl#0](this:0xb4000072466a7428,id:292,api:1,p:-1,c:-1) onDestructor()
03-28 11:48:01.962   970  2833 D hookLogPlugin: PackageManagerService.shouldFilterApplicationLocked:不执行原方法,跳过检测ContentProvider权限false
03-28 11:48:01.968   970  2833 I chatty  : uid=1000(system) Binder:970_18 identical 4 lines
03-28 11:48:01.968   970  2833 D hookLogPlugin: PackageManagerService.shouldFilterApplicationLocked:不执行原方法,跳过检测ContentProvider权限false
03-28 11:48:01.971   970  3041 D hookLogPlugin: PackageManagerService.shouldFilterApplicationLocked:不执行原方法,跳过检测ContentProvider权限false
03-28 11:48:01.974   970  2833 I InputDispatcher: setInputWindows displayId=0 Window{79c8145 u0 NavigationBar0} Window{1d318ff u0 StatusBar} com.yangcong345.android.phone/com.yangcong345.main.phone.splash.SplashActivity#0 recents_animation_input_consumer Window{e9aebfb u0 com.android.systemui.ImageWallpaper}
03-28 11:48:01.974   970  2833 I InputDispatcher: setInputWindows displayId=3 Window{d10e46c u0 com.qihoo360.mobilesafe}
03-28 11:48:01.974   970  2833 I InputDispatcher: setInputWindows displayId=4 Window{4913713 u0 com.qihoo360.mobilesafe}
03-28 11:48:01.974   970  3041 D hookLogPlugin: PackageManagerService.shouldFilterApplicationLocked:不执行原方法,跳过检测ContentProvider权限false
03-28 11:48:01.982   970  3041 I chatty  : uid=1000(system) Binder:970_1C identical 10 lines
03-28 11:48:01.984   970  3041 D hookLogPlugin: PackageManagerService.shouldFilterApplicationLocked:不执行原方法,跳过检测ContentProvider权限false
03-28 11:48:01.984   585  1024 I BufferQueueProducer: [com.yangcong345.android.phone/com.yangcong345.main.phone.splash.SplashActivity#0](this:0xb400007246662fe8,id:291,api:1,p:11928,c:585) queueBuffer: fps=46.00 dur=1108.70 max=271.95 min=13.96
03-28 11:48:01.984   970  3041 D hookLogPlugin: PackageManagerService.shouldFilterApplicationLocked:不执行原方法,跳过检测ContentProvider权限false
03-28 11:48:01.995   970  3041 I WindowManager: Relayout Window{db06af u0 com.yangcong345.android.phone/com.yangcong345.main.phone.splash.ui.NormalWebViewActivity}: oldVis=4 newVis=0 focusMayChange = true
03-28 11:48:01.985   970  3041 I chatty  : uid=1000(system) Binder:970_1C identical 5 lines
03-28 11:48:01.986   970  3041 D hookLogPlugin: PackageManagerService.shouldFilterApplicationLocked:不执行原方法,跳过检测ContentProvider权限false
03-28 11:48:01.995  1789  1789 I dnsmasq : query[A] 7to12-stage.yangcong345.com from 192.168.0.104
03-28 11:48:01.995  1789  1789 I dnsmasq : forwarded 7to12-stage.yangcong345.com to 223.5.5.5
03-28 11:48:01.995  1789  1789 I dnsmasq : forwarded 7to12-stage.yangcong345.com to 223.6.6.6
03-28 11:48:01.997   585  1024 I BufferQueueConsumer: [](id:24900000125,api:0,p:-1,c:585) connect(): controlledByApp=false
03-28 11:48:01.997   585  1024 I BufferQueue: [unnamed-585-293](this:0xb4000072466a13c8,id:293,api:0,p:-1,c:-1) BufferQueue core=(585:/system/bin/surfaceflinger)
03-28 11:48:01.999   970  3041 W WindowManager: Changing focus fromnull to Window{db06af u0 com.yangcong345.android.phone/com.yangcong345.main.phone.splash.ui.NormalWebViewActivity} displayId=0 Callers=com.android.server.wm.RootWindowContainer.updateFocusedWindowLocked:457 com.android.server.wm.WindowManagerService.updateFocusedWindowLocked:5611 com.android.server.wm.WindowManagerService.relayoutWindow:2398 com.android.server.wm.Session.relayout:213
03-28 11:48:02.002   585  2035 I BufferQueueProducer: [com.yangcong345.android.phone/com.yangcong345.main.phone.splash.ui.NormalWebViewActivity#0](id:24900000125,api:1,p:11928,c:585) connect(): api=1 producerControlledByApp=false
03-28 11:48:02.005   970  2833 I InputDispatcher: setInputWindows displayId=0 Window{79c8145 u0 NavigationBar0} Window{1d318ff u0 StatusBar} com.yangcong345.android.phone/com.yangcong345.main.phone.splash.ui.NormalWebViewActivity#0 com.yangcong345.android.phone/com.yangcong345.main.phone.splash.SplashActivity#0 recents_animation_input_consumer Window{e9aebfb u0 com.android.systemui.ImageWallpaper}
03-28 11:48:02.006   970  2833 I InputDispatcher: setInputWindows displayId=3 Window{d10e46c u0 com.qihoo360.mobilesafe}
03-28 11:48:02.006   970  2833 I InputDispatcher: setInputWindows displayId=4 Window{4913713 u0 com.qihoo360.mobilesafe}
03-28 11:48:02.007   970  3041 D hookLogPlugin: PackageManagerService.shouldFilterApplicationLocked:不执行原方法,跳过检测ContentProvider权限false
03-28 11:48:02.022   970  3041 I InputDispatcher: setInputWindows displayId=0 Window{79c8145 u0 NavigationBar0} Window{1d318ff u0 StatusBar} Window{db06af u0 com.yangcong345.android.phone/com.yangcong345.main.phone.splash.ui.NormalWebViewActivity} com.yangcong345.android.phone/com.yangcong345.main.phone.splash.SplashActivity#0 recents_animation_input_consumer Window{e9aebfb u0 com.android.systemui.ImageWallpaper}
03-28 11:48:02.022   970  3041 I InputDispatcher: Window went away: com.yangcong345.android.phone/com.yangcong345.main.phone.splash.ui.NormalWebViewActivity#0
03-28 11:48:02.022   970  3041 I InputDispatcher: setInputWindows displayId=3 Window{d10e46c u0 com.qihoo360.mobilesafe}
03-28 11:48:02.022   970  3041 I InputDispatcher: setInputWindows displayId=4 Window{4913713 u0 com.qihoo360.mobilesafe}
03-28 11:48:02.025  1789  1789 I dnsmasq : reply 7to12-stage.yangcong345.com is 180.184.65.79
03-28 11:48:02.070   970  1001 D lwdebug : onWindowsDrawn com.yangcong345.android.phone/com.yangcong345.main.phone.splash.ui.NormalWebViewActivity
03-28 11:48:02.070   970  1006 I wm_activity_launch_time: [0,234210254,com.yangcong345.android.phone/com.yangcong345.main.phone.splash.ui.NormalWebViewActivity,425]
03-28 11:48:02.070   970  1006 I ActivityTaskManager: Displayed com.yangcong345.android.phone/com.yangcong345.main.phone.splash.ui.NormalWebViewActivity: +425ms
03-28 11:48:02.072   970  1358 I InputDispatcher: setInputWindows displayId=0 Window{79c8145 u0 NavigationBar0} Window{1d318ff u0 StatusBar} Window{db06af u0 com.yangcong345.android.phone/com.yangcong345.main.phone.splash.ui.NormalWebViewActivity} com.yangcong345.android.phone/com.yangcong345.main.phone.splash.SplashActivity#0 recents_animation_input_consumer Window{e9aebfb u0 com.android.systemui.ImageWallpaper}
03-28 11:48:02.072   970  1358 I InputDispatcher: setInputWindows displayId=3 Window{d10e46c u0 com.qihoo360.mobilesafe}
03-28 11:48:02.072   970  1358 I InputDispatcher: setInputWindows displayId=4 Window{4913713 u0 com.qihoo360.mobilesafe}
03-28 11:48:02.078   970  2833 D hookLogPlugin: PackageManagerService.shouldFilterApplicationLocked:不执行原方法,跳过检测ContentProvider权限false
03-28 11:48:02.082   970  3041 D hookLogPlugin: PackageManagerService.shouldFilterApplicationLocked:不执行原方法,跳过检测ContentProvider权限false
03-28 11:48:02.083   970  3041 I chatty  : uid=1000(system) Binder:970_1C identical 10 lines
03-28 11:48:02.083   970  3041 D hookLogPlugin: PackageManagerService.shouldFilterApplicationLocked:不执行原方法,跳过检测ContentProvider权限false
03-28 11:48:02.086   970  3041 I InputDispatcher: setInputWindows displayId=0 Window{79c8145 u0 NavigationBar0} Window{1d318ff u0 StatusBar} Window{db06af u0 com.yangcong345.android.phone/com.yangcong345.main.phone.splash.ui.NormalWebViewActivity} com.yangcong345.android.phone/com.yangcong345.main.phone.splash.SplashActivity#0 recents_animation_input_consumer Window{e9aebfb u0 com.android.systemui.ImageWallpaper}
03-28 11:48:02.086   970  3041 I InputDispatcher: Focus entered window: Window{db06af u0 com.yangcong345.android.phone/com.yangcong345.main.phone.splash.ui.NormalWebViewActivity} in display 0
03-28 11:48:02.086   970  3041 I InputDispatcher: setInputWindows displayId=3 Window{d10e46c u0 com.qihoo360.mobilesafe}
03-28 11:48:02.086   970  3041 I InputDispatcher: setInputWindows displayId=4 Window{4913713 u0 com.qihoo360.mobilesafe}
03-28 11:48:02.090   585  2035 I BufferQueueProducer: [StatusBar#0](this:0xb4000072465d4708,id:5,api:1,p:1326,c:585) queueBuffer: fps=0.48 dur=2067.93 max=2067.93 min=2067.93
