03-28 11:47:57.147 11928 11928 D ARouter::: The group [userC] has already been loaded, trigger by [/userC/impl][ ]
03-28 11:47:57.148   970  2755 I InputDispatcher: setInputWindows displayId=3 Window{d10e46c u0 com.qihoo360.mobilesafe}
03-28 11:47:57.148   970  2755 I InputDispatcher: setInputWindows displayId=4 Window{4913713 u0 com.qihoo360.mobilesafe}
03-28 11:47:57.148   970  1677 D hookLogPlugin: PackageManagerService.shouldFilterApplicationLocked:不执行原方法,跳过检测ContentProvider权限false
03-28 11:47:57.150   970  1677 I chatty  : uid=1000(system) Binder:970_7 identical 2 lines
03-28 11:47:57.150   970  1677 D hookLogPlugin: PackageManagerService.shouldFilterApplicationLocked:不执行原方法,跳过检测ContentProvider权限false
03-28 11:47:57.151  1789  1789 I dnsmasq : reply onion-event.cn-hangzhou.log.aliyuncs.com is 120.55.220.4
03-28 11:47:57.151  1789  1789 I dnsmasq : reply onion-event.cn-hangzhou.log.aliyuncs.com is 114.55.47.138
03-28 11:47:57.151  1789  1789 I dnsmasq : reply onion-event.cn-hangzhou.log.aliyuncs.com is 120.55.220.55
03-28 11:47:57.151  1789  1789 I dnsmasq : reply onion-event.cn-hangzhou.log.aliyuncs.com is 121.43.10.93
03-28 11:47:57.151  1789  1789 I dnsmasq : reply onion-event.cn-hangzhou.log.aliyuncs.com is 47.114.236.84
03-28 11:47:57.151  1789  1789 I dnsmasq : reply onion-event.cn-hangzhou.log.aliyuncs.com is 121.199.107.25
03-28 11:47:57.151  1789  1789 I dnsmasq : reply onion-event.cn-hangzhou.log.aliyuncs.com is 47.97.242.6
03-28 11:47:57.151  1789  1789 I dnsmasq : reply onion-event.cn-hangzhou.log.aliyuncs.com is 47.114.236.51
03-28 11:47:57.151  1789  1789 I dnsmasq : reply onion-event.cn-hangzhou.log.aliyuncs.com is 47.98.0.183
03-28 11:47:57.151  1789  1789 I dnsmasq : reply onion-event.cn-hangzhou.log.aliyuncs.com is 47.96.32.142
03-28 11:47:57.151  1789  1789 I dnsmasq : reply onion-event.cn-hangzhou.log.aliyuncs.com is 47.96.32.228
03-28 11:47:57.151  1789  1789 I dnsmasq : reply onion-event.cn-hangzhou.log.aliyuncs.com is 120.55.220.188
03-28 11:47:57.151  1789  1789 I dnsmasq : reply onion-event.cn-hangzhou.log.aliyuncs.com is 47.97.247.71
03-28 11:47:57.151  1789  1789 I dnsmasq : reply onion-event.cn-hangzhou.log.aliyuncs.com is 47.114.236.50
03-28 11:47:57.151  1789  1789 I dnsmasq : reply onion-event.cn-hangzhou.log.aliyuncs.com is 47.114.208.4
03-28 11:47:57.151  1789  1789 I dnsmasq : reply onion-event.cn-hangzhou.log.aliyuncs.com is 47.98.2.203
03-28 11:47:57.151  1789  1789 I dnsmasq : reply onion-event.cn-hangzhou.log.aliyuncs.com is 47.97.242.7
03-28 11:47:57.151  1789  1789 I dnsmasq : reply onion-event.cn-hangzhou.log.aliyuncs.com is 47.111.48.239
03-28 11:47:57.151   970  2755 D hookLogPlugin: PackageManagerService.shouldFilterApplicationLocked:不执行原方法,跳过检测ContentProvider权限false
03-28 11:47:57.152   970  2755 D hookLogPlugin: PackageManagerService.shouldFilterApplicationLocked:不执行原方法,跳过检测ContentProvider权限false
03-28 11:47:57.152 11928 11928 I MMKV    : <MMKV_IO.cpp:456::writeActualSize> [user_prefs_me] increase sequence to 1, crc 1285129681, actualSize 4
03-28 11:47:57.154 11928 12001 I System.out: [socket]:check permission begin!
03-28 11:47:57.155 11928 11981 D ==ALPHA==: AlphaTask-->Startup task AppTypefaceTask cost time: 95 ms, in thread: Alpha Thread #5
03-28 11:47:57.155 11928 11984 D ==ALPHA==: tm start up cost time: 110 ms
03-28 11:47:57.156 11928 12001 I 5.android.phon: The ClassLoaderContext is a special shared library.
03-28 11:47:57.156 11928 11928 I MMKV    : <MMKV_IO.cpp:1054::clearAll> cleaning all key-values from [hot_user_prefs_me]
03-28 11:47:57.156 11928 11928 I MMKV    : <MMKV_IO.cpp:1061::clearAll> nothing to clear for [hot_user_prefs_me]
03-28 11:47:57.157   970  2755 D hookLogPlugin: PackageManagerService.shouldFilterApplicationLocked:不执行原方法,跳过检测ContentProvider权限false
03-28 11:47:57.157   970  2755 I chatty  : uid=1000(system) Binder:970_12 identical 1 line
03-28 11:47:57.159   970  2755 D hookLogPlugin: PackageManagerService.shouldFilterApplicationLocked:不执行原方法,跳过检测ContentProvider权限false
03-28 11:47:57.160   970  2755 I InputDispatcher: setInputWindows displayId=0 Window{79c8145 u0 NavigationBar0} Window{1d318ff u0 StatusBar} Toast#0 Window{2b7ffc5 u0 Splash Screen com.yangcong345.android.phone} recents_animation_input_consumer com.android.launcher3/com.android.launcher3.uioverrides.QuickstepLauncher#0 Window{e9aebfb u0 com.android.systemui.ImageWallpaper}
03-28 11:47:57.160   970  2755 I InputDispatcher: setInputWindows displayId=3 Window{d10e46c u0 com.qihoo360.mobilesafe}
03-28 11:47:57.160   970  2755 I InputDispatcher: setInputWindows displayId=4 Window{4913713 u0 com.qihoo360.mobilesafe}
03-28 11:47:57.160 11928 12016 I visitorTracer: initEvent : 接口 :userType :common-visitor
03-28 11:47:57.163   970  2755 D hookLogPlugin: PackageManagerService.shouldFilterApplicationLocked:不执行原方法,跳过检测ContentProvider权限false
03-28 11:47:57.167   970  2755 I chatty  : uid=1000(system) Binder:970_12 identical 5 lines
03-28 11:47:57.167   970  2755 D hookLogPlugin: PackageManagerService.shouldFilterApplicationLocked:不执行原方法,跳过检测ContentProvider权限false
03-28 11:47:57.170 11928 12017 I visitorTracer: initEvent : 接口 :userType :common-visitor
03-28 11:47:57.170   970  1677 D hookLogPlugin: PackageManagerService.shouldFilterApplicationLocked:不执行原方法,跳过检测ContentProvider权限false
03-28 11:47:57.170   970  1677 I chatty  : uid=1000(system) Binder:970_7 identical 1 line
03-28 11:47:57.171   970  1677 D hookLogPlugin: PackageManagerService.shouldFilterApplicationLocked:不执行原方法,跳过检测ContentProvider权限false
03-28 11:47:57.171   970  2394 D hookLogPlugin: PackageManagerService.shouldFilterApplicationLocked:不执行原方法,跳过检测ContentProvider权限false
03-28 11:47:57.171   970  2394 I chatty  : uid=1000(system) Binder:970_B identical 1 line
03-28 11:47:57.171   970  2394 D hookLogPlugin: PackageManagerService.shouldFilterApplicationLocked:不执行原方法,跳过检测ContentProvider权限false
03-28 11:47:57.172 11928 12016 D ARouter::: The group [logService] starts loading, trigger by [/logService/impl][ ]
03-28 11:47:57.172 11928 12016 D ARouter::: The group [logService] has already been loaded, trigger by [/logService/impl][ ]
03-28 11:47:57.172  1326  1585 D skia    : SkJpegCodec::onGetPixels +
03-28 11:47:57.174   970  2394 D hookLogPlugin: PackageManagerService.shouldFilterApplicationLocked:不执行原方法,跳过检测ContentProvider权限false
03-28 11:47:57.174   970  2394 D hookLogPlugin: PackageManagerService.shouldFilterApplicationLocked:不执行原方法,跳过检测ContentProvider权限false
03-28 11:47:57.174 11928 12016 I tag     : CommonInterceptor, tokenSwitch=true,ignoreToken=true,tokenIsEmpty=true,url=https://api-stage.yangcong345.com/backend_config/configByKey?topicKey=switchAndroid
03-28 11:47:57.174   970  2394 D hookLogPlugin: PackageManagerService.shouldFilterApplicationLocked:不执行原方法,跳过检测ContentProvider权限false
03-28 11:47:57.175 11928 12017 I tag     : CommonInterceptor, tokenSwitch=true,ignoreToken=true,tokenIsEmpty=true,url=https://api-stage.yangcong345.com/backend_config/configByKey?topicKey=dataSendStyle
03-28 11:47:57.177   970  2755 I InputDispatcher: setInputWindows displayId=0 Window{79c8145 u0 NavigationBar0} Window{1d318ff u0 StatusBar} Toast#0 Window{2b7ffc5 u0 Splash Screen com.yangcong345.android.phone} recents_animation_input_consumer com.android.launcher3/com.android.launcher3.uioverrides.QuickstepLauncher#0 Window{e9aebfb u0 com.android.systemui.ImageWallpaper}
03-28 11:47:57.177   970  2755 I InputDispatcher: setInputWindows displayId=3 Window{d10e46c u0 com.qihoo360.mobilesafe}
03-28 11:47:57.177   970  2755 I InputDispatcher: setInputWindows displayId=4 Window{4913713 u0 com.qihoo360.mobilesafe}
03-28 11:47:57.178   970  2755 D hookLogPlugin: PackageManagerService.shouldFilterApplicationLocked:不执行原方法,跳过检测ContentProvider权限false
03-28 11:47:57.179   970  2755 I chatty  : uid=1000(system) Binder:970_12 identical 3 lines
03-28 11:47:57.179   970  2755 D hookLogPlugin: PackageManagerService.shouldFilterApplicationLocked:不执行原方法,跳过检测ContentProvider权限false
03-28 11:47:57.179 11928 12017 D CacheInterceptor: requestRemoteFirst
03-28 11:47:57.180   970  2755 D hookLogPlugin: PackageManagerService.shouldFilterApplicationLocked:不执行原方法,跳过检测ContentProvider权限false
03-28 11:47:57.182  1326  1326 V NavigationBarView: home = true
03-28 11:47:57.182  1326  1326 V NavigationBarView: recent = true
03-28 11:47:57.182  1326  1326 V NavigationBarView: back = true
03-28 11:47:57.183 11928 12016 D CacheInterceptor: requestRemoteFirst
03-28 11:47:57.183  1789  1789 I dnsmasq : query[A] api-stage.yangcong345.com from 192.168.0.104
03-28 11:47:57.183  1789  1789 I dnsmasq : forwarded api-stage.yangcong345.com to 223.5.5.5
03-28 11:47:57.184  1789  1789 I dnsmasq : forwarded api-stage.yangcong345.com to 223.6.6.6
03-28 11:47:57.184  1789  1789 I dnsmasq : query[A] backsys.yangcong345.com from 192.168.0.104
03-28 11:47:57.184  1789  1789 I dnsmasq : forwarded backsys.yangcong345.com to 223.5.5.5
03-28 11:47:57.184  1789  1789 I dnsmasq : forwarded backsys.yangcong345.com to 223.6.6.6
03-28 11:47:57.194  1326  1326 I InputTransport: Destroy ARC handle: 0xb400006eaa71cd50
03-28 11:47:57.194   970  2755 I InputDispatcher: setInputWindows displayId=0 Window{79c8145 u0 NavigationBar0} Window{1d318ff u0 StatusBar} Toast#0 Window{2b7ffc5 u0 Splash Screen com.yangcong345.android.phone} recents_animation_input_consumer com.android.launcher3/com.android.launcher3.uioverrides.QuickstepLauncher#0 Window{e9aebfb u0 com.android.systemui.ImageWallpaper}
03-28 11:47:57.194   970  2755 I InputDispatcher: setInputWindows displayId=3 Window{d10e46c u0 com.qihoo360.mobilesafe}
03-28 11:47:57.194   970  2755 I InputDispatcher: setInputWindows displayId=4 Window{4913713 u0 com.qihoo360.mobilesafe}
03-28 11:47:57.196  1789  1789 I dnsmasq : reply backsys.yangcong345.com is 180.184.75.103
03-28 11:47:57.204 11928 11966 I System.out: [socket]:check permission begin!
03-28 11:47:57.207   970  2394 I InputDispatcher: setInputWindows displayId=0 Window{79c8145 u0 NavigationBar0} Window{1d318ff u0 StatusBar} Window{2b7ffc5 u0 Splash Screen com.yangcong345.android.phone} recents_animation_input_consumer com.android.launcher3/com.android.launcher3.uioverrides.QuickstepLauncher#0 Window{e9aebfb u0 com.android.systemui.ImageWallpaper}
03-28 11:47:57.207   970  2394 I InputDispatcher: Window went away: Toast#0
03-28 11:47:57.207   970  2394 I InputDispatcher: setInputWindows displayId=3 Window{d10e46c u0 com.qihoo360.mobilesafe}
03-28 11:47:57.207   970  2394 I InputDispatcher: setInputWindows displayId=4 Window{4913713 u0 com.qihoo360.mobilesafe}
03-28 11:47:57.207  1789  1789 I dnsmasq : reply api-stage.yangcong345.com is 180.184.65.79
03-28 11:47:57.208   585   585 I BufferQueueConsumer: [Toast#0](id:24900000120,api:0,p:-1,c:585) disconnect()
03-28 11:47:57.208   585   585 I BufferQueue: [Toast#0](this:0xb400007246628c48,id:288,api:1,p:-1,c:-1) onDestructor()
03-28 11:47:57.210 11928 12017 I System.out: [socket]:check permission begin!
03-28 11:47:57.214   777   797 I Proximity: distance = 2
03-28 11:47:57.214 11928 12016 I System.out: [socket]:check permission begin!
03-28 11:47:57.218   585  1025 I BufferQueueProducer: [NavigationBar0#0](id:24900000003,api:1,p:1326,c:585) disconnect(): api=1
03-28 11:47:57.219   585  1024 I BufferQueueProducer: [NavigationBar0#0](id:24900000003,api:1,p:1326,c:585) connect(): api=1 producerControlledByApp=false
03-28 11:47:57.223   970  2394 I InputDispatcher: setInputWindows displayId=0 Window{79c8145 u0 NavigationBar0} Window{1d318ff u0 StatusBar} Window{2b7ffc5 u0 Splash Screen com.yangcong345.android.phone} recents_animation_input_consumer com.android.launcher3/com.android.launcher3.uioverrides.QuickstepLauncher#0 Window{e9aebfb u0 com.android.systemui.ImageWallpaper}
03-28 11:47:57.223  1326  1585 D skia    : SkJpegCodec::onGetPixels -
03-28 11:47:57.223   970  2394 I InputDispatcher: setInputWindows displayId=3 Window{d10e46c u0 com.qihoo360.mobilesafe}
03-28 11:47:57.223   970  2394 I InputDispatcher: setInputWindows displayId=4 Window{4913713 u0 com.qihoo360.mobilesafe}
03-28 11:47:57.231   547   682 I hwcomposer: [DBQ] (q2:0xb40000799d7cedb0) Buffer queue is destroyed, m_id(78)
03-28 11:47:57.231   547   682 I hwcomposer: [DBQ] (q2:0xb40000799d7cedb0) ~DisplayBufferQueue(), m_id(78), release buf
03-28 11:47:57.231   547   682 I hwcomposer: [DBQ] (q2:0xb40000799d7cedb0) Free Slot(0), handle=0xb40000795d7c09d0, 9216000 -> 0
03-28 11:47:57.232   547   682 I hwcomposer: [DBQ] (q2:0xb40000799d7cedb0) Free Slot(1), handle=0xb40000795d7be8d0, 9216000 -> 0
03-28 11:47:57.232   547   682 I hwcomposer: [DBQ] (q2:0xb40000799d7cedb0) Free Slot(2), handle=0xb40000795d7c0030, 9216000 -> 0
03-28 11:47:57.240   970  1677 I InputDispatcher: setInputWindows displayId=0 Window{79c8145 u0 NavigationBar0} Window{1d318ff u0 StatusBar} Window{2b7ffc5 u0 Splash Screen com.yangcong345.android.phone} recents_animation_input_consumer com.android.launcher3/com.android.launcher3.uioverrides.QuickstepLauncher#0 Window{e9aebfb u0 com.android.systemui.ImageWallpaper}
03-28 11:47:57.240   970  1677 I InputDispatcher: setInputWindows displayId=3 Window{d10e46c u0 com.qihoo360.mobilesafe}
03-28 11:47:57.240   970  1677 I InputDispatcher: setInputWindows displayId=4 Window{4913713 u0 com.qihoo360.mobilesafe}
03-28 11:47:57.241   970   970 D hookLogPlugin: PackageManagerService.shouldFilterApplicationLocked:不执行原方法,跳过检测ContentProvider权限false
03-28 11:47:57.247   970  1677 D hookLogPlugin: PackageManagerService.shouldFilterApplicationLocked:不执行原方法,跳过检测ContentProvider权限false
03-28 11:47:57.247   970  1677 I chatty  : uid=1000(system) Binder:970_7 identical 1 line
03-28 11:47:57.247   970  1677 D hookLogPlugin: PackageManagerService.shouldFilterApplicationLocked:不执行原方法,跳过检测ContentProvider权限false
03-28 11:47:57.251   585   632 I BufferQueueProducer: [com.android.systemui.ImageWallpaper#0](this:0xb4000072465dd798,id:6,api:1,p:1326,c:585) queueBuffer: fps=0.00 dur=59197451.44 max=59197411.28 min=40.17
03-28 11:47:57.253  1326  1347 I ndroid.systemu: Background young concurrent copying GC freed 114723(4596KB) AllocSpace objects, 6(296KB) LOS objects, 32% free, 8080KB/11MB, paused 509us total 106.429ms
03-28 11:47:57.253   970  2755 D hookLogPlugin: PackageManagerService.shouldFilterApplicationLocked:不执行原方法,跳过检测ContentProvider权限false
03-28 11:47:57.253   970  2755 D hookLogPlugin: PackageManagerService.shouldFilterApplicationLocked:不执行原方法,跳过检测ContentProvider权限false
03-28 11:47:57.254   970  1677 D hookLogPlugin: PackageManagerService.shouldFilterApplicationLocked:不执行原方法,跳过检测ContentProvider权限false
03-28 11:47:57.254   970  1677 D hookLogPlugin: PackageManagerService.shouldFilterApplicationLocked:不执行原方法,跳过检测ContentProvider权限false
03-28 11:47:57.256   970  2755 I InputDispatcher: setInputWindows displayId=0 Window{79c8145 u0 NavigationBar0} Window{1d318ff u0 StatusBar} Window{2b7ffc5 u0 Splash Screen com.yangcong345.android.phone} recents_animation_input_consumer com.android.launcher3/com.android.launcher3.uioverrides.QuickstepLauncher#0 Window{e9aebfb u0 com.android.systemui.ImageWallpaper}
03-28 11:47:57.256   970  2755 I InputDispatcher: setInputWindows displayId=3 Window{d10e46c u0 com.qihoo360.mobilesafe}
03-28 11:47:57.256   970  2755 I InputDispatcher: setInputWindows displayId=4 Window{4913713 u0 com.qihoo360.mobilesafe}
03-28 11:47:57.257   970  1677 D hookLogPlugin: PackageManagerService.shouldFilterApplicationLocked:不执行原方法,跳过检测ContentProvider权限false
03-28 11:47:57.257   585  1025 I BufferQueueProducer: [StatusBar#0](id:24900000005,api:1,p:1326,c:585) disconnect(): api=1
03-28 11:47:57.258   585  1025 I BufferQueueProducer: [StatusBar#0](id:24900000005,api:1,p:1326,c:585) connect(): api=1 producerControlledByApp=false
03-28 11:47:57.259   970  1677 D hookLogPlugin: PackageManagerService.shouldFilterApplicationLocked:不执行原方法,跳过检测ContentProvider权限false
03-28 11:47:57.262   970  1677 I chatty  : uid=1000(system) Binder:970_7 identical 4 lines
03-28 11:47:57.262   970  1677 D hookLogPlugin: PackageManagerService.shouldFilterApplicationLocked:不执行原方法,跳过检测ContentProvider权限false
03-28 11:47:57.269   585  1024 I BufferQueueProducer: [StatusBar#0](this:0xb4000072465d4708,id:5,api:1,p:1326,c:585) queueBuffer: fps=0.11 dur=8900.28 max=8900.28 min=8900.28
03-28 11:47:57.272   970  1677 I InputDispatcher: setInputWindows displayId=0 Window{79c8145 u0 NavigationBar0} Window{1d318ff u0 StatusBar} Window{2b7ffc5 u0 Splash Screen com.yangcong345.android.phone} recents_animation_input_consumer com.android.launcher3/com.android.launcher3.uioverrides.QuickstepLauncher#0 Window{e9aebfb u0 com.android.systemui.ImageWallpaper}
03-28 11:47:57.272   970  1677 I InputDispatcher: setInputWindows displayId=3 Window{d10e46c u0 com.qihoo360.mobilesafe}
03-28 11:47:57.272   970  1677 I InputDispatcher: setInputWindows displayId=4 Window{4913713 u0 com.qihoo360.mobilesafe}
03-28 11:47:57.277   970  1677 D hookLogPlugin: PackageManagerService.shouldFilterApplicationLocked:不执行原方法,跳过检测ContentProvider权限false
03-28 11:47:57.278   970  1677 D hookLogPlugin: PackageManagerService.shouldFilterApplicationLocked:不执行原方法,跳过检测ContentProvider权限false
03-28 11:47:57.279  1326  1326 D InterruptionStateProvider: No bubble up: not allowed to bubble: 0|android|2000|null|1000
03-28 11:47:57.280  1326  1326 D InterruptionStateProvider: No heads up: unimportant notification: 0|android|2000|null|1000
03-28 11:47:57.281   970  1677 D hookLogPlugin: PackageManagerService.shouldFilterApplicationLocked:不执行原方法,跳过检测ContentProvider权限false
03-28 11:47:57.281   970  2755 D hookLogPlugin: PackageManagerService.shouldFilterApplicationLocked:不执行原方法,跳过检测ContentProvider权限false
03-28 11:47:57.282   970  2755 I chatty  : uid=1000(system) Binder:970_12 identical 4 lines
03-28 11:47:57.283   970  2755 D hookLogPlugin: PackageManagerService.shouldFilterApplicationLocked:不执行原方法,跳过检测ContentProvider权限false
03-28 11:47:57.283   970  1677 D hookLogPlugin: PackageManagerService.shouldFilterApplicationLocked:不执行原方法,跳过检测ContentProvider权限false
03-28 11:47:57.284   970  1677 I chatty  : uid=1000(system) Binder:970_7 identical 2 lines
03-28 11:47:57.284   970  1677 D hookLogPlugin: PackageManagerService.shouldFilterApplicationLocked:不执行原方法,跳过检测ContentProvider权限false
03-28 11:47:57.284   970  2755 D hookLogPlugin: PackageManagerService.shouldFilterApplicationLocked:不执行原方法,跳过检测ContentProvider权限false
03-28 11:47:57.285   970  2755 I chatty  : uid=1000(system) Binder:970_12 identical 2 lines
03-28 11:47:57.285   970  2755 D hookLogPlugin: PackageManagerService.shouldFilterApplicationLocked:不执行原方法,跳过检测ContentProvider权限false
03-28 11:47:57.286   970  1677 D hookLogPlugin: PackageManagerService.shouldFilterApplicationLocked:不执行原方法,跳过检测ContentProvider权限false
03-28 11:47:57.288   970  2755 I InputDispatcher: setInputWindows displayId=0 Window{79c8145 u0 NavigationBar0} Window{1d318ff u0 StatusBar} Window{2b7ffc5 u0 Splash Screen com.yangcong345.android.phone} recents_animation_input_consumer com.android.launcher3/com.android.launcher3.uioverrides.QuickstepLauncher#0 Window{e9aebfb u0 com.android.systemui.ImageWallpaper}
03-28 11:47:57.288   970  2755 I InputDispatcher: setInputWindows displayId=3 Window{d10e46c u0 com.qihoo360.mobilesafe}
03-28 11:47:57.288   970  2755 I InputDispatcher: setInputWindows displayId=4 Window{4913713 u0 com.qihoo360.mobilesafe}
03-28 11:47:57.288   970  1677 D hookLogPlugin: PackageManagerService.shouldFilterApplicationLocked:不执行原方法,跳过检测ContentProvider权限false
03-28 11:47:57.295   970  1677 I chatty  : uid=1000(system) Binder:970_7 identical 4 lines
03-28 11:47:57.295   970  1677 D hookLogPlugin: PackageManagerService.shouldFilterApplicationLocked:不执行原方法,跳过检测ContentProvider权限false
03-28 11:47:57.296   970  2755 D hookLogPlugin: PackageManagerService.shouldFilterApplicationLocked:不执行原方法,跳过检测ContentProvider权限false
03-28 11:47:57.297   970  2755 I chatty  : uid=1000(system) Binder:970_12 identical 4 lines
03-28 11:47:57.298   970  2755 D hookLogPlugin: PackageManagerService.shouldFilterApplicationLocked:不执行原方法,跳过检测ContentProvider权限false
03-28 11:47:57.303   970  2755 I InputDispatcher: setInputWindows displayId=0 Window{79c8145 u0 NavigationBar0} Window{1d318ff u0 StatusBar} Window{2b7ffc5 u0 Splash Screen com.yangcong345.android.phone} recents_animation_input_consumer com.android.launcher3/com.android.launcher3.uioverrides.QuickstepLauncher#0 Window{e9aebfb u0 com.android.systemui.ImageWallpaper}
03-28 11:47:57.304   970  2755 I InputDispatcher: setInputWindows displayId=3 Window{d10e46c u0 com.qihoo360.mobilesafe}
03-28 11:47:57.304   970  2755 I InputDispatcher: setInputWindows displayId=4 Window{4913713 u0 com.qihoo360.mobilesafe}
03-28 11:47:57.312   970  2755 D hookLogPlugin: PackageManagerService.shouldFilterApplicationLocked:不执行原方法,跳过检测ContentProvider权限false
03-28 11:47:57.316   970  2755 I chatty  : uid=1000(system) Binder:970_12 identical 10 lines
03-28 11:47:57.316   970  2755 D hookLogPlugin: PackageManagerService.shouldFilterApplicationLocked:不执行原方法,跳过检测ContentProvider权限false
03-28 11:47:57.322   970  2755 I InputDispatcher: setInputWindows displayId=0 Window{79c8145 u0 NavigationBar0} Window{1d318ff u0 StatusBar} Window{2b7ffc5 u0 Splash Screen com.yangcong345.android.phone} recents_animation_input_consumer com.android.launcher3/com.android.launcher3.uioverrides.QuickstepLauncher#0 Window{e9aebfb u0 com.android.systemui.ImageWallpaper}
03-28 11:47:57.322   970  2755 I InputDispatcher: setInputWindows displayId=3 Window{d10e46c u0 com.qihoo360.mobilesafe}
03-28 11:47:57.322   970  2755 I InputDispatcher: setInputWindows displayId=4 Window{4913713 u0 com.qihoo360.mobilesafe}
--------- beginning of events
03-28 11:47:57.326 11928 11928 I wm_on_create_called: [66794160,com.yangcong345.main.phone.splash.SplashActivity,performCreate]
03-28 11:47:57.330   970  2755 D hookLogPlugin: PackageManagerService.shouldFilterApplicationLocked:不执行原方法,跳过检测ContentProvider权限false
--------- beginning of system
03-28 11:47:57.330 11928 11928 E ActivityThread: Failed to find provider info for com.example.edcationcloud
03-28 11:47:57.331 11928 11928 E ActivityThread: Failed to find provider info for com.yangcong345.launcher.support.provider
03-28 11:47:57.331   970  2755 I chatty  : uid=1000(system) Binder:970_12 identical 2 lines
03-28 11:47:57.331   970  2755 D hookLogPlugin: PackageManagerService.shouldFilterApplicationLocked:不执行原方法,跳过检测ContentProvider权限false
03-28 11:47:57.331 11928 11928 I visitorTracer: initEvent : initVisitorApp : common-visitor
03-28 11:47:57.332 11928 11928 I visitorTracer: initEvent : pointTask 普通游客
03-28 11:47:57.332   970  2755 D hookLogPlugin: PackageManagerService.shouldFilterApplicationLocked:不执行原方法,跳过检测ContentProvider权限false
03-28 11:47:57.332   970  2755 I chatty  : uid=1000(system) Binder:970_12 identical 1 line
03-28 11:47:57.333   970  2755 D hookLogPlugin: PackageManagerService.shouldFilterApplicationLocked:不执行原方法,跳过检测ContentProvider权限false
03-28 11:47:57.333   970  1677 D hookLogPlugin: PackageManagerService.shouldFilterApplicationLocked:不执行原方法,跳过检测ContentProvider权限false
03-28 11:47:57.333   970  1677 I chatty  : uid=1000(system) Binder:970_7 identical 1 line
03-28 11:47:57.333   970  1677 D hookLogPlugin: PackageManagerService.shouldFilterApplicationLocked:不执行原方法,跳过检测ContentProvider权限false
03-28 11:47:57.333   970  2755 D hookLogPlugin: PackageManagerService.shouldFilterApplicationLocked:不执行原方法,跳过检测ContentProvider权限false
03-28 11:47:57.334   970  2755 I chatty  : uid=1000(system) Binder:970_12 identical 4 lines
03-28 11:47:57.334   970  2755 D hookLogPlugin: PackageManagerService.shouldFilterApplicationLocked:不执行原方法,跳过检测ContentProvider权限false
03-28 11:47:57.334 11928 11928 D tag     : EyeProtectionHandler onAppEnter
03-28 11:47:57.335 11928 11928 D AppActivePostHelper: onAppEnter...
03-28 11:47:57.335   970  2755 D hookLogPlugin: PackageManagerService.shouldFilterApplicationLocked:不执行原方法,跳过检测ContentProvider权限false
03-28 11:47:57.335   970  2755 I chatty  : uid=1000(system) Binder:970_12 identical 1 line
03-28 11:47:57.336   970  2755 D hookLogPlugin: PackageManagerService.shouldFilterApplicationLocked:不执行原方法,跳过检测ContentProvider权限false
03-28 11:47:57.343   970  2755 I InputDispatcher: setInputWindows displayId=0 Window{79c8145 u0 NavigationBar0} Window{1d318ff u0 StatusBar} Window{2b7ffc5 u0 Splash Screen com.yangcong345.android.phone} recents_animation_input_consumer com.android.launcher3/com.android.launcher3.uioverrides.QuickstepLauncher#0 Window{e9aebfb u0 com.android.systemui.ImageWallpaper}
03-28 11:47:57.343   970  2755 I InputDispatcher: setInputWindows displayId=3 Window{d10e46c u0 com.qihoo360.mobilesafe}
03-28 11:47:57.343   970  2755 I InputDispatcher: setInputWindows displayId=4 Window{4913713 u0 com.qihoo360.mobilesafe}
03-28 11:47:57.345   970  2755 D hookLogPlugin: PackageManagerService.shouldFilterApplicationLocked:不执行原方法,跳过检测ContentProvider权限false
03-28 11:47:57.345   970  2755 D hookLogPlugin: PackageManagerService.shouldFilterApplicationLocked:不执行原方法,跳过检测ContentProvider权限false
03-28 11:47:57.346 17931 17931 V PhoneWindow: DecorView setVisiblity: visibility = 8, Parent = android.view.ViewRootImpl@5bf24f9, this = DecorView@3b733a8[InputMethod]
03-28 11:47:57.353   970  1677 I InputDispatcher: setInputWindows displayId=0 Window{79c8145 u0 NavigationBar0} Window{1d318ff u0 StatusBar} Window{2b7ffc5 u0 Splash Screen com.yangcong345.android.phone} recents_animation_input_consumer com.android.launcher3/com.android.launcher3.uioverrides.QuickstepLauncher#0 Window{e9aebfb u0 com.android.systemui.ImageWallpaper}
03-28 11:47:57.354   970  1677 I InputDispatcher: setInputWindows displayId=3 Window{d10e46c u0 com.qihoo360.mobilesafe}
03-28 11:47:57.354   970  1677 I InputDispatcher: setInputWindows displayId=4 Window{4913713 u0 com.qihoo360.mobilesafe}
03-28 11:47:57.364 11928 12001 I System.out: [OkHttp] sendRequest>>
03-28 11:47:57.364 11928 12001 I System.out: [OkHttp] sendRequest<<
03-28 11:47:57.365  4358  4358 I ReverseSensorServer: ------ limitTime is 0 or >10min  ------
03-28 11:47:57.366   970  1189 E WifiVendorHal: getWifiLinkLayerStats_1_3_Internal(l.973) failed {.code = ERROR_NOT_SUPPORTED, .description = }
03-28 11:47:57.368  4358  4358 D ReverseSensorServer: 1.current is ---获取状态--- Val: x->8.067 y->0.04695 z->5.6179504
03-28 11:47:57.368  4358  4358 D ReverseSensorServer:  .... else ReverseOn ....
03-28 11:47:57.369  4358  4358 W ContextImpl: Calling a method in the system process without a qualified user: android.app.ContextImpl.stopService:1681 android.content.ContextWrapper.stopService:730 com.android.settings.hraservice.ReverseSensorServer.onSensorChanged:238 android.hardware.SystemSensorManager$SensorEventQueue.dispatchSensorEvent:847 android.os.MessageQueue.nativePollOnce:-2
03-28 11:47:57.370   970  2755 D hookLogPlugin: PackageManagerService.shouldFilterApplicationLocked:不执行原方法,跳过检测ContentProvider权限false
03-28 11:47:57.370   970  2394 I InputDispatcher: setInputWindows displayId=0 Window{79c8145 u0 NavigationBar0} Window{1d318ff u0 StatusBar} Window{2b7ffc5 u0 Splash Screen com.yangcong345.android.phone} recents_animation_input_consumer com.android.launcher3/com.android.launcher3.uioverrides.QuickstepLauncher#0 Window{e9aebfb u0 com.android.systemui.ImageWallpaper}
03-28 11:47:57.370   970  2755 D hookLogPlugin: PackageManagerService.shouldFilterApplicationLocked:不执行原方法,跳过检测ContentProvider权限false
03-28 11:47:57.370   970  2394 I InputDispatcher: setInputWindows displayId=3 Window{d10e46c u0 com.qihoo360.mobilesafe}
03-28 11:47:57.370   970  2394 I InputDispatcher: setInputWindows displayId=4 Window{4913713 u0 com.qihoo360.mobilesafe}
03-28 11:47:57.382   970  2394 D hookLogPlugin: PackageManagerService.shouldFilterApplicationLocked:不执行原方法,跳过检测ContentProvider权限false
03-28 11:47:57.384   970  2394 I chatty  : uid=1000(system) Binder:970_B identical 12 lines
03-28 11:47:57.385   970  2394 D hookLogPlugin: PackageManagerService.shouldFilterApplicationLocked:不执行原方法,跳过检测ContentProvider权限false
03-28 11:47:57.386   970  1677 I InputDispatcher: setInputWindows displayId=0 Window{79c8145 u0 NavigationBar0} Window{1d318ff u0 StatusBar} Window{2b7ffc5 u0 Splash Screen com.yangcong345.android.phone} recents_animation_input_consumer com.android.launcher3/com.android.launcher3.uioverrides.QuickstepLauncher#0 Window{e9aebfb u0 com.android.systemui.ImageWallpaper}
03-28 11:47:57.386   970  1677 I InputDispatcher: setInputWindows displayId=3 Window{d10e46c u0 com.qihoo360.mobilesafe}
03-28 11:47:57.386   970  1677 I InputDispatcher: setInputWindows displayId=4 Window{4913713 u0 com.qihoo360.mobilesafe}
03-28 11:47:57.401   970  1677 I InputDispatcher: setInputWindows displayId=0 Window{79c8145 u0 NavigationBar0} Window{1d318ff u0 StatusBar} Window{2b7ffc5 u0 Splash Screen com.yangcong345.android.phone} recents_animation_input_consumer com.android.launcher3/com.android.launcher3.uioverrides.QuickstepLauncher#0 Window{e9aebfb u0 com.android.systemui.ImageWallpaper}
03-28 11:47:57.402   970  1677 I InputDispatcher: setInputWindows displayId=3 Window{d10e46c u0 com.qihoo360.mobilesafe}
03-28 11:47:57.402   970  1677 I InputDispatcher: setInputWindows displayId=4 Window{4913713 u0 com.qihoo360.mobilesafe}
03-28 11:47:57.402   970  2394 D hookLogPlugin: PackageManagerService.shouldFilterApplicationLocked:不执行原方法,跳过检测ContentProvider权限false
03-28 11:47:57.402   970  2394 D hookLogPlugin: PackageManagerService.shouldFilterApplicationLocked:不执行原方法,跳过检测ContentProvider权限false
03-28 11:47:57.418   777   797 I Proximity: distance = 2
03-28 11:47:57.418   970  2394 I InputDispatcher: setInputWindows displayId=0 Window{79c8145 u0 NavigationBar0} Window{1d318ff u0 StatusBar} Window{2b7ffc5 u0 Splash Screen com.yangcong345.android.phone} recents_animation_input_consumer com.android.launcher3/com.android.launcher3.uioverrides.QuickstepLauncher#0 Window{e9aebfb u0 com.android.systemui.ImageWallpaper}
03-28 11:47:57.418   970  2394 I InputDispatcher: setInputWindows displayId=3 Window{d10e46c u0 com.qihoo360.mobilesafe}
03-28 11:47:57.418   970  2394 I InputDispatcher: setInputWindows displayId=4 Window{4913713 u0 com.qihoo360.mobilesafe}
03-28 11:47:57.434   970  1677 I InputDispatcher: setInputWindows displayId=0 Window{79c8145 u0 NavigationBar0} Window{1d318ff u0 StatusBar} Window{2b7ffc5 u0 Splash Screen com.yangcong345.android.phone} recents_animation_input_consumer com.android.launcher3/com.android.launcher3.uioverrides.QuickstepLauncher#0 Window{e9aebfb u0 com.android.systemui.ImageWallpaper}
03-28 11:47:57.434   970  1677 I InputDispatcher: setInputWindows displayId=3 Window{d10e46c u0 com.qihoo360.mobilesafe}
03-28 11:47:57.434   970  1677 I InputDispatcher: setInputWindows displayId=4 Window{4913713 u0 com.qihoo360.mobilesafe}
03-28 11:47:57.450   970  1677 I InputDispatcher: setInputWindows displayId=0 Window{79c8145 u0 NavigationBar0} Window{1d318ff u0 StatusBar} Window{2b7ffc5 u0 Splash Screen com.yangcong345.android.phone} recents_animation_input_consumer com.android.launcher3/com.android.launcher3.uioverrides.QuickstepLauncher#0 Window{e9aebfb u0 com.android.systemui.ImageWallpaper}
03-28 11:47:57.450   970  1677 I InputDispatcher: setInputWindows displayId=3 Window{d10e46c u0 com.qihoo360.mobilesafe}
03-28 11:47:57.450   970  1677 I InputDispatcher: setInputWindows displayId=4 Window{4913713 u0 com.qihoo360.mobilesafe}
03-28 11:47:57.466   970  1677 I InputDispatcher: setInputWindows displayId=0 Window{79c8145 u0 NavigationBar0} Window{1d318ff u0 StatusBar} Window{2b7ffc5 u0 Splash Screen com.yangcong345.android.phone} recents_animation_input_consumer com.android.launcher3/com.android.launcher3.uioverrides.QuickstepLauncher#0 Window{e9aebfb u0 com.android.systemui.ImageWallpaper}
03-28 11:47:57.466   970  1677 I InputDispatcher: setInputWindows displayId=3 Window{d10e46c u0 com.qihoo360.mobilesafe}
03-28 11:47:57.466   970  1677 I InputDispatcher: setInputWindows displayId=4 Window{4913713 u0 com.qihoo360.mobilesafe}
03-28 11:47:57.482   970  1677 I InputDispatcher: setInputWindows displayId=0 Window{79c8145 u0 NavigationBar0} Window{1d318ff u0 StatusBar} Window{2b7ffc5 u0 Splash Screen com.yangcong345.android.phone} recents_animation_input_consumer com.android.launcher3/com.android.launcher3.uioverrides.QuickstepLauncher#0 Window{e9aebfb u0 com.android.systemui.ImageWallpaper}
03-28 11:47:57.482   970  1677 I InputDispatcher: setInputWindows displayId=3 Window{d10e46c u0 com.qihoo360.mobilesafe}
03-28 11:47:57.483   970  1677 I InputDispatcher: setInputWindows displayId=4 Window{4913713 u0 com.qihoo360.mobilesafe}
03-28 11:47:57.485 11928 11966 D OK-HTTP : 请求链接：https://backsys.yangcong345.com/videoBase/getHlsEncryptSalt
03-28 11:47:57.485 11928 11966 D OK-HTTP : 请求方法：GET
03-28 11:47:57.485 11928 11966 D OK-HTTP : 请求头部：
03-28 11:47:57.485 11928 11966 D OK-HTTP : encryption_api_key: encryption_api_value
03-28 11:47:57.485 11928 11966 D OK-HTTP :
03-28 11:47:57.485 11928 11966 D OK-HTTP : 返回头部：
03-28 11:47:57.485 11928 11966 D OK-HTTP : date: Thu, 28 Mar 2024 03:48:03 GMT
03-28 11:47:57.485 11928 11966 D OK-HTTP : content-type: application/json; charset=utf-8
03-28 11:47:57.485 11928 11966 D OK-HTTP : content-length: 127
03-28 11:47:57.485 11928 11966 D OK-HTTP : access-control-allow-credentials: true
03-28 11:47:57.485 11928 11966 D OK-HTTP : access-control-allow-headers: Authorization, Accept-Encoding, Cache-Control, Content-Type, Content-Length, Range, Referer, X-CSRF-Token, X-Requested-With,appid, accept, client-category, client-channel, client-identity, client-type, client-version, env, eventTime, omvd, omvd, origin, params-style, source, timestamp, uid, userId, version, x-key, x-key-ignore
03-28 11:47:57.485 11928 11966 D OK-HTTP : access-control-allow-methods: POST, OPTIONS, GET, PUT
03-28 11:47:57.485 11928 11966 D OK-HTTP : access-control-allow-origin: *
03-28 11:47:57.485 11928 11966 D OK-HTTP : access-control-expose-headers: params-style
03-28 11:47:57.485 11928 11966 D OK-HTTP : params-style: encrypt
03-28 11:47:57.485 11928 11966 D OK-HTTP : strict-transport-security: max-age=15724800; includeSubDomains
03-28 11:47:57.485 11928 11966 D OK-HTTP :
03-28 11:47:57.485 11928 11966 D OK-HTTP : 返回内容：
03-28 11:47:57.485 11928 11966 D OK-HTTP : 状态码：200，
03-28 11:47:57.485 11928 11966 D OK-HTTP : 返回内容：{"code":200,"data":{"salt":"eWFuZ2Nvbmc="},"debug":"","msg":"","reason":""}
03-28 11:47:57.485 11928 11966 D OK-HTTP :
03-28 11:47:57.499   970  1677 I InputDispatcher: setInputWindows displayId=0 Window{79c8145 u0 NavigationBar0} Window{1d318ff u0 StatusBar} Window{2b7ffc5 u0 Splash Screen com.yangcong345.android.phone} recents_animation_input_consumer com.android.launcher3/com.android.launcher3.uioverrides.QuickstepLauncher#0 Window{e9aebfb u0 com.android.systemui.ImageWallpaper}
03-28 11:47:57.499   970  1677 I InputDispatcher: setInputWindows displayId=3 Window{d10e46c u0 com.qihoo360.mobilesafe}
03-28 11:47:57.499   970  1677 I InputDispatcher: setInputWindows displayId=4 Window{4913713 u0 com.qihoo360.mobilesafe}
03-28 11:47:57.508 11928 12017 D CacheInterceptor: request local cache fail
03-28 11:47:57.509 11928 12017 D OK-HTTP : 请求链接：https://api-stage.yangcong345.com/backend_config/configByKey?topicKey=dataSendStyle
03-28 11:47:57.509 11928 12017 D OK-HTTP : 请求方法：GET
03-28 11:47:57.509 11928 12017 D OK-HTTP : 请求头部：
03-28 11:47:57.509 11928 12017 D OK-HTTP : CACHE: 4
03-28 11:47:57.509 11928 12017 D OK-HTTP : omvd: yangcong345
03-28 11:47:57.509 11928 12017 D OK-HTTP : omvd-user-agent: Dalvik/2.1.0 (Linux; U; Android 11; Q20 Build/RP1A.200720.011)
03-28 11:47:57.509 11928 12017 D OK-HTTP : client-identity: common-visitor
03-28 11:47:57.509 11928 12017 D OK-HTTP : eventTime: 1711597677170
03-28 11:47:57.509 11928 12017 D OK-HTTP : client-type: android-app
03-28 11:47:57.509 11928 12017 D OK-HTTP : client-version: 7.51.0
03-28 11:47:57.509 11928 12017 D OK-HTTP :
03-28 11:47:57.509 11928 12017 D OK-HTTP : 返回头部：
03-28 11:47:57.509 11928 12017 D OK-HTTP :
03-28 11:47:57.509 11928 12017 D OK-HTTP : 返回内容：
03-28 11:47:57.509 11928 12017 D OK-HTTP : 状态码：400，
03-28 11:47:57.509 11928 12017 D OK-HTTP : 返回内容：类型未知，无法打印具体内容
03-28 11:47:57.509 11928 12017 D OK-HTTP :
03-28 11:47:57.511 11928 12004 W tagg    : 数据提供类报错： HTTP 400 No cache is enable
03-28 11:47:57.511 11928 12004 W System.err: retrofit2.HttpException: HTTP 400 No cache is enable
03-28 11:47:57.511 11928 12004 W System.err: 	at retrofit2.KotlinExtensions$await$2$2.onResponse(TbsSdkJava:11)
03-28 11:47:57.511 11928 12004 W System.err: 	at retrofit2.OkHttpCall$1.onResponse(TbsSdkJava:2)
03-28 11:47:57.511 11928 12004 W System.err: 	at okhttp3.internal.connection.RealCall$AsyncCall.run(TbsSdkJava:7)
03-28 11:47:57.511 11928 12004 W System.err: 	at java.util.concurrent.ThreadPoolExecutor.runWorker(ThreadPoolExecutor.java:1167)
03-28 11:47:57.511 11928 12004 W System.err: 	at java.util.concurrent.ThreadPoolExecutor$Worker.run(ThreadPoolExecutor.java:641)
03-28 11:47:57.511 11928 12004 W System.err: 	at java.lang.Thread.run(Thread.java:923)
03-28 11:47:57.515   970  1677 I InputDispatcher: setInputWindows displayId=0 Window{79c8145 u0 NavigationBar0} Window{1d318ff u0 StatusBar} Window{2b7ffc5 u0 Splash Screen com.yangcong345.android.phone} recents_animation_input_consumer com.android.launcher3/com.android.launcher3.uioverrides.QuickstepLauncher#0 Window{e9aebfb u0 com.android.systemui.ImageWallpaper}
03-28 11:47:57.515   970  1677 I InputDispatcher: setInputWindows displayId=3 Window{d10e46c u0 com.qihoo360.mobilesafe}
03-28 11:47:57.515   970  1677 I InputDispatcher: setInputWindows displayId=4 Window{4913713 u0 com.qihoo360.mobilesafe}
03-28 11:47:57.520 11928 11928 I visitorTracer: initEvent : pointTask 普通游客
03-28 11:47:57.523 11928 12016 D OK-HTTP : 请求链接：https://api-stage.yangcong345.com/backend_config/configByKey?topicKey=switchAndroid
03-28 11:47:57.523 11928 12016 D OK-HTTP : 请求方法：GET
03-28 11:47:57.523 11928 12016 D OK-HTTP : 请求头部：
03-28 11:47:57.523 11928 12016 D OK-HTTP : CACHE: 4
03-28 11:47:57.523 11928 12016 D OK-HTTP : omvd: yangcong345
03-28 11:47:57.523 11928 12016 D OK-HTTP : omvd-user-agent: Dalvik/2.1.0 (Linux; U; Android 11; Q20 Build/RP1A.200720.011)
03-28 11:47:57.523 11928 12016 D OK-HTTP : client-identity: common-visitor
03-28 11:47:57.523 11928 12016 D OK-HTTP : eventTime: 1711597677160
03-28 11:47:57.523 11928 12016 D OK-HTTP : client-type: android-app
03-28 11:47:57.523 11928 12016 D OK-HTTP : client-version: 7.51.0
03-28 11:47:57.523 11928 12016 D OK-HTTP :
03-28 11:47:57.523 11928 12016 D OK-HTTP : 返回头部：
03-28 11:47:57.523 11928 12016 D OK-HTTP : date: Thu, 28 Mar 2024 03:48:03 GMT
03-28 11:47:57.523 11928 12016 D OK-HTTP : content-type: application/json; charset=utf-8
03-28 11:47:57.523 11928 12016 D OK-HTTP : vary: Origin
03-28 11:47:57.523 11928 12016 D OK-HTTP : x-frame-options: SAMEORIGIN
03-28 11:47:57.523 11928 12016 D OK-HTTP : x-xss-protection: 1; mode=block
03-28 11:47:57.523 11928 12016 D OK-HTTP : x-content-type-options: nosniff
03-28 11:47:57.523 11928 12016 D OK-HTTP : x-download-options: noopen
03-28 11:47:57.523 11928 12016 D OK-HTTP : x-readtime: 10
03-28 11:47:57.523 11928 12016 D OK-HTTP : access-control-allow-origin: *
03-28 11:47:57.523 11928 12016 D OK-HTTP : access-control-allow-methods: *
03-28 11:47:57.523 11928 12016 D OK-HTTP : access-control-max-age: 3600
03-28 11:47:57.523 11928 12016 D OK-HTTP : access-control-expose-headers: Authorization,Content-Range,Date,params-style
03-28 11:47:57.523 11928 12016 D OK-HTTP : access-control-allow-headers: *
03-28 11:47:57.523 11928 12016 D OK-HTTP : route-name: to-customer-end
03-28 11:47:57.523 11928 12016 D OK-HTTP : strict-transport-security: max-age=15724800; includeSubDomains
03-28 11:47:57.523 11928 12016 D OK-HTTP :
03-28 11:47:57.523 11928 12016 D OK-HTTP : 返回内容：
03-28 11:47:57.523 11928 12016 D OK-HTTP : 状态码：200，
03-28 11:47:57.523 11928 12016 D OK-HTTP : 返回内容：{"id":"289040ea-f39e-11ec-a736-d36001d47112","topic":null,"topicKey":"switchAndroid","groupId":6,"business":2,"content":{"newUserLeadVideo":{"isShow":true,"isShowSkipButton":true,"videoPath":"https://hls.media.yangcong345.com/high/high_275a867d-67c0-465d-88ad-e2dae4072a20.m3u8"},"rewardcode":{"isOpen":true},"studyScenePage":{"isShow":true},"logReport":{"logReportEnable":{"huawei":true,"oppo":true,"vivo":true,"default":true},"other":{}},"use7to12-stage":{"Android":{"v6":true},"iOS":{"v4":true}},"x5":{"isOpen":true,"systemVersion":0,"blacklist":[{"brand":"Xiaomi","model":"MI PAD","systemVersion":21}]},"appConfigSwitch":{"whitelist_URL":{"desc":"URL白名单开关","versioniOS":"v1","versionAndroid":"v1","openiOS":false,"openAndroid":true,"enable":false,"config":{"android":{"yc_service_hosts":["yangcong345.com","yangcongxueyuan.com","7to12.yangcong345.com"],"third_service_hosts":["appadhoc.com","wenjuan.com","apilocate.amap.com","sdk.api.oaid.wocloud.cn","log.tbs.qq.com","dnet.mb.qq.com","applog-hangzhou.cn-hangzhou.sls.aliyuncs.com","onion-event.cn-hangzhou.log.aliyuncs.com","adashbc.ut.taobao.com","b.appjiagu.com","dnet.mb.qq.com","cgi.connect.qq.com","adashbc.ut.taobao.com","hotfix-api.aliyuncs.com","ams-hotfix-assets.oss-cn-shanghai.aliyuncs.com","pingxx.com","open.feishu.cn","retcode.alicdn.com","arms-retcode.aliyuncs.com","g.alicdn.com","sobot.com"],"third_cdn_hosts":["qiniu.com","talk-fun.com","alipay.com","jdpay.com","h5pay.jd.com","open.mobile.qq.com","gateway.95516.com","yeepay.com","pan.baidu.com","dingtalk.com","wx.tenpay.com","wap.cmpassport.com/resources/html/contract.html","opencloud.wostore.cn/authz/resource/html/disclaimer.html","e.189.cn/sdk/agreement/content.do","weibo.com/signup/v5/privacy","open.weixin.qq.com/cgi-bin/frame","wiki.connect.qq.com","www.tencent.com/zh-cn/privacy-policy.html","docs.open.alipay.com/54","yunshanfu.unionpay.com/privacy/2","www.meizu.com/legal.html","dev.vivo.com.cn/documentCenter/doc/365","dev.vivo.com.cn/wap/documentCenter/doc/365","dev.mi.com/console/doc/detail","open.oppomobile.com/wiki/doc","www.umeng.com/page/policy","docs.bugtags.cn/zh/bugtags/privacy.html","www.jiguang.cn/license/privacy","m.jiguang.cn/license/privacy","www.pin
03-28 11:47:57.523 11928 12016 D OK-HTTP : gxx.com/terms.html#privacy","developer.huawei.com/consumer/cn/doc/development/HMSCore-Guides","privacy.oppo.com/cn/policy/","www.sobot.com/clause.html","www.qiniu.com/agreements/privacy-right","console2.talk-fun.com","bugly.qq.com/v2/contract","www.samsung.com/cn/info/privacy/","x5.tencent.com/tbs/guide/develop.html","sofire.bdstatic.com/push/privacy.html","www.msa-alliance.cn","m.msa-alliance.cn","m.weibo.cn/c/privacy","wap.cmpassport.com/resources/html/contract2.html"]},"android_channel_list_hosts":[]}}},"staticMaps":{"data":[{"url":"https://fp.yangcong345.com/middle/7.10.5/polyfill.min.js","sort":0},{"url":"https://fp.yangcong345.com/middle/0.7.0/intersection-observer.min.js","sort":0},{"url":"https://fp.yangcong345.com/middle/1.0.0/scrollingElementPolyfill.js","sort":0},{"url":"https://fp.yangcong345.com/middle/1.0.1/skeleton.js","sort":0},{"url":"https://fp.yangcong345.com/middle/2.6.12/vue.js","sort":0},{"url":"https://fp.yangcong345.com/middle/3.4.7/vue-router.min.js","sort":0},{"url":"https://fp.yangcong345.com/middle/3.5.1/vuex.min.js","sort":0},{"url":"https://fp.yangcong345.com/middle/0.6.0/YCWebViewBridge.js","sort":0},{"url":"https://fp.yangcong345.com/middle/1.8.29/dayjs.min.js","sort":0},{"url":"https://fp.yangcong345.com/middle/0.19.2/axios.min.js","sort":0},{"url":"https://fp.yangcong345.com/middle/4.0.0/crypto.min.js","sort":0},{"url":"https://fp.yangcong345.com/middle/2.1.0/onion-utils.min.js","sort":0},{"url":"https://fp.yangcong345.com/middle/5.3.7/swiper.min.js","sort":0},{"url":"https://fp.yangcong345.com/middle/2.4.36/onion-task.min.js","sort":1},{"url":"https://fp.yangcong345.com/middle/1.0.0/vue-lazyload.js","sort":1},{"url":"https://fp.yangcong345.com/tqxb5exvttg8zhfhxxv79wubnyd2h30q.png","sort":1},{"url":"https://fp.yangcong345.com/0rxzeg5mx18d87zd0dty984hz5f3ezcz.png","sort":1},{"url":"https://fp.yangcong345.com/8wgewu4adrfku2uz6fazm32vw2rhneb4.png","sort":1},{"url":"https://fp.yangcong345.com/r6qqkkw3mw0aa69ktc1k161ptvuwb3uw.png","sort":1},{"url":"https://fp.yangcong345.com/middle/1.0.0/hot_function_bg@3x.png","sort":1}],"data2":{"htmlList":[],"apiList":[{"url":"${baseH5Url}/backend/banner?bannerPosition=studentLearnHomeNew","header":{"appid":"A3E256BE-1391-448C-8869-0FC8ADC0C915"},"expiresTime":60000,"enable":true},{"url":"${baseH5Url}/backend/study/function_entry","header":{"appid":"A3E256BE-1391-448C-8869-0FC8ADC0C915"},"expiresTime":60000,"enable":true},{"url":"${baseH5Url}/backend/study-search/hotWordsList?scene=home","header":{"appid":"A3E256BE-1391-448C-8869-0FC8ADC0C915"},"expiresTime":30000,"enable":true}]},"httpCache":{"api":true,"other":true,"systemVersion":23,"blackList":[]}},"webInstance":{"result":"{\"ios\":\"ALL\",\"android\":\"ALL\",\"androidList\":[{\"modelName\":\"Xiaomi\",\"modelBrand\":\"s2\"}],\"iosList\":[\"iPhone3,1\",\"iPhone3,3\",\"iPhone4,1\",\"iPhone10,1\",\"iPhone10,4\",\"iPhone10,2\",\"iPhone10,5\",\"iPhone5,3\",\"iPhone5,4\"]}"},"coinStoreEntrance":{"title":"兑换你的努力","iconUrl":"","subtitleHighlightString":"","highlightColor":"#ff8995ab","backgroundUrl":"","bu
03-28 11:47:57.523 11928 12016 D OK-HTTP : ttonUrl":"","display":"true","titleColor":"#ff3a4e73","subtitleColor":"#ff8995ab","subtitleIcon":"","subtitle":"洋葱商店营业中"},"tabBarConfig":{"default":{"tabDiscovery":{"url":"https://7to12-stage.yangcong345.com/study-app/tabLife/tabLife","lottieiOS":"https://fp.yangcong345.com/middle/1.0.0.1/vipTab.json","lottieAndroid":"https://fp.yangcong345.com/middle/1.0.0.1/vipTab.json","lottieVip":"https://fp.yangcong345.com/data-51300d7e0c14ae7cc8756802b9342e0e.json","clickNavTabPosition":"discovery"},"tabStudy":{"url":"https://7to12-stage.yangcong345.com/study-experience/study/tab","lottieiOS":"https://fp.yangcong345.com/middle/1.0.0.1/studyTab.json","lottieAndroid":"https://assets2.lottiefiles.com/packages/lf20_p7ntyhov.json","lottieVip":"https://fp.yangcong345.com/data-1a1830fbf9fd0ea2e8357ce478d0e611.json","clickNavTabPosition":"learn"},"tabExperience":{"url":"https://7to12-stage.yangcong345.com/study-app/tabStudyCompany","lottieiOS":"https://fp.yangcong345.com/middle/android_1.0.0/data.json","lottieAndroid":"https://fp.yangcong345.com/middle/android_1.0.0/data.json","lottieVip":"https://fp.yangcong345.com/data-35f45d15362b6020d6564c1cc90f212d.json","clickNavTabPosition":"learntogether"},"tabGrowth":{"url":"https://7to12-stage.yangcong345.com/study-app/tabGrowth","lottieiOS":"https://fp.yangcong345.com/middle/1.0.0.1/growTab.json","lottieAndroid":"https://assets9.lottiefiles.com/packages/lf20_b0rs9jki.json","lottieVip":"https://fp.yangcong345.com/data-a2d9b1c1e445fbfa1853a8672aa135b9.json","clickNavTabPosition":"growup"},"tabMine":{"url":"/userCenter/UserCenterFragment","lottieiOS":"https://fp.yangcong345.com/middle/1.0.0.1/mineTab.json","lottieAndroid":"https://assets3.lottiefiles.com/packages/lf20_dfjv6fw3.json","lottieVip":"https://fp.yangcong345.com/data-c31f3a0a9bcaa85ca20cbbb906f90f08.json","clickNavTabPosition":"myzone"}},"6.22.0":{"tabDiscovery":{"url":"https://7to12-stage.yangcong345.com//mfh5/MiddleFindPageH5.html","lottieiOS":"https://fp.yangcong345.com/middle/1.0.0.1/vipTab.json","lottieAndroid":"https://fp.yangcong345.com/middle/1.0.0.1/vipTab.json","clickNavTabPosition":"discovery"},"tabStudy":{"url":"https://7to12-stage.yangcong345.com/study-experience/study/tab","lottieiOS":"https://fp.yangcong345.com/middle/1.0.0.1/studyTab.json","lottieAndroid":"https://assets2.lottiefiles.com/packages/lf20_p7ntyhov.json","clickNavTabPosition":"learn"},"tabExperience":{"url":"https://7to12-stage.yangcong345.com/study-app/tabStudyCompany","lottieiOS":"https://fp.yangcong345.com/middle/1.0.0.1/practiceTab.json","lottieAndroid":"https://assets4.lottiefiles.com/packages/lf20_in9uodi0.json","clickNavTabPosition":"learntogether"},"tabGrowth":{"url":"https://7to12-stage.yangcong345.com/study-app/tabGrowth","lottieiOS":"https://fp.yangcong345.com/middle/1.0.0.1/growTab.json","lottieAndroid":"https://assets9.lottiefiles.com/packages/lf20_b0rs9jki.json","clickNavTabPosition":"growup"},"tabMine":{"url":"/userCenter/UserCenterFragment","lottieiOS":"https://fp.yangcong345.com/middle/1.0.0.1/mineTab.json","lottieAndroid":"https://assets3.
