01-18 19:26:30.550   902  4688 I ActivityManager: Process com.android.permissioncontroller (pid 2921) has died: cch+99 CEM
01-18 19:26:31.796   902  3276 I ActivityManager: Process com.google.android.webview:webview_service (pid 16834) has died: cch+95 CEM
01-18 19:26:33.425   902  2899 I ActivityManager: Process com.yangcong345.cloud.toolbox (pid 18488) has died: cch+85 CEM
01-18 19:26:33.532   902  4689 I ActivityManager: Process com.android.calendar (pid 16075) has died: cch+75 CEM
01-18 19:26:33.535   902  5927 I ActivityManager: Process com.android.deskclock (pid 13470) has died: cch+65 CEM
01-18 19:26:33.540   902  4687 I ActivityManager: Process com.android.providers.calendar (pid 16144) has died: cch+55 CEM
01-18 19:26:33.543   902  2432 I ActivityManager: Process com.adups.fota (pid 16601) has died: cch+45 CEM
01-18 19:26:33.556   902  4285 I ActivityManager: Process android.process.media (pid 3461) has died: cch+35 CEM
01-18 19:26:33.561   902  3276 I ActivityManager: Process android.process.acore (pid 1587) has died: cch+25 CEM
01-18 19:26:33.571   902  3276 I ActivityManager: Process com.hra.security_manage:hra_provider (pid 2089) has died: cch+15 SVC
01-18 19:26:33.630   902  4687 I ActivityManager: Process com.android.settings (pid 4336) has died: cch+5 SVC
01-18 19:26:33.748   902  4335 I ActivityManager: Process com.yangcong345.pad.market (pid 11436) has died: cch CAC
01-18 19:26:34.208   902  5927 I ActivityManager: Process com.yangcong345.pad.systemsetting (pid 12322) has died: prev LAST
01-18 19:26:34.495   902 10992 I ActivityManager: Process com.hra.security_manage:hra_provider (pid 8110) has died: svc SVC
01-18 19:26:34.810   902  5927 I ActivityManager: Process com.hra.security_manage:hra_provider (pid 8178) has died: svc SVC
01-18 19:26:35.518   902 10992 I ActivityManager: Process com.hra.security_manage:hra_provider (pid 8235) has died: svc SVC
01-18 19:26:35.557   902  4688 I ActivityManager: Process com.debug.loggerui (pid 3949) has died: prcp FGS
01-18 19:26:35.835   902  4285 I ActivityManager: Process com.android.settings (pid 8205) has died: svc SVC
01-18 19:26:37.087   902  4335 I ActivityManager: Process com.hra.security_manage:hra_provider (pid 8316) has died: svc SVC
01-18 19:26:47.910   902  2951 I ActivityManager: Process com.hra.security_manage:hra_provider (pid 8428) has died: svcb SVC
01-18 19:26:56.390   902 11391 I ActivityManager: Process com.android.settings (pid 8650) has died: svc SVC
01-18 19:26:56.727   902 10992 I ActivityManager: Process android.ext.services (pid 3331) has died: vis BFGS
01-18 19:26:56.778   902  8122 I ActivityManager: Process com.google.android.inputmethod.pinyin (pid 3286) has died: prcp IMPB
01-18 19:26:59.518   902  4285 I ActivityManager: Process com.android.launcher3 (pid 3170) has died: vis BFGS
01-18 19:27:03.870   902 15680 I ActivityManager: Process com.android.systemui:screenshot (pid 4943) has died: cch+5 CEM
01-18 19:27:04.038   902  2899 I ActivityManager: Process com.hra.security_manage:hra_provider (pid 9027) has died: svc SVC
01-18 19:27:05.239   902   949 I ActivityManager: Process com.google.android.webview:sandboxed_process0:org.chromium.content.app.SandboxedProcessService0:0 (pid 4730) has died: vis BTOP
01-18 19:27:05.303   902  5926 I ActivityManager: Process com.yangcong345.android.phone (pid 3883) has died: vis TOP
01-18 19:27:20.331   902  4285 I ActivityManager: Process com.google.android.webview:webview_service (pid 10116) has died: cch+5 CEM
01-18 19:27:21.383   902  4285 I ActivityManager: Process com.hra.security_manage:hra_provider (pid 9310) has died: svcb SVC
01-18 19:27:22.065   902 11391 I ActivityManager: Process com.android.settings (pid 10274) has died: svc SVC
01-18 19:27:22.502   902  3276 I ActivityManager: Process com.hra.security_manage:hra_provider (pid 10986) has died: svc SVC
01-18 19:27:24.515   902  3276 I ActivityManager: Process com.hra.security_manage:hra_provider (pid 11075) has died: svc SVC
01-18 19:27:25.623   902   949 I ActivityManager: Process com.hra.security_manage:hra_provider (pid 11236) has died: svc SVC
01-18 19:27:26.059   902 10989 I ActivityManager: Process com.hra.security_manage:hra_provider (pid 11335) has died: svc SVC
01-18 19:27:26.668   902   949 I ActivityManager: Process com.hra.security_manage:hra_provider (pid 11386) has died: svc SVC
01-18 19:27:27.871   902  5926 I ActivityManager: Process com.hra.security_manage:hra_provider (pid 11450) has died: svc SVC
01-18 19:27:51.550   902  8157 I ActivityManager: Process android.ext.services (pid 9093) has died: vis BFGS
01-18 19:28:01.340   902  8108 I ActivityManager: Process com.android.launcher3 (pid 9120) has died: vis BFGS
01-18 19:28:04.999   902  2432 I ActivityManager: Process com.yangcong345.android.phone (pid 9443) has died: vis BFGS
01-18 19:28:06.484   902  4688 I ActivityManager: Process com.yangcong345.cloud.launcher (pid 5954) has died: fg  TOP
