04-18 16:50:24.329   898   907 I system_server: NativeAlloc concurrent copying GC freed 11175(843KB) AllocSpace objects, 8(160KB) LOS objects, 27% free, 15MB/21MB, paused 224us total 188.540ms
04-18 16:50:24.330   898   909 W System  : A resource failed to call release.
04-18 16:50:24.337   898   916 I sysui_multi_action: [757,1659,758,4,759,2,1660,0]
04-18 16:50:24.330   898   909 I chatty  : uid=1000(system) FinalizerDaemon identical 1 line
04-18 16:50:24.330   898   909 W System  : A resource failed to call release.
04-18 16:50:24.338  1852  1852 I Matrix.ActivityThreadHacker: [handleMessage] msg.what:159 begin:19101311 isLaunchActivity:false SDK_INT=30
04-18 16:50:24.338  1852  1852 I Matrix.ActivityThreadHacker: [handleMessage] msg.what:159 begin:19101311 isLaunchActivity:false SDK_INT=30
04-18 16:50:24.351   898   916 I InputManager-JNI: Viewport [0] to add: local:0, isActive: true
04-18 16:50:24.352   898  1030 I InputReader: Reconfiguring input devices, changes=DISPLAY_INFO |
04-18 16:50:24.352   898  1030 I InputReader: Device reconfigured: id=5, name='mtk-tpd', size 1200x1920, orientation 1, mode 1, display id 0
04-18 16:50:24.352   898  1030 I InputReader: Device reconfigured: id=4, name='mtk-common', size 1200x1920, orientation 1, mode 1, display id 0
04-18 16:50:24.354   898   911 V SettingsProvider: name : hide_rotation_lock_toggle_for_accessibility appId : 10111
04-18 16:50:24.354   898   911 V SettingsProvider: Package name : com.android.systemui privateFlags : -1938812824
04-18 16:50:24.356   898  1401 I InputDispatcher: setInputWindows displayId=0 Window{a5d0904 u0 SecondaryHomeHandle0} Window{26d385e u0 NavigationBar0} Window{367127 u0 StatusBar} recents_animation_input_consumer Window{9588175 u0 com.yangcong345.cloud.launcher/com.yangcong345.padmodule.home.main.PadHomeActivity} Window{400a8e u0 com.android.systemui.ImageWallpaper}
04-18 16:50:24.356   898  1401 I InputDispatcher: Window went away: SecondaryHomeHandle0#0
04-18 16:50:24.358   898  1244 V SettingsProvider: name : accelerometer_rotation appId : 1000
04-18 16:50:24.358   898  1244 V SettingsProvider: name : user_rotation appId : 1000
04-18 16:50:24.358   546   546 I SurfaceFlinger: operator()(), mtkRenderCntDebug 618, screenshot (com.yangcong345.cloud.launcher/com.yangcong345.padmodule.home.main.PadHomeActivity#0)
04-18 16:50:24.359  1852 18345 I MMKV    : <MMKV.cpp:226::initializeMMKV> root dir: /data/user/0/com.yangcong345.cloud.launcher/files/mmkv
04-18 16:50:24.360  1852 18345 I MMKV    : <MMKV.cpp:1180::sync> MMKV::sync, SyncFlag = 0
04-18 16:50:24.364  1247  1247 V NavigationBarView: home = true
04-18 16:50:24.364  1247  1247 V NavigationBarView: recent = true
04-18 16:50:24.364  1247  1247 V NavigationBarView: back = true
04-18 16:50:24.372   898 12339 I InputDispatcher: setInputWindows displayId=0 Window{a5d0904 u0 SecondaryHomeHandle0} Window{26d385e u0 NavigationBar0} Window{367127 u0 StatusBar} recents_animation_input_consumer Window{9588175 u0 com.yangcong345.cloud.launcher/com.yangcong345.padmodule.home.main.PadHomeActivity} Window{400a8e u0 com.android.systemui.ImageWallpaper}
04-18 16:50:24.375  2722  2722 V PhoneWindow: DecorView setVisiblity: visibility = 8, Parent = android.view.ViewRootImpl@994e100, this = DecorView@1955ce8[InputMethod]
04-18 16:50:24.375  2722  2722 I chatty  : uid=10064(com.google.android.inputmethod.pinyin) identical 1 line
04-18 16:50:24.375  2722  2722 V PhoneWindow: DecorView setVisiblity: visibility = 8, Parent = android.view.ViewRootImpl@994e100, this = DecorView@1955ce8[InputMethod]
04-18 16:50:24.377   546   606 I BufferQueueProducer: [com.yangcong345.cloud.launcher/com.yangcong345.padmodule.home.main.PadHomeActivity#0](id:222000002ad,api:1,p:1852,c:546) disconnect(): api=1
04-18 16:50:24.377   546   606 I BufferQueueProducer: [com.yangcong345.cloud.launcher/com.yangcong345.padmodule.home.main.PadHomeActivity#0](id:222000002ad,api:1,p:1852,c:546) connect(): api=1 producerControlledByApp=false
04-18 16:50:24.379  1247  1247 D StatusBar: disable<e i a s b h r c s > disable2<q i n >
04-18 16:50:24.379  1247  1247 D View    : [Warning] assignParent to null: this = com.android.systemui.assist.AssistOrbContainer{afa8f79 G.E...... ......ID 0,0-1200,500}
04-18 16:50:24.381   546   865 I SurfaceFlinger: [SF client] NEW(0xb400007198d5f410) for (1247:com.android.systemui)
04-18 16:50:24.382  1247  1247 D ViewRootImpl[AssistPreviewPanel]: hardware acceleration = true , fakeHwAccelerated = false, sRendererDisabled = false, forceHwAccelerated = false, sSystemRendererDisabled = false
04-18 16:50:24.386  1247  1247 I InputTransport: Create ARC handle: 0xb40000721c21e780
04-18 16:50:24.388   898 12339 I InputDispatcher: setInputWindows displayId=0 Window{a5d0904 u0 SecondaryHomeHandle0} Window{26d385e u0 NavigationBar0} Window{367127 u0 StatusBar} recents_animation_input_consumer Window{9588175 u0 com.yangcong345.cloud.launcher/com.yangcong345.padmodule.home.main.PadHomeActivity} Window{400a8e u0 com.android.systemui.ImageWallpaper}
04-18 16:50:24.393   546  1663 I BpBinder: onLastStrongRef automatically unlinking death recipients: <uncached descriptor>
04-18 16:50:24.397   546  1663 I BufferQueueProducer: [NavigationBar0#0](id:22200000004,api:1,p:1247,c:546) disconnect(): api=1
04-18 16:50:24.398   546  1663 I BufferQueueProducer: [NavigationBar0#0](id:22200000004,api:1,p:1247,c:546) connect(): api=1 producerControlledByApp=false
04-18 16:50:24.404   898 12339 I InputDispatcher: setInputWindows displayId=0 Window{a5d0904 u0 SecondaryHomeHandle0} Window{26d385e u0 NavigationBar0} Window{367127 u0 StatusBar} recents_animation_input_consumer Window{9588175 u0 com.yangcong345.cloud.launcher/com.yangcong345.padmodule.home.main.PadHomeActivity} Window{400a8e u0 com.android.systemui.ImageWallpaper}
04-18 16:50:24.406   515   515 I hwcomposer: [DBQ] (q2:0xb400007e67f876e0) Buffer queue is created with size(3), m_id(1013)
04-18 16:50:24.406   515   515 I hwcomposer: [DBQ] (q2:0xb400007e67f876e0) Reallocate Slot(0), pool(0 -> 0) size(0 -> 9216000)
04-18 16:50:24.407   515   515 I hwcomposer: [DBQ] (q2:0xb400007e67f876e0) Alloc Slot(0), handle=0xb400007e27f80c90 c=0 w=1200 h=1920 p=1200 ys=1200 vs=1920 f=1
04-18 16:50:24.413   898  3439 I GED     : ged_boost_gpu_freq, level 100, eOrigin 2, final_idx 15, oppidx_max 15, oppidx_min 0
04-18 16:50:24.414   546  1663 I BufferQueueProducer: [StatusBar#0](id:22200000006,api:1,p:1247,c:546) disconnect(): api=1
04-18 16:50:24.416   546  1663 I BufferQueueProducer: [StatusBar#0](id:22200000006,api:1,p:1247,c:546) connect(): api=1 producerControlledByApp=false
04-18 16:50:24.421   898 12339 I InputDispatcher: setInputWindows displayId=0 Window{a5d0904 u0 SecondaryHomeHandle0} Window{26d385e u0 NavigationBar0} Window{367127 u0 StatusBar} recents_animation_input_consumer Window{9588175 u0 com.yangcong345.cloud.launcher/com.yangcong345.padmodule.home.main.PadHomeActivity} Window{400a8e u0 com.android.systemui.ImageWallpaper}
04-18 16:50:24.422   515   515 I hwcomposer: [DBQ] (q2:0xb400007e67f876e0) Reallocate Slot(1), pool(0 -> 0) size(0 -> 9216000)
04-18 16:50:24.423   515   515 I hwcomposer: [DBQ] (q2:0xb400007e67f876e0) Alloc Slot(1), handle=0xb400007e27f7eb90 c=0 w=1200 h=1920 p=1200 ys=1200 vs=1920 f=1
04-18 16:50:24.432   546   606 I BufferQueueProducer: [SecondaryHomeHandle0#0](id:222000002af,api:1,p:1247,c:546) disconnect(): api=1
04-18 16:50:24.437   898  1244 I InputDispatcher: setInputWindows displayId=0 Window{26d385e u0 NavigationBar0} Window{367127 u0 StatusBar} recents_animation_input_consumer Window{9588175 u0 com.yangcong345.cloud.launcher/com.yangcong345.padmodule.home.main.PadHomeActivity} Window{400a8e u0 com.android.systemui.ImageWallpaper}
04-18 16:50:24.437   898  1244 I InputDispatcher: Window went away: Window{a5d0904 u0 SecondaryHomeHandle0}
04-18 16:50:24.438   515   515 I hwcomposer: [HWCLayer] setHwlayerType(), id:1013, release queue sp, type 3 -> 2
04-18 16:50:24.438   515   515 I hwcomposer: [DBQ] (q2:0xb400007e67f876e0) Buffer queue is destroyed, m_id(1013)
04-18 16:50:24.438   515   515 I hwcomposer: [DBQ] (q2:0xb400007e67f876e0) ~DisplayBufferQueue(), m_id(1013), release buf
04-18 16:50:24.438   515   515 I hwcomposer: [DBQ] (q2:0xb400007e67f876e0) Free Slot(0), handle=0xb400007e27f80c90, 9216000 -> 0
04-18 16:50:24.438   515   515 I hwcomposer: [DBQ] (q2:0xb400007e67f876e0) Free Slot(1), handle=0xb400007e27f7eb90, 9216000 -> 0
04-18 16:50:24.443  1247  1247 V NavigationBarView: home = true
04-18 16:50:24.443  1247  1247 V NavigationBarView: recent = true
04-18 16:50:24.443  1247  1247 V NavigationBarView: back = true
04-18 16:50:24.450  1247  1247 I InputTransport: Destroy ARC handle: 0xb40000721c21d430
04-18 16:50:24.452   546   546 I BufferQueueConsumer: [SecondaryHomeHandle0#0](id:222000002af,api:0,p:-1,c:546) disconnect()
04-18 16:50:24.452   546   546 I BufferQueue: [unnamed-546-687](this:0xb400007248f75e68,id:687,api:0,p:-1,c:-1) onDestructor()
04-18 16:50:24.453   898  1401 I InputDispatcher: setInputWindows displayId=0 Window{26d385e u0 NavigationBar0} Window{367127 u0 StatusBar} recents_animation_input_consumer Window{9588175 u0 com.yangcong345.cloud.launcher/com.yangcong345.padmodule.home.main.PadHomeActivity} Window{400a8e u0 com.android.systemui.ImageWallpaper}
04-18 16:50:24.469   898 12339 I InputDispatcher: setInputWindows displayId=0 Window{26d385e u0 NavigationBar0} Window{367127 u0 StatusBar} recents_animation_input_consumer Window{9588175 u0 com.yangcong345.cloud.launcher/com.yangcong345.padmodule.home.main.PadHomeActivity} Window{400a8e u0 com.android.systemui.ImageWallpaper}
04-18 16:50:24.485   898 12339 I chatty  : uid=1000(system) Binder:898_10 identical 1 line
04-18 16:50:24.501   898 12339 I InputDispatcher: setInputWindows displayId=0 Window{26d385e u0 NavigationBar0} Window{367127 u0 StatusBar} recents_animation_input_consumer Window{9588175 u0 com.yangcong345.cloud.launcher/com.yangcong345.padmodule.home.main.PadHomeActivity} Window{400a8e u0 com.android.systemui.ImageWallpaper}
04-18 16:50:24.511   733   772 I Proximity: distance = 2
04-18 16:50:24.517   898 12339 I InputDispatcher: setInputWindows displayId=0 Window{26d385e u0 NavigationBar0} Window{367127 u0 StatusBar} recents_animation_input_consumer Window{9588175 u0 com.yangcong345.cloud.launcher/com.yangcong345.padmodule.home.main.PadHomeActivity} Window{400a8e u0 com.android.systemui.ImageWallpaper}
04-18 16:50:24.533   898 12339 I chatty  : uid=1000(system) Binder:898_10 identical 1 line
04-18 16:50:24.550   898 12339 I InputDispatcher: setInputWindows displayId=0 Window{26d385e u0 NavigationBar0} Window{367127 u0 StatusBar} recents_animation_input_consumer Window{9588175 u0 com.yangcong345.cloud.launcher/com.yangcong345.padmodule.home.main.PadHomeActivity} Window{400a8e u0 com.android.systemui.ImageWallpaper}
04-18 16:50:24.558  2722  2722 V PhoneWindow: DecorView setVisiblity: visibility = 8, Parent = android.view.ViewRootImpl@994e100, this = DecorView@1955ce8[InputMethod]
04-18 16:50:24.558  2722  2722 I chatty  : uid=10064(com.google.android.inputmethod.pinyin) identical 1 line
04-18 16:50:24.558  2722  2722 V PhoneWindow: DecorView setVisiblity: visibility = 8, Parent = android.view.ViewRootImpl@994e100, this = DecorView@1955ce8[InputMethod]
04-18 16:50:24.566   898 12339 I InputDispatcher: setInputWindows displayId=0 Window{26d385e u0 NavigationBar0} Window{367127 u0 StatusBar} recents_animation_input_consumer Window{9588175 u0 com.yangcong345.cloud.launcher/com.yangcong345.padmodule.home.main.PadHomeActivity} Window{400a8e u0 com.android.systemui.ImageWallpaper}
04-18 16:50:24.564 15927 15927 I auditd  : type=1400 audit(0.0:13264): avc: denied { getattr } for comm="DetectPable" path="/proc/fb" dev="proc" ino=4026532067 scontext=u:r:shell:s0 tcontext=u:object_r:proc:s0 tclass=file permissive=1
04-18 16:50:24.564 15927 15927 I DetectPable: type=1400 audit(0.0:13264): avc: denied { getattr } for path="/proc/fb" dev="proc" ino=4026532067 scontext=u:r:shell:s0 tcontext=u:object_r:proc:s0 tclass=file permissive=1
04-18 16:50:24.564 15927 15927 I auditd  : type=1400 audit(0.0:13265): avc: denied { getattr } for comm="DetectPable" path="/proc/m4u" dev="proc" ino=4026532076 scontext=u:r:shell:s0 tcontext=u:object_r:proc_m4u:s0 tclass=file permissive=1
04-18 16:50:24.564 15927 15927 I DetectPable: type=1400 audit(0.0:13265): avc: denied { getattr } for path="/proc/m4u" dev="proc" ino=4026532076 scontext=u:r:shell:s0 tcontext=u:object_r:proc_m4u:s0 tclass=file permissive=1
04-18 16:50:24.564 15927 15927 I auditd  : type=1400 audit(0.0:13266): avc: denied { getattr } for comm="DetectPable" path="/proc/rid" dev="proc" ino=4026532398 scontext=u:r:shell:s0 tcontext=u:object_r:proc_rid:s0 tclass=file permissive=1
04-18 16:50:24.564 15927 15927 I DetectPable: type=1400 audit(0.0:13266): avc: denied { getattr } for path="/proc/rid" dev="proc" ino=4026532398 scontext=u:r:shell:s0 tcontext=u:object_r:proc_rid:s0 tclass=file permissive=1
04-18 16:50:24.564 15927 15927 I auditd  : type=1400 audit(0.0:13267): avc: denied { getattr } for comm="DetectPable" path="/proc/keys" dev="proc" ino=4026532301 scontext=u:r:shell:s0 tcontext=u:object_r:proc_keys:s0 tclass=file permissive=1
04-18 16:50:24.564 15927 15927 I DetectPable: type=1400 audit(0.0:13267): avc: denied { getattr } for path="/proc/keys" dev="proc" ino=4026532301 scontext=u:r:shell:s0 tcontext=u:object_r:proc_keys:s0 tclass=file permissive=1
04-18 16:50:24.564 15927 15927 I auditd  : type=1400 audit(0.0:13268): avc: denied { getattr } for comm="DetectPable" path="/proc/kmsg" dev="proc" ino=4026532132 scontext=u:r:shell:s0 tcontext=u:object_r:proc_kmsg:s0 tclass=file permissive=1
04-18 16:50:24.564 15927 15927 I DetectPable: type=1400 audit(0.0:13268): avc: denied { getattr } for path="/proc/kmsg" dev="proc" ino=4026532132 scontext=u:r:shell:s0 tcontext=u:object_r:proc_kmsg:s0 tclass=file permissive=1
04-18 16:50:24.582   898 12339 I InputDispatcher: setInputWindows displayId=0 Window{26d385e u0 NavigationBar0} Window{367127 u0 StatusBar} recents_animation_input_consumer Window{9588175 u0 com.yangcong345.cloud.launcher/com.yangcong345.padmodule.home.main.PadHomeActivity} Window{400a8e u0 com.android.systemui.ImageWallpaper}
04-18 16:50:24.598   898   907 I system_server: NativeAlloc concurrent copying GC freed 6645(603KB) AllocSpace objects, 0(0B) LOS objects, 27% free, 15MB/21MB, paused 177us total 147.912ms
04-18 16:50:24.598   898 12339 I InputDispatcher: setInputWindows displayId=0 Window{26d385e u0 NavigationBar0} Window{367127 u0 StatusBar} recents_animation_input_consumer Window{9588175 u0 com.yangcong345.cloud.launcher/com.yangcong345.padmodule.home.main.PadHomeActivity} Window{400a8e u0 com.android.systemui.ImageWallpaper}
04-18 16:50:24.601   898   909 W System  : A resource failed to call release.
04-18 16:50:24.601   898   909 W System  : A resource failed to call release.
04-18 16:50:24.614   898 12339 I InputDispatcher: setInputWindows displayId=0 Window{26d385e u0 NavigationBar0} Window{367127 u0 StatusBar} recents_animation_input_consumer Window{9588175 u0 com.yangcong345.cloud.launcher/com.yangcong345.padmodule.home.main.PadHomeActivity} Window{400a8e u0 com.android.systemui.ImageWallpaper}
04-18 16:50:24.630   898 12339 I InputDispatcher: setInputWindows displayId=0 Window{26d385e u0 NavigationBar0} Window{367127 u0 StatusBar} recents_animation_input_consumer Window{9588175 u0 com.yangcong345.cloud.launcher/com.yangcong345.padmodule.home.main.PadHomeActivity} Window{400a8e u0 com.android.systemui.ImageWallpaper}
04-18 16:50:24.645 16169 16191 D UIAutomatorStub: AutomatorHttpServer monitor thread is alive
04-18 16:50:24.646 16169 16191 D UIAutomatorStub: name: Thread-2
04-18 16:50:24.646 16169 16191 D UIAutomatorStub: id: 302
04-18 16:50:24.646 16169 16191 D UIAutomatorStub: checking server monitor thread status
04-18 16:50:24.647   898 12339 I InputDispatcher: setInputWindows displayId=0 Window{26d385e u0 NavigationBar0} Window{367127 u0 StatusBar} recents_animation_input_consumer Window{9588175 u0 com.yangcong345.cloud.launcher/com.yangcong345.padmodule.home.main.PadHomeActivity} Window{400a8e u0 com.android.systemui.ImageWallpaper}
04-18 16:50:24.663   898  1244 I InputDispatcher: setInputWindows displayId=0 Window{26d385e u0 NavigationBar0} Window{367127 u0 StatusBar} recents_animation_input_consumer Window{9588175 u0 com.yangcong345.cloud.launcher/com.yangcong345.padmodule.home.main.PadHomeActivity} Window{400a8e u0 com.android.systemui.ImageWallpaper}
04-18 16:50:24.696   898  1244 I chatty  : uid=1000(system) Binder:898_4 identical 2 lines
04-18 16:50:24.712   898  1244 I InputDispatcher: setInputWindows displayId=0 Window{26d385e u0 NavigationBar0} Window{367127 u0 StatusBar} recents_animation_input_consumer Window{9588175 u0 com.yangcong345.cloud.launcher/com.yangcong345.padmodule.home.main.PadHomeActivity} Window{400a8e u0 com.android.systemui.ImageWallpaper}
04-18 16:50:24.715   733   772 I Proximity: distance = 2
04-18 16:50:24.728   898  1244 I InputDispatcher: setInputWindows displayId=0 Window{26d385e u0 NavigationBar0} Window{367127 u0 StatusBar} recents_animation_input_consumer Window{9588175 u0 com.yangcong345.cloud.launcher/com.yangcong345.padmodule.home.main.PadHomeActivity} Window{400a8e u0 com.android.systemui.ImageWallpaper}
04-18 16:50:24.760   898  1244 I chatty  : uid=1000(system) Binder:898_4 identical 2 lines
04-18 16:50:24.776   898  1244 I InputDispatcher: setInputWindows displayId=0 Window{26d385e u0 NavigationBar0} Window{367127 u0 StatusBar} recents_animation_input_consumer Window{9588175 u0 com.yangcong345.cloud.launcher/com.yangcong345.padmodule.home.main.PadHomeActivity} Window{400a8e u0 com.android.systemui.ImageWallpaper}
04-18 16:50:24.792   898 12339 I InputDispatcher: setInputWindows displayId=0 Window{26d385e u0 NavigationBar0} Window{367127 u0 StatusBar} recents_animation_input_consumer Window{9588175 u0 com.yangcong345.cloud.launcher/com.yangcong345.padmodule.home.main.PadHomeActivity} Window{400a8e u0 com.android.systemui.ImageWallpaper}
04-18 16:50:24.809   898  1244 I InputDispatcher: setInputWindows displayId=0 Window{26d385e u0 NavigationBar0} Window{367127 u0 StatusBar} recents_animation_input_consumer Window{9588175 u0 com.yangcong345.cloud.launcher/com.yangcong345.padmodule.home.main.PadHomeActivity} Window{400a8e u0 com.android.systemui.ImageWallpaper}
04-18 16:50:24.825   898  1244 I InputDispatcher: setInputWindows displayId=0 Window{26d385e u0 NavigationBar0} Window{367127 u0 StatusBar} recents_animation_input_consumer Window{9588175 u0 com.yangcong345.cloud.launcher/com.yangcong345.padmodule.home.main.PadHomeActivity} Window{400a8e u0 com.android.systemui.ImageWallpaper}
04-18 16:50:24.841   898 12339 I InputDispatcher: setInputWindows displayId=0 Window{26d385e u0 NavigationBar0} Window{367127 u0 StatusBar} recents_animation_input_consumer Window{9588175 u0 com.yangcong345.cloud.launcher/com.yangcong345.padmodule.home.main.PadHomeActivity} Window{400a8e u0 com.android.systemui.ImageWallpaper}
04-18 16:50:24.873   898 12339 I chatty  : uid=1000(system) Binder:898_10 identical 2 lines
04-18 16:50:24.889   898 12339 I InputDispatcher: setInputWindows displayId=0 Window{26d385e u0 NavigationBar0} Window{367127 u0 StatusBar} recents_animation_input_consumer Window{9588175 u0 com.yangcong345.cloud.launcher/com.yangcong345.padmodule.home.main.PadHomeActivity} Window{400a8e u0 com.android.systemui.ImageWallpaper}
04-18 16:50:24.892 18419 18419 I Monkey  : :Sending Touch (ACTION_DOWN): 0:(1116.0,724.0)
04-18 16:50:24.894   533   598 I libPowerHal: [perfLockAcq] idx:0 hdl:2354 hint:25 pid:533 duration:10000 => ret_hdl:2354
04-18 16:50:24.894   533   598 I libPowerHal: [PE] scn:0 hdl:2354 hint:25 comm:mtkpower@1.0-se pid:533
04-18 16:50:24.895   533   598 I libPowerHal: [PE] MTKPOWER_HINT_APP_TOUCH update cmd:3408600 param:1
04-18 16:50:24.896 18419 18419 I Monkey  : :Sending Touch (ACTION_UP): 0:(1116.8796,703.9431)
04-18 16:50:24.897   533   598 I libPowerHal: [perfLockRel] hdl:2354, idx:0
04-18 16:50:24.897   533   598 I libPowerHal: [PD] scn:0 hdl:2354 hint:25 comm:mtkpower@1.0-se pid:533
04-18 16:50:24.897   533   598 I libPowerHal: [PD] MTKPOWER_HINT_APP_TOUCH update cmd:3408600 param:0
04-18 16:50:24.897 18419 18419 I Monkey  : Sleeping for 1000 milliseconds
04-18 16:50:24.898  1852  1852 D EventBus: No subscribers registered for event class java.lang.String
04-18 16:50:24.898  1852  1852 D EventBus: No subscribers registered for event class org.greenrobot.eventbus.NoSubscriberEvent
04-18 16:50:24.905   898  1401 I InputDispatcher: setInputWindows displayId=0 Window{26d385e u0 NavigationBar0} Window{367127 u0 StatusBar} recents_animation_input_consumer Window{9588175 u0 com.yangcong345.cloud.launcher/com.yangcong345.padmodule.home.main.PadHomeActivity} Window{400a8e u0 com.android.systemui.ImageWallpaper}
04-18 16:50:24.906   515   515 I hwcomposer: [HWCDisplay] [Display_0 (type:1)] fps:61.183491,dur:1013.35,max:32.67,min:11.06
04-18 16:50:24.921   898  1401 I InputDispatcher: setInputWindows displayId=0 Window{26d385e u0 NavigationBar0} Window{367127 u0 StatusBar} recents_animation_input_consumer Window{9588175 u0 com.yangcong345.cloud.launcher/com.yangcong345.padmodule.home.main.PadHomeActivity} Window{400a8e u0 com.android.systemui.ImageWallpaper}
04-18 16:50:24.923   733   772 I Proximity: distance = 2
04-18 16:50:25.127   733   772 I Proximity: distance = 2
04-18 16:50:25.155   546   605 I SurfaceFlinger: [SF client] NEW(0xb400007198d69890) for (1852:com.yangcong345.cloud.launcher)
04-18 16:50:25.158  1852  1852 D ViewRootImpl[PadHomeActivity]: hardware acceleration = true , fakeHwAccelerated = false, sRendererDisabled = false, forceHwAccelerated = false, sSystemRendererDisabled = false
04-18 16:50:25.161  2205  3985 I 5.android.phon: oneway function results will be dropped but finished with status OK and parcel size 4
04-18 16:50:25.162   898  1401 W WindowManager: Changing focus fromWindow{9588175 u0 com.yangcong345.cloud.launcher/com.yangcong345.padmodule.home.main.PadHomeActivity} to Window{6a2a46 u0 com.yangcong345.cloud.launcher/com.yangcong345.padmodule.home.main.PadHomeActivity} displayId=0 Callers=com.android.server.wm.RootWindowContainer.updateFocusedWindowLocked:457 com.android.server.wm.WindowManagerService.updateFocusedWindowLocked:5611 com.android.server.wm.WindowManagerService.addWindow:1731 com.android.server.wm.Session.addToDisplayAsUser:176
04-18 16:50:25.164   898 12339 I InputDispatcher: setInputWindows displayId=0 Window{26d385e u0 NavigationBar0} Window{367127 u0 StatusBar} recents_animation_input_consumer Window{9588175 u0 com.yangcong345.cloud.launcher/com.yangcong345.padmodule.home.main.PadHomeActivity} Window{400a8e u0 com.android.systemui.ImageWallpaper}
04-18 16:50:25.166  1852  1852 I InputTransport: Create ARC handle: 0xb40000721c256e50
04-18 16:50:25.174  2205  3985 I 5.android.phon: oneway function results will be dropped but finished with status OK and parcel size 4
04-18 16:50:25.179   546   605 I BufferQueueConsumer: [](id:222000002b0,api:0,p:-1,c:546) connect(): controlledByApp=false
04-18 16:50:25.179   546   605 I BufferQueue: [unnamed-546-688](this:0xb400007248f9b0b8,id:688,api:0,p:-1,c:-1) BufferQueue core=(546:/system/bin/surfaceflinger)
04-18 16:50:25.181   898  1401 I InputDispatcher: setInputWindows displayId=0 Window{26d385e u0 NavigationBar0} Window{367127 u0 StatusBar} recents_animation_input_consumer Window{9588175 u0 com.yangcong345.cloud.launcher/com.yangcong345.padmodule.home.main.PadHomeActivity} Window{400a8e u0 com.android.systemui.ImageWallpaper}
04-18 16:50:25.181   898  1401 I InputDispatcher: Focus left window: Window{9588175 u0 com.yangcong345.cloud.launcher/com.yangcong345.padmodule.home.main.PadHomeActivity} in display 0
04-18 16:50:25.188   546   865 I BufferQueueProducer: [com.yangcong345.cloud.launcher/com.yangcong345.padmodule.home.main.PadHomeActivity#1](id:222000002b0,api:1,p:1852,c:546) connect(): api=1 producerControlledByApp=false
04-18 16:50:25.188  1852  1852 W RecyclerView: No adapter attached; skipping layout
04-18 16:50:25.197   898  1401 I InputDispatcher: setInputWindows displayId=0 Window{26d385e u0 NavigationBar0} Window{367127 u0 StatusBar} Window{6a2a46 u0 com.yangcong345.cloud.launcher/com.yangcong345.padmodule.home.main.PadHomeActivity} recents_animation_input_consumer Window{9588175 u0 com.yangcong345.cloud.launcher/com.yangcong345.padmodule.home.main.PadHomeActivity} Window{400a8e u0 com.android.systemui.ImageWallpaper}
04-18 16:50:25.201  2722  2722 V PhoneWindow: DecorView setVisiblity: visibility = 8, Parent = android.view.ViewRootImpl@994e100, this = DecorView@1955ce8[InputMethod]
04-18 16:50:25.203  1852  1852 I Matrix.AppMethodBeat: [at] visibleScene[com.yangcong345.padmodule.home.main.PadHomeActivity] has detach focus!
04-18 16:50:25.203  1852 18346 D CacheInterceptor: requestRemoteFirst
04-18 16:50:25.210  1852 18346 D CacheInterceptor: request local cache success
04-18 16:50:25.215   898  1401 I InputDispatcher: setInputWindows displayId=0 Window{26d385e u0 NavigationBar0} Window{367127 u0 StatusBar} Window{6a2a46 u0 com.yangcong345.cloud.launcher/com.yangcong345.padmodule.home.main.PadHomeActivity} recents_animation_input_consumer Window{9588175 u0 com.yangcong345.cloud.launcher/com.yangcong345.padmodule.home.main.PadHomeActivity} Window{400a8e u0 com.android.systemui.ImageWallpaper}
04-18 16:50:25.215   898  1401 I InputDispatcher: Focus entered window: Window{6a2a46 u0 com.yangcong345.cloud.launcher/com.yangcong345.padmodule.home.main.PadHomeActivity} in display 0
04-18 16:50:25.223   546   605 I BufferQueueProducer: [com.yangcong345.cloud.launcher/com.yangcong345.padmodule.home.main.PadHomeActivity#1](id:222000002b0,api:1,p:1852,c:546) disconnect(): api=1
04-18 16:50:25.225   546   605 I BufferQueueProducer: [com.yangcong345.cloud.launcher/com.yangcong345.padmodule.home.main.PadHomeActivity#1](id:222000002b0,api:1,p:1852,c:546) connect(): api=1 producerControlledByApp=false
04-18 16:50:25.229   898  1401 I InputDispatcher: setInputWindows displayId=0 Window{26d385e u0 NavigationBar0} Window{367127 u0 StatusBar} Window{6a2a46 u0 com.yangcong345.cloud.launcher/com.yangcong345.padmodule.home.main.PadHomeActivity} recents_animation_input_consumer Window{9588175 u0 com.yangcong345.cloud.launcher/com.yangcong345.padmodule.home.main.PadHomeActivity} Window{400a8e u0 com.android.systemui.ImageWallpaper}
04-18 16:50:25.229  2205 18392 D CacheInterceptor: requestRemoteOnly
04-18 16:50:25.234  2205 18476 I MMKV    : <MMKV.cpp:226::initializeMMKV> root dir: /data/user/0/com.yangcong345.android.phone/files/mmkv
04-18 16:50:25.236  2205 18388 D CacheInterceptor: requestRemoteOnly
04-18 16:50:25.243   546   605 I SurfaceFlinger: [SF client] NEW(0xb400007198d674b0) for (1852:com.yangcong345.cloud.launcher)
04-18 16:50:25.243  1852  1852 D ViewRootImpl[PadHomeActivity]: hardware acceleration = true , fakeHwAccelerated = false, sRendererDisabled = false, forceHwAccelerated = false, sSystemRendererDisabled = false
04-18 16:50:25.246   898   911 I InputDispatcher: setInputWindows displayId=0 Window{26d385e u0 NavigationBar0} Window{367127 u0 StatusBar} Window{6a2a46 u0 com.yangcong345.cloud.launcher/com.yangcong345.padmodule.home.main.PadHomeActivity} recents_animation_input_consumer Window{9588175 u0 com.yangcong345.cloud.launcher/com.yangcong345.padmodule.home.main.PadHomeActivity} Window{400a8e u0 com.android.systemui.ImageWallpaper}
04-18 16:50:25.247   898  1401 W WindowManager: Changing focus fromWindow{6a2a46 u0 com.yangcong345.cloud.launcher/com.yangcong345.padmodule.home.main.PadHomeActivity} to Window{b37b0f6 u0 com.yangcong345.cloud.launcher/com.yangcong345.padmodule.home.main.PadHomeActivity} displayId=0 Callers=com.android.server.wm.RootWindowContainer.updateFocusedWindowLocked:457 com.android.server.wm.WindowManagerService.updateFocusedWindowLocked:5611 com.android.server.wm.WindowManagerService.addWindow:1731 com.android.server.wm.Session.addToDisplayAsUser:176
04-18 16:50:25.251  1852  1852 I InputTransport: Create ARC handle: 0xb40000721c2a1dc0
04-18 16:50:25.263   898   911 I InputDispatcher: setInputWindows displayId=0 Window{26d385e u0 NavigationBar0} Window{367127 u0 StatusBar} Window{6a2a46 u0 com.yangcong345.cloud.launcher/com.yangcong345.padmodule.home.main.PadHomeActivity} recents_animation_input_consumer Window{9588175 u0 com.yangcong345.cloud.launcher/com.yangcong345.padmodule.home.main.PadHomeActivity} Window{400a8e u0 com.android.systemui.ImageWallpaper}
04-18 16:50:25.267   546  1663 I BufferQueueConsumer: [](id:222000002b1,api:0,p:-1,c:546) connect(): controlledByApp=false
04-18 16:50:25.267   546  1663 I BufferQueue: [unnamed-546-689](this:0xb400007248f75e68,id:689,api:0,p:-1,c:-1) BufferQueue core=(546:/system/bin/surfaceflinger)
04-18 16:50:25.272   546  1663 I BufferQueueProducer: [com.yangcong345.cloud.launcher/com.yangcong345.padmodule.home.main.PadHomeActivity#2](id:222000002b1,api:1,p:1852,c:546) connect(): api=1 producerControlledByApp=false
04-18 16:50:25.279   898  1401 I InputDispatcher: setInputWindows displayId=0 Window{26d385e u0 NavigationBar0} Window{367127 u0 StatusBar} com.yangcong345.cloud.launcher/com.yangcong345.padmodule.home.main.PadHomeActivity#2 Window{6a2a46 u0 com.yangcong345.cloud.launcher/com.yangcong345.padmodule.home.main.PadHomeActivity} recents_animation_input_consumer Window{9588175 u0 com.yangcong345.cloud.launcher/com.yangcong345.padmodule.home.main.PadHomeActivity} Window{400a8e u0 com.android.systemui.ImageWallpaper}
04-18 16:50:25.279   898  1401 I InputDispatcher: Focus left window: Window{6a2a46 u0 com.yangcong345.cloud.launcher/com.yangcong345.padmodule.home.main.PadHomeActivity} in display 0
04-18 16:50:25.285  2722  2722 V PhoneWindow: DecorView setVisiblity: visibility = 8, Parent = android.view.ViewRootImpl@994e100, this = DecorView@1955ce8[InputMethod]
04-18 16:50:25.288  2722  2722 V PhoneWindow: DecorView setVisiblity: visibility = 8, Parent = android.view.ViewRootImpl@994e100, this = DecorView@1955ce8[InputMethod]
04-18 16:50:25.292   898   911 I InputDispatcher: setInputWindows displayId=0 Window{26d385e u0 NavigationBar0} Window{367127 u0 StatusBar} Window{b37b0f6 u0 com.yangcong345.cloud.launcher/com.yangcong345.padmodule.home.main.PadHomeActivity} Window{6a2a46 u0 com.yangcong345.cloud.launcher/com.yangcong345.padmodule.home.main.PadHomeActivity} recents_animation_input_consumer Window{9588175 u0 com.yangcong345.cloud.launcher/com.yangcong345.padmodule.home.main.PadHomeActivity} Window{400a8e u0 com.android.systemui.ImageWallpaper}
04-18 16:50:25.293   898   911 I InputDispatcher: Focus entered window: Window{b37b0f6 u0 com.yangcong345.cloud.launcher/com.yangcong345.padmodule.home.main.PadHomeActivity} in display 0
04-18 16:50:25.293   898   911 I InputDispatcher: Window went away: com.yangcong345.cloud.launcher/com.yangcong345.padmodule.home.main.PadHomeActivity#2
04-18 16:50:25.309   898   911 I InputDispatcher: setInputWindows displayId=0 Window{26d385e u0 NavigationBar0} Window{367127 u0 StatusBar} Window{b37b0f6 u0 com.yangcong345.cloud.launcher/com.yangcong345.padmodule.home.main.PadHomeActivity} Window{6a2a46 u0 com.yangcong345.cloud.launcher/com.yangcong345.padmodule.home.main.PadHomeActivity} recents_animation_input_consumer Window{9588175 u0 com.yangcong345.cloud.launcher/com.yangcong345.padmodule.home.main.PadHomeActivity} Window{400a8e u0 com.android.systemui.ImageWallpaper}
04-18 16:50:25.312  2722  2722 V PhoneWindow: DecorView setVisiblity: visibility = 8, Parent = android.view.ViewRootImpl@994e100, this = DecorView@1955ce8[InputMethod]
04-18 16:50:25.325   898  1401 I InputDispatcher: setInputWindows displayId=0 Window{26d385e u0 NavigationBar0} Window{367127 u0 StatusBar} Window{b37b0f6 u0 com.yangcong345.cloud.launcher/com.yangcong345.padmodule.home.main.PadHomeActivity} Window{6a2a46 u0 com.yangcong345.cloud.launcher/com.yangcong345.padmodule.home.main.PadHomeActivity} recents_animation_input_consumer Window{9588175 u0 com.yangcong345.cloud.launcher/com.yangcong345.padmodule.home.main.PadHomeActivity} Window{400a8e u0 com.android.systemui.ImageWallpaper}
04-18 16:50:25.327  2205  2205 I MMKV    : <MMKV.cpp:1180::sync> MMKV::sync, SyncFlag = 0
04-18 16:50:25.328  2205  2205 I MMKV    : <MMKV.cpp:1180::sync> MMKV::sync, SyncFlag = 0
04-18 16:50:25.331   733   772 I Proximity: distance = 2
04-18 16:50:25.342   898  1401 I InputDispatcher: setInputWindows displayId=0 Window{26d385e u0 NavigationBar0} Window{367127 u0 StatusBar} Window{b37b0f6 u0 com.yangcong345.cloud.launcher/com.yangcong345.padmodule.home.main.PadHomeActivity} Window{6a2a46 u0 com.yangcong345.cloud.launcher/com.yangcong345.padmodule.home.main.PadHomeActivity} recents_animation_input_consumer Window{9588175 u0 com.yangcong345.cloud.launcher/com.yangcong345.padmodule.home.main.PadHomeActivity} Window{400a8e u0 com.android.systemui.ImageWallpaper}
04-18 16:50:25.358   898  1401 I InputDispatcher: setInputWindows displayId=0 Window{26d385e u0 NavigationBar0} Window{367127 u0 StatusBar} Window{b37b0f6 u0 com.yangcong345.cloud.launcher/com.yangcong345.padmodule.home.main.PadHomeActivity} Window{6a2a46 u0 com.yangcong345.cloud.launcher/com.yangcong345.padmodule.home.main.PadHomeActivity} recents_animation_input_consumer Window{9588175 u0 com.yangcong345.cloud.launcher/com.yangcong345.padmodule.home.main.PadHomeActivity} Window{400a8e u0 com.android.systemui.ImageWallpaper}
04-18 16:50:25.370  2205 18390 W System.err: java.text.ParseException: Unparseable date: "2024-04-18T16:50:25.372197773+08:00"
04-18 16:50:25.370  2205 18390 W System.err: 	at java.text.DateFormat.parse(DateFormat.java:362)
04-18 16:50:25.370  2205 18390 W System.err: 	at com.yangcong345.platform.utils.time.DateUtil.str2Date(TbsSdkJava:6)
04-18 16:50:25.370  2205 18390 W System.err: 	at com.yangcong345.platform.utils.time.DateUtil.str2Date$default(Unknown Source:11)
04-18 16:50:25.370  2205 18390 W System.err: 	at com.yangcong345.learn.feature.video.cache.CacheAuthorizationHelper.saveLastOpenCacheTime(TbsSdkJava:7)
04-18 16:50:25.370  2205 18390 W System.err: 	at com.yangcong345.learn.feature.video.cache.CacheAuthorizationHelper.access$saveLastOpenCacheTime(Unknown Source:0)
04-18 16:50:25.370  2205 18390 W System.err: 	at com.yangcong345.learn.feature.video.cache.CacheAuthorizationHelper$refreshUserVideoAuth$dispose$2.invoke(TbsSdkJava:4)
04-18 16:50:25.370  2205 18390 W System.err: 	at com.yangcong345.learn.feature.video.cache.CacheAuthorizationHelper$refreshUserVideoAuth$dispose$2.invoke(TbsSdkJava:1)
04-18 16:50:25.370  2205 18390 W System.err: 	at com.yangcong345.learn.feature.video.cache.CacheAuthorizationHelper.refreshUserVideoAuth$lambda$1(Unknown Source:5)
04-18 16:50:25.370  2205 18390 W System.err: 	at com.yangcong345.learn.feature.video.cache.CacheAuthorizationHelper.a(Unknown Source:0)
04-18 16:50:25.370  2205 18390 W System.err: 	at com.yangcong345.learn.feature.video.cache.a.accept(Unknown Source:2)
04-18 16:50:25.370  2205 18390 W System.err: 	at io.reactivex.internal.observers.LambdaObserver.onNext(TbsSdkJava:2)
04-18 16:50:25.370  2205 18390 W System.err: 	at io.reactivex.internal.operators.observable.ObservableSubscribeOn$SubscribeOnObserver.onNext(Unknown Source:2)
04-18 16:50:25.370  2205 18390 W System.err: 	at io.reactivex.internal.operators.observable.c1$a.onNext(Unknown Source:2)
04-18 16:50:25.370  2205 18390 W System.err: 	at io.reactivex.internal.operators.observable.x0$a.onNext(TbsSdkJava:5)
04-18 16:50:25.370  2205 18390 W System.err: 	at retrofit2.adapter.rxjava2.BodyObservable$BodyObserver.onNext(TbsSdkJava:3)
04-18 16:50:25.370  2205 18390 W System.err: 	at retrofit2.adapter.rxjava2.BodyObservable$BodyObserver.onNext(TbsSdkJava:1)
04-18 16:50:25.370  2205 18390 W System.err: 	at retrofit2.adapter.rxjava2.CallExecuteObservable.subscribeActual(TbsSdkJava:7)
04-18 16:50:25.370  2205 18390 W System.err: 	at io.reactivex.z.subscribe(TbsSdkJava:14)
04-18 16:50:25.370  2205 18390 W System.err: 	at retrofit2.adapter.rxjava2.BodyObservable.subscribeActual(Unknown Source:7)
04-18 16:50:25.370  2205 18390 W System.err: 	at io.reactivex.z.subscribe(TbsSdkJava:14)
04-18 16:50:25.370  2205 18390 W System.err: 	at io.reactivex.internal.operators.observable.x0.subscribeActual(Unknown Source:9)
04-18 16:50:25.370  2205 18390 W System.err: 	at io.reactivex.z.subscribe(TbsSdkJava:14)
04-18 16:50:25.370  2205 18390 W System.err: 	at io.reactivex.internal.operators.observable.c1.subscribeActual(Unknown Source:9)
04-18 16:50:25.370  2205 18390 W System.err: 	at io.reactivex.z.subscribe(TbsSdkJava:14)
04-18 16:50:25.370  2205 18390 W System.err: 	at io.reactivex.internal.operators.observable.ObservableSubscribeOn$a.run(Unknown Source:6)
04-18 16:50:25.370  2205 18390 W System.err: 	at io.reactivex.h0$a.run(TbsSdkJava:2)
04-18 16:50:25.370  2205 18390 W System.err: 	at io.reactivex.internal.schedulers.ScheduledRunnable.run(TbsSdkJava:2)
04-18 16:50:25.370  2205 18390 W System.err: 	at io.reactivex.internal.schedulers.ScheduledRunnable.call(Unknown Source:0)
04-18 16:50:25.371  2205 18390 W System.err: 	at java.util.concurrent.FutureTask.run(FutureTask.java:266)
04-18 16:50:25.371  2205 18390 W System.err: 	at java.util.concurrent.ScheduledThreadPoolExecutor$ScheduledFutureTask.run(ScheduledThreadPoolExecutor.java:301)
04-18 16:50:25.371  2205 18390 W System.err: 	at java.util.concurrent.ThreadPoolExecutor.runWorker(ThreadPoolExecutor.java:1167)
04-18 16:50:25.371  2205 18390 W System.err: 	at java.util.concurrent.ThreadPoolExecutor$Worker.run(ThreadPoolExecutor.java:641)
04-18 16:50:25.371  2205 18390 W System.err: 	at java.lang.Thread.run(Thread.java:923)
04-18 16:50:25.374   898  1401 I InputDispatcher: setInputWindows displayId=0 Window{26d385e u0 NavigationBar0} Window{367127 u0 StatusBar} Window{b37b0f6 u0 com.yangcong345.cloud.launcher/com.yangcong345.padmodule.home.main.PadHomeActivity} Window{6a2a46 u0 com.yangcong345.cloud.launcher/com.yangcong345.padmodule.home.main.PadHomeActivity} recents_animation_input_consumer Window{9588175 u0 com.yangcong345.cloud.launcher/com.yangcong345.padmodule.home.main.PadHomeActivity} Window{400a8e u0 com.android.systemui.ImageWallpaper}
04-18 16:50:25.379  2205  2985 D DataSailMapper: get instance by url: onion-app-diagnosis.cn-beijing.log.aliyuncs.com/logstores/diagnosis-error/shards/lb
04-18 16:50:25.380  2205 18388 I MMKV    : <MMKV.cpp:226::initializeMMKV> root dir: /data/user/0/com.yangcong345.android.phone/files/mmkv
04-18 16:50:25.380  2205 18388 I MMKV    : <MMKV.cpp:1180::sync> MMKV::sync, SyncFlag = 0
04-18 16:50:25.381  2205  2985 I System.out: [okhttp]:check permission begin!
04-18 16:50:25.381  2205  2985 I System.out: [okhttp]:not MMS!
04-18 16:50:25.382  2205  2985 I System.out: [okhttp]:not Email!
04-18 16:50:25.383  2205  2985 I System.out: [OkHttp] sendRequest>>
04-18 16:50:25.383  2205  2985 I System.out: [OkHttp] sendRequest<<
04-18 16:50:25.391   898  1401 I InputDispatcher: setInputWindows displayId=0 Window{26d385e u0 NavigationBar0} Window{367127 u0 StatusBar} Window{b37b0f6 u0 com.yangcong345.cloud.launcher/com.yangcong345.padmodule.home.main.PadHomeActivity} Window{6a2a46 u0 com.yangcong345.cloud.launcher/com.yangcong345.padmodule.home.main.PadHomeActivity} recents_animation_input_consumer Window{9588175 u0 com.yangcong345.cloud.launcher/com.yangcong345.padmodule.home.main.PadHomeActivity} Window{400a8e u0 com.android.systemui.ImageWallpaper}
04-18 16:50:25.439   898  1401 I chatty  : uid=1000(system) Binder:898_7 identical 3 lines
04-18 16:50:25.456   898  1401 I InputDispatcher: setInputWindows displayId=0 Window{26d385e u0 NavigationBar0} Window{367127 u0 StatusBar} Window{b37b0f6 u0 com.yangcong345.cloud.launcher/com.yangcong345.padmodule.home.main.PadHomeActivity} Window{6a2a46 u0 com.yangcong345.cloud.launcher/com.yangcong345.padmodule.home.main.PadHomeActivity} recents_animation_input_consumer Window{9588175 u0 com.yangcong345.cloud.launcher/com.yangcong345.padmodule.home.main.PadHomeActivity} Window{400a8e u0 com.android.systemui.ImageWallpaper}
04-18 16:50:25.472   898   911 I InputDispatcher: setInputWindows displayId=0 Window{26d385e u0 NavigationBar0} Window{367127 u0 StatusBar} Window{b37b0f6 u0 com.yangcong345.cloud.launcher/com.yangcong345.padmodule.home.main.PadHomeActivity} Window{6a2a46 u0 com.yangcong345.cloud.launcher/com.yangcong345.padmodule.home.main.PadHomeActivity} recents_animation_input_consumer Window{9588175 u0 com.yangcong345.cloud.launcher/com.yangcong345.padmodule.home.main.PadHomeActivity} Window{400a8e u0 com.android.systemui.ImageWallpaper}
04-18 16:50:25.488   898   911 I InputDispatcher: setInputWindows displayId=0 Window{26d385e u0 NavigationBar0} Window{367127 u0 StatusBar} Window{b37b0f6 u0 com.yangcong345.cloud.launcher/com.yangcong345.padmodule.home.main.PadHomeActivity} Window{6a2a46 u0 com.yangcong345.cloud.launcher/com.yangcong345.padmodule.home.main.PadHomeActivity} recents_animation_input_consumer Window{9588175 u0 com.yangcong345.cloud.launcher/com.yangcong345.padmodule.home.main.PadHomeActivity} Window{400a8e u0 com.android.systemui.ImageWallpaper}
04-18 16:50:25.503  2205  3985 I 5.android.phon: oneway function results will be dropped but finished with status OK and parcel size 4
04-18 16:50:25.503   898   911 I InputDispatcher: setInputWindows displayId=0 Window{26d385e u0 NavigationBar0} Window{367127 u0 StatusBar} Window{b37b0f6 u0 com.yangcong345.cloud.launcher/com.yangcong345.padmodule.home.main.PadHomeActivity} Window{6a2a46 u0 com.yangcong345.cloud.launcher/com.yangcong345.padmodule.home.main.PadHomeActivity} recents_animation_input_consumer Window{9588175 u0 com.yangcong345.cloud.launcher/com.yangcong345.padmodule.home.main.PadHomeActivity} Window{400a8e u0 com.android.systemui.ImageWallpaper}
04-18 16:50:25.519   898   911 I InputDispatcher: setInputWindows displayId=0 Window{26d385e u0 NavigationBar0} Window{367127 u0 StatusBar} Window{b37b0f6 u0 com.yangcong345.cloud.launcher/com.yangcong345.padmodule.home.main.PadHomeActivity} Window{6a2a46 u0 com.yangcong345.cloud.launcher/com.yangcong345.padmodule.home.main.PadHomeActivity} recents_animation_input_consumer Window{9588175 u0 com.yangcong345.cloud.launcher/com.yangcong345.padmodule.home.main.PadHomeActivity} Window{400a8e u0 com.android.systemui.ImageWallpaper}
04-18 16:50:25.535   733   772 I Proximity: distance = 2
04-18 16:50:25.536   898   911 I InputDispatcher: setInputWindows displayId=0 Window{26d385e u0 NavigationBar0} Window{367127 u0 StatusBar} Window{b37b0f6 u0 com.yangcong345.cloud.launcher/com.yangcong345.padmodule.home.main.PadHomeActivity} Window{6a2a46 u0 com.yangcong345.cloud.launcher/com.yangcong345.padmodule.home.main.PadHomeActivity} recents_animation_input_consumer Window{9588175 u0 com.yangcong345.cloud.launcher/com.yangcong345.padmodule.home.main.PadHomeActivity} Window{400a8e u0 com.android.systemui.ImageWallpaper}
04-18 16:50:25.541  2205  3985 I 5.android.phon: oneway function results will be dropped but finished with status OK and parcel size 4
04-18 16:50:25.544  2205  3985 I 5.android.phon: oneway function results will be dropped but finished with status OK and parcel size 4
04-18 16:50:25.547  2205  3216 I 5.android.phon: oneway function results will be dropped but finished with status OK and parcel size 4
04-18 16:50:25.552   898   911 I InputDispatcher: setInputWindows displayId=0 Window{26d385e u0 NavigationBar0} Window{367127 u0 StatusBar} Window{b37b0f6 u0 com.yangcong345.cloud.launcher/com.yangcong345.padmodule.home.main.PadHomeActivity} Window{6a2a46 u0 com.yangcong345.cloud.launcher/com.yangcong345.padmodule.home.main.PadHomeActivity} recents_animation_input_consumer Window{9588175 u0 com.yangcong345.cloud.launcher/com.yangcong345.padmodule.home.main.PadHomeActivity} Window{400a8e u0 com.android.systemui.ImageWallpaper}
04-18 16:50:25.608 15927 15927 I auditd  : type=1400 audit(0.0:13311): avc: denied { getattr } for comm="DetectPable" path="/proc/m4u" dev="proc" ino=4026532076 scontext=u:r:shell:s0 tcontext=u:object_r:proc_m4u:s0 tclass=file permissive=1
04-18 16:50:25.567   898   911 I InputDispatcher: setInputWindows displayId=0 Window{26d385e u0 NavigationBar0} Window{367127 u0 StatusBar} Window{b37b0f6 u0 com.yangcong345.cloud.launcher/com.yangcong345.padmodule.home.main.PadHomeActivity} Window{6a2a46 u0 com.yangcong345.cloud.launcher/com.yangcong345.padmodule.home.main.PadHomeActivity} recents_animation_input_consumer Window{9588175 u0 com.yangcong345.cloud.launcher/com.yangcong345.padmodule.home.main.PadHomeActivity} Window{400a8e u0 com.android.systemui.ImageWallpaper}
04-18 16:50:25.608 15927 15927 I DetectPable: type=1400 audit(0.0:13311): avc: denied { getattr } for path="/proc/m4u" dev="proc" ino=4026532076 scontext=u:r:shell:s0 tcontext=u:object_r:proc_m4u:s0 tclass=file permissive=1
04-18 16:50:25.612 15927 15927 I auditd  : type=1400 audit(0.0:13315): avc: denied { getattr } for comm="DetectPable" path="/proc/msdc_debug" dev="proc" ino=4026533537 scontext=u:r:shell:s0 tcontext=u:object_r:proc_msdc_debug:s0 tclass=file permissive=1
04-18 16:50:25.612 15927 15927 I DetectPable: type=1400 audit(0.0:13315): avc: denied { getattr } for path="/proc/msdc_debug" dev="proc" ino=4026533537 scontext=u:r:shell:s0 tcontext=u:object_r:proc_msdc_debug:s0 tclass=file permissive=1
04-18 16:50:25.646 16169 16191 D UIAutomatorStub: AutomatorHttpServer monitor thread is alive
04-18 16:50:25.646 16169 16191 D UIAutomatorStub: name: Thread-2
04-18 16:50:25.646 16169 16191 D UIAutomatorStub: id: 302
04-18 16:50:25.646 16169 16191 D UIAutomatorStub: checking server monitor thread status
04-18 16:50:25.739   733   772 I Proximity: distance = 2
04-18 16:50:25.899 18419 18419 I Monkey  : :Sending Touch (ACTION_DOWN): 0:(690.0,1179.0)
04-18 16:50:25.900   533   598 I libPowerHal: [perfLockAcq] idx:0 hdl:2355 hint:25 pid:533 duration:10000 => ret_hdl:2355
04-18 16:50:25.900   533   598 I libPowerHal: [PE] scn:0 hdl:2355 hint:25 comm:mtkpower@1.0-se pid:533
04-18 16:50:25.901   533   598 I libPowerHal: [PE] MTKPOWER_HINT_APP_TOUCH update cmd:3408600 param:1
04-18 16:50:25.902 18419 18419 I Monkey  : :Sending Touch (ACTION_MOVE): 0:(677.43774,1181.5883)
04-18 16:50:25.904 18419 18419 I Monkey  : :Sending Touch (ACTION_MOVE): 0:(662.41766,1181.6316)
04-18 16:50:25.905 18419 18419 I Monkey  : :Sending Touch (ACTION_MOVE): 0:(640.1749,1183.4142)
04-18 16:50:25.907   515   515 I hwcomposer: [HWCDisplay] [Display_0 (type:1)] fps:45.934235,dur:1001.43,max:244.12,min:13.77
04-18 16:50:25.907 18419 18419 I Monkey  : :Sending Touch (ACTION_UP): 0:(625.79346,1187.2007)
04-18 16:50:25.908   533   598 I libPowerHal: [perfLockRel] hdl:2355, idx:0
04-18 16:50:25.908   533   598 I libPowerHal: [PD] scn:0 hdl:2355 hint:25 comm:mtkpower@1.0-se pid:533
04-18 16:50:25.908   533   598 I libPowerHal: [PD] MTKPOWER_HINT_APP_TOUCH update cmd:3408600 param:0
04-18 16:50:25.909  1565  1565 D RecentsOrientedState: current RecentsOrientedState: [this=RecentsOrientedState@a832539 mOrientationHandler=PortraitPagedViewHandler@aa6b3e4 mDisplayRotation=0 mTouchRotation=0 mRecentsActivityRotation=1 isRecentsActivityRotationAllowed=true mSystemRotation=false mFlags=292]
04-18 16:50:25.910  1565  1565 D RecentsOrientedState: current RecentsOrientedState: [this=RecentsOrientedState@a832539 mOrientationHandler=PortraitPagedViewHandler@aa6b3e4 mDisplayRotation=0 mTouchRotation=0 mRecentsActivityRotation=1 isRecentsActivityRotationAllowed=true mSystemRotation=false mFlags=36]
04-18 16:50:25.910  1565  1565 D RecentsOrientedState: current RecentsOrientedState: [this=RecentsOrientedState@a832539 mOrientationHandler=PortraitPagedViewHandler@aa6b3e4 mDisplayRotation=1 mTouchRotation=0 mRecentsActivityRotation=1 isRecentsActivityRotationAllowed=true mSystemRotation=false mFlags=36]
04-18 16:50:25.911  1565  1565 D RecentsOrientedState: current RecentsOrientedState: [this=RecentsOrientedState@f22eb77 mOrientationHandler=PortraitPagedViewHandler@aa6b3e4 mDisplayRotation=0 mTouchRotation=0 mRecentsActivityRotation=1 isRecentsActivityRotationAllowed=true mSystemRotation=false mFlags=100]
04-18 16:50:25.912 18419 18419 I Monkey  : Sleeping for 1000 milliseconds
04-18 16:50:25.912   898 12339 W InputDispatcher: Failed to pilfer pointers: no pointers on display 0.
04-18 16:50:25.912  1565  1565 D RecentsOrientedState: current RecentsOrientedState: [this=RecentsOrientedState@f22eb77 mOrientationHandler=PortraitPagedViewHandler@aa6b3e4 mDisplayRotation=0 mTouchRotation=0 mRecentsActivityRotation=1 isRecentsActivityRotationAllowed=true mSystemRotation=false mFlags=100]
04-18 16:50:25.919  1247  1247 V ShadeControllerImpl: NotificationShadeWindow: com.android.systemui.statusbar.phone.NotificationShadeWindowView{4642c98 I.E...... ......ID 0,0-1920,1200} canPanelBeCollapsed(): false
04-18 16:50:25.920   533   559 I mtkpower@impl: [setMode] type:5, enabled:1
04-18 16:50:25.921   533   598 I libPowerHal: [perfLockAcq] idx:0 hdl:2356 hint:11 pid:533 duration:30000 => ret_hdl:2356
04-18 16:50:25.921   533   598 I libPowerHal: [PE] scn:0 hdl:2356 hint:11 comm:mtkpower@1.0-se pid:533
04-18 16:50:25.921   533   598 I libPowerHal: LAUNCH: cpu_ctrl set cpu freq: 1989000 -1 1989000 -1
04-18 16:50:25.921   533   598 I libPowerHal: [PE] LAUNCH update cmd:1000000, param:0
04-18 16:50:25.921   533   598 I libPowerHal: [PE] LAUNCH update cmd:1408300, param:100
