--------- beginning of main
04-18 16:50:21.621 18327 18327 D AVStageFactory: createInstance(64bit): createVendorAVFactory success!
04-18 16:50:21.622 18327 18327 D AVStageUtils: createInstance(64bit): createVendorAVUtils success!
04-18 16:50:21.622 18327 18327 D AVStageFactory: createInstance(64bit): createVendorAVFactory success!
04-18 16:50:21.627 18327 18327 D AndroidRuntime: >>>>>> START com.android.internal.os.RuntimeInit uid 2000 <<<<<<
04-18 16:50:21.633 18327 18327 I AndroidRuntime: Using default boot image
04-18 16:50:21.633 18327 18327 I AndroidRuntime: Leaving lock profiling enabled
04-18 16:50:21.635   733   772 I Proximity: distance = 2
04-18 16:50:21.644 16169 16191 D UIAutomatorStub: AutomatorHttpServer monitor thread is alive
04-18 16:50:21.644 16169 16191 D UIAutomatorStub: name: Thread-2
04-18 16:50:21.644 16169 16191 D UIAutomatorStub: id: 302
04-18 16:50:21.644 16169 16191 D UIAutomatorStub: checking server monitor thread status
04-18 16:50:21.834 18327 18327 D app_process: Time zone APEX ICU file found: /apex/com.android.tzdata/etc/icu/icu_tzdata.dat
04-18 16:50:21.834 18327 18327 D app_process: I18n APEX ICU file found: /apex/com.android.i18n/etc/icu/icudt66l.dat
04-18 16:50:21.839   733   772 I Proximity: distance = 2
04-18 16:50:21.848 18327 18327 I app_process: The ClassLoaderContext is a special shared library.
04-18 16:50:21.871 18327 18327 W app_process: JNI RegisterNativeMethods: attempt to register 0 native methods for android.media.AudioAttributes
04-18 16:50:21.880 18327 18327 D AndroidRuntime: Calling main entry com.android.commands.input.Input
04-18 16:50:21.884 18327 18327 I app_process: The ClassLoaderContext is a special shared library.
04-18 16:50:21.895 18327 18327 D AndroidRuntime: Shutting down VM
04-18 16:50:21.896   898   914 D HraManager: hra getBlackIntentActionList
04-18 16:50:21.897  1247  1247 V ShadeControllerImpl: NotificationShadeWindow: com.android.systemui.statusbar.phone.NotificationShadeWindowView{4642c98 I.E...... ......ID 0,0-1920,1200} canPanelBeCollapsed(): false
--------- beginning of events
04-18 16:50:21.897   898   914 I wm_task_created: [352,-1]
04-18 16:50:21.897   898   914 I wm_stack_created: 352
04-18 16:50:21.900   898 12339 I InputDispatcher: setInputWindows displayId=0 Window{26d385e u0 NavigationBar0} Window{367127 u0 StatusBar} Window{98fb159 u0 开始录制} Window{9a8933c u0 com.debug.loggerui/com.debug.loggerui.MainActivity} recents_animation_input_consumer Window{400a8e u0 com.android.systemui.ImageWallpaper}
--------- beginning of system
04-18 16:50:21.903   898   914 I ActivityTaskManager: START u0 {act=android.intent.action.MAIN cat=[android.intent.category.HOME] flg=0x10000100 cmp=com.yangcong345.cloud.launcher/com.yangcong345.cloud.control.PadLauncherActivity (has extras)} from uid 0
04-18 16:50:21.904   898   914 I wm_task_created: [353,0]
04-18 16:50:21.904   898   914 I wm_stack_created: 353
04-18 16:50:21.905   898   914 I wm_task_moved: [353,1,2147483647]
04-18 16:50:21.905  2039  2039 I wm_on_top_resumed_lost_called: [136180921,com.debug.loggerui.MainActivity,topStateChangedWhenResumed]
04-18 16:50:21.906   898   914 I wm_create_task: [0,353]
04-18 16:50:21.906   898   914 I wm_create_activity: [0,16360069,353,com.yangcong345.cloud.launcher/com.yangcong345.cloud.control.PadLauncherActivity,android.intent.action.MAIN,NULL,NULL,268435712]
04-18 16:50:21.907   533   559 I mtkpower@impl: [setMode] type:5, enabled:1
04-18 16:50:21.907   898   914 I wm_task_moved: [353,1,2147483647]
04-18 16:50:21.907   898   914 I wm_pause_activity: [0,136180921,com.debug.loggerui/.MainActivity,userLeaving=true]
04-18 16:50:21.907   533   598 I libPowerHal: [perfLockAcq] idx:0 hdl:2347 hint:11 pid:533 duration:30000 => ret_hdl:2347
04-18 16:50:21.907   533   598 I libPowerHal: [PE] scn:0 hdl:2347 hint:11 comm:mtkpower@1.0-se pid:533
04-18 16:50:21.908   533   598 I libPowerHal: LAUNCH: cpu_ctrl set cpu freq: 1989000 -1 1989000 -1
04-18 16:50:21.908   533   598 I libPowerHal: [PE] LAUNCH update cmd:1000000, param:0
04-18 16:50:21.908   533   598 I libPowerHal: [PE] LAUNCH update cmd:1408300, param:100
04-18 16:50:21.908   533   598 I libPowerHal: [PE] LAUNCH update cmd:1000000 param:0
04-18 16:50:21.908   533   598 I libPowerHal: [perfLockAcq] idx:1 hdl:2348 hint:22 pid:533 duration:10000 => ret_hdl:2348
04-18 16:50:21.908   533   598 I libPowerHal: [PE] scn:1 hdl:2348 hint:22 comm:mtkpower@1.0-se pid:533
04-18 16:50:21.911  2039  2039 I DebugLoggerUI/MainActivity: onPause
04-18 16:50:21.917   898 12339 I InputDispatcher: setInputWindows displayId=0 Window{26d385e u0 NavigationBar0} Window{367127 u0 StatusBar} Window{98fb159 u0 开始录制} Window{9a8933c u0 com.debug.loggerui/com.debug.loggerui.MainActivity} recents_animation_input_consumer Window{400a8e u0 com.android.systemui.ImageWallpaper}
04-18 16:50:21.924   546   865 I BufferQueueProducer: [开始录制#0](id:222000002aa,api:1,p:2039,c:546) disconnect(): api=1
04-18 16:50:21.925  2039  2039 D View    : [Warning] assignParent to null: this = DecorView@33e16ad[开始录制]
04-18 16:50:21.927   898 12339 W WindowManager: Changing focus fromWindow{98fb159 u0 开始录制 EXITING} to Window{9a8933c u0 com.debug.loggerui/com.debug.loggerui.MainActivity} displayId=0 Callers=com.android.server.wm.RootWindowContainer.updateFocusedWindowLocked:457 com.android.server.wm.WindowManagerService.updateFocusedWindowLocked:5611 com.android.server.wm.WindowState.setupWindowForRemoveOnExit:2358 com.android.server.wm.WindowState.removeIfPossible:2327
04-18 16:50:21.931  2039  2039 I InputTransport: Destroy ARC handle: 0x721c1f8290
04-18 16:50:21.931  2039  2039 I DebugLoggerUI/MainActivity: -->dismissTagProgressDialog()
04-18 16:50:21.931  2039  2039 I wm_on_paused_called: [136180921,com.debug.loggerui.MainActivity,performPause]
04-18 16:50:21.933   898 12339 W ActivityTaskManager: Tried to set launchTime (0) < mLastActivityLaunchTime (18926494)
04-18 16:50:21.933   898  1401 I InputDispatcher: setInputWindows displayId=0 Window{26d385e u0 NavigationBar0} Window{367127 u0 StatusBar} Window{98fb159 u0 开始录制} Window{9a8933c u0 com.debug.loggerui/com.debug.loggerui.MainActivity} recents_animation_input_consumer Window{400a8e u0 com.android.systemui.ImageWallpaper}
04-18 16:50:21.933   898  1401 I InputDispatcher: Focus left window: Window{98fb159 u0 开始录制} in display 0
04-18 16:50:21.933   898  1401 I InputDispatcher: Window went away: Window{98fb159 u0 开始录制}
04-18 16:50:21.934   898 12339 I wm_restart_activity: [0,16360069,353,com.yangcong345.cloud.launcher/com.yangcong345.cloud.control.PadLauncherActivity]
04-18 16:50:21.935   533   598 I libPowerHal: [perfNotifyAppState] foreground:com.yangcong345.cloud.launcher, pid:1852, uid:10076
04-18 16:50:21.935   898 12339 W WindowManager: Changing focus fromWindow{9a8933c u0 com.debug.loggerui/com.debug.loggerui.MainActivity} to null displayId=0 Callers=com.android.server.wm.RootWindowContainer.updateFocusedWindowLocked:457 com.android.server.wm.WindowManagerService.updateFocusedWindowLocked:5611 com.android.server.wm.DisplayContent.setFocusedApp:5534 com.android.server.wm.ActivityTaskManagerService.setResumedActivityUncheckLocked:5548
04-18 16:50:21.935   533   598 E UxUtility: notifyAppState error = NULL
04-18 16:50:21.935  1852  1852 I Matrix.ActivityThreadHacker: [handleMessage] msg.what:159 begin:19098908 isLaunchActivity:true SDK_INT=30
04-18 16:50:21.935   533   598 I TouchUtility: notifyAppState error = NULL
04-18 16:50:21.935  1852  1852 I Matrix.ActivityThreadHacker: [handleMessage] msg.what:159 begin:19098908 isLaunchActivity:true SDK_INT=30
04-18 16:50:21.935   533   558 I mtkpower@impl: [notifyAppState] pc:0, com.debug.loggerui => com.yangcong345.cloud.launcher
04-18 16:50:21.935   898 12339 I wm_set_resumed_activity: [0,com.yangcong345.cloud.launcher/com.yangcong345.cloud.control.PadLauncherActivity,minimalResumeActivityLocked]
04-18 16:50:21.939  2722  2722 V PhoneWindow: DecorView setVisiblity: visibility = 8, Parent = android.view.ViewRootImpl@994e100, this = DecorView@1955ce8[InputMethod]
04-18 16:50:21.942   898   916 I sysui_multi_action: [757,803,799,window_time_0,802,5]
04-18 16:50:21.948  1852  1852 I Matrix.StartupTracer: activeActivityCount:1, coldCost:-504
04-18 16:50:21.948  1852  1852 I wm_on_create_called: [16360069,com.yangcong345.cloud.control.PadLauncherActivity,performCreate]
04-18 16:50:21.949   898  1401 I InputDispatcher: setInputWindows displayId=0 Window{26d385e u0 NavigationBar0} Window{367127 u0 StatusBar} 开始录制#0 Window{9a8933c u0 com.debug.loggerui/com.debug.loggerui.MainActivity} recents_animation_input_consumer Window{400a8e u0 com.android.systemui.ImageWallpaper}
04-18 16:50:21.949   898  1401 I InputDispatcher: Focus entered window: Window{9a8933c u0 com.debug.loggerui/com.debug.loggerui.MainActivity} in display 0
04-18 16:50:21.953  1852  2045 I Matrix.lifecycle.Logger_Main      : ON_PROCESS_UI_STARTED scene: com.yangcong345.cloud.control.PadLauncherActivity
04-18 16:50:21.953  1852  2045 I Matrix.ProcessLifecycle: onForeground... visibleScene[com.yangcong345.cloud.control.PadLauncherActivity@com.yangcong345.cloud.launcher]
04-18 16:50:21.953  1852  2045 I Matrix.background.Explicit: stop
04-18 16:50:21.953  1852  2045 I Matrix.lifecycle.Logger_Main      : ON_PROCESS_EXIT_EXPLICIT_BACKGROUND
04-18 16:50:21.953  1852  2045 I Matrix.background.Staged: stop
04-18 16:50:21.953  1852  2045 I Matrix.lifecycle.Logger_Main      : ON_PROCESS_EXIT_STAGED_BACKGROUND
04-18 16:50:21.953  1852  1852 I wm_on_start_called: [16360069,com.yangcong345.cloud.control.PadLauncherActivity,handleStartActivity]
04-18 16:50:21.955  1852  2045 I Matrix.lifecycle.Logger_Main      : ON_PROCESS_UI_RESUMED
04-18 16:50:21.956  1852  1852 I wm_on_resume_called: [16360069,com.yangcong345.cloud.control.PadLauncherActivity,RESUME_ACTIVITY]
04-18 16:50:21.956  1852  1852 V PhoneWindow: DecorView setVisiblity: visibility = 4, Parent = null, this = DecorView@56feb78[]
04-18 16:50:21.956   546  1663 I SurfaceFlinger: [SF client] NEW(0xb400007198d6b030) for (1852:com.yangcong345.cloud.launcher)
04-18 16:50:21.957  1852  1852 D ViewRootImpl[PadLauncherActivity]: hardware acceleration = true , fakeHwAccelerated = false, sRendererDisabled = false, forceHwAccelerated = false, sSystemRendererDisabled = false
04-18 16:50:21.960  1852  1852 I InputTransport: Create ARC handle: 0xb40000721c2ccbd0
04-18 16:50:21.961  1852  1852 V PhoneWindow: DecorView setVisiblity: visibility = 0, Parent = android.view.ViewRootImpl@9a9c3b7, this = DecorView@56feb78[PadLauncherActivity]
04-18 16:50:21.961  1852  1852 I Matrix.ActivityThreadHacker: [handleMessage] msg.what:159 begin:19098934 isLaunchActivity:false SDK_INT=30
04-18 16:50:21.961  1852  1852 I Matrix.ActivityThreadHacker: [handleMessage] msg.what:159 begin:19098935 isLaunchActivity:false SDK_INT=30
04-18 16:50:21.962  1852  1852 I wm_on_top_resumed_gained_called: [16360069,com.yangcong345.cloud.control.PadLauncherActivity,topStateChangedWhenResumed]
04-18 16:50:21.962  1852  1852 D test_act: com.yangcong345.cloud.launcher
04-18 16:50:21.962   898  1401 D HraManager: hra getBlackIntentActionList
04-18 16:50:21.963   898  1401 I ActivityTaskManager: START u0 {act=android.intent.action.VIEW dat=ycmath://padlauncher.com/init cmp=com.yangcong345.cloud.launcher/com.yangcong345.support.common.LauncherSchemeActivity} from uid 10076
04-18 16:50:21.964   898  1401 I wm_focused_stack: [0,0,44,352,positionChildAtTop]
04-18 16:50:21.964   898  1401 I wm_set_resumed_activity: [0,com.yangcong345.cloud.launcher/com.yangcong345.padmodule.home.main.PadHomeActivity,bringingFoundTaskToFront]
04-18 16:50:21.965   898  1401 I wm_task_to_front: [0,44]
04-18 16:50:21.965   898 12339 I InputDispatcher: setInputWindows displayId=0 Window{26d385e u0 NavigationBar0} Window{367127 u0 StatusBar} 开始录制#0 Window{9a8933c u0 com.debug.loggerui/com.debug.loggerui.MainActivity} recents_animation_input_consumer Window{400a8e u0 com.android.systemui.ImageWallpaper}
04-18 16:50:21.965   898 12339 I InputDispatcher: Focus left window: Window{9a8933c u0 com.debug.loggerui/com.debug.loggerui.MainActivity} in display 0
04-18 16:50:21.965   898  1401 I wm_pause_activity: [0,16360069,com.yangcong345.cloud.launcher/com.yangcong345.cloud.control.PadLauncherActivity,userLeaving=true]
04-18 16:50:21.966   533   598 I libPowerHal: [perfLockAcq] idx:2 hdl:2349 hint:23 pid:533 duration:10000 => ret_hdl:2349
04-18 16:50:21.966   533   598 I libPowerHal: [PE] scn:2 hdl:2349 hint:23 comm:mtkpower@1.0-se pid:533
04-18 16:50:21.969   898  1401 I wm_finish_activity: [0,16360069,353,com.yangcong345.cloud.launcher/com.yangcong345.cloud.control.PadLauncherActivity,app-request]
04-18 16:50:21.971   898   917 I WindowManager: Relayout Window{cbb4d71 u0 SnapshotStartingWindow for taskId=44}: oldVis=8 newVis=0 focusMayChange = true
04-18 16:50:21.973   546   605 I BufferQueueConsumer: [](id:222000002ab,api:0,p:-1,c:546) connect(): controlledByApp=false
04-18 16:50:21.973   546   605 I BufferQueue: [unnamed-546-683](this:0xb400007248f18898,id:683,api:0,p:-1,c:-1) BufferQueue core=(546:/system/bin/surfaceflinger)
04-18 16:50:21.975   898  1401 I WindowManager: Relayout Window{84136f5 u0 com.yangcong345.cloud.launcher/com.yangcong345.cloud.control.PadLauncherActivity}: oldVis=4 newVis=0 focusMayChange = true
04-18 16:50:21.976   546   605 I BufferQueueProducer: [SnapshotStartingWindow for taskId=44#0](id:222000002ab,api:2,p:898,c:546) connect(): api=2 producerControlledByApp=false
04-18 16:50:21.977   546  1663 I BufferQueueConsumer: [](id:222000002ac,api:0,p:-1,c:546) connect(): controlledByApp=false
04-18 16:50:21.977   546  1663 I BufferQueue: [unnamed-546-684](this:0xb400007248f9f0f8,id:684,api:0,p:-1,c:-1) BufferQueue core=(546:/system/bin/surfaceflinger)
04-18 16:50:21.977   546   605 I BufferQueueProducer: [SnapshotStartingWindow for taskId=44#0](id:222000002ab,api:2,p:898,c:546) disconnect(): api=2
04-18 16:50:21.980   546  1663 I BufferQueueProducer: [com.yangcong345.cloud.launcher/com.yangcong345.cloud.control.PadLauncherActivity#0](id:222000002ac,api:1,p:1852,c:546) connect(): api=1 producerControlledByApp=false
04-18 16:50:21.981   898 12339 I InputDispatcher: setInputWindows displayId=0 Window{26d385e u0 NavigationBar0} Window{367127 u0 StatusBar} SnapshotStartingWindow for taskId=44#0 recents_animation_input_consumer 开始录制#0 Window{9a8933c u0 com.debug.loggerui/com.debug.loggerui.MainActivity} com.yangcong345.cloud.launcher/com.yangcong345.cloud.control.PadLauncherActivity#0 Window{400a8e u0 com.android.systemui.ImageWallpaper}
04-18 16:50:21.990  1852  1852 I Matrix.ActivityThreadHacker: [handleMessage] msg.what:159 begin:19098963 isLaunchActivity:false SDK_INT=30
04-18 16:50:21.990  1852  1852 I wm_on_top_resumed_lost_called: [16360069,com.yangcong345.cloud.control.PadLauncherActivity,topStateChangedWhenResumed]
04-18 16:50:21.990  1852  1852 I Matrix.ActivityThreadHacker: [handleMessage] msg.what:159 begin:19098963 isLaunchActivity:false SDK_INT=30
04-18 16:50:21.992   898   917 D lwdebug : onWindowsDrawn com.yangcong345.cloud.launcher/com.yangcong345.cloud.control.PadLauncherActivity
04-18 16:50:21.993  1852  1852 I Matrix.ActivityThreadHacker: [handleMessage] msg.what:159 begin:19098966 isLaunchActivity:false SDK_INT=30
04-18 16:50:21.994  1852  1852 I wm_on_paused_called: [16360069,com.yangcong345.cloud.control.PadLauncherActivity,performPause]
04-18 16:50:21.994   898  1401 I wm_add_to_stopping: [0,16360069,com.yangcong345.cloud.launcher/com.yangcong345.cloud.control.PadLauncherActivity,completeFinishing]
04-18 16:50:21.995   898  1401 I wm_set_resumed_activity: [0,com.yangcong345.cloud.launcher/com.yangcong345.padmodule.home.main.PadHomeActivity,resumeTopActivityInnerLocked]
04-18 16:50:21.995   898  1401 I wm_add_to_stopping: [0,136180921,com.debug.loggerui/.MainActivity,makeInvisible]
04-18 16:50:21.996   898  1401 I wm_resume_activity: [0,145146270,44,com.yangcong345.cloud.launcher/com.yangcong345.padmodule.home.main.PadHomeActivity]
04-18 16:50:21.993  1852  1852 I Matrix.ActivityThreadHacker: [handleMessage] msg.what:159 begin:19098966 isLaunchActivity:false SDK_INT=30
04-18 16:50:21.997   898 12339 I InputDispatcher: setInputWindows displayId=0 Window{26d385e u0 NavigationBar0} Window{367127 u0 StatusBar} SnapshotStartingWindow for taskId=44#0 recents_animation_input_consumer 开始录制#0 Window{9a8933c u0 com.debug.loggerui/com.debug.loggerui.MainActivity} Window{84136f5 u0 com.yangcong345.cloud.launcher/com.yangcong345.cloud.control.PadLauncherActivity} Window{400a8e u0 com.android.systemui.ImageWallpaper}
04-18 16:50:21.997   898 12339 I InputDispatcher: Window went away: com.yangcong345.cloud.launcher/com.yangcong345.cloud.control.PadLauncherActivity#0
04-18 16:50:22.003   546   546 I SurfaceFlinger: operator()(), mtkRenderCntDebug 615, screenshot (com.debug.loggerui/com.debug.loggerui.MainActivity#0)
04-18 16:50:22.003   546   546 I SurfaceFlinger: operator()(), mtkRenderCntDebug 615, screenshot (Dim Layer for - Task=351#0)
04-18 16:50:22.003   546   546 I SurfaceFlinger: operator()(), mtkRenderCntDebug 615, screenshot (开始录制#0)
04-18 16:50:22.013   898 14009 I InputDispatcher: setInputWindows displayId=0 Window{26d385e u0 NavigationBar0} Window{367127 u0 StatusBar} SnapshotStartingWindow for taskId=44#0 recents_animation_input_consumer 开始录制#0 Window{9a8933c u0 com.debug.loggerui/com.debug.loggerui.MainActivity} Window{84136f5 u0 com.yangcong345.cloud.launcher/com.yangcong345.cloud.control.PadLauncherActivity} Window{400a8e u0 com.android.systemui.ImageWallpaper}
04-18 16:50:22.017   898   916 I wm_destroy_activity: [0,16360069,353,com.yangcong345.cloud.launcher/com.yangcong345.cloud.control.PadLauncherActivity,finish-imm:idle]
04-18 16:50:22.018  2722  2722 V PhoneWindow: DecorView setVisiblity: visibility = 8, Parent = android.view.ViewRootImpl@994e100, this = DecorView@1955ce8[InputMethod]
04-18 16:50:22.018  1852  1852 I Matrix.ActivityThreadHacker: [handleMessage] msg.what:159 begin:19098991 isLaunchActivity:false SDK_INT=30
04-18 16:50:22.019  1852  1852 I wm_on_restart_called: [145146270,com.yangcong345.padmodule.home.main.PadHomeActivity,performRestartActivity]
04-18 16:50:22.021   898   916 I sysui_multi_action: [757,803,799,window_time_0,802,0]
04-18 16:50:22.018  1852  1852 I chatty  : uid=10076(com.yangcong345.cloud.launcher) identical 2 lines
04-18 16:50:22.018  1852  1852 I Matrix.ActivityThreadHacker: [handleMessage] msg.what:159 begin:19098991 isLaunchActivity:false SDK_INT=30
04-18 16:50:22.025  1852  3621 E .cloud.launche: No package ID ff found for ID 0xffffffff.
04-18 16:50:22.025   898  1099 D UntrustedWifiNetworkFactory: got request NetworkRequest [ TRACK_DEFAULT id=46, [ Capabilities: INTERNET&NOT_RESTRICTED&TRUSTED Uid: 10076 AdministratorUids: [] RequestorUid: 10076 RequestorPackageName: com.yangcong345.cloud.launcher] ] with score 60 and providerId 4
04-18 16:50:22.025   898  1099 D WifiNetworkFactory: got request NetworkRequest [ TRACK_DEFAULT id=46, [ Capabilities: INTERNET&NOT_RESTRICTED&TRUSTED Uid: 10076 AdministratorUids: [] RequestorUid: 10076 RequestorPackageName: com.yangcong345.cloud.launcher] ] with score 60 and providerId 4
04-18 16:50:22.025  1852  3621 W ResourceLoader: Received invalid resource id: -1
04-18 16:50:22.025  1852  3621 W ResourceLoader: android.content.res.Resources$NotFoundException: Unable to find resource ID #0xffffffff
04-18 16:50:22.025  1852  3621 W ResourceLoader: 	at android.content.res.ResourcesImpl.getResourcePackageName(ResourcesImpl.java:295)
04-18 16:50:22.025  1852  3621 W ResourceLoader: 	at android.content.res.Resources.getResourcePackageName(Resources.java:2199)
04-18 16:50:22.025  1852  3621 W ResourceLoader: 	at com.bumptech.glide.load.model.ResourceLoader.getResourceUri(ResourceLoader.java:45)
04-18 16:50:22.025  1852  3621 W ResourceLoader: 	at com.bumptech.glide.load.model.ResourceLoader.buildLoadData(ResourceLoader.java:35)
04-18 16:50:22.025  1852  3621 W ResourceLoader: 	at com.bumptech.glide.load.model.ResourceLoader.buildLoadData(ResourceLoader.java:20)
04-18 16:50:22.025  1852  3621 W ResourceLoader: 	at com.bumptech.glide.load.engine.DecodeHelper.getLoadData(DecodeHelper.java:216)
04-18 16:50:22.025  1852  3621 W ResourceLoader: 	at com.bumptech.glide.load.engine.DecodeHelper.getCacheKeys(DecodeHelper.java:229)
04-18 16:50:22.025  1852  3621 W ResourceLoader: 	at com.bumptech.glide.load.engine.ResourceCacheGenerator.startNext(ResourceCacheGenerator.java:47)
04-18 16:50:22.025  1852  3621 W ResourceLoader: 	at com.bumptech.glide.load.engine.DecodeJob.runGenerators(DecodeJob.java:311)
04-18 16:50:22.025  1852  3621 W ResourceLoader: 	at com.bumptech.glide.load.engine.DecodeJob.runWrapped(DecodeJob.java:277)
04-18 16:50:22.025  1852  3621 W ResourceLoader: 	at com.bumptech.glide.load.engine.DecodeJob.run(DecodeJob.java:235)
04-18 16:50:22.025  1852  3621 W ResourceLoader: 	at java.util.concurrent.ThreadPoolExecutor.runWorker(ThreadPoolExecutor.java:1167)
04-18 16:50:22.025  1852  3621 W ResourceLoader: 	at java.util.concurrent.ThreadPoolExecutor$Worker.run(ThreadPoolExecutor.java:641)
04-18 16:50:22.025  1852  3621 W ResourceLoader: 	at com.bumptech.glide.load.engine.executor.GlideExecutor$DefaultThreadFactory$1.run(GlideExecutor.java:421)
04-18 16:50:22.025  1852  3621 W ResourceLoader: 	at java.lang.Thread.run(Thread.java:923)
04-18 16:50:22.025  1852  3621 W ResourceLoader: 	at com.bumptech.glide.load.engine.executor.GlideExecutor$DefaultPriorityThreadFactory$1.run(GlideExecutor.java:380)
04-18 16:50:22.025  1852  3621 E .cloud.launche: No package ID ff found for ID 0xffffffff.
04-18 16:50:22.025   898  1206 D Ethernet: got request NetworkRequest [ TRACK_DEFAULT id=46, [ Capabilities: INTERNET&NOT_RESTRICTED&TRUSTED Uid: 10076 AdministratorUids: [] RequestorUid: 10076 RequestorPackageName: com.yangcong345.cloud.launcher] ] with score 60 and providerId 4
04-18 16:50:22.025  1852  1852 I wm_on_start_called: [145146270,com.yangcong345.padmodule.home.main.PadHomeActivity,handleStartActivity]
04-18 16:50:22.025  1852  3621 W ResourceLoader: Received invalid resource id: -1
04-18 16:50:22.025  1852  3621 W ResourceLoader: android.content.res.Resources$NotFoundException: Unable to find resource ID #0xffffffff
04-18 16:50:22.025  1852  3621 W ResourceLoader: 	at android.content.res.ResourcesImpl.getResourcePackageName(ResourcesImpl.java:295)
04-18 16:50:22.025  1852  3621 W ResourceLoader: 	at android.content.res.Resources.getResourcePackageName(Resources.java:2199)
04-18 16:50:22.025  1852  3621 W ResourceLoader: 	at com.bumptech.glide.load.model.ResourceLoader.getResourceUri(ResourceLoader.java:45)
04-18 16:50:22.025  1852  3621 W ResourceLoader: 	at com.bumptech.glide.load.model.ResourceLoader.buildLoadData(ResourceLoader.java:35)
04-18 16:50:22.025  1852  3621 W ResourceLoader: 	at com.bumptech.glide.load.model.ResourceLoader.buildLoadData(ResourceLoader.java:20)
04-18 16:50:22.025  1852  3621 W ResourceLoader: 	at com.bumptech.glide.load.engine.DecodeHelper.getLoadData(DecodeHelper.java:216)
04-18 16:50:22.025  1852  3621 W ResourceLoader: 	at com.bumptech.glide.load.engine.DecodeHelper.getCacheKeys(DecodeHelper.java:229)
04-18 16:50:22.025  1852  3621 W ResourceLoader: 	at com.bumptech.glide.load.engine.ResourceCacheGenerator.startNext(ResourceCacheGenerator.java:47)
04-18 16:50:22.025  1852  3621 W ResourceLoader: 	at com.bumptech.glide.load.engine.DecodeJob.runGenerators(DecodeJob.java:311)
04-18 16:50:22.025  1852  3621 W ResourceLoader: 	at com.bumptech.glide.load.engine.DecodeJob.runWrapped(DecodeJob.java:277)
04-18 16:50:22.025  1852  3621 W ResourceLoader: 	at com.bumptech.glide.load.engine.DecodeJob.run(DecodeJob.java:235)
04-18 16:50:22.025  1852  3621 W ResourceLoader: 	at java.util.concurrent.ThreadPoolExecutor.runWorker(ThreadPoolExecutor.java:1167)
04-18 16:50:22.025  1852  3621 W ResourceLoader: 	at java.util.concurrent.ThreadPoolExecutor$Worker.run(ThreadPoolExecutor.java:641)
04-18 16:50:22.025  1852  3621 W ResourceLoader: 	at com.bumptech.glide.load.engine.executor.GlideExecutor$DefaultThreadFactory$1.run(GlideExecutor.java:421)
04-18 16:50:22.025  1852  3621 W ResourceLoader: 	at java.lang.Thread.run(Thread.java:923)
04-18 16:50:22.025  1852  3621 W ResourceLoader: 	at com.bumptech.glide.load.engine.executor.GlideExecutor$DefaultPriorityThreadFactory$1.run(GlideExecutor.java:380)
04-18 16:50:22.025  1852  3621 E .cloud.launche: No package ID ff found for ID 0xffffffff.
--------- beginning of radio
04-18 16:50:22.025  1414  1414 D TelephonyNetworkFactory[0]: got request NetworkRequest [ TRACK_DEFAULT id=46, [ Capabilities: INTERNET&NOT_RESTRICTED&TRUSTED Uid: 10076 AdministratorUids: [] RequestorUid: 10076 RequestorPackageName: com.yangcong345.cloud.launcher] ] with score 60 and providerId 4
04-18 16:50:22.026  1852  3621 W ResourceLoader: Received invalid resource id: -1
04-18 16:50:22.026  1852  3621 W ResourceLoader: android.content.res.Resources$NotFoundException: Unable to find resource ID #0xffffffff
04-18 16:50:22.026  1852  3621 W ResourceLoader: 	at android.content.res.ResourcesImpl.getResourcePackageName(ResourcesImpl.java:295)
04-18 16:50:22.026  1852  3621 W ResourceLoader: 	at android.content.res.Resources.getResourcePackageName(Resources.java:2199)
04-18 16:50:22.026  1852  3621 W ResourceLoader: 	at com.bumptech.glide.load.model.ResourceLoader.getResourceUri(ResourceLoader.java:45)
04-18 16:50:22.026  1852  3621 W ResourceLoader: 	at com.bumptech.glide.load.model.ResourceLoader.buildLoadData(ResourceLoader.java:35)
04-18 16:50:22.026  1852  3621 W ResourceLoader: 	at com.bumptech.glide.load.model.ResourceLoader.buildLoadData(ResourceLoader.java:20)
04-18 16:50:22.026  1852  3621 W ResourceLoader: 	at com.bumptech.glide.load.engine.DecodeHelper.getLoadData(DecodeHelper.java:216)
04-18 16:50:22.026  1852  3621 W ResourceLoader: 	at com.bumptech.glide.load.engine.DecodeHelper.getCacheKeys(DecodeHelper.java:229)
04-18 16:50:22.026  1852  3621 W ResourceLoader: 	at com.bumptech.glide.load.engine.ResourceCacheGenerator.startNext(ResourceCacheGenerator.java:47)
04-18 16:50:22.026  1852  3621 W ResourceLoader: 	at com.bumptech.glide.load.engine.DecodeJob.runGenerators(DecodeJob.java:311)
04-18 16:50:22.026  1852  3621 W ResourceLoader: 	at com.bumptech.glide.load.engine.DecodeJob.runWrapped(DecodeJob.java:277)
04-18 16:50:22.026  1852  3621 W ResourceLoader: 	at com.bumptech.glide.load.engine.DecodeJob.run(DecodeJob.java:235)
04-18 16:50:22.026  1852  3621 W ResourceLoader: 	at java.util.concurrent.ThreadPoolExecutor.runWorker(ThreadPoolExecutor.java:1167)
04-18 16:50:22.026  1852  3621 W ResourceLoader: 	at java.util.concurrent.ThreadPoolExecutor$Worker.run(ThreadPoolExecutor.java:641)
04-18 16:50:22.026  1852  3621 W ResourceLoader: 	at com.bumptech.glide.load.engine.executor.GlideExecutor$DefaultThreadFactory$1.run(GlideExecutor.java:421)
04-18 16:50:22.026  1852  3621 W ResourceLoader: 	at java.lang.Thread.run(Thread.java:923)
04-18 16:50:22.026  1852  3621 W ResourceLoader: 	at com.bumptech.glide.load.engine.executor.GlideExecutor$DefaultPriorityThreadFactory$1.run(GlideExecutor.java:380)
04-18 16:50:22.026  1414  1414 D PhoneSwitcherNetworkRequstListener: got request NetworkRequest [ TRACK_DEFAULT id=46, [ Capabilities: INTERNET&NOT_RESTRICTED&TRUSTED Uid: 10076 AdministratorUids: [] RequestorUid: 10076 RequestorPackageName: com.yangcong345.cloud.launcher] ] with score 60 and providerId 4
04-18 16:50:22.026  1852  3621 E .cloud.launche: No package ID ff found for ID 0xffffffff.
04-18 16:50:22.026  1852  3621 W ResourceLoader: Received invalid resource id: -1
04-18 16:50:22.026  1852  3621 W ResourceLoader: android.content.res.Resources$NotFoundException: Unable to find resource ID #0xffffffff
04-18 16:50:22.026  1852  3621 W ResourceLoader: 	at android.content.res.ResourcesImpl.getResourcePackageName(ResourcesImpl.java:295)
04-18 16:50:22.026  1852  3621 W ResourceLoader: 	at android.content.res.Resources.getResourcePackageName(Resources.java:2199)
04-18 16:50:22.026  1852  3621 W ResourceLoader: 	at com.bumptech.glide.load.model.ResourceLoader.getResourceUri(ResourceLoader.java:45)
04-18 16:50:22.026  1852  3621 W ResourceLoader: 	at com.bumptech.glide.load.model.ResourceLoader.buildLoadData(ResourceLoader.java:35)
04-18 16:50:22.026  1852  3621 W ResourceLoader: 	at com.bumptech.glide.load.model.ResourceLoader.buildLoadData(ResourceLoader.java:20)
04-18 16:50:22.026  1852  3621 W ResourceLoader: 	at com.bumptech.glide.load.engine.DecodeHelper.getLoadData(DecodeHelper.java:216)
04-18 16:50:22.026  1852  3621 W ResourceLoader: 	at com.bumptech.glide.load.engine.DecodeHelper.getCacheKeys(DecodeHelper.java:229)
04-18 16:50:22.026  1852  3621 W ResourceLoader: 	at com.bumptech.glide.load.engine.ResourceCacheGenerator.startNext(ResourceCacheGenerator.java:47)
04-18 16:50:22.026  1852  3621 W ResourceLoader: 	at com.bumptech.glide.load.engine.DecodeJob.runGenerators(DecodeJob.java:311)
04-18 16:50:22.026  1852  3621 W ResourceLoader: 	at com.bumptech.glide.load.engine.DecodeJob.runWrapped(DecodeJob.java:277)
04-18 16:50:22.026  1852  3621 W ResourceLoader: 	at com.bumptech.glide.load.engine.DecodeJob.run(DecodeJob.java:235)
04-18 16:50:22.026  1852  3621 W ResourceLoader: 	at java.util.concurrent.ThreadPoolExecutor.runWorker(ThreadPoolExecutor.java:1167)
04-18 16:50:22.026  1852  3621 W ResourceLoader: 	at java.util.concurrent.ThreadPoolExecutor$Worker.run(ThreadPoolExecutor.java:641)
04-18 16:50:22.026  1852  3621 W ResourceLoader: 	at com.bumptech.glide.load.engine.executor.GlideExecutor$DefaultThreadFactory$1.run(GlideExecutor.java:421)
04-18 16:50:22.026  1852  3621 W ResourceLoader: 	at java.lang.Thread.run(Thread.java:923)
04-18 16:50:22.026  1852  3621 W ResourceLoader: 	at com.bumptech.glide.load.engine.executor.GlideExecutor$DefaultPriorityThreadFactory$1.run(GlideExecutor.java:380)
04-18 16:50:22.027  1852  1852 V PhoneWindow: DecorView setVisiblity: visibility = 0, Parent = android.view.ViewRootImpl@e2cc7b1, this = DecorView@f30509[PadHomeActivity]
04-18 16:50:22.027  1414  1414 D DcRequest: Cellular request confirmed: NetworkRequest [ TRACK_DEFAULT id=46, [ Capabilities: INTERNET&NOT_RESTRICTED&TRUSTED Uid: 10076 AdministratorUids: [] RequestorUid: 10076 RequestorPackageName: com.yangcong345.cloud.launcher] ]
04-18 16:50:22.027  1414  1414 D PhoneSwitcher: No phones: unable to reset preferred phone for emergency
04-18 16:50:22.027  1414  1414 D PhoneSwitcher: evaluating due to netRequest
04-18 16:50:22.027  1414  1414 D MtkPhoneSwitcher: newActivePhones is empty
04-18 16:50:22.027  1414  1414 D DcHelper: isSimInserted:phoneId =0
04-18 16:50:22.027  1414  1414 D MtkUiccCtrl: getIccid: slotId = 0
04-18 16:50:22.027  1414  1414 V MtkPhoneSwitcher: mPrioritizedDcRequests[NetworkRequest [ TRACK_DEFAULT id=9, [ Capabilities: INTERNET&NOT_RESTRICTED&TRUSTED Uid: 1000 AdministratorUids: [] RequestorUid: 1000 RequestorPackageName: android] ], priority=0, apnType=17, NetworkRequest [ REQUEST id=12, [ Capabilities: INTERNET&NOT_RESTRICTED&TRUSTED&NOT_VPN AdministratorUids: [] RequestorUid: 1073 RequestorPackageName: com.android.networkstack] ], priority=0, apnType=17, NetworkRequest [ BACKGROUND_REQUEST id=2, [ Transports: CELLULAR Capabilities: INTERNET&NOT_RESTRICTED&TRUSTED&NOT_VPN AdministratorUids: [] RequestorUid: 1000 RequestorPackageName: android] ], priority=0, apnType=17, NetworkRequest [ REQUEST id=1, [ Capabilities: INTERNET&NOT_RESTRICTED&TRUSTED&NOT_VPN AdministratorUids: [] RequestorUid: 1000 RequestorPackageName: android] ], priority=0, apnType=17, NetworkRequest [ TRACK_DEFAULT id=15, [ Capabilities: INTERNET&NOT_RESTRICTED&TRUSTED Uid: 10111 AdministratorUids: [] RequestorUid: 10111 RequestorPackageName: com.android.systemui] ], priority=0, apnType=17, NetworkRequest [ TRACK_DEFAULT id=16, [ Capabilities: INTERNET&NOT_RESTRICTED&TRUSTED Uid: 10111 AdministratorUids: [] RequestorUid: 10111 RequestorPackageName: com.android.systemui] ], priority=0, apnType=17, NetworkRequest [ TRACK_DEFAULT id=10, [ Capabilities: INTERNET&NOT_RESTRICTED&TRUSTED Uid: 1073 AdministratorUids: [] RequestorUid: 1073 RequestorPackageName: com.android.networkstack] ], priority=0, apnType=17, NetworkRequest [ TRACK_DEFAULT id=17, [ Capabilities: INTERNET&NOT_RESTRICTED&TRUSTED Uid: 1001 AdministratorUids: [] RequestorUid: 1001 RequestorPackageName: com.android.phone] ], priority=0, apnType=17, NetworkRequest [ TRACK_DEFAULT id=19, [ Capabilities: INTERNET&NOT_RESTRICTED&TRUSTED Uid: 10075 AdministratorUids: [] RequestorUid: 10075 RequestorPackageName: com.yangcong345.android.phone] ], priority=0, apnType=17, NetworkRequest [ TRACK_DEFAULT id=46, [ Capabilities: INTERNET&NOT_RESTRICTED&TRUSTED Uid: 10076 AdministratorUids: [] RequestorUid: 10076 RequestorPackageName: com.yangcong345.cloud.launcher] ], priority=0, apnType=17]
04-18 16:50:22.027  1414  1414 D MtkPhoneSwitcher: ECC w/o SIM
04-18 16:50:22.027  1414  1414 E MtkPhoneSwitcher: isAllowEims, NetworkRequest not include EIMS capability
04-18 16:50:22.028  1414  1414 I chatty  : uid=1001(radio) com.android.phone identical 8 lines
04-18 16:50:22.028  1414  1414 E MtkPhoneSwitcher: isAllowEims, NetworkRequest not include EIMS capability
04-18 16:50:22.028  1414  1414 D PhoneSwitcher: notifyPreferredDataSubIdChanged to -1
04-18 16:50:22.029  1414  1414 D PhoneSwitcher: Added DcRequest, size: 10
04-18 16:50:22.030   898 14009 I InputDispatcher: setInputWindows displayId=0 Window{26d385e u0 NavigationBar0} Window{367127 u0 StatusBar} SnapshotStartingWindow for taskId=44#0 recents_animation_input_consumer 开始录制#0 Window{9a8933c u0 com.debug.loggerui/com.debug.loggerui.MainActivity} Window{84136f5 u0 com.yangcong345.cloud.launcher/com.yangcong345.cloud.control.PadLauncherActivity} Window{400a8e u0 com.android.systemui.ImageWallpaper}
04-18 16:50:22.030  1247  1247 V KeyguardUpdateMonitor: onSubscriptionInfoChanged()
04-18 16:50:22.032  1852  1852 I wm_on_resume_called: [145146270,com.yangcong345.padmodule.home.main.PadHomeActivity,RESUME_ACTIVITY]
04-18 16:50:22.032  2205  3985 I 5.android.phon: oneway function results will be dropped but finished with status OK and parcel size 4
04-18 16:50:22.032  2205  3985 I 5.android.phon: oneway function results will be dropped but finished with status OK and parcel size 4
04-18 16:50:22.034  1852 18345 D CacheInterceptor: requestRemoteOnly
04-18 16:50:22.035  1852  1852 I wm_on_top_resumed_gained_called: [145146270,com.yangcong345.padmodule.home.main.PadHomeActivity,topWhenResuming]
04-18 16:50:22.035  1852 18347 D CacheInterceptor: requestRemoteFirst
04-18 16:50:22.036  1852  1852 V PhoneWindow: DecorView setVisiblity: visibility = 0, Parent = android.view.ViewRootImpl@e2cc7b1, this = DecorView@f30509[PadHomeActivity]
04-18 16:50:22.036  1852 18347 D CacheInterceptor: request local cache success
04-18 16:50:22.042   898 12339 I WindowManager: Relayout Window{9588175 u0 com.yangcong345.cloud.launcher/com.yangcong345.padmodule.home.main.PadHomeActivity}: oldVis=8 newVis=0 focusMayChange = true
04-18 16:50:22.044   733   772 I Proximity: distance = 2
04-18 16:50:22.045  1852 18346 I System.out: [socket]:check permission begin!
04-18 16:50:22.046   546   605 I BufferQueueConsumer: [](id:222000002ad,api:0,p:-1,c:546) connect(): controlledByApp=false
04-18 16:50:22.046  1852 18347 I System.out: [socket]:check permission begin!
04-18 16:50:22.046   546   605 I BufferQueue: [unnamed-546-685](this:0xb400007248fb1218,id:685,api:0,p:-1,c:-1) BufferQueue core=(546:/system/bin/surfaceflinger)
04-18 16:50:22.047   898  1518 I InputDispatcher: setInputWindows displayId=0 Window{26d385e u0 NavigationBar0} Window{367127 u0 StatusBar} SnapshotStartingWindow for taskId=44#0 recents_animation_input_consumer 开始录制#0 com.debug.loggerui/com.debug.loggerui.MainActivity#0 com.yangcong345.cloud.launcher/com.yangcong345.cloud.control.PadLauncherActivity#0 Window{400a8e u0 com.android.systemui.ImageWallpaper}
04-18 16:50:22.047   898  1518 I InputDispatcher: Window went away: Window{9a8933c u0 com.debug.loggerui/com.debug.loggerui.MainActivity}
04-18 16:50:22.047   898  1518 I InputDispatcher: Window went away: Window{84136f5 u0 com.yangcong345.cloud.launcher/com.yangcong345.cloud.control.PadLauncherActivity}
04-18 16:50:22.049   898 12339 W WindowManager: Changing focus fromnull to Window{9588175 u0 com.yangcong345.cloud.launcher/com.yangcong345.padmodule.home.main.PadHomeActivity} displayId=0 Callers=com.android.server.wm.RootWindowContainer.updateFocusedWindowLocked:457 com.android.server.wm.WindowManagerService.updateFocusedWindowLocked:5611 com.android.server.wm.WindowManagerService.relayoutWindow:2398 com.android.server.wm.Session.relayout:213
04-18 16:50:22.051   546   546 I BufferQueueProducer: [FramebufferSurface](this:0xb400007238d4ef70,id:-1,api:1,p:546,c:546) queueBuffer: fps=1.94 dur=4631.35 max=4376.47 min=12.76
04-18 16:50:22.051  1852 18345 I System.out: [socket]:check permission begin!
04-18 16:50:22.052   515   515 I hwcomposer: [DBQ] (q2:0xb400007e67f87290) Buffer queue is created with size(3), m_id(1005)
04-18 16:50:22.052   515   515 I hwcomposer: [DBQ] (q2:0xb400007e67f87290) Reallocate Slot(0), pool(0 -> 0) size(0 -> 9216000)
04-18 16:50:22.053   515   515 I hwcomposer: [DBQ] (q2:0xb400007e67f87290) Alloc Slot(0), handle=0xb400007e27f86330 c=0 w=1200 h=1920 p=1200 ys=1200 vs=1920 f=2
04-18 16:50:22.054   515   655 D MDP     : DpAsyncBlit: in: job (6395 97) (1200, 1920, 4800, 0, C2s, P0), sec0, flush 0 Buffer 3197: plane=1 bufVA={0x64,0x0,0x0} bufMVA={0x0,0x0,0x0} bufSize={0x8ca000,0x0,0x0} proxy={0xb400007da7f96930,0x0,0x0}fence=97
04-18 16:50:22.054   515   655 D MDP     : DpAsyncBlit: out0: (1198, 1916, 4800, 0, C2s, P0), misc: (X:0, Y:0, R:0, F:0, S:0, A:0, D:0), sec0, flush 0 Buffer 3197: plane=1 bufVA={0x69,0x0,0x0} bufMVA={0x0,0x0,0x0} bufSize={0x8ca000,0x0,0x0} proxy={0xb400007da7f96520,0x0,0x0}fence=-1
04-18 16:50:22.054   515   655 D MDP     : DpAsyncBlit: crop0: (0, 0, 1200, 1920, 0, 0, 0, 0)
04-18 16:50:22.054   515   655 D MDP     : [PQ][PQRSZAdaptor(0)] SUPPORT_VIDEO_UR
04-18 16:50:22.057   546   605 I BufferQueueProducer: [com.yangcong345.cloud.launcher/com.yangcong345.padmodule.home.main.PadHomeActivity#0](id:222000002ad,api:1,p:1852,c:546) connect(): api=1 producerControlledByApp=false
04-18 16:50:22.062   898  1518 I InputDispatcher: setInputWindows displayId=0 Window{26d385e u0 NavigationBar0} Window{367127 u0 StatusBar} SnapshotStartingWindow for taskId=44#0 recents_animation_input_consumer Window{9588175 u0 com.yangcong345.cloud.launcher/com.yangcong345.padmodule.home.main.PadHomeActivity} 开始录制#0 com.debug.loggerui/com.debug.loggerui.MainActivity#0 com.yangcong345.cloud.launcher/com.yangcong345.cloud.control.PadLauncherActivity#0 Window{400a8e u0 com.android.systemui.ImageWallpaper}
04-18 16:50:22.063  2205  3985 I 5.android.phon: oneway function results will be dropped but finished with status OK and parcel size 4
04-18 16:50:22.067   515   515 I hwcomposer: [DBQ] (q2:0xb400007e67f87290) Reallocate Slot(1), pool(0 -> 0) size(0 -> 9216000)
04-18 16:50:22.068   515   515 I hwcomposer: [DBQ] (q2:0xb400007e67f87290) Alloc Slot(1), handle=0xb400007e27f7fed0 c=0 w=1200 h=1920 p=1200 ys=1200 vs=1920 f=2
04-18 16:50:22.069   515   655 D MDP     : DpAsyncBlit: in: job (6397 95) (1200, 1920, 4800, 0, C2s, P0), sec0, flush 0 Buffer 3198: plane=1 bufVA={0x62,0x0,0x0} bufMVA={0x0,0x0,0x0} bufSize={0x8ca000,0x0,0x0} proxy={0xb400007da7f95580,0x0,0x0}fence=95
04-18 16:50:22.069   515   655 D MDP     : DpAsyncBlit: out0: (1194, 1912, 4800, 0, C2s, P0), misc: (X:0, Y:0, R:0, F:0, S:0, A:0, D:0), sec0, flush 0 Buffer 3198: plane=1 bufVA={0x6e,0x0,0x0} bufMVA={0x0,0x0,0x0} bufSize={0x8ca000,0x0,0x0} proxy={0xb400007da7f95f30,0x0,0x0}fence=-1
04-18 16:50:22.069   515   655 D MDP     : DpAsyncBlit: crop0: (0, 0, 1200, 1920, 0, 0, 0, 0)
04-18 16:50:22.069   515   655 D MDP     : [PQ][PQRSZAdaptor(0)] SUPPORT_VIDEO_UR
04-18 16:50:22.079   898 12339 I InputDispatcher: setInputWindows displayId=0 Window{26d385e u0 NavigationBar0} Window{367127 u0 StatusBar} SnapshotStartingWindow for taskId=44#0 recents_animation_input_consumer Window{9588175 u0 com.yangcong345.cloud.launcher/com.yangcong345.padmodule.home.main.PadHomeActivity} 开始录制#0 com.debug.loggerui/com.debug.loggerui.MainActivity#0 com.yangcong345.cloud.launcher/com.yangcong345.cloud.control.PadLauncherActivity#0 Window{400a8e u0 com.android.systemui.ImageWallpaper}
04-18 16:50:22.083   515   515 I hwcomposer: [DBQ] (q2:0xb400007e67f87290) Reallocate Slot(2), pool(0 -> 0) size(0 -> 9216000)
04-18 16:50:22.085   515   515 I hwcomposer: [DBQ] (q2:0xb400007e67f87290) Alloc Slot(2), handle=0xb400007e27f80190 c=0 w=1200 h=1920 p=1200 ys=1200 vs=1920 f=2
04-18 16:50:22.086   515   655 D MDP     : DpAsyncBlit: in: job (6399 93) (1200, 1920, 4800, 0, C2s, P0), sec0, flush 0 Buffer 3199: plane=1 bufVA={0x60,0x0,0x0} bufMVA={0x0,0x0,0x0} bufSize={0x8ca000,0x0,0x0} proxy={0xb400007da7f95990,0x0,0x0}fence=93
04-18 16:50:22.086   515   655 D MDP     : DpAsyncBlit: out0: (1188, 1877, 4800, 0, C2s, P0), misc: (X:0, Y:0, R:0, F:0, S:0, A:0, D:0), sec0, flush 0 Buffer 3199: plane=1 bufVA={0x71,0x0,0x0} bufMVA={0x0,0x0,0x0} bufSize={0x8ca000,0x0,0x0} proxy={0xb400007da7f96020,0x0,0x0}fence=-1
04-18 16:50:22.086   515   655 D MDP     : DpAsyncBlit: crop0: (0, 25, 1200, 1895, 0, 0, 0, 0)
04-18 16:50:22.087   515   655 D MDP     : [PQ][PQRSZAdaptor(0)] SUPPORT_VIDEO_UR
04-18 16:50:22.095   898 12339 I InputDispatcher: setInputWindows displayId=0 Window{26d385e u0 NavigationBar0} Window{367127 u0 StatusBar} SnapshotStartingWindow for taskId=44#0 recents_animation_input_consumer Window{9588175 u0 com.yangcong345.cloud.launcher/com.yangcong345.padmodule.home.main.PadHomeActivity} 开始录制#0 com.debug.loggerui/com.debug.loggerui.MainActivity#0 com.yangcong345.cloud.launcher/com.yangcong345.cloud.control.PadLauncherActivity#0 Window{400a8e u0 com.android.systemui.ImageWallpaper}
04-18 16:50:22.101   515   655 D MDP     : DpAsyncBlit: in: job (6401 81) (1200, 1920, 4800, 0, C2s, P0), sec0, flush 0 Buffer 3200: plane=1 bufVA={0x59,0x0,0x0} bufMVA={0x0,0x0,0x0} bufSize={0x8ca000,0x0,0x0} proxy={0xb400007da7f96020,0x0,0x0}fence=81
04-18 16:50:22.101   515   655 D MDP     : DpAsyncBlit: out0: (1180, 1721, 4800, 0, C2s, P0), misc: (X:0, Y:0, R:0, F:0, S:0, A:0, D:0), sec0, flush 0 Buffer 3200: plane=1 bufVA={0x69,0x0,0x0} bufMVA={0x0,0x0,0x0} bufSize={0x8ca000,0x0,0x0} proxy={0xb400007da7f95a30,0x0,0x0}fence=109
04-18 16:50:22.101   515   655 D MDP     : DpAsyncBlit: crop0: (0, 170, 1200, 1750, 0, 0, 0, 0)
04-18 16:50:22.102   515   655 D MDP     : [PQ][PQRSZAdaptor(0)] SUPPORT_VIDEO_UR
04-18 16:50:22.110  1852  1852 I Matrix.ActivityThreadHacker: [handleMessage] msg.what:159 begin:19099082 isLaunchActivity:false SDK_INT=30
04-18 16:50:22.110  1852  1852 I Matrix.ActivityThreadHacker: [handleMessage] msg.what:159 begin:19099083 isLaunchActivity:false SDK_INT=30
04-18 16:50:22.110   546   546 I BufferQueueConsumer: [开始录制#0](id:222000002aa,api:0,p:-1,c:546) disconnect()
04-18 16:50:22.111   546   546 I BufferQueue: [开始录制#0](this:0xb400007248fb0208,id:682,api:1,p:-1,c:-1) onDestructor()
04-18 16:50:22.111  1852  1852 I wm_on_stop_called: [16360069,com.yangcong345.cloud.control.PadLauncherActivity,LIFECYCLER_STOP_ACTIVITY]
04-18 16:50:22.111  1852  1852 V PhoneWindow: DecorView setVisiblity: visibility = 4, Parent = android.view.ViewRootImpl@9a9c3b7, this = DecorView@56feb78[PadLauncherActivity]
04-18 16:50:22.112   898 12339 I InputDispatcher: setInputWindows displayId=0 Window{26d385e u0 NavigationBar0} Window{367127 u0 StatusBar} SnapshotStartingWindow for taskId=44#0 recents_animation_input_consumer Window{9588175 u0 com.yangcong345.cloud.launcher/com.yangcong345.padmodule.home.main.PadHomeActivity} com.debug.loggerui/com.debug.loggerui.MainActivity#0 com.yangcong345.cloud.launcher/com.yangcong345.cloud.control.PadLauncherActivity#0 Window{400a8e u0 com.android.systemui.ImageWallpaper}
04-18 16:50:22.112   898 12339 I InputDispatcher: Window went away: 开始录制#0
04-18 16:50:22.112  1852  1852 I Matrix.StartupTracer: activeActivityCount:2
04-18 16:50:22.113  1852  1852 I wm_on_destroy_called: [16360069,com.yangcong345.cloud.control.PadLauncherActivity,performDestroy]
04-18 16:50:22.113   898   917 D lwdebug : onWindowsDrawn com.yangcong345.cloud.launcher/com.yangcong345.padmodule.home.main.PadHomeActivity
04-18 16:50:22.117   515   655 D MDP     : DpAsyncBlit: in: job (6403 81) (1200, 1920, 4800, 0, C2s, P0), sec0, flush 0 Buffer 3201: plane=1 bufVA={0x5d,0x0,0x0} bufMVA={0x0,0x0,0x0} bufSize={0x8ca000,0x0,0x0} proxy={0xb400007da7f95a30,0x0,0x0}fence=81
04-18 16:50:22.116   546   606 I BufferQueueProducer: [com.yangcong345.cloud.launcher/com.yangcong345.cloud.control.PadLauncherActivity#0](id:222000002ac,api:1,p:1852,c:546) disconnect(): api=1
04-18 16:50:22.117   515   655 D MDP     : DpAsyncBlit: out0: (1172, 1413, 4800, 0, C2s, P0), misc: (X:0, Y:0, R:0, F:0, S:0, A:0, D:0), sec0, flush 0 Buffer 3201: plane=1 bufVA={0x6e,0x0,0x0} bufMVA={0x0,0x0,0x0} bufSize={0x8ca000,0x0,0x0} proxy={0xb400007da7f95c60,0x0,0x0}fence=41
04-18 16:50:22.117   515   655 D MDP     : DpAsyncBlit: crop0: (0, 472, 1200, 1448, 0, 0, 0, 0)
04-18 16:50:22.117   515   655 D MDP     : [PQ][PQRSZAdaptor(0)] SUPPORT_VIDEO_UR
04-18 16:50:22.117  1852  1852 D View    : [Warning] assignParent to null: this = DecorView@56feb78[PadLauncherActivity]
04-18 16:50:22.120   898   922 D ArtManagerInternalImpl: /data/misc/iorapd/com.yangcong345.cloud.launcher/13400/com.yangcong345.padmodule.home.main.PadHomeActivity/compiled_traces/compiled_trace.pb doesn't exist
04-18 16:50:22.120   898   922 I sysui_multi_action: [319,110,321,94,322,209,325,19098,757,761,758,8,759,4,806,com.yangcong345.cloud.launcher,871,com.yangcong345.padmodule.home.main.PadHomeActivity,904,com.yangcong345.cloud.launcher,905,0,1320,8,1321,1]
04-18 16:50:22.121   898   922 I wm_activity_launch_time: [0,145146270,com.yangcong345.cloud.launcher/com.yangcong345.padmodule.home.main.PadHomeActivity,209]
04-18 16:50:22.121   898   922 I ActivityTaskManager: Displayed com.yangcong345.cloud.launcher/com.yangcong345.padmodule.home.main.PadHomeActivity: +209ms
04-18 16:50:22.123  1852  1852 I InputTransport: Destroy ARC handle: 0xb40000721c2ccbd0
04-18 16:50:22.124  1852  1852 W Glide   : Load failed for [-1] with dimensions [156x156]
04-18 16:50:22.124  1852  1852 W Glide   : class com.bumptech.glide.load.engine.GlideException: Failed to load resource
04-18 16:50:22.126   898 12339 I wm_task_removed: [353,removeTask]
04-18 16:50:22.126   898 12339 I wm_stack_removed: 353
04-18 16:50:22.127   546   546 I BufferQueueConsumer: [com.yangcong345.cloud.launcher/com.yangcong345.cloud.control.PadLauncherActivity#0](id:222000002ac,api:0,p:-1,c:546) disconnect()
04-18 16:50:22.127   546   546 I BufferQueue: [com.yangcong345.cloud.launcher/com.yangcong345.cloud.control.PadLauncherActivity#0](this:0xb400007248f9f0f8,id:684,api:1,p:-1,c:-1) onDestructor()
04-18 16:50:22.127   898 12339 I wm_task_removed: [352,removeChild: last r=Task{9ae9d3d #353 visible=false type=home mode=fullscreen translucent=true A=10076:com.yangcong345.cloud.launcher U=0 StackId=353 sz=0} in t=Task{d6fb932 #352 visible=false type=home mode=fullscreen translucent=true I=com.yangcong345.cloud.launcher/com.yangcong345.cloud.control.PadLauncherActivity U=0 StackId=352 sz=0}]
04-18 16:50:22.127   898 12339 I wm_task_removed: [352,removeTask]
04-18 16:50:22.127   898 12339 I wm_task_removed: [352,removeTask]
04-18 16:50:22.127   898 12339 I wm_stack_removed: 352
04-18 16:50:22.127   898  1518 I InputDispatcher: setInputWindows displayId=0 Window{26d385e u0 NavigationBar0} Window{367127 u0 StatusBar} SnapshotStartingWindow for taskId=44#0 recents_animation_input_consumer Window{9588175 u0 com.yangcong345.cloud.launcher/com.yangcong345.padmodule.home.main.PadHomeActivity} com.debug.loggerui/com.debug.loggerui.MainActivity#0 Window{400a8e u0 com.android.systemui.ImageWallpaper}
04-18 16:50:22.127   898  1518 I InputDispatcher: Focus entered window: Window{9588175 u0 com.yangcong345.cloud.launcher/com.yangcong345.padmodule.home.main.PadHomeActivity} in display 0
04-18 16:50:22.127   898  1518 I InputDispatcher: Window went away: com.yangcong345.cloud.launcher/com.yangcong345.cloud.control.PadLauncherActivity#0
04-18 16:50:22.128   898 12339 I wm_task_removed: [353,removeChild: last r=ActivityRecord{f9a285 u0 com.yangcong345.cloud.launcher/com.yangcong345.cloud.control.PadLauncherActivity t-1 f}} in t=Task{9ae9d3d #353 visible=false type=home mode=fullscreen translucent=true A=10076:com.yangcong345.cloud.launcher U=0 StackId=353 sz=0}]
04-18 16:50:22.128   898 12339 I wm_task_removed: [353,removeTask]
04-18 16:50:22.129   515   515 I hwcomposer: [HWCLayer] setHwlayerType(), id:1005, release queue sp, type 3 -> 0
04-18 16:50:22.129   515   515 I hwcomposer: [DBQ] (q2:0xb400007e67f87290) Buffer queue is destroyed, m_id(1005)
04-18 16:50:22.129   515   515 I hwcomposer: [DBQ] (q2:0xb400007e67f87290) ~DisplayBufferQueue(), m_id(1005), release buf
04-18 16:50:22.130   515   515 I hwcomposer: [DBQ] (q2:0xb400007e67f87290) Free Slot(0), handle=0xb400007e27f86330, 9216000 -> 0
04-18 16:50:22.130   515   515 I hwcomposer: [DBQ] (q2:0xb400007e67f87290) Free Slot(1), handle=0xb400007e27f7fed0, 9216000 -> 0
04-18 16:50:22.130   515   515 I hwcomposer: [DBQ] (q2:0xb400007e67f87290) Free Slot(2), handle=0xb400007e27f80190, 9216000 -> 0
04-18 16:50:22.134  1852 18364 D CacheInterceptor: requestRemoteFirst
04-18 16:50:22.135  1852 18364 D CacheInterceptor: request local cache success
04-18 16:50:22.140  1852 18361 I System.out: [socket]:check permission begin!
04-18 16:50:22.141  2532  2532 I dnsmasq : query[A] important-notices.yangcong345.com from 192.168.50.124
