04-18 16:50:23.508 15927 15927 I auditd  : type=1400 audit(0.0:13251): avc: denied { getattr } for comm="DetectPable" path="/proc/cmdline" dev="proc" ino=4026532121 scontext=u:r:shell:s0 tcontext=u:object_r:proc_cmdline:s0 tclass=file permissive=1
04-18 16:50:23.508 15927 15927 I DetectPable: type=1400 audit(0.0:13251): avc: denied { getattr } for path="/proc/cmdline" dev="proc" ino=4026532121 scontext=u:r:shell:s0 tcontext=u:object_r:proc_cmdline:s0 tclass=file permissive=1
04-18 16:50:23.508 15927 15927 I auditd  : type=1400 audit(0.0:13252): avc: denied { getattr } for comm="DetectPable" path="/proc/bootprof" dev="proc" ino=4026532411 scontext=u:r:shell:s0 tcontext=u:object_r:proc_bootprof:s0 tclass=file permissive=1
04-18 16:50:23.508 15927 15927 I DetectPable: type=1400 audit(0.0:13252): avc: denied { getattr } for path="/proc/bootprof" dev="proc" ino=4026532411 scontext=u:r:shell:s0 tcontext=u:object_r:proc_bootprof:s0 tclass=file permissive=1
04-18 16:50:23.520   898  1099 E WifiVendorHal: getWifiLinkLayerStats_1_3_Internal(l.973) failed {.code = ERROR_NOT_SUPPORTED, .description = }
04-18 16:50:23.542  2205  2985 I System.out: [OkHttp] sendRequest>>
04-18 16:50:23.542  2205  2985 I System.out: [OkHttp] sendRequest<<
04-18 16:50:23.599  2205  2222 I 5.android.phon: Background young concurrent copying GC freed 80037(4920KB) AllocSpace objects, 24(568KB) LOS objects, 14% free, 32MB/38MB, paused 252us total 108.007ms
04-18 16:50:23.612 18419 18419 D AVStageFactory: createInstance(64bit): createVendorAVFactory success!
04-18 16:50:23.612 18419 18419 D AVStageUtils: createInstance(64bit): createVendorAVUtils success!
04-18 16:50:23.613 18419 18419 D AVStageFactory: createInstance(64bit): createVendorAVFactory success!
04-18 16:50:23.615 18419 18419 D AndroidRuntime: >>>>>> START com.android.internal.os.RuntimeInit uid 2000 <<<<<<
04-18 16:50:23.618 18419 18419 I AndroidRuntime: Using default boot image
04-18 16:50:23.619 18419 18419 I AndroidRuntime: Leaving lock profiling enabled
04-18 16:50:23.645 16169 16191 D UIAutomatorStub: AutomatorHttpServer monitor thread is alive
04-18 16:50:23.645 16169 16191 D UIAutomatorStub: name: Thread-2
04-18 16:50:23.645 16169 16191 D UIAutomatorStub: id: 302
04-18 16:50:23.645 16169 16191 D UIAutomatorStub: checking server monitor thread status
04-18 16:50:23.687   733   772 I Proximity: distance = 2
04-18 16:50:23.752  2039 18300 I DebugLoggerUI/ServiceStatusManager: statusChanged : LOG_STARTING_DONE, old status = LOG_STARTING
04-18 16:50:23.757 18419 18419 D app_process: Time zone APEX ICU file found: /apex/com.android.tzdata/etc/icu/icu_tzdata.dat
04-18 16:50:23.757  2039 18300 I DebugLoggerUI/ServiceStatusManager: getAllRunningLogTypes() runningTypes.Size = 3
04-18 16:50:23.758 18419 18419 D app_process: I18n APEX ICU file found: /apex/com.android.i18n/etc/icu/icudt66l.dat
04-18 16:50:23.758  2039 18300 W DebugLoggerUI/ServiceStatusManager: Notification is disabled, does not show any notification.
04-18 16:50:23.758  2039 18300 I DebugLoggerUI/ServiceStatusManager: setNotificationsEnabledForPackage() enabled ? false
04-18 16:50:23.759  2039 18300 I DebugLoggerUI/ServiceStatusManager: setNotificationsEnabledForPackage() enabled = false, applicationInfo.uid = 10080
04-18 16:50:23.760  2039 18300 I DebugLoggerUI: isAutoTest()-> Monkey running flag is false, isUserAMonkey=false
04-18 16:50:23.761  2039 18300 W DebugLoggerUI/ServiceStatusManager: showServiceNotification(), context = Mobile,Network,GPSHost Log 已打开.
04-18 16:50:23.762  2039 18300 E NotificationManager: notify   lock = 1
04-18 16:50:23.762  2039 18300 E NotificationManager: notify  ALLOW
04-18 16:50:23.762  2039 18300 E NotificationManager: notify   lock = 1
04-18 16:50:23.762  2039 18300 E NotificationManager: notify  ALLOW
04-18 16:50:23.763  2039 18300 E NotificationManager: notifyAsUser   lock = 1
04-18 16:50:23.763  2039 18300 E NotificationManager: notifyAsUser  ALLOW
04-18 16:50:23.767  2039 18300 I DebugLoggerUI/LogControllerUtils: <--isAnyControlledLogRunning()? true
04-18 16:50:23.768  2039 18300 I DebugLoggerUI/DebugLoggerUIService: <--startRecordingDone(), result = false, sucessType = 21, failType = 66
04-18 16:50:23.769 18419 18419 I app_process: The ClassLoaderContext is a special shared library.
04-18 16:50:23.792 18419 18419 W app_process: JNI RegisterNativeMethods: attempt to register 0 native methods for android.media.AudioAttributes
04-18 16:50:23.801 18419 18419 D AndroidRuntime: Calling main entry com.android.commands.monkey.Monkey
04-18 16:50:23.802 18419 18419 W Monkey  : args: [-p, com.yangcong345.android.phone, -v, -v, -v, -s, 1000, --ignore-crashes, --ignore-timeouts, --ignore-security-exceptions, --kill-process-after-error, --pct-appswitch, 20, --pct-touch, 40, --pct-motion, 10, --pct-trackball, 0, --pct-anyevent, 10, --pct-flip, 0, --pct-pinchzoom, 0, --throttle, 1000, 1200000000]
04-18 16:50:23.803 18419 18419 W Monkey  :  arg: "-p"
04-18 16:50:23.803 18419 18419 W Monkey  :  arg: "com.yangcong345.android.phone"
04-18 16:50:23.803 18419 18419 W Monkey  :  arg: "-v"
04-18 16:50:23.803 18419 18419 I chatty  : uid=2000(shell) com.android.commands.monkey identical 1 line
04-18 16:50:23.803 18419 18419 W Monkey  :  arg: "-v"
04-18 16:50:23.803 18419 18419 W Monkey  :  arg: "-s"
04-18 16:50:23.804 18419 18419 W Monkey  :  arg: "1000"
04-18 16:50:23.804 18419 18419 W Monkey  :  arg: "--ignore-crashes"
04-18 16:50:23.804 18419 18419 W Monkey  :  arg: "--ignore-timeouts"
04-18 16:50:23.804 18419 18419 W Monkey  :  arg: "--ignore-security-exceptions"
04-18 16:50:23.804 18419 18419 W Monkey  :  arg: "--kill-process-after-error"
04-18 16:50:23.804 18419 18419 W Monkey  :  arg: "--pct-appswitch"
04-18 16:50:23.804 18419 18419 W Monkey  :  arg: "20"
04-18 16:50:23.804 18419 18419 W Monkey  :  arg: "--pct-touch"
04-18 16:50:23.804 18419 18419 W Monkey  :  arg: "40"
04-18 16:50:23.804 18419 18419 W Monkey  :  arg: "--pct-motion"
04-18 16:50:23.805 18419 18419 W Monkey  :  arg: "10"
04-18 16:50:23.805 18419 18419 W Monkey  :  arg: "--pct-trackball"
04-18 16:50:23.805 18419 18419 W Monkey  :  arg: "0"
04-18 16:50:23.805 18419 18419 W Monkey  :  arg: "--pct-anyevent"
04-18 16:50:23.805 18419 18419 W Monkey  :  arg: "10"
04-18 16:50:23.805 18419 18419 W Monkey  :  arg: "--pct-flip"
04-18 16:50:23.805 18419 18419 W Monkey  :  arg: "0"
04-18 16:50:23.805 18419 18419 W Monkey  :  arg: "--pct-pinchzoom"
04-18 16:50:23.806 18419 18419 W Monkey  :  arg: "0"
04-18 16:50:23.806 18419 18419 W Monkey  :  arg: "--throttle"
04-18 16:50:23.806 18419 18419 W Monkey  :  arg: "1000"
04-18 16:50:23.806 18419 18419 W Monkey  :  arg: "1200000000"
04-18 16:50:23.806 18419 18419 W Monkey  : data="com.yangcong345.android.phone"
04-18 16:50:23.806 18419 18419 W Monkey  : data="1000"
04-18 16:50:23.806 18419 18419 W Monkey  : arg="--ignore-crashes" mCurArgData="null" mNextArg=8 argwas="--ignore-crashes" nextarg="--ignore-timeouts"
04-18 16:50:23.807 18419 18419 W Monkey  : arg="--ignore-timeouts" mCurArgData="null" mNextArg=9 argwas="--ignore-timeouts" nextarg="--ignore-security-exceptions"
04-18 16:50:23.807 18419 18419 W Monkey  : arg="--ignore-security-exceptions" mCurArgData="null" mNextArg=10 argwas="--ignore-security-exceptions" nextarg="--kill-process-after-error"
04-18 16:50:23.807 18419 18419 W Monkey  : arg="--kill-process-after-error" mCurArgData="null" mNextArg=11 argwas="--kill-process-after-error" nextarg="--pct-appswitch"
04-18 16:50:23.807 18419 18419 W Monkey  : arg="--pct-appswitch" mCurArgData="null" mNextArg=12 argwas="--pct-appswitch" nextarg="20"
04-18 16:50:23.807 18419 18419 W Monkey  : data="20"
04-18 16:50:23.807 18419 18419 W Monkey  : arg="--pct-touch" mCurArgData="null" mNextArg=14 argwas="--pct-touch" nextarg="40"
04-18 16:50:23.808 18419 18419 W Monkey  : data="40"
04-18 16:50:23.808 18419 18419 W Monkey  : arg="--pct-motion" mCurArgData="null" mNextArg=16 argwas="--pct-motion" nextarg="10"
04-18 16:50:23.808 18419 18419 W Monkey  : data="10"
04-18 16:50:23.808 18419 18419 W Monkey  : arg="--pct-trackball" mCurArgData="null" mNextArg=18 argwas="--pct-trackball" nextarg="0"
04-18 16:50:23.808 18419 18419 W Monkey  : data="0"
04-18 16:50:23.808 18419 18419 W Monkey  : arg="--pct-anyevent" mCurArgData="null" mNextArg=20 argwas="--pct-anyevent" nextarg="10"
04-18 16:50:23.808 18419 18419 W Monkey  : data="10"
04-18 16:50:23.808 18419 18419 W Monkey  : arg="--pct-flip" mCurArgData="null" mNextArg=22 argwas="--pct-flip" nextarg="0"
04-18 16:50:23.809 18419 18419 W Monkey  : data="0"
04-18 16:50:23.809 18419 18419 W Monkey  : arg="--pct-pinchzoom" mCurArgData="null" mNextArg=24 argwas="--pct-pinchzoom" nextarg="0"
04-18 16:50:23.809 18419 18419 W Monkey  : data="0"
04-18 16:50:23.809 18419 18419 W Monkey  : arg="--throttle" mCurArgData="null" mNextArg=26 argwas="--throttle" nextarg="1000"
04-18 16:50:23.809 18419 18419 W Monkey  : data="1000"
04-18 16:50:23.837 18419 18419 I Monkey  : :Monkey: seed=1000 count=1200000000
04-18 16:50:23.837 18419 18419 I Monkey  : :AllowPackage: com.yangcong345.android.phone
04-18 16:50:23.837 18419 18419 I Monkey  : :IncludeCategory: android.intent.category.LAUNCHER
04-18 16:50:23.837 18419 18419 I Monkey  : :IncludeCategory: android.intent.category.MONKEY
04-18 16:50:23.840 18419 18419 I app_process: The ClassLoaderContext is a special shared library.
04-18 16:50:23.848 18419 18419 I service_manager_slow: [10,activity]
04-18 16:50:23.851   898   923 W BroadcastQueue: Skipping deliver [background] BroadcastRecord{b7bd603 u-1 android.net.conn.CONNECTIVITY_CHANGE} to ReceiverList{8413980 18419 (unknown name)/2000/u-1 remote:8fdc0bd}: process gone or crashing
04-18 16:50:23.854   898 12339 D HraManager: hra getBlackIntentActionList
04-18 16:50:23.858 18419 18419 I Monkey  : // Selecting main activities from category android.intent.category.LAUNCHER
04-18 16:50:23.858 18419 18419 I Monkey  : //   - NOT USING main activity com.android.calendar.AllInOneActivity (from package com.android.calendar)
04-18 16:50:23.859 18419 18419 I Monkey  : //   - NOT USING main activity com.android.deskclock.DeskClock (from package com.android.deskclock)
04-18 16:50:23.859 18419 18419 I Monkey  : //   - NOT USING main activity com.android.gallery3d.app.GalleryActivity (from package com.android.gallery3d)
04-18 16:50:23.859 18419 18419 I Monkey  : //   - NOT USING main activity com.android.music.MusicBrowserActivity (from package com.android.music)
04-18 16:50:23.859 18419 18419 I Monkey  : //   - NOT USING main activity com.android.settings.Settings (from package com.android.settings)
04-18 16:50:23.859 18419 18419 I Monkey  : //   - NOT USING main activity com.cookiegames.smartcookie.MainActivity (from package com.cookiegames.smartcookie)
04-18 16:50:23.860 18419 18419 I Monkey  : //   - NOT USING main activity com.mediatek.camera.CameraLauncher (from package com.mediatek.camera)
04-18 16:50:23.860 18419 18419 I Monkey  : //   - NOT USING main activity com.yangcong345.cloud.control.PadLauncherActivity (from package com.yangcong345.cloud.launcher)
04-18 16:50:23.860 18419 18419 I Monkey  : //   - NOT USING main activity com.yangcong345.cloud.toolbox.home.MainHomeActivity (from package com.yangcong345.cloud.toolbox)
04-18 16:50:23.860 18419 18419 I Monkey  : //   - NOT USING main activity com.yangcong345.pad.systemsetting.SystemSettingActivity (from package com.yangcong345.pad.systemsetting)
04-18 16:50:23.860 18419 18419 I Monkey  : //   - NOT USING main activity com.google.android.apps.chrome.Main (from package org.chromium.browser)
04-18 16:50:23.861 18419 18419 I Monkey  : //   - NOT USING main activity com.yangcong345.eye.protection.LauncherActivity (from package com.yangcong345.eye.protection)
04-18 16:50:23.861 18419 18419 I Monkey  : //   - NOT USING main activity com.adups.fota.GoogleOtaClient (from package com.adups.fota)
04-18 16:50:23.861 18419 18419 I Monkey  : //   - NOT USING main activity com.android.calculator2.Calculator (from package com.android.calculator2)
04-18 16:50:23.861  2205  3985 I 5.android.phon: Explicit concurrent copying GC freed 8567(512KB) AllocSpace objects, 49(980KB) LOS objects, 16% free, 31MB/37MB, paused 102us total 170.408ms
04-18 16:50:23.861 18419 18419 I Monkey  : //   - NOT USING main activity com.android.documentsui.LauncherActivity (from package com.android.documentsui)
04-18 16:50:23.861 18419 18419 I Monkey  : //   - NOT USING main activity com.sprd.soundrecorder.RecorderActivity (from package com.android.soundrecorder)
04-18 16:50:23.861 18419 18419 I Monkey  : //   - NOT USING main activity com.alibaba.android.rimet.biz.LaunchHomeActivity (from package com.alibaba.android.rimet)
04-18 16:50:23.862 18419 18419 I Monkey  : //   - NOT USING main activity com.ihuman.ff.ui.LaunchActivity (from package com.ihuman.ff)
04-18 16:50:23.862 18419 18419 I Monkey  : //   + Using main activity com.yangcong345.main.phone.splash.SplashActivity (from package com.yangcong345.android.phone)
04-18 16:50:23.863   898 12339 D HraManager: hra getBlackIntentActionList
04-18 16:50:23.864 18419 18419 I Monkey  : // Selecting main activities from category android.intent.category.MONKEY
04-18 16:50:23.864 18419 18419 I Monkey  : //   - NOT USING main activity com.android.settings.Settings$RunningServicesActivity (from package com.android.settings)
04-18 16:50:23.864 18419 18419 I Monkey  : //   - NOT USING main activity com.android.settings.Settings$StorageUseActivity (from package com.android.settings)
04-18 16:50:23.864 18419 18419 I Monkey  : //   - NOT USING main activity com.android.launcher3.uioverrides.QuickstepLauncher (from package com.android.launcher3)
04-18 16:50:23.865 18419 18419 I Monkey  : // Seeded: 1000
04-18 16:50:23.868 18419 18419 I Monkey  : // Event percentages:
04-18 16:50:23.868 18419 18419 I Monkey  : //   0: 40.0%
04-18 16:50:23.869 18419 18419 I Monkey  : //   1: 10.0%
04-18 16:50:23.869 18419 18419 I Monkey  : //   2: -0.0%
04-18 16:50:23.869 18419 18419 I Monkey  : //   3: -0.0%
04-18 16:50:23.869 18419 18419 I Monkey  : //   4: -0.0%
04-18 16:50:23.869 18419 18419 I Monkey  : //   5: -0.0%
04-18 16:50:23.869 18419 18419 I Monkey  : //   6: 11.904762%
04-18 16:50:23.869 18419 18419 I Monkey  : //   7: 7.142857%
04-18 16:50:23.869 18419 18419 I Monkey  : //   8: 0.95238096%
04-18 16:50:23.869 18419 18419 I Monkey  : //   9: 20.0%
04-18 16:50:23.870 18419 18419 I Monkey  : //   10: -0.0%
04-18 16:50:23.870 18419 18419 I Monkey  : //   11: 10.0%
04-18 16:50:23.870 18419 18419 I Monkey  : :Switch: #Intent;action=android.intent.action.MAIN;category=android.intent.category.LAUNCHER;launchFlags=0x10200000;component=com.yangcong345.android.phone/com.yangcong345.main.phone.splash.SplashActivity;end
04-18 16:50:23.871   898 12339 D HraManager: hra getBlackActivityList
04-18 16:50:23.872   898 12339 D HraManagerService:  getBlackActivityList
04-18 16:50:23.872   898 12339 D HraManager: hra getBlackIntentActionList
04-18 16:50:23.872   898 12339 I ActivityTaskManager: START u0 {act=android.intent.action.MAIN cat=[android.intent.category.LAUNCHER] flg=0x10200000 cmp=com.yangcong345.android.phone/com.yangcong345.main.phone.splash.SplashActivity} from uid 2000
04-18 16:50:23.873 18419 18419 I Monkey  :     // Allowing start of Intent { act=android.intent.action.MAIN cat=[android.intent.category.LAUNCHER] cmp=com.yangcong345.android.phone/com.yangcong345.main.phone.splash.SplashActivity } in package com.yangcong345.android.phone
04-18 16:50:23.877   898 12339 I wm_task_created: [354,-1]
04-18 16:50:23.877   898 12339 I wm_stack_created: 354
04-18 16:50:23.880   898 12339 I wm_create_task: [0,354]
04-18 16:50:23.880   898 12339 I wm_create_activity: [0,121662892,354,com.yangcong345.android.phone/com.yangcong345.main.phone.splash.SplashActivity,android.intent.action.MAIN,NULL,NULL,270532608]
04-18 16:50:23.880   533   559 I mtkpower@impl: [setMode] type:5, enabled:1
04-18 16:50:23.881  1852  1852 I Matrix.ActivityThreadHacker: [handleMessage] msg.what:159 begin:19100854 isLaunchActivity:false SDK_INT=30
04-18 16:50:23.881   898 12339 I wm_pause_activity: [0,145146270,com.yangcong345.cloud.launcher/com.yangcong345.padmodule.home.main.PadHomeActivity,userLeaving=true]
04-18 16:50:23.881  1852  1852 I wm_on_top_resumed_lost_called: [145146270,com.yangcong345.padmodule.home.main.PadHomeActivity,topStateChangedWhenResumed]
04-18 16:50:23.881  1852  1852 I Matrix.ActivityThreadHacker: [handleMessage] msg.what:159 begin:19100854 isLaunchActivity:false SDK_INT=30
04-18 16:50:23.881   533   598 I libPowerHal: [perfLockAcq] idx:1 hdl:2351 hint:11 pid:533 duration:30000 => ret_hdl:2351
04-18 16:50:23.881   533   598 I libPowerHal: [PE] scn:1 hdl:2351 hint:11 comm:mtkpower@1.0-se pid:533
04-18 16:50:23.882   533   598 I libPowerHal: LAUNCH: cpu_ctrl set cpu freq: 1989000 -1 1989000 -1
04-18 16:50:23.882   533   598 I libPowerHal: [PE] LAUNCH update cmd:1000000, param:0
04-18 16:50:23.882   533   598 I libPowerHal: [PE] LAUNCH update cmd:1408300, param:100
04-18 16:50:23.882   533   598 I libPowerHal: [PE] LAUNCH update cmd:1000000 param:0
04-18 16:50:23.882   533   598 I libPowerHal: [perfLockRel] hdl:2350, idx:0
04-18 16:50:23.882   533   598 I libPowerHal: [PD] scn:0 hdl:2350 hint:30 comm:mtkpower@1.0-se pid:533
04-18 16:50:23.882   533   598 I libPowerHal: [PD] MTKPOWER_HINT_EXT_LAUNCH update cmd:2020000 param:1
04-18 16:50:23.883   533   598 I libPowerHal: [perfLockAcq] idx:2 hdl:2352 hint:22 pid:533 duration:10000 => ret_hdl:2352
04-18 16:50:23.883   533   598 I libPowerHal: [PE] scn:2 hdl:2352 hint:22 comm:mtkpower@1.0-se pid:533
04-18 16:50:23.884 18419 18419 I Monkey  : Sleeping for 1000 milliseconds
04-18 16:50:23.886  1852  1852 I Matrix.ActivityThreadHacker: [handleMessage] msg.what:159 begin:19100859 isLaunchActivity:false SDK_INT=30
04-18 16:50:23.887  1852  1852 I wm_on_paused_called: [145146270,com.yangcong345.padmodule.home.main.PadHomeActivity,performPause]
04-18 16:50:23.888   898 12339 W ActivityTaskManager: Tried to set launchTime (0) < mLastActivityLaunchTime (18610930)
04-18 16:50:23.888   898 12339 I wm_add_to_stopping: [0,145146270,com.yangcong345.cloud.launcher/com.yangcong345.padmodule.home.main.PadHomeActivity,makeInvisible]
04-18 16:50:23.886  1852  1852 I Matrix.ActivityThreadHacker: [handleMessage] msg.what:159 begin:19100859 isLaunchActivity:false SDK_INT=30
04-18 16:50:23.891   733   772 I Proximity: distance = 2
04-18 16:50:23.892   898 12339 I wm_restart_activity: [0,121662892,354,com.yangcong345.android.phone/com.yangcong345.main.phone.splash.SplashActivity]
04-18 16:50:23.892   898  1518 I InputDispatcher: setInputWindows displayId=0 Window{26d385e u0 NavigationBar0} Window{367127 u0 StatusBar} recents_animation_input_consumer Window{9588175 u0 com.yangcong345.cloud.launcher/com.yangcong345.padmodule.home.main.PadHomeActivity} Window{400a8e u0 com.android.systemui.ImageWallpaper}
04-18 16:50:23.892   515   515 I hwcomposer: [HWCDisplay] [Display_0 (type:1)] fps:13.283706,dur:1505.60,max:987.53,min:13.64
04-18 16:50:23.893   533   598 I libPowerHal: [perfNotifyAppState] foreground:com.yangcong345.android.phone, pid:2205, uid:10075
04-18 16:50:23.893   533   598 E UxUtility: notifyAppState error = NULL
04-18 16:50:23.893   533   598 I TouchUtility: notifyAppState error = NULL
04-18 16:50:23.893   898 12339 W WindowManager: Changing focus fromWindow{9588175 u0 com.yangcong345.cloud.launcher/com.yangcong345.padmodule.home.main.PadHomeActivity} to null displayId=0 Callers=com.android.server.wm.RootWindowContainer.updateFocusedWindowLocked:457 com.android.server.wm.WindowManagerService.updateFocusedWindowLocked:5611 com.android.server.wm.DisplayContent.setFocusedApp:5534 com.android.server.wm.ActivityTaskManagerService.setResumedActivityUncheckLocked:5548
04-18 16:50:23.893   533   558 I mtkpower@impl: [notifyAppState] pc:0, com.yangcong345.cloud.launcher => com.yangcong345.android.phone
04-18 16:50:23.893   898 12339 I wm_set_resumed_activity: [0,com.yangcong345.android.phone/com.yangcong345.main.phone.splash.SplashActivity,minimalResumeActivityLocked]
04-18 16:50:23.898   898   916 I sysui_multi_action: [757,803,799,window_time_0,802,2]
04-18 16:50:23.909   898 12339 I InputDispatcher: setInputWindows displayId=0 Window{26d385e u0 NavigationBar0} Window{367127 u0 StatusBar} recents_animation_input_consumer Window{9588175 u0 com.yangcong345.cloud.launcher/com.yangcong345.padmodule.home.main.PadHomeActivity} Window{400a8e u0 com.android.systemui.ImageWallpaper}
04-18 16:50:23.953   898 12339 I chatty  : uid=1000(system) Binder:898_10 identical 3 lines
04-18 16:50:23.970   898 12339 I InputDispatcher: setInputWindows displayId=0 Window{26d385e u0 NavigationBar0} Window{367127 u0 StatusBar} recents_animation_input_consumer Window{9588175 u0 com.yangcong345.cloud.launcher/com.yangcong345.padmodule.home.main.PadHomeActivity} Window{400a8e u0 com.android.systemui.ImageWallpaper}
04-18 16:50:23.986   898 14009 I InputDispatcher: setInputWindows displayId=0 Window{26d385e u0 NavigationBar0} Window{367127 u0 StatusBar} recents_animation_input_consumer Window{9588175 u0 com.yangcong345.cloud.launcher/com.yangcong345.padmodule.home.main.PadHomeActivity} Window{400a8e u0 com.android.systemui.ImageWallpaper}
04-18 16:50:23.988   546   866 I SurfaceFlinger: [SF client] NEW(0xb400007198d69890) for (898:system_server)
04-18 16:50:23.988   898   917 D ViewRootImpl[phone]: hardware acceleration = false , fakeHwAccelerated = true, sRendererDisabled = false, forceHwAccelerated = false, sSystemRendererDisabled = false
04-18 16:50:23.991   898   917 I InputTransport: Create ARC handle: 0xb40000721c1e43d0
04-18 16:50:24.000   898 14009 I InputDispatcher: setInputWindows displayId=0 Window{26d385e u0 NavigationBar0} Window{367127 u0 StatusBar} recents_animation_input_consumer Window{9588175 u0 com.yangcong345.cloud.launcher/com.yangcong345.padmodule.home.main.PadHomeActivity} Window{400a8e u0 com.android.systemui.ImageWallpaper}
04-18 16:50:24.001   546   866 I BufferQueueConsumer: [](id:222000002ae,api:0,p:-1,c:546) connect(): controlledByApp=false
04-18 16:50:24.002   546   866 I BufferQueue: [unnamed-546-686](this:0xb400007248f93038,id:686,api:0,p:-1,c:-1) BufferQueue core=(546:/system/bin/surfaceflinger)
04-18 16:50:24.004   898   917 D Surface : lockCanvas
04-18 16:50:24.004   546   866 I BufferQueueProducer: [Splash Screen com.yangcong345.android.phone#0](id:222000002ae,api:2,p:898,c:546) connect(): api=2 producerControlledByApp=false
04-18 16:50:24.016   898 14009 I InputDispatcher: setInputWindows displayId=0 Window{26d385e u0 NavigationBar0} Window{367127 u0 StatusBar} Splash Screen com.yangcong345.android.phone#0 recents_animation_input_consumer com.yangcong345.cloud.launcher/com.yangcong345.padmodule.home.main.PadHomeActivity#0 Window{400a8e u0 com.android.systemui.ImageWallpaper}
04-18 16:50:24.016   898 14009 I InputDispatcher: Focus left window: Window{9588175 u0 com.yangcong345.cloud.launcher/com.yangcong345.padmodule.home.main.PadHomeActivity} in display 0
04-18 16:50:24.016   898 14009 I InputDispatcher: Window went away: Window{9588175 u0 com.yangcong345.cloud.launcher/com.yangcong345.padmodule.home.main.PadHomeActivity}
04-18 16:50:24.017  1852  1852 I Matrix.AppMethodBeat: [at] visibleScene[com.yangcong345.padmodule.home.main.PadHomeActivity] has detach focus!
04-18 16:50:24.032   898 14009 I InputDispatcher: setInputWindows displayId=0 Window{26d385e u0 NavigationBar0} Window{367127 u0 StatusBar} Splash Screen com.yangcong345.android.phone#0 recents_animation_input_consumer com.yangcong345.cloud.launcher/com.yangcong345.padmodule.home.main.PadHomeActivity#0 Window{400a8e u0 com.android.systemui.ImageWallpaper}
04-18 16:50:24.049   898 14009 I InputDispatcher: setInputWindows displayId=0 Window{26d385e u0 NavigationBar0} Window{367127 u0 StatusBar} Window{d9e8786 u0 Splash Screen com.yangcong345.android.phone} recents_animation_input_consumer com.yangcong345.cloud.launcher/com.yangcong345.padmodule.home.main.PadHomeActivity#0 Window{400a8e u0 com.android.systemui.ImageWallpaper}
04-18 16:50:24.049   898 14009 I InputDispatcher: Window went away: Splash Screen com.yangcong345.android.phone#0
04-18 16:50:24.051   546   546 I SurfaceFlinger: operator()(), mtkRenderCntDebug 616, screenshot (com.yangcong345.cloud.launcher/com.yangcong345.padmodule.home.main.PadHomeActivity#0)
04-18 16:50:24.064   898   916 I configuration_changed: 536872064
04-18 16:50:24.065   898  1518 I InputDispatcher: setInputWindows displayId=0 Window{26d385e u0 NavigationBar0} Window{367127 u0 StatusBar} Window{d9e8786 u0 Splash Screen com.yangcong345.android.phone} recents_animation_input_consumer com.yangcong345.cloud.launcher/com.yangcong345.padmodule.home.main.PadHomeActivity#0 Window{400a8e u0 com.android.systemui.ImageWallpaper}
04-18 16:50:24.069   898   916 I ActivityTaskManager: Config changes=20000480 {1.02 ?mcc?mnc [zh_CN] ldltr sw600dp w600dp h936dp 320dpi lrg port finger -keyb/v/h -nav/h winConfig={ mBounds=Rect(0, 0 - 1200, 1920) mAppBounds=Rect(0, 0 - 1200, 1920) mWindowingMode=fullscreen mDisplayWindowingMode=fullscreen mActivityType=undefined mAlwaysOnTop=undefined mRotation=ROTATION_0} s.4902}
04-18 16:50:24.074   546  1663 I BufferQueueProducer: [com.yangcong345.cloud.launcher/com.yangcong345.padmodule.home.main.PadHomeActivity#0](id:222000002ad,api:1,p:1852,c:546) disconnect(): api=1
04-18 16:50:24.074   898  3439 I GED     : ged_boost_gpu_freq, level 100, eOrigin 2, final_idx 15, oppidx_max 15, oppidx_min 0
04-18 16:50:24.082   898 12339 I InputDispatcher: setInputWindows displayId=0 Window{26d385e u0 NavigationBar0} Window{367127 u0 StatusBar} Window{d9e8786 u0 Splash Screen com.yangcong345.android.phone} recents_animation_input_consumer com.yangcong345.cloud.launcher/com.yangcong345.padmodule.home.main.PadHomeActivity#0 Window{400a8e u0 com.android.systemui.ImageWallpaper}
04-18 16:50:24.090   898   916 I WindowManager: Override config changes=20000480 {1.02 ?mcc?mnc [zh_CN] ldltr sw600dp w600dp h936dp 320dpi lrg port finger -keyb/v/h -nav/h winConfig={ mBounds=Rect(0, 0 - 1200, 1920) mAppBounds=Rect(0, 0 - 1200, 1920) mWindowingMode=fullscreen mDisplayWindowingMode=fullscreen mActivityType=undefined mAlwaysOnTop=undefined mRotation=ROTATION_0} s.4902} for displayId=0
04-18 16:50:24.093   898   916 I sysui_multi_action: [757,1659,758,4,759,1,1660,0]
04-18 16:50:24.098   898  8304 I InputDispatcher: setInputWindows displayId=0 Window{26d385e u0 NavigationBar0} Window{367127 u0 StatusBar} Window{d9e8786 u0 Splash Screen com.yangcong345.android.phone} recents_animation_input_consumer com.yangcong345.cloud.launcher/com.yangcong345.padmodule.home.main.PadHomeActivity#0 Window{400a8e u0 com.android.systemui.ImageWallpaper}
04-18 16:50:24.101   733   772 I Proximity: distance = 2
04-18 16:50:24.102  1247  1247 D StatusBar: disable<e i a s b h r c s > disable2<q i n >
04-18 16:50:24.105  1247  1247 D View    : [Warning] assignParent to null: this = com.android.systemui.assist.AssistOrbContainer{e48620d G.E...... ......ID 0,0-1920,500}
04-18 16:50:24.108   546   865 I SurfaceFlinger: [SF client] NEW(0xb400007198d66870) for (1247:com.android.systemui)
04-18 16:50:24.110  1247  1247 D ViewRootImpl[AssistPreviewPanel]: hardware acceleration = true , fakeHwAccelerated = false, sRendererDisabled = false, forceHwAccelerated = false, sSystemRendererDisabled = false
04-18 16:50:24.114   898 14009 I InputDispatcher: setInputWindows displayId=0 Window{26d385e u0 NavigationBar0} Window{367127 u0 StatusBar} Window{d9e8786 u0 Splash Screen com.yangcong345.android.phone} recents_animation_input_consumer com.yangcong345.cloud.launcher/com.yangcong345.padmodule.home.main.PadHomeActivity#0 Window{400a8e u0 com.android.systemui.ImageWallpaper}
04-18 16:50:24.115  1852  1852 I Matrix.ActivityThreadHacker: [handleMessage] msg.what:159 begin:19101088 isLaunchActivity:false SDK_INT=30
04-18 16:50:24.115  1852  1852 I Matrix.ActivityThreadHacker: [handleMessage] msg.what:159 begin:19101088 isLaunchActivity:false SDK_INT=30
04-18 16:50:24.116   898   916 I InputManager-JNI: Viewport [0] to add: local:0, isActive: true
04-18 16:50:24.118  1414  1414 D MtkSubscriptionInfoUpdater: onReceive, Action: android.intent.action.CONFIGURATION_CHANGED
04-18 16:50:24.121   898  1030 I InputReader: Reconfiguring input devices, changes=DISPLAY_INFO |
04-18 16:50:24.121   898  1030 I InputReader: Device reconfigured: id=5, name='mtk-tpd', size 1200x1920, orientation 0, mode 1, display id 0
04-18 16:50:24.121   898  1030 I InputReader: Device reconfigured: id=4, name='mtk-common', size 1200x1920, orientation 0, mode 1, display id 0
04-18 16:50:24.122  2205  2205 E ActivityThread: Failed to find provider info for com.example.edcationcloud
04-18 16:50:24.123  2205  2205 D test_act: com.yangcong345.android.phone
04-18 16:50:24.127  1247  1247 I InputTransport: Create ARC handle: 0xb40000721c21d430
04-18 16:50:24.127   898  1518 D HraManager: hra getBlackIntentActionList
04-18 16:50:24.123  2205  2205 E ActivityThread: Failed to find provider info for com.example.edcationcloud
04-18 16:50:24.127   898  1518 I ActivityTaskManager: START u0 {act=android.intent.action.VIEW dat=ycmath://padlauncher.com/homePage?position=-1 cmp=com.yangcong345.cloud.launcher/com.yangcong345.support.common.LauncherSchemeActivity} from uid 10075
04-18 16:50:24.129 18419 18456 I Monkey  :     // Rejecting start of Intent { act=android.intent.action.VIEW dat=ycmath://padlauncher.com/homePage?position=-1 cmp=com.yangcong345.cloud.launcher/com.yangcong345.support.common.LauncherSchemeActivity } in package com.yangcong345.cloud.launcher
04-18 16:50:24.130   898  1518 I wm_finish_activity: [0,121662892,354,com.yangcong345.android.phone/com.yangcong345.main.phone.splash.SplashActivity,app-request]
04-18 16:50:24.130   898  1518 I wm_focused_stack: [0,0,44,354,finish-top adjustFocusToNextFocusableStack]
04-18 16:50:24.130   898  8304 I InputDispatcher: setInputWindows displayId=0 Window{26d385e u0 NavigationBar0} Window{367127 u0 StatusBar} Window{d9e8786 u0 Splash Screen com.yangcong345.android.phone} recents_animation_input_consumer com.yangcong345.cloud.launcher/com.yangcong345.padmodule.home.main.PadHomeActivity#0 Window{400a8e u0 com.android.systemui.ImageWallpaper}
04-18 16:50:24.131   898   975 I commit_sys_config_file: [settings-2-0,7]
04-18 16:50:24.132   546   546 I SurfaceFlinger: operator()(), mtkRenderCntDebug 617, screenshot (Splash Screen com.yangcong345.android.phone#0)
04-18 16:50:24.139   898  1518 I wm_pause_activity: [0,121662892,com.yangcong345.android.phone/com.yangcong345.main.phone.splash.SplashActivity,userLeaving=false]
04-18 16:50:24.140   533   598 I libPowerHal: [perfLockAcq] idx:0 hdl:2353 hint:22 pid:533 duration:10000 => ret_hdl:2353
04-18 16:50:24.140   533   598 I libPowerHal: [PE] scn:0 hdl:2353 hint:22 comm:mtkpower@1.0-se pid:533
04-18 16:50:24.141   533   598 I libPowerHal: [perfLockRel] hdl:2352, idx:2
04-18 16:50:24.141   533   598 I libPowerHal: [PD] scn:2 hdl:2352 hint:22 comm:mtkpower@1.0-se pid:533
04-18 16:50:24.143  2205  2205 I wm_on_create_called: [121662892,com.yangcong345.main.phone.splash.SplashActivity,performCreate]
04-18 16:50:24.145   898   916 I sysui_multi_action: [757,1144,758,8,806,com.yangcong345.android.phone,871,com.yangcong345.main.phone.splash.SplashActivity]
04-18 16:50:24.146   898   917 D Surface : lockCanvas
04-18 16:50:24.146   898  1244 I InputDispatcher: setInputWindows displayId=0 Window{26d385e u0 NavigationBar0} Window{367127 u0 StatusBar} Window{d9e8786 u0 Splash Screen com.yangcong345.android.phone} recents_animation_input_consumer com.yangcong345.cloud.launcher/com.yangcong345.padmodule.home.main.PadHomeActivity#0 Window{400a8e u0 com.android.systemui.ImageWallpaper}
04-18 16:50:24.151  1565  1595 I droid.launcher: Waiting for a blocking GC ProfileSaver
04-18 16:50:24.154   898  1244 I wm_add_to_stopping: [0,121662892,com.yangcong345.android.phone/com.yangcong345.main.phone.splash.SplashActivity,completeFinishing]
04-18 16:50:24.156   898  1244 I wm_set_resumed_activity: [0,com.yangcong345.cloud.launcher/com.yangcong345.padmodule.home.main.PadHomeActivity,resumeTopActivityInnerLocked]
04-18 16:50:24.156   533   598 I libPowerHal: [perfNotifyAppState] foreground:com.yangcong345.cloud.launcher, pid:1852, uid:10076
04-18 16:50:24.156   533   598 E UxUtility: notifyAppState error = NULL
04-18 16:50:24.156   533   598 I TouchUtility: notifyAppState error = NULL
04-18 16:50:24.156   533   558 I mtkpower@impl: [notifyAppState] pc:0, com.yangcong345.android.phone => com.yangcong345.cloud.launcher
04-18 16:50:24.158   898  1244 I wm_resume_activity: [0,145146270,44,com.yangcong345.cloud.launcher/com.yangcong345.padmodule.home.main.PadHomeActivity]
04-18 16:50:24.163   898  1401 I InputDispatcher: setInputWindows displayId=0 Window{26d385e u0 NavigationBar0} Window{367127 u0 StatusBar} Window{d9e8786 u0 Splash Screen com.yangcong345.android.phone} recents_animation_input_consumer com.yangcong345.cloud.launcher/com.yangcong345.padmodule.home.main.PadHomeActivity#0 Window{400a8e u0 com.android.systemui.ImageWallpaper}
04-18 16:50:24.164   898   916 I sysui_multi_action: [757,803,799,window_time_0,802,0]
04-18 16:50:24.171  1565  1595 I droid.launcher: WaitForGcToComplete blocked ProfileSaver on HeapTrim for 19.235ms
04-18 16:50:24.171  1247  1247 V NavigationBarView: home = true
04-18 16:50:24.171   898 14009 I WindowManager: Relayout Window{9588175 u0 com.yangcong345.cloud.launcher/com.yangcong345.padmodule.home.main.PadHomeActivity}: oldVis=8 newVis=0 focusMayChange = true
04-18 16:50:24.173  1247  1247 V NavigationBarView: recent = true
04-18 16:50:24.174   898 14009 W WindowManager: Changing focus fromnull to Window{9588175 u0 com.yangcong345.cloud.launcher/com.yangcong345.padmodule.home.main.PadHomeActivity} displayId=0 Callers=com.android.server.wm.RootWindowContainer.updateFocusedWindowLocked:457 com.android.server.wm.WindowManagerService.updateFocusedWindowLocked:5611 com.android.server.wm.WindowManagerService.relayoutWindow:2398 com.android.server.wm.Session.relayout:213
04-18 16:50:24.175  1247  1247 V NavigationBarView: back = true
04-18 16:50:24.178   898  1401 I InputDispatcher: setInputWindows displayId=0 Window{26d385e u0 NavigationBar0} Window{367127 u0 StatusBar} Window{d9e8786 u0 Splash Screen com.yangcong345.android.phone} recents_animation_input_consumer com.yangcong345.cloud.launcher/com.yangcong345.padmodule.home.main.PadHomeActivity#0 Window{400a8e u0 com.android.systemui.ImageWallpaper}
04-18 16:50:24.183   546   865 I BufferQueueProducer: [com.yangcong345.cloud.launcher/com.yangcong345.padmodule.home.main.PadHomeActivity#0](id:222000002ad,api:1,p:1852,c:546) connect(): api=1 producerControlledByApp=false
04-18 16:50:24.190  1247  1247 V NavigationBarView: home = true
04-18 16:50:24.190  1247  1247 V NavigationBarView: recent = true
04-18 16:50:24.190  1247  1247 V NavigationBarView: back = true
04-18 16:50:24.195   898   917 D View    : [Warning] assignParent to null: this = DecorView@e619d[phone]
04-18 16:50:24.195   898  8304 I InputDispatcher: setInputWindows displayId=0 Window{26d385e u0 NavigationBar0} Window{367127 u0 StatusBar} Splash Screen com.yangcong345.android.phone#0 recents_animation_input_consumer Window{9588175 u0 com.yangcong345.cloud.launcher/com.yangcong345.padmodule.home.main.PadHomeActivity} Window{400a8e u0 com.android.systemui.ImageWallpaper}
04-18 16:50:24.195   898  8304 I InputDispatcher: Window went away: Window{d9e8786 u0 Splash Screen com.yangcong345.android.phone}
04-18 16:50:24.195   898  8304 I InputDispatcher: Window went away: com.yangcong345.cloud.launcher/com.yangcong345.padmodule.home.main.PadHomeActivity#0
04-18 16:50:24.204  1247  1247 I InputTransport: Destroy ARC handle: 0xb40000721c21fad0
04-18 16:50:24.206   546   865 I BufferQueueProducer: [Splash Screen com.yangcong345.android.phone#0](id:222000002ae,api:2,p:898,c:546) disconnect(): api=2
04-18 16:50:24.211   898  1244 I InputDispatcher: setInputWindows displayId=0 Window{26d385e u0 NavigationBar0} Window{367127 u0 StatusBar} recents_animation_input_consumer Window{9588175 u0 com.yangcong345.cloud.launcher/com.yangcong345.padmodule.home.main.PadHomeActivity} Window{400a8e u0 com.android.systemui.ImageWallpaper}
04-18 16:50:24.211   898  1244 I InputDispatcher: Window went away: Splash Screen com.yangcong345.android.phone#0
04-18 16:50:24.211   546  1663 I BufferQueueProducer: [com.yangcong345.cloud.launcher/com.yangcong345.padmodule.home.main.PadHomeActivity#0](this:0xb400007248fb1218,id:685,api:1,p:1852,c:546) queueBuffer: fps=1.43 dur=2103.66 max=1922.16 min=43.70
04-18 16:50:24.211   546   546 I BufferQueueConsumer: [Splash Screen com.yangcong345.android.phone#0](id:222000002ae,api:0,p:-1,c:546) disconnect()
04-18 16:50:24.212   546   546 I BufferQueue: [Splash Screen com.yangcong345.android.phone#0](this:0xb400007248f93038,id:686,api:2,p:-1,c:-1) onDestructor()
04-18 16:50:24.212   898   917 I InputTransport: Destroy ARC handle: 0xb40000721c1e43d0
04-18 16:50:24.213   898  3439 I GED     : ged_boost_gpu_freq, level 100, eOrigin 2, final_idx 15, oppidx_max 15, oppidx_min 0
04-18 16:50:24.215  1852  1852 I Matrix.ActivityThreadHacker: [handleMessage] msg.what:159 begin:19101188 isLaunchActivity:false SDK_INT=30
04-18 16:50:24.216  1852  1852 I Matrix.ActivityThreadHacker: [handleMessage] msg.what:159 begin:19101189 isLaunchActivity:false SDK_INT=30
04-18 16:50:24.216  1852  1852 I chatty  : uid=10076(com.yangcong345.cloud.launcher) identical 1 line
04-18 16:50:24.216  1852  1852 I Matrix.ActivityThreadHacker: [handleMessage] msg.what:159 begin:19101189 isLaunchActivity:false SDK_INT=30
04-18 16:50:24.217  1852  1852 I Matrix.ActivityThreadHacker: [handleMessage] msg.what:159 begin:19101190 isLaunchActivity:false SDK_INT=30
04-18 16:50:24.217  1852  1852 I Matrix.ActivityThreadHacker: [handleMessage] msg.what:159 begin:19101190 isLaunchActivity:false SDK_INT=30
04-18 16:50:24.219   898   917 D lwdebug : onWindowsDrawn com.yangcong345.cloud.launcher/com.yangcong345.padmodule.home.main.PadHomeActivity
04-18 16:50:24.223  2205  3216 I 5.android.phon: oneway function results will be dropped but finished with status OK and parcel size 4
04-18 16:50:24.225  1852  1852 I wm_on_resume_called: [145146270,com.yangcong345.padmodule.home.main.PadHomeActivity,RESUME_ACTIVITY]
04-18 16:50:24.223  2205  3216 I 5.android.phon: oneway function results will be dropped but finished with status OK and parcel size 4
04-18 16:50:24.226  1852 18345 D CacheInterceptor: requestRemoteOnly
04-18 16:50:24.226  1852  1852 I wm_on_top_resumed_gained_called: [145146270,com.yangcong345.padmodule.home.main.PadHomeActivity,topWhenResuming]
04-18 16:50:24.226  1852  1852 V PhoneWindow: DecorView setVisiblity: visibility = 0, Parent = android.view.ViewRootImpl@e2cc7b1, this = DecorView@f30509[PadHomeActivity]
04-18 16:50:24.228   898  3198 I InputDispatcher: setInputWindows displayId=0 Window{26d385e u0 NavigationBar0} Window{367127 u0 StatusBar} recents_animation_input_consumer Window{9588175 u0 com.yangcong345.cloud.launcher/com.yangcong345.padmodule.home.main.PadHomeActivity} Window{400a8e u0 com.android.systemui.ImageWallpaper}
04-18 16:50:24.229  1852 18363 D CacheInterceptor: requestRemoteFirst
04-18 16:50:24.229  2205  3985 I 5.android.phon: oneway function results will be dropped but finished with status OK and parcel size 4
04-18 16:50:24.230   898  1244 W ActivityTaskManager: Finishing task with all activities already finished
04-18 16:50:24.230   898  1244 W ActivityTaskManager: Duplicate finish request for r=ActivityRecord{7406dac u0 com.yangcong345.android.phone/com.yangcong345.main.phone.splash.SplashActivity t354 f}}
04-18 16:50:24.230  1852 18363 D CacheInterceptor: request local cache success
04-18 16:50:24.232   546   865 I BufferQueueProducer: [StatusBar#0](id:22200000006,api:1,p:1247,c:546) disconnect(): api=1
04-18 16:50:24.233   546  1663 I BufferQueueProducer: [com.yangcong345.cloud.launcher/com.yangcong345.padmodule.home.main.PadHomeActivity#0](id:222000002ad,api:1,p:1852,c:546) disconnect(): api=1
04-18 16:50:24.233   546   865 I BufferQueueProducer: [StatusBar#0](id:22200000006,api:1,p:1247,c:546) connect(): api=1 producerControlledByApp=false
04-18 16:50:24.235   546   606 I BufferQueueProducer: [com.yangcong345.cloud.launcher/com.yangcong345.padmodule.home.main.PadHomeActivity#0](id:222000002ad,api:1,p:1852,c:546) connect(): api=1 producerControlledByApp=false
04-18 16:50:24.243   898  1401 I InputDispatcher: setInputWindows displayId=0 Window{26d385e u0 NavigationBar0} Window{367127 u0 StatusBar} recents_animation_input_consumer Window{9588175 u0 com.yangcong345.cloud.launcher/com.yangcong345.padmodule.home.main.PadHomeActivity} Window{400a8e u0 com.android.systemui.ImageWallpaper}
04-18 16:50:24.243   898  1401 I InputDispatcher: Focus entered window: Window{9588175 u0 com.yangcong345.cloud.launcher/com.yangcong345.padmodule.home.main.PadHomeActivity} in display 0
04-18 16:50:24.249   546   865 I BufferQueueProducer: [StatusBar#0](this:0xb400007248f04758,id:6,api:1,p:1247,c:546) queueBuffer: fps=0.04 dur=24227.23 max=24227.23 min=24227.23
04-18 16:50:24.253  1852  1852 I Matrix.ActivityThreadHacker: [handleMessage] msg.what:149 begin:19101226 isLaunchActivity:false SDK_INT=30
04-18 16:50:24.253  1852  1852 I Matrix.ActivityThreadHacker: [handleMessage] msg.what:149 begin:19101226 isLaunchActivity:false SDK_INT=30
04-18 16:50:24.254  1852  1852 I Matrix.ActivityThreadHacker: [handleMessage] msg.what:149 begin:19101227 isLaunchActivity:false SDK_INT=30
04-18 16:50:24.254  1852  1852 I Matrix.ActivityThreadHacker: [handleMessage] msg.what:149 begin:19101227 isLaunchActivity:false SDK_INT=30
04-18 16:50:24.256  1852  1852 I Matrix.AppMethodBeat: [at] visibleScene[com.yangcong345.padmodule.home.main.PadHomeActivity] has attach focus!
04-18 16:50:24.259   898  1401 I InputDispatcher: setInputWindows displayId=0 Window{26d385e u0 NavigationBar0} Window{367127 u0 StatusBar} recents_animation_input_consumer Window{9588175 u0 com.yangcong345.cloud.launcher/com.yangcong345.padmodule.home.main.PadHomeActivity} Window{400a8e u0 com.android.systemui.ImageWallpaper}
04-18 16:50:24.261  1852 18346 D CacheInterceptor: requestRemoteFirst
04-18 16:50:24.261   546  1663 I BufferQueueProducer: [NavigationBar0#0](id:22200000004,api:1,p:1247,c:546) disconnect(): api=1
04-18 16:50:24.261   515   515 I hwcomposer: [DBQ] (q2:0xb400007e67f876e0) Buffer queue is created with size(3), m_id(991)
04-18 16:50:24.261   515   515 I hwcomposer: [DBQ] (q2:0xb400007e67f876e0) Reallocate Slot(0), pool(0 -> 0) size(0 -> 9216000)
04-18 16:50:24.262  1852 18346 D CacheInterceptor: request local cache success
04-18 16:50:24.262   515   515 I hwcomposer: [DBQ] (q2:0xb400007e67f876e0) Alloc Slot(0), handle=0xb400007e27f7d590 c=0 w=1200 h=1920 p=1200 ys=1200 vs=1920 f=1
04-18 16:50:24.263   515   655 D MDP     : DpAsyncBlit: in: job (6445 45) (1920, 48, 7680, 0, C2s, P0), sec0, flush 0 Buffer 3222: plane=1 bufVA={0x31,0x0,0x0} bufMVA={0x0,0x0,0x0} bufSize={0x5a000,0x0,0x0} proxy={0xb400007da7f96390,0x0,0x0}fence=45
04-18 16:50:24.263   515   655 D MDP     : DpAsyncBlit: out0: (48, 1920, 4800, 0, C2s, P0), misc: (X:0, Y:0, R:90, F:0, S:0, A:0, D:0), sec0, flush 0 Buffer 3222: plane=1 bufVA={0x45,0x0,0x0} bufMVA={0x0,0x0,0x0} bufSize={0x8ca000,0x0,0x0} proxy={0xb400007da7f966b0,0x0,0x0}fence=-1
04-18 16:50:24.263   515   655 D MDP     : DpAsyncBlit: crop0: (0, 0, 1920, 48, 0, 0, 0, 0)
04-18 16:50:24.265   533   559 I mtkpower@impl: [setMode] type:5, enabled:0
04-18 16:50:24.266   533   598 I libPowerHal: [perfLockRel] hdl:2351, idx:1
04-18 16:50:24.266   533   598 I libPowerHal: [PD] scn:1 hdl:2351 hint:11 comm:mtkpower@1.0-se pid:533
04-18 16:50:24.266   546   606 I BufferQueueProducer: [NavigationBar0#0](id:22200000004,api:1,p:1247,c:546) connect(): api=1 producerControlledByApp=false
04-18 16:50:24.268   898  1244 I wm_destroy_activity: [0,121662892,354,com.yangcong345.android.phone/com.yangcong345.main.phone.splash.SplashActivity,finish-imm:idle]
04-18 16:50:24.269   533   598 I libPowerHal: [perfLockRel] hdl:2353, idx:0
04-18 16:50:24.269   533   598 I libPowerHal: [PD] scn:0 hdl:2353 hint:22 comm:mtkpower@1.0-se pid:533
04-18 16:50:24.270   898  1401 I WindowManager: Relayout Window{a5d0904 u0 SecondaryHomeHandle0}: oldVis=8 newVis=0 focusMayChange = true
04-18 16:50:24.270  2205  2205 W 5.android.phon: Accessing hidden field Landroid/view/inputmethod/InputMethodManager;->mCurRootView:Landroid/view/ViewRootImpl; (blacklist, reflection, denied)
04-18 16:50:24.270   533   598 I libPowerHal: MTKPOWER_HINT_PACK_SWITCH: cpu_ctrl set cpu freq: -1 -1 -1 -1
04-18 16:50:24.270   533   598 I libPowerHal: [PD] MTKPOWER_HINT_PACK_SWITCH update cmd:1000000, param:-1
04-18 16:50:24.270   533   598 I libPowerHal: [PD] MTKPOWER_HINT_PACK_SWITCH update cmd:1408300 param:0
04-18 16:50:24.271   533   598 I libPowerHal: [PD] MTKPOWER_HINT_PACK_SWITCH update cmd:1000000 param:-1
04-18 16:50:24.271  2205  2205 I wm_on_destroy_called: [121662892,com.yangcong345.main.phone.splash.SplashActivity,performDestroy]
04-18 16:50:24.272   546   606 I BufferQueueConsumer: [](id:222000002af,api:0,p:-1,c:546) connect(): controlledByApp=false
04-18 16:50:24.272   546   606 I BufferQueue: [unnamed-546-687](this:0xb400007248f75e68,id:687,api:0,p:-1,c:-1) BufferQueue core=(546:/system/bin/surfaceflinger)
04-18 16:50:24.274   898  1244 I wm_task_removed: [354,removeChild: last r=ActivityRecord{7406dac u0 com.yangcong345.android.phone/com.yangcong345.main.phone.splash.SplashActivity t-1 f}} in t=Task{518027b #354 visible=false type=standard mode=fullscreen translucent=true A=10075:com.yangcong345.android.phone U=0 StackId=354 sz=0}]
04-18 16:50:24.275   898  1244 I wm_task_removed: [354,removeTask]
04-18 16:50:24.275   898  1244 I wm_task_removed: [354,removeTask]
04-18 16:50:24.275   898  1244 I wm_stack_removed: 354
04-18 16:50:24.275   898  1401 I InputDispatcher: setInputWindows displayId=0 SecondaryHomeHandle0#0 Window{26d385e u0 NavigationBar0} Window{367127 u0 StatusBar} recents_animation_input_consumer Window{9588175 u0 com.yangcong345.cloud.launcher/com.yangcong345.padmodule.home.main.PadHomeActivity} Window{400a8e u0 com.android.systemui.ImageWallpaper}
04-18 16:50:24.277   515   515 I hwcomposer: [DBQ] (q2:0xb400007e67f876e0) Reallocate Slot(1), pool(0 -> 0) size(0 -> 9216000)
04-18 16:50:24.277   546   606 I BufferQueueProducer: [SecondaryHomeHandle0#0](id:222000002af,api:1,p:1247,c:546) connect(): api=1 producerControlledByApp=false
04-18 16:50:24.278   515   515 I hwcomposer: [DBQ] (q2:0xb400007e67f876e0) Alloc Slot(1), handle=0xb400007e27f84e90 c=0 w=1200 h=1920 p=1200 ys=1200 vs=1920 f=1
04-18 16:50:24.291   898 12339 I InputDispatcher: setInputWindows displayId=0 SecondaryHomeHandle0#0 Window{26d385e u0 NavigationBar0} Window{367127 u0 StatusBar} recents_animation_input_consumer Window{9588175 u0 com.yangcong345.cloud.launcher/com.yangcong345.padmodule.home.main.PadHomeActivity} Window{400a8e u0 com.android.systemui.ImageWallpaper}
04-18 16:50:24.292   546   606 I BufferQueueProducer: [SecondaryHomeHandle0#0](id:222000002af,api:1,p:1247,c:546) disconnect(): api=1
04-18 16:50:24.293   515   515 I hwcomposer: [DBQ] (q2:0xb400007e67f876e0) Reallocate Slot(2), pool(0 -> 0) size(0 -> 9216000)
04-18 16:50:24.294   515   515 I hwcomposer: [DBQ] (q2:0xb400007e67f876e0) Alloc Slot(2), handle=0xb400007e27f7e770 c=0 w=1200 h=1920 p=1200 ys=1200 vs=1920 f=1
04-18 16:50:24.294   546   606 I BufferQueueProducer: [SecondaryHomeHandle0#0](id:222000002af,api:1,p:1247,c:546) connect(): api=1 producerControlledByApp=false
04-18 16:50:24.300   898   916 I configuration_changed: 536872064
04-18 16:50:24.303   733   772 I Proximity: distance = 2
04-18 16:50:24.303   898   916 I ActivityTaskManager: Config changes=20000480 {1.02 ?mcc?mnc [zh_CN] ldltr sw600dp w960dp h576dp 320dpi lrg land finger -keyb/v/h -nav/h winConfig={ mBounds=Rect(0, 0 - 1920, 1200) mAppBounds=Rect(0, 0 - 1920, 1200) mWindowingMode=fullscreen mDisplayWindowingMode=fullscreen mActivityType=undefined mAlwaysOnTop=undefined mRotation=ROTATION_90} s.4930}
04-18 16:50:24.308   898  8304 I InputDispatcher: setInputWindows displayId=0 SecondaryHomeHandle0#0 Window{26d385e u0 NavigationBar0} Window{367127 u0 StatusBar} recents_animation_input_consumer Window{9588175 u0 com.yangcong345.cloud.launcher/com.yangcong345.padmodule.home.main.PadHomeActivity} Window{400a8e u0 com.android.systemui.ImageWallpaper}
04-18 16:50:24.309   515   515 I hwcomposer: [DBQ] (q2:0xb400007e67f876e0) Buffer queue is destroyed, m_id(991)
04-18 16:50:24.309   515   515 I hwcomposer: [DBQ] (q2:0xb400007e67f876e0) ~DisplayBufferQueue(), m_id(991), release buf
04-18 16:50:24.309   515   515 I hwcomposer: [DBQ] (q2:0xb400007e67f876e0) Free Slot(0), handle=0xb400007e27f7d590, 9216000 -> 0
04-18 16:50:24.309   515   515 I hwcomposer: [DBQ] (q2:0xb400007e67f876e0) Free Slot(1), handle=0xb400007e27f84e90, 9216000 -> 0
04-18 16:50:24.309   515   515 I hwcomposer: [DBQ] (q2:0xb400007e67f876e0) Free Slot(2), handle=0xb400007e27f7e770, 9216000 -> 0
04-18 16:50:24.326  1852  1852 I Matrix.ActivityThreadHacker: [handleMessage] msg.what:159 begin:19101299 isLaunchActivity:false SDK_INT=30
04-18 16:50:24.326   898   916 I WindowManager: Override config changes=20000480 {1.02 ?mcc?mnc [zh_CN] ldltr sw600dp w960dp h576dp 320dpi lrg land finger -keyb/v/h -nav/h winConfig={ mBounds=Rect(0, 0 - 1920, 1200) mAppBounds=Rect(0, 0 - 1920, 1200) mWindowingMode=fullscreen mDisplayWindowingMode=fullscreen mActivityType=undefined mAlwaysOnTop=undefined mRotation=ROTATION_90} s.4930} for displayId=0
04-18 16:50:24.326  1852  1852 I Matrix.ActivityThreadHacker: [handleMessage] msg.what:159 begin:19101299 isLaunchActivity:false SDK_INT=30
