04-18 16:50:25.923   898  1401 I InputDispatcher: setInputWindows displayId=0 Window{26d385e u0 NavigationBar0} Window{367127 u0 StatusBar} Window{b37b0f6 u0 com.yangcong345.cloud.launcher/com.yangcong345.padmodule.home.main.PadHomeActivity} Window{6a2a46 u0 com.yangcong345.cloud.launcher/com.yangcong345.padmodule.home.main.PadHomeActivity} recents_animation_input_consumer Window{9588175 u0 com.yangcong345.cloud.launcher/com.yangcong345.padmodule.home.main.PadHomeActivity} Window{400a8e u0 com.android.systemui.ImageWallpaper}
04-18 16:50:25.923   533   598 I libPowerHal: [PE] LAUNCH update cmd:1000000 param:0
04-18 16:50:25.939   898  1401 I InputDispatcher: setInputWindows displayId=0 Window{26d385e u0 NavigationBar0} Window{367127 u0 StatusBar} recents_animation_input_consumer Window{b37b0f6 u0 com.yangcong345.cloud.launcher/com.yangcong345.padmodule.home.main.PadHomeActivity} Window{6a2a46 u0 com.yangcong345.cloud.launcher/com.yangcong345.padmodule.home.main.PadHomeActivity} Window{9588175 u0 com.yangcong345.cloud.launcher/com.yangcong345.padmodule.home.main.PadHomeActivity} Window{400a8e u0 com.android.systemui.ImageWallpaper}
04-18 16:50:25.939   898  1401 I InputDispatcher: Focus left window: Window{b37b0f6 u0 com.yangcong345.cloud.launcher/com.yangcong345.padmodule.home.main.PadHomeActivity} in display 0
04-18 16:50:25.939   898  1401 I InputDispatcher: Focus entered window: recents_animation_input_consumer in display 0
04-18 16:50:25.939  1565  1565 I wm_on_restart_called: [164580189,com.android.quickstep.RecentsActivity,performRestartActivity]
04-18 16:50:25.940  1565  1565 D UNISOC-LAUNCHER3: MeminfoController, showOrHide enable: true
04-18 16:50:25.942  1565  1565 D RecentsOrientedState: current RecentsOrientedState: [this=RecentsOrientedState@a832539 mOrientationHandler=PortraitPagedViewHandler@aa6b3e4 mDisplayRotation=1 mTouchRotation=0 mRecentsActivityRotation=1 isRecentsActivityRotationAllowed=true mSystemRotation=false mFlags=36]
04-18 16:50:25.942  1565  1565 D UNISOC-LAUNCHER3: StateManager, goToState:[Ordinal-0 -> Ordinal-2] animated:false
04-18 16:50:25.942  1565  1565 I wm_on_start_called: [164580189,com.android.quickstep.RecentsActivity,handleStartActivity]
04-18 16:50:25.943   733   772 I Proximity: distance = 2
04-18 16:50:25.944  1565  1565 V PhoneWindow: DecorView setVisiblity: visibility = 0, Parent = android.view.ViewRootImpl@4ec6737, this = DecorView@ba4e4a4[RecentsActivity]
04-18 16:50:25.955   898   911 I InputDispatcher: setInputWindows displayId=0 Window{26d385e u0 NavigationBar0} Window{367127 u0 StatusBar} recents_animation_input_consumer Window{b37b0f6 u0 com.yangcong345.cloud.launcher/com.yangcong345.padmodule.home.main.PadHomeActivity} Window{6a2a46 u0 com.yangcong345.cloud.launcher/com.yangcong345.padmodule.home.main.PadHomeActivity} Window{9588175 u0 com.yangcong345.cloud.launcher/com.yangcong345.padmodule.home.main.PadHomeActivity} Window{400a8e u0 com.android.systemui.ImageWallpaper}
04-18 16:50:25.956  1565  1565 D RecentsView: RecentsView.onMeasure(): 1920, 1200
04-18 16:50:25.957   898   911 I WindowManager: Relayout Window{2e94d16 u0 com.android.launcher3/com.android.quickstep.RecentsActivity}: oldVis=8 newVis=0 focusMayChange = true
04-18 16:50:25.959   546   605 I BufferQueueConsumer: [](id:222000002b2,api:0,p:-1,c:546) connect(): controlledByApp=false
04-18 16:50:25.960   546   605 I BufferQueue: [unnamed-546-690](this:0xb400007248f8dfe8,id:690,api:0,p:-1,c:-1) BufferQueue core=(546:/system/bin/surfaceflinger)
04-18 16:50:25.961   898   911 W WindowManager: Changing focus fromWindow{b37b0f6 u0 com.yangcong345.cloud.launcher/com.yangcong345.padmodule.home.main.PadHomeActivity} to null displayId=0 Callers=com.android.server.wm.RootWindowContainer.updateFocusedWindowLocked:457 com.android.server.wm.WindowManagerService.updateFocusedWindowLocked:5611 com.android.server.wm.WindowManagerService.relayoutWindow:2398 com.android.server.wm.Session.relayout:213
04-18 16:50:25.965  1565  1565 D RecentsView: RecentsView.onMeasure(): 1920, 1200
04-18 16:50:25.965   546   605 I BufferQueueProducer: [com.android.launcher3/com.android.quickstep.RecentsActivity#0](id:222000002b2,api:1,p:1565,c:546) connect(): api=1 producerControlledByApp=false
04-18 16:50:25.971   898   911 I InputDispatcher: setInputWindows displayId=0 Window{26d385e u0 NavigationBar0} Window{367127 u0 StatusBar} recents_animation_input_consumer Window{b37b0f6 u0 com.yangcong345.cloud.launcher/com.yangcong345.padmodule.home.main.PadHomeActivity} Window{6a2a46 u0 com.yangcong345.cloud.launcher/com.yangcong345.padmodule.home.main.PadHomeActivity} Window{9588175 u0 com.yangcong345.cloud.launcher/com.yangcong345.padmodule.home.main.PadHomeActivity} com.android.launcher3/com.android.quickstep.RecentsActivity#0 Window{400a8e u0 com.android.systemui.ImageWallpaper}
04-18 16:50:25.976  2722  2722 V PhoneWindow: DecorView setVisiblity: visibility = 8, Parent = android.view.ViewRootImpl@994e100, this = DecorView@1955ce8[InputMethod]
04-18 16:50:25.982   898   917 D lwdebug : onWindowsDrawn com.android.launcher3/com.android.quickstep.RecentsActivity
04-18 16:50:25.986   898   922 D ArtManagerInternalImpl: /data/misc/iorapd/com.android.launcher3/30/com.android.quickstep.RecentsActivity/compiled_traces/compiled_trace.pb doesn't exist
04-18 16:50:25.987   898   922 I sysui_multi_action: [319,5,322,61,325,19102,757,761,758,9,759,5,806,com.android.launcher3,871,com.android.quickstep.RecentsActivity,904,com.android.launcher3,905,0,1320,5,1321,1]
04-18 16:50:25.988   898 12339 I InputDispatcher: setInputWindows displayId=0 Window{26d385e u0 NavigationBar0} Window{367127 u0 StatusBar} recents_animation_input_consumer Window{b37b0f6 u0 com.yangcong345.cloud.launcher/com.yangcong345.padmodule.home.main.PadHomeActivity} Window{6a2a46 u0 com.yangcong345.cloud.launcher/com.yangcong345.padmodule.home.main.PadHomeActivity} Window{9588175 u0 com.yangcong345.cloud.launcher/com.yangcong345.padmodule.home.main.PadHomeActivity} Window{2e94d16 u0 com.android.launcher3/com.android.quickstep.RecentsActivity} Window{400a8e u0 com.android.systemui.ImageWallpaper}
04-18 16:50:25.988   898 12339 I InputDispatcher: Focus left window: recents_animation_input_consumer in display 0
04-18 16:50:25.988   898 12339 I InputDispatcher: Window went away: com.android.launcher3/com.android.quickstep.RecentsActivity#0
04-18 16:50:25.993   546   605 I BufferQueueProducer: [com.android.launcher3/com.android.quickstep.RecentsActivity#0](id:222000002b2,api:1,p:1565,c:546) disconnect(): api=1
04-18 16:50:25.994   546   605 I BufferQueueProducer: [com.android.launcher3/com.android.quickstep.RecentsActivity#0](id:222000002b2,api:1,p:1565,c:546) connect(): api=1 producerControlledByApp=false
04-18 16:50:26.003   898  1401 I InputDispatcher: setInputWindows displayId=0 Window{26d385e u0 NavigationBar0} Window{367127 u0 StatusBar} recents_animation_input_consumer Window{b37b0f6 u0 com.yangcong345.cloud.launcher/com.yangcong345.padmodule.home.main.PadHomeActivity} Window{6a2a46 u0 com.yangcong345.cloud.launcher/com.yangcong345.padmodule.home.main.PadHomeActivity} Window{9588175 u0 com.yangcong345.cloud.launcher/com.yangcong345.padmodule.home.main.PadHomeActivity} Window{2e94d16 u0 com.android.launcher3/com.android.quickstep.RecentsActivity} Window{400a8e u0 com.android.systemui.ImageWallpaper}
04-18 16:50:26.020   898  1401 I InputDispatcher: setInputWindows displayId=0 Window{26d385e u0 NavigationBar0} Window{367127 u0 StatusBar} recents_animation_input_consumer Window{b37b0f6 u0 com.yangcong345.cloud.launcher/com.yangcong345.padmodule.home.main.PadHomeActivity} Window{6a2a46 u0 com.yangcong345.cloud.launcher/com.yangcong345.padmodule.home.main.PadHomeActivity} Window{9588175 u0 com.yangcong345.cloud.launcher/com.yangcong345.padmodule.home.main.PadHomeActivity} Window{2e94d16 u0 com.android.launcher3/com.android.quickstep.RecentsActivity} Window{400a8e u0 com.android.systemui.ImageWallpaper}
04-18 16:50:26.147   733   772 I Proximity: distance = 2
04-18 16:50:24.352  1414  1414 D MtkSubscriptionInfoUpdater: onReceive, Action: android.intent.action.CONFIGURATION_CHANGED
04-18 16:50:26.171  1414  1414 D CapRIL  : resetProxyAndRequestList
04-18 16:50:26.171   397   397 I hwservicemanager: getTransport: Cannot find entry vendor.mediatek.hardware.mtkradioex@2.0::IMtkRadioEx/mtkCap1 in either framework or device manifest.
04-18 16:50:26.171  1414  1414 D CapRIL  : MtkRadioProxy getService/setResponseFunctions: java.util.NoSuchElementException
04-18 16:50:26.351   733   772 I Proximity: distance = 2
04-18 16:50:26.527   898  1099 E WifiVendorHal: getWifiLinkLayerStats_1_3_Internal(l.973) failed {.code = ERROR_NOT_SUPPORTED, .description = }
04-18 16:50:26.542   546   605 I BufferQueueProducer: [com.yangcong345.cloud.launcher/com.yangcong345.padmodule.home.main.PadHomeActivity#2](id:222000002b1,api:1,p:1852,c:546) disconnect(): api=1
04-18 16:50:26.542  1852  1852 D View    : [Warning] assignParent to null: this = DecorView@cd2675f[PadHomeActivity]
04-18 16:50:26.546  1852  1852 I InputTransport: Destroy ARC handle: 0xb40000721c2a1dc0
04-18 16:50:26.553   898  1401 I InputDispatcher: setInputWindows displayId=0 Window{26d385e u0 NavigationBar0} Window{367127 u0 StatusBar} recents_animation_input_consumer Window{b37b0f6 u0 com.yangcong345.cloud.launcher/com.yangcong345.padmodule.home.main.PadHomeActivity} Window{6a2a46 u0 com.yangcong345.cloud.launcher/com.yangcong345.padmodule.home.main.PadHomeActivity} Window{9588175 u0 com.yangcong345.cloud.launcher/com.yangcong345.padmodule.home.main.PadHomeActivity} Window{2e94d16 u0 com.android.launcher3/com.android.quickstep.RecentsActivity} Window{400a8e u0 com.android.systemui.ImageWallpaper}
04-18 16:50:26.553   898  1401 I InputDispatcher: Window went away: Window{b37b0f6 u0 com.yangcong345.cloud.launcher/com.yangcong345.padmodule.home.main.PadHomeActivity}
04-18 16:50:26.555   733   772 I Proximity: distance = 2
04-18 16:50:26.569   898  1401 I InputDispatcher: setInputWindows displayId=0 Window{26d385e u0 NavigationBar0} Window{367127 u0 StatusBar} com.yangcong345.cloud.launcher/com.yangcong345.padmodule.home.main.PadHomeActivity#2 recents_animation_input_consumer Window{6a2a46 u0 com.yangcong345.cloud.launcher/com.yangcong345.padmodule.home.main.PadHomeActivity} Window{9588175 u0 com.yangcong345.cloud.launcher/com.yangcong345.padmodule.home.main.PadHomeActivity} Window{2e94d16 u0 com.android.launcher3/com.android.quickstep.RecentsActivity} Window{400a8e u0 com.android.systemui.ImageWallpaper}
04-18 16:50:26.585   898  1401 I chatty  : uid=1000(system) Binder:898_7 identical 1 line
04-18 16:50:26.601   898  1401 I InputDispatcher: setInputWindows displayId=0 Window{26d385e u0 NavigationBar0} Window{367127 u0 StatusBar} com.yangcong345.cloud.launcher/com.yangcong345.padmodule.home.main.PadHomeActivity#2 recents_animation_input_consumer Window{6a2a46 u0 com.yangcong345.cloud.launcher/com.yangcong345.padmodule.home.main.PadHomeActivity} Window{9588175 u0 com.yangcong345.cloud.launcher/com.yangcong345.padmodule.home.main.PadHomeActivity} Window{2e94d16 u0 com.android.launcher3/com.android.quickstep.RecentsActivity} Window{400a8e u0 com.android.systemui.ImageWallpaper}
04-18 16:50:26.617   898 12339 I InputDispatcher: setInputWindows displayId=0 Window{26d385e u0 NavigationBar0} Window{367127 u0 StatusBar} com.yangcong345.cloud.launcher/com.yangcong345.padmodule.home.main.PadHomeActivity#2 recents_animation_input_consumer Window{6a2a46 u0 com.yangcong345.cloud.launcher/com.yangcong345.padmodule.home.main.PadHomeActivity} Window{9588175 u0 com.yangcong345.cloud.launcher/com.yangcong345.padmodule.home.main.PadHomeActivity} Window{2e94d16 u0 com.android.launcher3/com.android.quickstep.RecentsActivity} Window{400a8e u0 com.android.systemui.ImageWallpaper}
04-18 16:50:26.634   898 12339 I InputDispatcher: setInputWindows displayId=0 Window{26d385e u0 NavigationBar0} Window{367127 u0 StatusBar} com.yangcong345.cloud.launcher/com.yangcong345.padmodule.home.main.PadHomeActivity#2 recents_animation_input_consumer Window{6a2a46 u0 com.yangcong345.cloud.launcher/com.yangcong345.padmodule.home.main.PadHomeActivity} Window{9588175 u0 com.yangcong345.cloud.launcher/com.yangcong345.padmodule.home.main.PadHomeActivity} Window{2e94d16 u0 com.android.launcher3/com.android.quickstep.RecentsActivity} Window{400a8e u0 com.android.systemui.ImageWallpaper}
04-18 16:50:26.646 16169 16191 D UIAutomatorStub: AutomatorHttpServer monitor thread is alive
04-18 16:50:26.646 16169 16191 D UIAutomatorStub: name: Thread-2
04-18 16:50:26.646 16169 16191 D UIAutomatorStub: id: 302
04-18 16:50:26.646 16169 16191 D UIAutomatorStub: checking server monitor thread status
04-18 16:50:26.650   898 12339 I InputDispatcher: setInputWindows displayId=0 Window{26d385e u0 NavigationBar0} Window{367127 u0 StatusBar} com.yangcong345.cloud.launcher/com.yangcong345.padmodule.home.main.PadHomeActivity#2 recents_animation_input_consumer Window{6a2a46 u0 com.yangcong345.cloud.launcher/com.yangcong345.padmodule.home.main.PadHomeActivity} Window{9588175 u0 com.yangcong345.cloud.launcher/com.yangcong345.padmodule.home.main.PadHomeActivity} Window{2e94d16 u0 com.android.launcher3/com.android.quickstep.RecentsActivity} Window{400a8e u0 com.android.systemui.ImageWallpaper}
04-18 16:50:26.648 15927 15927 I auditd  : type=1400 audit(0.0:13320): avc: denied { getattr } for comm="DetectPable" path="/proc/swaps" dev="proc" ino=4026532297 scontext=u:r:shell:s0 tcontext=u:object_r:proc_swaps:s0 tclass=file permissive=1
04-18 16:50:26.648 15927 15927 I DetectPable: type=1400 audit(0.0:13320): avc: denied { getattr } for path="/proc/swaps" dev="proc" ino=4026532297 scontext=u:r:shell:s0 tcontext=u:object_r:proc_swaps:s0 tclass=file permissive=1
04-18 16:50:26.666   898 12339 I InputDispatcher: setInputWindows displayId=0 Window{26d385e u0 NavigationBar0} Window{367127 u0 StatusBar} com.yangcong345.cloud.launcher/com.yangcong345.padmodule.home.main.PadHomeActivity#2 recents_animation_input_consumer Window{6a2a46 u0 com.yangcong345.cloud.launcher/com.yangcong345.padmodule.home.main.PadHomeActivity} Window{9588175 u0 com.yangcong345.cloud.launcher/com.yangcong345.padmodule.home.main.PadHomeActivity} Window{2e94d16 u0 com.android.launcher3/com.android.quickstep.RecentsActivity} Window{400a8e u0 com.android.systemui.ImageWallpaper}
04-18 16:50:26.679   898  1841 E TaskPersister: File error accessing recents directory (directory doesn't exist?).
04-18 16:50:26.682   898  1401 I InputDispatcher: setInputWindows displayId=0 Window{26d385e u0 NavigationBar0} Window{367127 u0 StatusBar} com.yangcong345.cloud.launcher/com.yangcong345.padmodule.home.main.PadHomeActivity#2 recents_animation_input_consumer Window{6a2a46 u0 com.yangcong345.cloud.launcher/com.yangcong345.padmodule.home.main.PadHomeActivity} Window{9588175 u0 com.yangcong345.cloud.launcher/com.yangcong345.padmodule.home.main.PadHomeActivity} Window{2e94d16 u0 com.android.launcher3/com.android.quickstep.RecentsActivity} Window{400a8e u0 com.android.systemui.ImageWallpaper}
04-18 16:50:26.682  1565  1565 I sysui_multi_action: [757,224,758,2]
04-18 16:50:26.683  1565  1565 D UNISOC-LAUNCHER3: StateManager, goToState:[Ordinal-2 -> Ordinal-0] animated:false
04-18 16:50:26.684   533   559 I mtkpower@impl: [setMode] type:5, enabled:0
04-18 16:50:26.684  1565  1565 D RecentsOrientedState: current RecentsOrientedState: [this=RecentsOrientedState@f22eb77 mOrientationHandler=PortraitPagedViewHandler@aa6b3e4 mDisplayRotation=0 mTouchRotation=0 mRecentsActivityRotation=1 isRecentsActivityRotationAllowed=true mSystemRotation=false mFlags=356]
04-18 16:50:26.684   533   598 I libPowerHal: [perfLockRel] hdl:2356, idx:0
04-18 16:50:26.684   533   598 I libPowerHal: [PD] scn:0 hdl:2356 hint:11 comm:mtkpower@1.0-se pid:533
04-18 16:50:26.685   533   598 I libPowerHal: LAUNCH: cpu_ctrl set cpu freq: -1 -1 -1 -1
04-18 16:50:26.685   533   598 I libPowerHal: [PD] LAUNCH update cmd:1000000, param:-1
04-18 16:50:26.685   533   598 I libPowerHal: [PD] LAUNCH update cmd:1408300 param:0
04-18 16:50:26.685  1565  1565 W PagedView: isHandlingTouch mIsBeingDragged=false
04-18 16:50:26.685   898  1401 W WindowManager: Changing focus fromnull to Window{6a2a46 u0 com.yangcong345.cloud.launcher/com.yangcong345.padmodule.home.main.PadHomeActivity} displayId=0 Callers=com.android.server.wm.RootWindowContainer.updateFocusedWindowLocked:457 com.android.server.wm.WindowManagerService.updateFocusedWindowLocked:5611 com.android.server.wm.DisplayContent.layoutAndAssignWindowLayersIfNeeded:3350 com.android.server.wm.TaskDisplayArea.positionStackAt:786
04-18 16:50:26.685   533   598 I libPowerHal: [PD] LAUNCH update cmd:1000000 param:-1
04-18 16:50:26.687   898  1401 I wm_add_to_stopping: [0,164580189,com.android.launcher3/com.android.quickstep.RecentsActivity,makeInvisible]
04-18 16:50:26.699  1565  1565 W PagedView: isHandlingTouch mIsBeingDragged=false
04-18 16:50:26.699   898  1244 I InputDispatcher: setInputWindows displayId=0 Window{26d385e u0 NavigationBar0} Window{367127 u0 StatusBar} com.yangcong345.cloud.launcher/com.yangcong345.padmodule.home.main.PadHomeActivity#2 recents_animation_input_consumer Window{6a2a46 u0 com.yangcong345.cloud.launcher/com.yangcong345.padmodule.home.main.PadHomeActivity} Window{9588175 u0 com.yangcong345.cloud.launcher/com.yangcong345.padmodule.home.main.PadHomeActivity} Window{2e94d16 u0 com.android.launcher3/com.android.quickstep.RecentsActivity} Window{400a8e u0 com.android.systemui.ImageWallpaper}
04-18 16:50:26.703   898   916 I wm_stop_activity: [0,164580189,com.android.launcher3/com.android.quickstep.RecentsActivity]
04-18 16:50:26.715   898  1244 I InputDispatcher: setInputWindows displayId=0 Window{26d385e u0 NavigationBar0} Window{367127 u0 StatusBar} com.yangcong345.cloud.launcher/com.yangcong345.padmodule.home.main.PadHomeActivity#2 recents_animation_input_consumer Window{6a2a46 u0 com.yangcong345.cloud.launcher/com.yangcong345.padmodule.home.main.PadHomeActivity} Window{9588175 u0 com.yangcong345.cloud.launcher/com.yangcong345.padmodule.home.main.PadHomeActivity} com.android.launcher3/com.android.quickstep.RecentsActivity#0 Window{400a8e u0 com.android.systemui.ImageWallpaper}
04-18 16:50:26.715   898  1244 I InputDispatcher: Focus entered window: Window{6a2a46 u0 com.yangcong345.cloud.launcher/com.yangcong345.padmodule.home.main.PadHomeActivity} in display 0
04-18 16:50:26.715   898  1244 I InputDispatcher: Window went away: Window{2e94d16 u0 com.android.launcher3/com.android.quickstep.RecentsActivity}
04-18 16:50:26.718   546  1663 I BufferQueueProducer: [com.android.launcher3/com.android.quickstep.RecentsActivity#0](id:222000002b2,api:1,p:1565,c:546) disconnect(): api=1
04-18 16:50:26.722  2722  2722 V PhoneWindow: DecorView setVisiblity: visibility = 8, Parent = android.view.ViewRootImpl@994e100, this = DecorView@1955ce8[InputMethod]
04-18 16:50:26.727  1565  1565 I wm_on_stop_called: [164580189,com.android.quickstep.RecentsActivity,STOP_ACTIVITY_ITEM]
04-18 16:50:26.728  1565  1565 V PhoneWindow: DecorView setVisiblity: visibility = 4, Parent = android.view.ViewRootImpl@4ec6737, this = DecorView@ba4e4a4[RecentsActivity]
04-18 16:50:26.730   546   546 I BufferQueueConsumer: [com.yangcong345.cloud.launcher/com.yangcong345.padmodule.home.main.PadHomeActivity#2](id:222000002b1,api:0,p:-1,c:546) disconnect()
04-18 16:50:26.730   546   546 I BufferQueue: [com.yangcong345.cloud.launcher/com.yangcong345.padmodule.home.main.PadHomeActivity#2](this:0xb400007248f75e68,id:689,api:1,p:-1,c:-1) onDestructor()
04-18 16:50:26.732   898   911 I InputDispatcher: setInputWindows displayId=0 Window{26d385e u0 NavigationBar0} Window{367127 u0 StatusBar} recents_animation_input_consumer Window{6a2a46 u0 com.yangcong345.cloud.launcher/com.yangcong345.padmodule.home.main.PadHomeActivity} Window{9588175 u0 com.yangcong345.cloud.launcher/com.yangcong345.padmodule.home.main.PadHomeActivity} com.android.launcher3/com.android.quickstep.RecentsActivity#0 Window{400a8e u0 com.android.systemui.ImageWallpaper}
04-18 16:50:26.732   898   911 I InputDispatcher: Window went away: com.yangcong345.cloud.launcher/com.yangcong345.padmodule.home.main.PadHomeActivity#2
04-18 16:50:26.735  2722  2722 V PhoneWindow: DecorView setVisiblity: visibility = 8, Parent = android.view.ViewRootImpl@994e100, this = DecorView@1955ce8[InputMethod]
04-18 16:50:26.747   898  1244 I InputDispatcher: setInputWindows displayId=0 Window{26d385e u0 NavigationBar0} Window{367127 u0 StatusBar} recents_animation_input_consumer Window{6a2a46 u0 com.yangcong345.cloud.launcher/com.yangcong345.padmodule.home.main.PadHomeActivity} Window{9588175 u0 com.yangcong345.cloud.launcher/com.yangcong345.padmodule.home.main.PadHomeActivity} Window{400a8e u0 com.android.systemui.ImageWallpaper}
04-18 16:50:26.747   898  1244 I InputDispatcher: Window went away: com.android.launcher3/com.android.quickstep.RecentsActivity#0
04-18 16:50:26.759   733   772 I Proximity: distance = 2
04-18 16:50:26.763   546   546 I BufferQueueConsumer: [com.android.launcher3/com.android.quickstep.RecentsActivity#0](id:222000002b2,api:0,p:-1,c:546) disconnect()
04-18 16:50:26.763   546   546 I BufferQueue: [com.android.launcher3/com.android.quickstep.RecentsActivity#0](this:0xb400007248f8dfe8,id:690,api:1,p:-1,c:-1) onDestructor()
04-18 16:50:26.764   898  1244 I InputDispatcher: setInputWindows displayId=0 Window{26d385e u0 NavigationBar0} Window{367127 u0 StatusBar} recents_animation_input_consumer Window{6a2a46 u0 com.yangcong345.cloud.launcher/com.yangcong345.padmodule.home.main.PadHomeActivity} Window{9588175 u0 com.yangcong345.cloud.launcher/com.yangcong345.padmodule.home.main.PadHomeActivity} Window{400a8e u0 com.android.systemui.ImageWallpaper}
04-18 16:50:26.913 18419 18419 I Monkey  : :Switch: #Intent;action=android.intent.action.MAIN;category=android.intent.category.LAUNCHER;launchFlags=0x10200000;component=com.yangcong345.android.phone/com.yangcong345.main.phone.splash.SplashActivity;end
04-18 16:50:26.915   898  1244 D HraManager: hra getBlackActivityList
04-18 16:50:26.915   898  1244 D HraManagerService:  getBlackActivityList
04-18 16:50:26.915   898  1244 D HraManager: hra getBlackIntentActionList
04-18 16:50:26.916   898  1244 I ActivityTaskManager: START u0 {act=android.intent.action.MAIN cat=[android.intent.category.LAUNCHER] flg=0x10200000 cmp=com.yangcong345.android.phone/com.yangcong345.main.phone.splash.SplashActivity} from uid 2000
04-18 16:50:26.917 18419 18419 I Monkey  :     // Allowing start of Intent { act=android.intent.action.MAIN cat=[android.intent.category.LAUNCHER] cmp=com.yangcong345.android.phone/com.yangcong345.main.phone.splash.SplashActivity } in package com.yangcong345.android.phone
04-18 16:50:26.925   898  1244 I wm_task_created: [355,-1]
04-18 16:50:26.925   898  1244 I wm_stack_created: 355
04-18 16:50:26.931   898  1244 I wm_create_task: [0,355]
04-18 16:50:26.931   898  1244 I wm_create_activity: [0,170470236,355,com.yangcong345.android.phone/com.yangcong345.main.phone.splash.SplashActivity,android.intent.action.MAIN,NULL,NULL,270532608]
04-18 16:50:26.931   533   559 I mtkpower@impl: [setMode] type:5, enabled:1
04-18 16:50:26.931  1852  1852 I Matrix.ActivityThreadHacker: [handleMessage] msg.what:159 begin:19103904 isLaunchActivity:false SDK_INT=30
04-18 16:50:26.932  1852  1852 I Matrix.ActivityThreadHacker: [handleMessage] msg.what:159 begin:19103905 isLaunchActivity:false SDK_INT=30
04-18 16:50:26.932  1852  1852 I wm_on_top_resumed_lost_called: [145146270,com.yangcong345.padmodule.home.main.PadHomeActivity,topStateChangedWhenResumed]
04-18 16:50:26.932   533   598 I libPowerHal: [perfLockAcq] idx:0 hdl:2357 hint:11 pid:533 duration:30000 => ret_hdl:2357
04-18 16:50:26.932   533   598 I libPowerHal: [PE] scn:0 hdl:2357 hint:11 comm:mtkpower@1.0-se pid:533
04-18 16:50:26.932   898  1244 I wm_pause_activity: [0,145146270,com.yangcong345.cloud.launcher/com.yangcong345.padmodule.home.main.PadHomeActivity,userLeaving=true]
04-18 16:50:26.932   533   598 I libPowerHal: LAUNCH: cpu_ctrl set cpu freq: 1989000 -1 1989000 -1
04-18 16:50:26.932   533   598 I libPowerHal: [PE] LAUNCH update cmd:1000000, param:0
04-18 16:50:26.932   533   598 I libPowerHal: [PE] LAUNCH update cmd:1408300, param:100
04-18 16:50:26.933   533   598 I libPowerHal: [PE] LAUNCH update cmd:1000000 param:0
04-18 16:50:26.933   533   598 I libPowerHal: [perfLockAcq] idx:1 hdl:2358 hint:22 pid:533 duration:10000 => ret_hdl:2358
04-18 16:50:26.933   533   598 I libPowerHal: [PE] scn:1 hdl:2358 hint:22 comm:mtkpower@1.0-se pid:533
04-18 16:50:26.936 18419 18419 I Monkey  : Sleeping for 1000 milliseconds
04-18 16:50:26.937  1852  1852 I Matrix.ActivityThreadHacker: [handleMessage] msg.what:159 begin:19103910 isLaunchActivity:false SDK_INT=30
04-18 16:50:26.938  1852  1852 I wm_on_paused_called: [145146270,com.yangcong345.padmodule.home.main.PadHomeActivity,performPause]
04-18 16:50:26.940   898  1244 W ActivityTaskManager: Tried to set launchTime (0) < mLastActivityLaunchTime (19100865)
04-18 16:50:26.940   898  1244 I wm_add_to_stopping: [0,145146270,com.yangcong345.cloud.launcher/com.yangcong345.padmodule.home.main.PadHomeActivity,makeInvisible]
04-18 16:50:26.937  1852  1852 I Matrix.ActivityThreadHacker: [handleMessage] msg.what:159 begin:19103910 isLaunchActivity:false SDK_INT=30
04-18 16:50:26.940   898  1401 I InputDispatcher: setInputWindows displayId=0 Window{26d385e u0 NavigationBar0} Window{367127 u0 StatusBar} recents_animation_input_consumer Window{6a2a46 u0 com.yangcong345.cloud.launcher/com.yangcong345.padmodule.home.main.PadHomeActivity} Window{9588175 u0 com.yangcong345.cloud.launcher/com.yangcong345.padmodule.home.main.PadHomeActivity} Window{400a8e u0 com.android.systemui.ImageWallpaper}
04-18 16:50:26.943   515   515 I hwcomposer: [HWCDisplay] [Display_0 (type:1)] fps:52.148266,dur:1035.51,max:176.39,min:14.88
04-18 16:50:26.944   898  1244 I wm_restart_activity: [0,170470236,355,com.yangcong345.android.phone/com.yangcong345.main.phone.splash.SplashActivity]
04-18 16:50:26.945   533   598 I libPowerHal: [perfNotifyAppState] foreground:com.yangcong345.android.phone, pid:2205, uid:10075
04-18 16:50:26.946   898  1244 W WindowManager: Changing focus fromWindow{6a2a46 u0 com.yangcong345.cloud.launcher/com.yangcong345.padmodule.home.main.PadHomeActivity} to null displayId=0 Callers=com.android.server.wm.RootWindowContainer.updateFocusedWindowLocked:457 com.android.server.wm.WindowManagerService.updateFocusedWindowLocked:5611 com.android.server.wm.DisplayContent.setFocusedApp:5534 com.android.server.wm.ActivityTaskManagerService.setResumedActivityUncheckLocked:5548
04-18 16:50:26.946   533   598 E UxUtility: notifyAppState error = NULL
04-18 16:50:26.946   533   598 I TouchUtility: notifyAppState error = NULL
04-18 16:50:26.946   898  1244 I wm_set_resumed_activity: [0,com.yangcong345.android.phone/com.yangcong345.main.phone.splash.SplashActivity,minimalResumeActivityLocked]
04-18 16:50:26.946   533   558 I mtkpower@impl: [notifyAppState] pc:0, com.yangcong345.cloud.launcher => com.yangcong345.android.phone
04-18 16:50:26.953   898   916 I sysui_multi_action: [757,803,799,window_time_0,802,3]
04-18 16:50:26.957   898  1244 I InputDispatcher: setInputWindows displayId=0 Window{26d385e u0 NavigationBar0} Window{367127 u0 StatusBar} recents_animation_input_consumer Window{6a2a46 u0 com.yangcong345.cloud.launcher/com.yangcong345.padmodule.home.main.PadHomeActivity} Window{9588175 u0 com.yangcong345.cloud.launcher/com.yangcong345.padmodule.home.main.PadHomeActivity} Window{400a8e u0 com.android.systemui.ImageWallpaper}
04-18 16:50:26.963   733   772 I Proximity: distance = 2
04-18 16:50:26.967  2205  2205 E ActivityThread: Failed to find provider info for com.example.edcationcloud
04-18 16:50:26.967  2205  2205 D test_act: com.yangcong345.android.phone
04-18 16:50:26.968   898  1401 D HraManager: hra getBlackIntentActionList
04-18 16:50:26.967  2205  2205 E ActivityThread: Failed to find provider info for com.example.edcationcloud
04-18 16:50:26.968   898  1401 I ActivityTaskManager: START u0 {act=android.intent.action.VIEW dat=ycmath://padlauncher.com/homePage?position=-1 cmp=com.yangcong345.cloud.launcher/com.yangcong345.support.common.LauncherSchemeActivity} from uid 10075
04-18 16:50:26.969 18419 18456 I Monkey  :     // Rejecting start of Intent { act=android.intent.action.VIEW dat=ycmath://padlauncher.com/homePage?position=-1 cmp=com.yangcong345.cloud.launcher/com.yangcong345.support.common.LauncherSchemeActivity } in package com.yangcong345.cloud.launcher
04-18 16:50:26.970   898  1401 I wm_finish_activity: [0,170470236,355,com.yangcong345.android.phone/com.yangcong345.main.phone.splash.SplashActivity,app-request]
04-18 16:50:26.970   898  1401 I wm_focused_stack: [0,0,44,355,finish-top adjustFocusToNextFocusableStack]
04-18 16:50:26.971   898  1401 I wm_pause_activity: [0,170470236,com.yangcong345.android.phone/com.yangcong345.main.phone.splash.SplashActivity,userLeaving=false]
04-18 16:50:26.972   533   598 I libPowerHal: [perfLockAcq] idx:2 hdl:2359 hint:22 pid:533 duration:10000 => ret_hdl:2359
04-18 16:50:26.972   533   598 I libPowerHal: [PE] scn:2 hdl:2359 hint:22 comm:mtkpower@1.0-se pid:533
04-18 16:50:26.973   533   598 I libPowerHal: [perfLockRel] hdl:2358, idx:1
04-18 16:50:26.973   533   598 I libPowerHal: [PD] scn:1 hdl:2358 hint:22 comm:mtkpower@1.0-se pid:533
04-18 16:50:26.975  2205  2205 I wm_on_create_called: [170470236,com.yangcong345.main.phone.splash.SplashActivity,performCreate]
04-18 16:50:26.975   898   916 I sysui_multi_action: [757,1144,758,8,806,com.yangcong345.android.phone,871,com.yangcong345.main.phone.splash.SplashActivity]
04-18 16:50:26.977   898  1401 I wm_add_to_stopping: [0,170470236,com.yangcong345.android.phone/com.yangcong345.main.phone.splash.SplashActivity,completeFinishing]
04-18 16:50:26.978   533   598 I libPowerHal: [perfNotifyAppState] foreground:com.yangcong345.cloud.launcher, pid:1852, uid:10076
04-18 16:50:26.979   533   598 E UxUtility: notifyAppState error = NULL
04-18 16:50:26.979  1852  1852 I Matrix.ActivityThreadHacker: [handleMessage] msg.what:159 begin:19103952 isLaunchActivity:false SDK_INT=30
04-18 16:50:26.979   533   598 I TouchUtility: notifyAppState error = NULL
04-18 16:50:26.979  1852  1852 I Matrix.ActivityThreadHacker: [handleMessage] msg.what:159 begin:19103952 isLaunchActivity:false SDK_INT=30
04-18 16:50:26.979   533   558 I mtkpower@impl: [notifyAppState] pc:0, com.yangcong345.android.phone => com.yangcong345.cloud.launcher
04-18 16:50:26.979   898  1401 W WindowManager: Changing focus fromnull to Window{6a2a46 u0 com.yangcong345.cloud.launcher/com.yangcong345.padmodule.home.main.PadHomeActivity} displayId=0 Callers=com.android.server.wm.RootWindowContainer.updateFocusedWindowLocked:457 com.android.server.wm.WindowManagerService.updateFocusedWindowLocked:5611 com.android.server.wm.DisplayContent.setFocusedApp:5534 com.android.server.wm.ActivityTaskManagerService.setResumedActivityUncheckLocked:5548
04-18 16:50:26.979   898  1401 I wm_set_resumed_activity: [0,com.yangcong345.cloud.launcher/com.yangcong345.padmodule.home.main.PadHomeActivity,resumeTopActivityInnerLocked]
04-18 16:50:26.980   898  1401 I wm_resume_activity: [0,145146270,44,com.yangcong345.cloud.launcher/com.yangcong345.padmodule.home.main.PadHomeActivity]
04-18 16:50:26.981  1852  1852 I Matrix.ActivityThreadHacker: [handleMessage] msg.what:159 begin:19103954 isLaunchActivity:false SDK_INT=30
04-18 16:50:26.981  1852  1852 I Matrix.ActivityThreadHacker: [handleMessage] msg.what:159 begin:19103954 isLaunchActivity:false SDK_INT=30
04-18 16:50:26.990   898   911 I InputDispatcher: setInputWindows displayId=0 Window{26d385e u0 NavigationBar0} Window{367127 u0 StatusBar} recents_animation_input_consumer Window{6a2a46 u0 com.yangcong345.cloud.launcher/com.yangcong345.padmodule.home.main.PadHomeActivity} Window{9588175 u0 com.yangcong345.cloud.launcher/com.yangcong345.padmodule.home.main.PadHomeActivity} Window{400a8e u0 com.android.systemui.ImageWallpaper}
04-18 16:50:26.991   898   916 I wm_destroy_activity: [0,170470236,355,com.yangcong345.android.phone/com.yangcong345.main.phone.splash.SplashActivity,finish-imm:idle]
04-18 16:50:26.993   898   916 I sysui_multi_action: [757,803,799,window_time_0,802,0]
04-18 16:50:26.993  2205  3985 I 5.android.phon: oneway function results will be dropped but finished with status OK and parcel size 4
04-18 16:50:26.996  1852  1852 I wm_on_resume_called: [145146270,com.yangcong345.padmodule.home.main.PadHomeActivity,RESUME_ACTIVITY]
04-18 16:50:26.993  2205  3985 I 5.android.phon: oneway function results will be dropped but finished with status OK and parcel size 4
04-18 16:50:26.996  1852 18345 D CacheInterceptor: requestRemoteOnly
04-18 16:50:26.997  2205  2205 W 5.android.phon: Accessing hidden field Landroid/view/inputmethod/InputMethodManager;->mCurRootView:Landroid/view/ViewRootImpl; (blacklist, reflection, denied)
04-18 16:50:26.998  2205  2205 I wm_on_destroy_called: [170470236,com.yangcong345.main.phone.splash.SplashActivity,performDestroy]
04-18 16:50:26.999   898  1244 I wm_task_removed: [355,removeChild: last r=ActivityRecord{a292b5c u0 com.yangcong345.android.phone/com.yangcong345.main.phone.splash.SplashActivity t-1 f}} in t=Task{de35feb #355 visible=false type=standard mode=fullscreen translucent=true A=10075:com.yangcong345.android.phone U=0 StackId=355 sz=0}]
04-18 16:50:26.999   898  1244 I wm_task_removed: [355,removeTask]
04-18 16:50:26.999   898  1244 I wm_task_removed: [355,removeTask]
04-18 16:50:26.999   898  1244 I wm_stack_removed: 355
04-18 16:50:26.999  1852 18360 D CacheInterceptor: requestRemoteFirst
04-18 16:50:27.000  1852 18360 D CacheInterceptor: request local cache success
04-18 16:50:27.003  2205  3216 I 5.android.phon: oneway function results will be dropped but finished with status OK and parcel size 4
04-18 16:50:27.005  1852  1852 I wm_on_top_resumed_gained_called: [145146270,com.yangcong345.padmodule.home.main.PadHomeActivity,topWhenResuming]
04-18 16:50:27.006   898  1244 I InputDispatcher: setInputWindows displayId=0 Window{26d385e u0 NavigationBar0} Window{367127 u0 StatusBar} recents_animation_input_consumer Window{6a2a46 u0 com.yangcong345.cloud.launcher/com.yangcong345.padmodule.home.main.PadHomeActivity} Window{9588175 u0 com.yangcong345.cloud.launcher/com.yangcong345.padmodule.home.main.PadHomeActivity} Window{400a8e u0 com.android.systemui.ImageWallpaper}
04-18 16:50:27.009  1852  1852 V PhoneWindow: DecorView setVisiblity: visibility = 0, Parent = android.view.ViewRootImpl@e2cc7b1, this = DecorView@f30509[PadHomeActivity]
04-18 16:50:27.009  2205  3216 I 5.android.phon: oneway function results will be dropped but finished with status OK and parcel size 4
04-18 16:50:27.018  1852  1852 I Matrix.ActivityThreadHacker: [handleMessage] msg.what:149 begin:19103991 isLaunchActivity:false SDK_INT=30
04-18 16:50:27.018  1852  1852 I Matrix.ActivityThreadHacker: [handleMessage] msg.what:149 begin:19103991 isLaunchActivity:false SDK_INT=30
04-18 16:50:27.025  1852 18363 D CacheInterceptor: requestRemoteFirst
04-18 16:50:27.026   898 12339 I InputDispatcher: setInputWindows displayId=0 Window{26d385e u0 NavigationBar0} Window{367127 u0 StatusBar} recents_animation_input_consumer Window{6a2a46 u0 com.yangcong345.cloud.launcher/com.yangcong345.padmodule.home.main.PadHomeActivity} Window{9588175 u0 com.yangcong345.cloud.launcher/com.yangcong345.padmodule.home.main.PadHomeActivity} Window{400a8e u0 com.android.systemui.ImageWallpaper}
04-18 16:50:27.027   546   866 I BufferQueueProducer: [com.yangcong345.cloud.launcher/com.yangcong345.padmodule.home.main.PadHomeActivity#0](this:0xb400007248fb1218,id:685,api:1,p:1852,c:546) queueBuffer: fps=1.78 dur=2815.63 max=2642.14 min=24.11
04-18 16:50:27.028  1852 18482 D CacheInterceptor: requestRemoteFirst
04-18 16:50:27.029  1852 18482 D CacheInterceptor: request local cache success
04-18 16:50:27.030  1852 18363 D CacheInterceptor: request local cache success
04-18 16:50:27.032   533   559 I mtkpower@impl: [setMode] type:5, enabled:0
04-18 16:50:27.033   533   598 I libPowerHal: [perfLockRel] hdl:2357, idx:0
04-18 16:50:27.033   533   598 I libPowerHal: [PD] scn:0 hdl:2357 hint:11 comm:mtkpower@1.0-se pid:533
04-18 16:50:27.033   533   598 I libPowerHal: [perfLockRel] hdl:2359, idx:2
04-18 16:50:27.033   533   598 I libPowerHal: [PD] scn:2 hdl:2359 hint:22 comm:mtkpower@1.0-se pid:533
04-18 16:50:27.034   533   598 I libPowerHal: MTKPOWER_HINT_PACK_SWITCH: cpu_ctrl set cpu freq: -1 -1 -1 -1
04-18 16:50:27.034   533   598 I libPowerHal: [PD] MTKPOWER_HINT_PACK_SWITCH update cmd:1000000, param:-1
04-18 16:50:27.034   533   598 I libPowerHal: [PD] MTKPOWER_HINT_PACK_SWITCH update cmd:1408300 param:0
04-18 16:50:27.034   533   598 I libPowerHal: [PD] MTKPOWER_HINT_PACK_SWITCH update cmd:1000000 param:-1
04-18 16:50:27.041   546   866 I SurfaceFlinger: [SF client] NEW(0xb400007198d66090) for (898:system_server)
04-18 16:50:27.042   898   917 D ViewRootImpl[phone]: hardware acceleration = false , fakeHwAccelerated = true, sRendererDisabled = false, forceHwAccelerated = false, sSystemRendererDisabled = false
04-18 16:50:27.043   898   917 W WindowManager: Attempted to add application window with unknown token Token{a23e62e ActivityRecord{a292b5c u0 com.yangcong345.android.phone/com.yangcong345.main.phone.splash.SplashActivity t-1 f}}}.  Aborting.
04-18 16:50:27.043   898   917 W WindowManager: Token{a23e62e ActivityRecord{a292b5c u0 com.yangcong345.android.phone/com.yangcong345.main.phone.splash.SplashActivity t-1 f}}} already running, starting window not displayed. Unable to add window -- token Token{a23e62e ActivityRecord{a292b5c u0 com.yangcong345.android.phone/com.yangcong345.main.phone.splash.SplashActivity t-1 f}}} is not valid; is your activity running?
04-18 16:50:27.043   898   917 W WindowManager: view not successfully added to wm, removing view
04-18 16:50:27.044   898  3439 I GED     : ged_boost_gpu_freq, level 100, eOrigin 2, final_idx 15, oppidx_max 15, oppidx_min 0
04-18 16:50:27.056   898 12339 I InputDispatcher: setInputWindows displayId=0 Window{26d385e u0 NavigationBar0} Window{367127 u0 StatusBar} recents_animation_input_consumer Window{6a2a46 u0 com.yangcong345.cloud.launcher/com.yangcong345.padmodule.home.main.PadHomeActivity} Window{9588175 u0 com.yangcong345.cloud.launcher/com.yangcong345.padmodule.home.main.PadHomeActivity} Window{400a8e u0 com.android.systemui.ImageWallpaper}
04-18 16:50:27.069   898 12339 I chatty  : uid=1000(system) Binder:898_10 identical 1 line
04-18 16:50:27.086   898 12339 I InputDispatcher: setInputWindows displayId=0 Window{26d385e u0 NavigationBar0} Window{367127 u0 StatusBar} recents_animation_input_consumer Window{6a2a46 u0 com.yangcong345.cloud.launcher/com.yangcong345.padmodule.home.main.PadHomeActivity} Window{9588175 u0 com.yangcong345.cloud.launcher/com.yangcong345.padmodule.home.main.PadHomeActivity} Window{400a8e u0 com.android.systemui.ImageWallpaper}
04-18 16:50:27.102   898  1401 I InputDispatcher: setInputWindows displayId=0 Window{26d385e u0 NavigationBar0} Window{367127 u0 StatusBar} recents_animation_input_consumer Window{6a2a46 u0 com.yangcong345.cloud.launcher/com.yangcong345.padmodule.home.main.PadHomeActivity} Window{9588175 u0 com.yangcong345.cloud.launcher/com.yangcong345.padmodule.home.main.PadHomeActivity} Window{400a8e u0 com.android.systemui.ImageWallpaper}
04-18 16:50:27.117  1852 18345 I MMKV    : <MMKV.cpp:226::initializeMMKV> root dir: /data/user/0/com.yangcong345.cloud.launcher/files/mmkv
04-18 16:50:27.117  1852 18345 I MMKV    : <MMKV.cpp:1180::sync> MMKV::sync, SyncFlag = 0
04-18 16:50:27.118   898  1401 I InputDispatcher: setInputWindows displayId=0 Window{26d385e u0 NavigationBar0} Window{367127 u0 StatusBar} recents_animation_input_consumer Window{6a2a46 u0 com.yangcong345.cloud.launcher/com.yangcong345.padmodule.home.main.PadHomeActivity} Window{9588175 u0 com.yangcong345.cloud.launcher/com.yangcong345.padmodule.home.main.PadHomeActivity} Window{400a8e u0 com.android.systemui.ImageWallpaper}
04-18 16:50:27.151   898  1401 I chatty  : uid=1000(system) Binder:898_7 identical 2 lines
04-18 16:50:27.167   898  1401 I InputDispatcher: setInputWindows displayId=0 Window{26d385e u0 NavigationBar0} Window{367127 u0 StatusBar} recents_animation_input_consumer Window{6a2a46 u0 com.yangcong345.cloud.launcher/com.yangcong345.padmodule.home.main.PadHomeActivity} Window{9588175 u0 com.yangcong345.cloud.launcher/com.yangcong345.padmodule.home.main.PadHomeActivity} Window{400a8e u0 com.android.systemui.ImageWallpaper}
04-18 16:50:27.167   733   772 I Proximity: distance = 2
04-18 16:50:27.182  2205  3216 I 5.android.phon: oneway function results will be dropped but finished with status OK and parcel size 4
04-18 16:50:27.183   898  1401 I InputDispatcher: setInputWindows displayId=0 Window{26d385e u0 NavigationBar0} Window{367127 u0 StatusBar} recents_animation_input_consumer Window{6a2a46 u0 com.yangcong345.cloud.launcher/com.yangcong345.padmodule.home.main.PadHomeActivity} Window{9588175 u0 com.yangcong345.cloud.launcher/com.yangcong345.padmodule.home.main.PadHomeActivity} Window{400a8e u0 com.android.systemui.ImageWallpaper}
04-18 16:50:27.190   898   975 I commit_sys_config_file: [settings-2-0,15]
04-18 16:50:27.200   898  1401 I InputDispatcher: setInputWindows displayId=0 Window{26d385e u0 NavigationBar0} Window{367127 u0 StatusBar} recents_animation_input_consumer Window{6a2a46 u0 com.yangcong345.cloud.launcher/com.yangcong345.padmodule.home.main.PadHomeActivity} Window{9588175 u0 com.yangcong345.cloud.launcher/com.yangcong345.padmodule.home.main.PadHomeActivity} Window{400a8e u0 com.android.systemui.ImageWallpaper}
04-18 16:50:27.201  2205  3216 I 5.android.phon: oneway function results will be dropped but finished with status OK and parcel size 4
04-18 16:50:27.206  2205  3985 I 5.android.phon: oneway function results will be dropped but finished with status OK and parcel size 4
04-18 16:50:27.211  2205  3985 I 5.android.phon: oneway function results will be dropped but finished with status OK and parcel size 4
04-18 16:50:27.216   898  1401 I InputDispatcher: setInputWindows displayId=0 Window{26d385e u0 NavigationBar0} Window{367127 u0 StatusBar} recents_animation_input_consumer Window{6a2a46 u0 com.yangcong345.cloud.launcher/com.yangcong345.padmodule.home.main.PadHomeActivity} Window{9588175 u0 com.yangcong345.cloud.launcher/com.yangcong345.padmodule.home.main.PadHomeActivity} Window{400a8e u0 com.android.systemui.ImageWallpaper}
04-18 16:50:27.225   546  1663 I BufferQueueProducer: [com.yangcong345.cloud.launcher/com.yangcong345.padmodule.home.main.PadHomeActivity#1](this:0xb400007248f9b0b8,id:688,api:1,p:1852,c:546) queueBuffer: fps=1.97 dur=2028.79 max=1606.06 min=12.05
04-18 16:50:27.232   898  8696 I InputDispatcher: setInputWindows displayId=0 Window{26d385e u0 NavigationBar0} Window{367127 u0 StatusBar} recents_animation_input_consumer Window{6a2a46 u0 com.yangcong345.cloud.launcher/com.yangcong345.padmodule.home.main.PadHomeActivity} Window{9588175 u0 com.yangcong345.cloud.launcher/com.yangcong345.padmodule.home.main.PadHomeActivity} Window{400a8e u0 com.android.systemui.ImageWallpaper}
04-18 16:50:27.248   898  1401 I InputDispatcher: setInputWindows displayId=0 Window{26d385e u0 NavigationBar0} Window{367127 u0 StatusBar} recents_animation_input_consumer Window{6a2a46 u0 com.yangcong345.cloud.launcher/com.yangcong345.padmodule.home.main.PadHomeActivity} Window{9588175 u0 com.yangcong345.cloud.launcher/com.yangcong345.padmodule.home.main.PadHomeActivity} Window{400a8e u0 com.android.systemui.ImageWallpaper}
04-18 16:50:27.296   898  1401 I chatty  : uid=1000(system) Binder:898_7 identical 3 lines
04-18 16:50:27.314   898  1401 I InputDispatcher: setInputWindows displayId=0 Window{26d385e u0 NavigationBar0} Window{367127 u0 StatusBar} recents_animation_input_consumer Window{6a2a46 u0 com.yangcong345.cloud.launcher/com.yangcong345.padmodule.home.main.PadHomeActivity} Window{9588175 u0 com.yangcong345.cloud.launcher/com.yangcong345.padmodule.home.main.PadHomeActivity} Window{400a8e u0 com.android.systemui.ImageWallpaper}
04-18 16:50:27.321  1852  1864 I .cloud.launche: Background concurrent copying GC freed 76598(4641KB) AllocSpace objects, 112(5504KB) LOS objects, 16% free, 30MB/36MB, paused 146us total 154.481ms
04-18 16:50:27.328   898  1401 I InputDispatcher: setInputWindows displayId=0 Window{26d385e u0 NavigationBar0} Window{367127 u0 StatusBar} recents_animation_input_consumer Window{6a2a46 u0 com.yangcong345.cloud.launcher/com.yangcong345.padmodule.home.main.PadHomeActivity} Window{9588175 u0 com.yangcong345.cloud.launcher/com.yangcong345.padmodule.home.main.PadHomeActivity} Window{400a8e u0 com.android.systemui.ImageWallpaper}
04-18 16:50:27.335  1852  1866 W System  : A resource failed to call release.
04-18 16:50:27.345   898  1401 I InputDispatcher: setInputWindows displayId=0 Window{26d385e u0 NavigationBar0} Window{367127 u0 StatusBar} recents_animation_input_consumer Window{6a2a46 u0 com.yangcong345.cloud.launcher/com.yangcong345.padmodule.home.main.PadHomeActivity} Window{9588175 u0 com.yangcong345.cloud.launcher/com.yangcong345.padmodule.home.main.PadHomeActivity} Window{400a8e u0 com.android.systemui.ImageWallpaper}
04-18 16:50:27.361   898  1401 I InputDispatcher: setInputWindows displayId=0 Window{26d385e u0 NavigationBar0} Window{367127 u0 StatusBar} recents_animation_input_consumer Window{6a2a46 u0 com.yangcong345.cloud.launcher/com.yangcong345.padmodule.home.main.PadHomeActivity} Window{9588175 u0 com.yangcong345.cloud.launcher/com.yangcong345.padmodule.home.main.PadHomeActivity} Window{400a8e u0 com.android.systemui.ImageWallpaper}
04-18 16:50:27.371   733   772 I Proximity: distance = 2
04-18 16:50:27.377   898  1401 I InputDispatcher: setInputWindows displayId=0 Window{26d385e u0 NavigationBar0} Window{367127 u0 StatusBar} recents_animation_input_consumer Window{6a2a46 u0 com.yangcong345.cloud.launcher/com.yangcong345.padmodule.home.main.PadHomeActivity} Window{9588175 u0 com.yangcong345.cloud.launcher/com.yangcong345.padmodule.home.main.PadHomeActivity} Window{400a8e u0 com.android.systemui.ImageWallpaper}
04-18 16:50:27.458   898  1401 I chatty  : uid=1000(system) Binder:898_7 identical 5 lines
04-18 16:50:27.474   898  1401 I InputDispatcher: setInputWindows displayId=0 Window{26d385e u0 NavigationBar0} Window{367127 u0 StatusBar} recents_animation_input_consumer Window{6a2a46 u0 com.yangcong345.cloud.launcher/com.yangcong345.padmodule.home.main.PadHomeActivity} Window{9588175 u0 com.yangcong345.cloud.launcher/com.yangcong345.padmodule.home.main.PadHomeActivity} Window{400a8e u0 com.android.systemui.ImageWallpaper}
04-18 16:50:27.491   898  8696 I InputDispatcher: setInputWindows displayId=0 Window{26d385e u0 NavigationBar0} Window{367127 u0 StatusBar} recents_animation_input_consumer Window{6a2a46 u0 com.yangcong345.cloud.launcher/com.yangcong345.padmodule.home.main.PadHomeActivity} Window{9588175 u0 com.yangcong345.cloud.launcher/com.yangcong345.padmodule.home.main.PadHomeActivity} Window{400a8e u0 com.android.systemui.ImageWallpaper}
04-18 16:50:27.507   898 12339 I InputDispatcher: setInputWindows displayId=0 Window{26d385e u0 NavigationBar0} Window{367127 u0 StatusBar} recents_animation_input_consumer Window{6a2a46 u0 com.yangcong345.cloud.launcher/com.yangcong345.padmodule.home.main.PadHomeActivity} Window{9588175 u0 com.yangcong345.cloud.launcher/com.yangcong345.padmodule.home.main.PadHomeActivity} Window{400a8e u0 com.android.systemui.ImageWallpaper}
04-18 16:50:27.522   898  8696 I InputDispatcher: setInputWindows displayId=0 Window{26d385e u0 NavigationBar0} Window{367127 u0 StatusBar} recents_animation_input_consumer Window{6a2a46 u0 com.yangcong345.cloud.launcher/com.yangcong345.padmodule.home.main.PadHomeActivity} Window{9588175 u0 com.yangcong345.cloud.launcher/com.yangcong345.padmodule.home.main.PadHomeActivity} Window{400a8e u0 com.android.systemui.ImageWallpaper}
04-18 16:50:27.539   898  1401 I InputDispatcher: setInputWindows displayId=0 Window{26d385e u0 NavigationBar0} Window{367127 u0 StatusBar} recents_animation_input_consumer Window{6a2a46 u0 com.yangcong345.cloud.launcher/com.yangcong345.padmodule.home.main.PadHomeActivity} Window{9588175 u0 com.yangcong345.cloud.launcher/com.yangcong345.padmodule.home.main.PadHomeActivity} Window{400a8e u0 com.android.systemui.ImageWallpaper}
04-18 16:50:27.555   898  1401 I InputDispatcher: setInputWindows displayId=0 Window{26d385e u0 NavigationBar0} Window{367127 u0 StatusBar} recents_animation_input_consumer Window{6a2a46 u0 com.yangcong345.cloud.launcher/com.yangcong345.padmodule.home.main.PadHomeActivity} Window{9588175 u0 com.yangcong345.cloud.launcher/com.yangcong345.padmodule.home.main.PadHomeActivity} Window{400a8e u0 com.android.systemui.ImageWallpaper}
04-18 16:50:27.571   898 12339 I InputDispatcher: setInputWindows displayId=0 Window{26d385e u0 NavigationBar0} Window{367127 u0 StatusBar} recents_animation_input_consumer Window{6a2a46 u0 com.yangcong345.cloud.launcher/com.yangcong345.padmodule.home.main.PadHomeActivity} Window{9588175 u0 com.yangcong345.cloud.launcher/com.yangcong345.padmodule.home.main.PadHomeActivity} Window{400a8e u0 com.android.systemui.ImageWallpaper}
04-18 16:50:27.576   733   772 I Proximity: distance = 2
04-18 16:50:27.635   898  1401 D HraManager: hra getBlackIntentActionList
04-18 16:50:27.647 16169 16191 D UIAutomatorStub: AutomatorHttpServer monitor thread is alive
04-18 16:50:27.647 16169 16191 D UIAutomatorStub: name: Thread-2
04-18 16:50:27.647 16169 16191 D UIAutomatorStub: id: 302
04-18 16:50:27.647 16169 16191 D UIAutomatorStub: checking server monitor thread status
